Archive member included because of file (symbol)

D:\software\qpc/ports/arm-cortex/qk/gnu/rel\libqk_cortex-m3_cs.a(qk.o)
                              rel/main.o (QF_init)
D:\software\qpc/ports/arm-cortex/qk/gnu/rel\libqk_cortex-m3_cs.a(qk_sched.o)
                              D:\software\qpc/ports/arm-cortex/qk/gnu/rel\libqk_cortex-m3_cs.a(qk.o) (QK_schedule_)
D:\software\qpc/ports/arm-cortex/qk/gnu/rel\libqk_cortex-m3_cs.a(qk_mutex.o)
                              D:\software\qpc/ports/arm-cortex/qk/gnu/rel\libqk_cortex-m3_cs.a(qk_sched.o) (QK_ceilingPrio_)
D:\software\qpc/ports/arm-cortex/qk/gnu/rel\libqk_cortex-m3_cs.a(qk_port.o)
                              D:\software\qpc/ports/arm-cortex/qk/gnu/rel\libqk_cortex-m3_cs.a(qk.o) (QK_init)
D:\software\qpc/ports/arm-cortex/qk/gnu/rel\libqf_cortex-m3_cs.a(qa_fifo.o)
                              rel/tunnel.o (QActive_postFIFO)
D:\software\qpc/ports/arm-cortex/qk/gnu/rel\libqf_cortex-m3_cs.a(qa_get_.o)
                              D:\software\qpc/ports/arm-cortex/qk/gnu/rel\libqk_cortex-m3_cs.a(qk_sched.o) (QActive_get_)
D:\software\qpc/ports/arm-cortex/qk/gnu/rel\libqf_cortex-m3_cs.a(qa_sub.o)
                              rel/tunnel.o (QActive_subscribe)
D:\software\qpc/ports/arm-cortex/qk/gnu/rel\libqf_cortex-m3_cs.a(qeq_init.o)
                              D:\software\qpc/ports/arm-cortex/qk/gnu/rel\libqk_cortex-m3_cs.a(qk.o) (QEQueue_init)
D:\software\qpc/ports/arm-cortex/qk/gnu/rel\libqf_cortex-m3_cs.a(qf_act.o)
                              D:\software\qpc/ports/arm-cortex/qk/gnu/rel\libqk_cortex-m3_cs.a(qk.o) (QF_add_)
D:\software\qpc/ports/arm-cortex/qk/gnu/rel\libqf_cortex-m3_cs.a(qf_gc.o)
                              D:\software\qpc/ports/arm-cortex/qk/gnu/rel\libqk_cortex-m3_cs.a(qk_sched.o) (QF_gc)
D:\software\qpc/ports/arm-cortex/qk/gnu/rel\libqf_cortex-m3_cs.a(qf_log2.o)
                              D:\software\qpc/ports/arm-cortex/qk/gnu/rel\libqk_cortex-m3_cs.a(qk_sched.o) (QF_log2Lkup)
D:\software\qpc/ports/arm-cortex/qk/gnu/rel\libqf_cortex-m3_cs.a(qf_new.o)
                              rel/mine1.o (QF_new_)
D:\software\qpc/ports/arm-cortex/qk/gnu/rel\libqf_cortex-m3_cs.a(qf_pool.o)
                              rel/main.o (QF_poolInit)
D:\software\qpc/ports/arm-cortex/qk/gnu/rel\libqf_cortex-m3_cs.a(qf_psini.o)
                              rel/main.o (QF_psInit)
D:\software\qpc/ports/arm-cortex/qk/gnu/rel\libqf_cortex-m3_cs.a(qf_pspub.o)
                              rel/bsp.o (QF_publish)
D:\software\qpc/ports/arm-cortex/qk/gnu/rel\libqf_cortex-m3_cs.a(qf_pwr2.o)
                              D:\software\qpc/ports/arm-cortex/qk/gnu/rel\libqf_cortex-m3_cs.a(qa_fifo.o) (QF_pwr2Lkup)
D:\software\qpc/ports/arm-cortex/qk/gnu/rel\libqf_cortex-m3_cs.a(qf_tick.o)
                              rel/bsp.o (QF_tick)
D:\software\qpc/ports/arm-cortex/qk/gnu/rel\libqf_cortex-m3_cs.a(qmp_get.o)
                              D:\software\qpc/ports/arm-cortex/qk/gnu/rel\libqf_cortex-m3_cs.a(qf_new.o) (QMPool_get)
D:\software\qpc/ports/arm-cortex/qk/gnu/rel\libqf_cortex-m3_cs.a(qmp_init.o)
                              D:\software\qpc/ports/arm-cortex/qk/gnu/rel\libqf_cortex-m3_cs.a(qf_pool.o) (QMPool_init)
D:\software\qpc/ports/arm-cortex/qk/gnu/rel\libqf_cortex-m3_cs.a(qmp_put.o)
                              D:\software\qpc/ports/arm-cortex/qk/gnu/rel\libqf_cortex-m3_cs.a(qf_gc.o) (QMPool_put)
D:\software\qpc/ports/arm-cortex/qk/gnu/rel\libqf_cortex-m3_cs.a(qte_ctor.o)
                              rel/tunnel.o (QTimeEvt_ctor)
D:\software\qpc/ports/arm-cortex/qk/gnu/rel\libqf_cortex-m3_cs.a(qte_arm.o)
                              rel/tunnel.o (QTimeEvt_arm_)
D:\software\qpc/ports/arm-cortex/qk/gnu/rel\libqf_cortex-m3_cs.a(qte_darm.o)
                              rel/tunnel.o (QTimeEvt_disarm)
D:\software\qpc/ports/arm-cortex/qk/gnu/rel\libqep_cortex-m3_cs.a(qhsm_ini.o)
                              rel/tunnel.o (QHsm_init)
D:\software\qpc/ports/arm-cortex/qk/gnu/rel\libqep_cortex-m3_cs.a(qhsm_dis.o)
                              rel/tunnel.o (QHsm_dispatch)
D:\software\qpc/ports/arm-cortex/qk/gnu/rel\libqep_cortex-m3_cs.a(qhsm_top.o)
                              rel/tunnel.o (QHsm_top)
D:\software\qpc/ports/arm-cortex/qk/gnu/rel\libqep_cortex-m3_cs.a(qep.o)
                              D:\software\qpc/ports/arm-cortex/qk/gnu/rel\libqep_cortex-m3_cs.a(qhsm_ini.o) (QEP_reservedEvt_)
c:/tools/codesourcery/bin/../lib/gcc/arm-none-eabi/4.5.2/../../../../arm-none-eabi/lib/thumb2\libc.a(lib_a-asm-memcpy.o)
                              rel/tunnel.o (memcpy)
c:/tools/codesourcery/bin/../lib/gcc/arm-none-eabi/4.5.2/../../../../arm-none-eabi/lib/thumb2\libc.a(lib_a-init.o)
                              rel/startup_lm3s.o (__libc_init_array)
c:/tools/codesourcery/bin/../lib/gcc/arm-none-eabi/4.5.2/../../../../arm-none-eabi/lib/thumb2\libc.a(lib_a-memmove.o)
                              rel/tunnel.o (memmove)
c:/tools/codesourcery/bin/../lib/gcc/arm-none-eabi/4.5.2/../../../../arm-none-eabi/lib/thumb2\libc.a(lib_a-memset.o)
                              rel/tunnel.o (memset)

Discarded input sections

 .ARM.attributes
                0x00000000       0x19 c:/tools/codesourcery/bin/../lib/gcc/arm-none-eabi/4.5.2/../../../../arm-none-eabi/lib/thumb2\libc.a(lib_a-asm-memcpy.o)
 .ARM.attributes
                0x00000000       0x29 c:/tools/codesourcery/bin/../lib/gcc/arm-none-eabi/4.5.2/../../../../arm-none-eabi/lib/thumb2\libc.a(lib_a-init.o)
 .debug_frame   0x00000000       0x2c c:/tools/codesourcery/bin/../lib/gcc/arm-none-eabi/4.5.2/../../../../arm-none-eabi/lib/thumb2\libc.a(lib_a-init.o)
 .ARM.attributes
                0x00000000       0x29 c:/tools/codesourcery/bin/../lib/gcc/arm-none-eabi/4.5.2/../../../../arm-none-eabi/lib/thumb2\libc.a(lib_a-memmove.o)
 .debug_frame   0x00000000       0x2c c:/tools/codesourcery/bin/../lib/gcc/arm-none-eabi/4.5.2/../../../../arm-none-eabi/lib/thumb2\libc.a(lib_a-memmove.o)
 .ARM.attributes
                0x00000000       0x29 c:/tools/codesourcery/bin/../lib/gcc/arm-none-eabi/4.5.2/../../../../arm-none-eabi/lib/thumb2\libc.a(lib_a-memset.o)
 .debug_frame   0x00000000       0x2c c:/tools/codesourcery/bin/../lib/gcc/arm-none-eabi/4.5.2/../../../../arm-none-eabi/lib/thumb2\libc.a(lib_a-memset.o)

Memory Configuration

Name             Origin             Length             Attributes
ROM              0x00000000         0x00010000         xr
RAM              0x20000000         0x00002000         xrw
*default*        0x00000000         0xffffffff

Linker script and memory map

LOAD rel/tunnel.o
LOAD rel/mine1.o
LOAD rel/mine2.o
LOAD rel/main.o
LOAD rel/missile.o
LOAD rel/ship.o
LOAD rel/display96x16x1.o
LOAD rel/bsp.o
LOAD rel/startup_lm3s.o
LOAD rel/core_cm3.o
LOAD rel/system_lm3s.o
LOAD D:\software\qpc/ports/arm-cortex/qk/gnu/rel\libqk_cortex-m3_cs.a
LOAD D:\software\qpc/ports/arm-cortex/qk/gnu/rel\libqf_cortex-m3_cs.a
LOAD D:\software\qpc/ports/arm-cortex/qk/gnu/rel\libqep_cortex-m3_cs.a
                0x000005dc                STACK_SIZE = 0x5dc
                0x00000000                HEAP_SIZE = 0x0

.isr_vector     0x00000000       0xf0
 *(.isr_vector)
 .isr_vector    0x00000000       0xf0 rel/startup_lm3s.o
                0x00000000                g_pfnVectors
                0x000000f0                . = ALIGN (0x4)

.text           0x000000f0     0x3108
                0x000000f0                . = ALIGN (0x4)
 *(.text)
 .text          0x000000f0      0x88c rel/tunnel.o
                0x0000084c                Tunnel_ctor
                0x000008a4                do_bitmaps_overlap
 .text          0x0000097c      0x1e4 rel/mine1.o
                0x00000b34                Mine1_ctor
 .text          0x00000b60      0x1e0 rel/mine2.o
                0x00000d14                Mine2_ctor
 .text          0x00000d40       0xa0 rel/main.o
                0x00000d40                main
 .text          0x00000de0      0x134 rel/missile.o
                0x00000f04                Missile_ctor
 .text          0x00000f14      0x1d8 rel/ship.o
                0x000010d4                Ship_ctor
 .text          0x000010ec      0x438 rel/display96x16x1.o
                0x00001100                SysCtlDelay
                0x00001194                Display96x16x1Clear
                0x000011f8                Display96x16x1StringDraw
                0x000012b0                Display96x16x1ImageDraw
                0x00001324                Display96x16x1Init
                0x00001494                Display96x16x1DisplayOn
                0x000014fc                Display96x16x1DisplayOff
 .text          0x00001524      0x3a4 rel/bsp.o
                0x00001568                SysTick_Handler
                0x000015b0                GPIOPortA_IRQHandler
                0x00001600                BSP_init
                0x000016f8                BSP_drawBitmap
                0x0000170a                BSP_drawNString
                0x0000171e                BSP_updateScore
                0x00001720                BSP_displayOn
                0x00001724                BSP_displayOff
                0x00001728                QF_onStartup
                0x000017a8                QF_onCleanup
                0x000017aa                QK_onIdle
                0x000017c4                Q_onAssert
                0x000017c8                ADCSeq3_IRQHandler
                0x000018c4                assert_failed
 .text          0x000018c8       0x80 rel/startup_lm3s.o
                0x000018c8                DebugMon_Handler
                0x000018c8                FlashCtrl_IRQHandler
                0x000018c8                Timer0B_IRQHandler
                0x000018c8                I2C0_IRQHandler
                0x000018c8                NMI_Handler
                0x000018c8                I2C1_IRQHandler
                0x000018c8                PWMGen0_IRQHandler
                0x000018c8                UART1_IRQHandler
                0x000018c8                CAN1_IRQHandler
                0x000018c8                Timer1B_IRQHandler
                0x000018c8                Watchdog_IRQHandler
                0x000018c8                UART0_IRQHandler
                0x000018c8                SSI0_IRQHandler
                0x000018c8                UsageFault_Handler
                0x000018c8                ADCSeq1_IRQHandler
                0x000018c8                PWMFault_IRQHandler
                0x000018c8                PWMGen1_IRQHandler
                0x000018c8                SSI1_IRQHandler
                0x000018c8                SysCtrl_IRQHandler
                0x000018c8                Spurious_Handler
                0x000018c8                GPIOPortC_IRQHandler
                0x000018c8                ADCSeq2_IRQHandler
                0x000018c8                PWMGen2_IRQHandler
                0x000018c8                UART2_IRQHandler
                0x000018c8                QEI1_IRQHandler
                0x000018c8                QEI0_IRQHandler
                0x000018c8                GPIOPortD_IRQHandler
                0x000018c8                MemManage_Handler
                0x000018c8                Ethernet_IRQHandler
                0x000018c8                Timer3B_IRQHandler
                0x000018c8                Timer3A_IRQHandler
                0x000018c8                Timer0A_IRQHandler
                0x000018c8                ADCSeq0_IRQHandler
                0x000018c8                Timer1A_IRQHandler
                0x000018c8                GPIOPortG_IRQHandler
                0x000018c8                GPIOPortE_IRQHandler
                0x000018c8                CAN0_IRQHandler
                0x000018c8                Comp0_IRQHandler
                0x000018c8                Comp1_IRQHandler
                0x000018c8                Comp2_IRQHandler
                0x000018c8                GPIOPortF_IRQHandler
                0x000018c8                GPIOPortB_IRQHandler
                0x000018c8                CAN2_IRQHandler
                0x000018c8                GPIOPortH_IRQHandler
                0x000018c8                BusFault_Handler
                0x000018c8                Timer2A_IRQHandler
                0x000018c8                Timer2B_IRQHandler
                0x000018c8                Hibernate_IRQHandler
                0x000018e4                Reset_Handler
                0x00001944                _init
 .text          0x00001948       0x82 rel/core_cm3.o
                0x00001948                __get_PSP
                0x0000194e                __set_PSP
                0x00001954                __get_MSP
                0x0000195a                __set_MSP
                0x00001960                __get_BASEPRI
                0x00001966                __set_BASEPRI
                0x0000196c                __get_PRIMASK
                0x00001972                __set_PRIMASK
                0x00001978                __get_FAULTMASK
                0x0000197e                __set_FAULTMASK
                0x00001984                __REV
                0x00001988                __REV16
                0x0000198c                __REVSH
                0x00001990                __RBIT
                0x00001996                __LDREXB
                0x0000199e                __LDREXH
                0x000019a6                __LDREXW
                0x000019ac                __STREXB
                0x000019b2                __STREXH
                0x000019b8                __STREXW
                0x000019be                __get_CONTROL
                0x000019c4                __set_CONTROL
 *fill*         0x000019ca        0x2 00
 .text          0x000019cc      0x270 rel/system_lm3s.o
                0x000019d0                SystemInit
 .text          0x00001c3c       0x8c D:\software\qpc/ports/arm-cortex/qk/gnu/rel\libqk_cortex-m3_cs.a(qk.o)
                0x00001c3c                QK_getVersion
                0x00001c44                QF_init
                0x00001c48                QF_stop
                0x00001c4c                QF_run
                0x00001c6c                QActive_start
                0x00001cc4                QActive_stop
 .text          0x00001cc8       0xb8 D:\software\qpc/ports/arm-cortex/qk/gnu/rel\libqk_cortex-m3_cs.a(qk_sched.o)
                0x00001cc8                QK_schedule_
 .text          0x00001d80       0x34 D:\software\qpc/ports/arm-cortex/qk/gnu/rel\libqk_cortex-m3_cs.a(qk_mutex.o)
                0x00001d80                QK_mutexLock
                0x00001d98                QK_mutexUnlock
 .text          0x00001db4        0x0 D:\software\qpc/ports/arm-cortex/qk/gnu/rel\libqk_cortex-m3_cs.a(qk_port.o)
 .text          0x00001db4       0x90 D:\software\qpc/ports/arm-cortex/qk/gnu/rel\libqf_cortex-m3_cs.a(qa_fifo.o)
                0x00001db4                QActive_postFIFO
 .text          0x00001e44       0xa0 D:\software\qpc/ports/arm-cortex/qk/gnu/rel\libqf_cortex-m3_cs.a(qa_get_.o)
                0x00001e44                QActive_get_
                0x00001eb8                QF_getQueueMargin
 .text          0x00001ee4       0x60 D:\software\qpc/ports/arm-cortex/qk/gnu/rel\libqf_cortex-m3_cs.a(qa_sub.o)
                0x00001ee4                QActive_subscribe
 .text          0x00001f44       0x12 D:\software\qpc/ports/arm-cortex/qk/gnu/rel\libqf_cortex-m3_cs.a(qeq_init.o)
                0x00001f44                QEQueue_init
 *fill*         0x00001f56        0x2 00
 .text          0x00001f58       0x6c D:\software\qpc/ports/arm-cortex/qk/gnu/rel\libqf_cortex-m3_cs.a(qf_act.o)
                0x00001f58                QF_getVersion
                0x00001f60                QF_add_
                0x00001f90                QF_remove_
 .text          0x00001fc4       0x50 D:\software\qpc/ports/arm-cortex/qk/gnu/rel\libqf_cortex-m3_cs.a(qf_gc.o)
                0x00001fc4                QF_gc
 .text          0x00002014        0x0 D:\software\qpc/ports/arm-cortex/qk/gnu/rel\libqf_cortex-m3_cs.a(qf_log2.o)
 .text          0x00002014       0x58 D:\software\qpc/ports/arm-cortex/qk/gnu/rel\libqf_cortex-m3_cs.a(qf_new.o)
                0x00002014                QF_new_
 .text          0x0000206c       0x5c D:\software\qpc/ports/arm-cortex/qk/gnu/rel\libqf_cortex-m3_cs.a(qf_pool.o)
                0x0000206c                QF_poolInit
 .text          0x000020c8        0xc D:\software\qpc/ports/arm-cortex/qk/gnu/rel\libqf_cortex-m3_cs.a(qf_psini.o)
                0x000020c8                QF_psInit
 .text          0x000020d4       0x9c D:\software\qpc/ports/arm-cortex/qk/gnu/rel\libqf_cortex-m3_cs.a(qf_pspub.o)
                0x000020d4                QF_publish
 .text          0x00002170        0x0 D:\software\qpc/ports/arm-cortex/qk/gnu/rel\libqf_cortex-m3_cs.a(qf_pwr2.o)
 .text          0x00002170       0x60 D:\software\qpc/ports/arm-cortex/qk/gnu/rel\libqf_cortex-m3_cs.a(qf_tick.o)
                0x00002170                QF_tick
 .text          0x000021d0       0x54 D:\software\qpc/ports/arm-cortex/qk/gnu/rel\libqf_cortex-m3_cs.a(qmp_get.o)
                0x000021d0                QMPool_get
                0x000021f0                QF_getPoolMargin
 .text          0x00002224       0x80 D:\software\qpc/ports/arm-cortex/qk/gnu/rel\libqf_cortex-m3_cs.a(qmp_init.o)
                0x00002224                QMPool_init
 .text          0x000022a4       0x38 D:\software\qpc/ports/arm-cortex/qk/gnu/rel\libqf_cortex-m3_cs.a(qmp_put.o)
                0x000022a4                QMPool_put
 .text          0x000022dc       0x28 D:\software\qpc/ports/arm-cortex/qk/gnu/rel\libqf_cortex-m3_cs.a(qte_ctor.o)
                0x000022dc                QTimeEvt_ctor
 .text          0x00002304       0x40 D:\software\qpc/ports/arm-cortex/qk/gnu/rel\libqf_cortex-m3_cs.a(qte_arm.o)
                0x00002304                QTimeEvt_arm_
 .text          0x00002344       0x30 D:\software\qpc/ports/arm-cortex/qk/gnu/rel\libqf_cortex-m3_cs.a(qte_darm.o)
                0x00002344                QTimeEvt_disarm
 .text          0x00002374       0x94 D:\software\qpc/ports/arm-cortex/qk/gnu/rel\libqep_cortex-m3_cs.a(qhsm_ini.o)
                0x00002374                QHsm_init
 .text          0x00002408      0x1b8 D:\software\qpc/ports/arm-cortex/qk/gnu/rel\libqep_cortex-m3_cs.a(qhsm_dis.o)
                0x00002408                QHsm_dispatch
 .text          0x000025c0        0x4 D:\software\qpc/ports/arm-cortex/qk/gnu/rel\libqep_cortex-m3_cs.a(qhsm_top.o)
                0x000025c0                QHsm_top
 .text          0x000025c4        0x8 D:\software\qpc/ports/arm-cortex/qk/gnu/rel\libqep_cortex-m3_cs.a(qep.o)
                0x000025c4                QEP_getVersion
 .text          0x000025cc      0x2ec c:/tools/codesourcery/bin/../lib/gcc/arm-none-eabi/4.5.2/../../../../arm-none-eabi/lib/thumb2\libc.a(lib_a-asm-memcpy.o)
                0x000025cc                memcpy
 .text          0x000028b8       0x48 c:/tools/codesourcery/bin/../lib/gcc/arm-none-eabi/4.5.2/../../../../arm-none-eabi/lib/thumb2\libc.a(lib_a-init.o)
                0x000028b8                __libc_init_array
 .text          0x00002900       0xb4 c:/tools/codesourcery/bin/../lib/gcc/arm-none-eabi/4.5.2/../../../../arm-none-eabi/lib/thumb2\libc.a(lib_a-memmove.o)
                0x00002900                memmove
 .text          0x000029b4      0x12c c:/tools/codesourcery/bin/../lib/gcc/arm-none-eabi/4.5.2/../../../../arm-none-eabi/lib/thumb2\libc.a(lib_a-memset.o)
                0x000029b4                memset
 *(.text*)
 .text.QK_init  0x00002ae0       0x24 D:\software\qpc/ports/arm-cortex/qk/gnu/rel\libqk_cortex-m3_cs.a(qk_port.o)
                0x00002ae0                QK_init
 .text.PendSV_Handler
                0x00002b04       0x34 D:\software\qpc/ports/arm-cortex/qk/gnu/rel\libqk_cortex-m3_cs.a(qk_port.o)
                0x00002b04                PendSV_Handler
 .text.SVC_Handler
                0x00002b38        0x4 D:\software\qpc/ports/arm-cortex/qk/gnu/rel\libqk_cortex-m3_cs.a(qk_port.o)
                0x00002b38                SVC_Handler
 *(.rodata)
 .rodata        0x00002b3c       0xd0 rel/tunnel.o
                0x00002ba0                AO_Tunnel
 .rodata        0x00002c0c       0x14 rel/mine1.o
 .rodata        0x00002c20       0x14 rel/mine2.o
 .rodata        0x00002c34        0x4 rel/missile.o
                0x00002c34                AO_Missile
 .rodata        0x00002c38        0x4 rel/ship.o
                0x00002c38                AO_Ship
 .rodata        0x00002c3c      0x2b1 rel/display96x16x1.o
 *fill*         0x00002eed        0x1 00
 .rodata        0x00002eee        0xe rel/bsp.o
 .rodata        0x00002efc       0x5c rel/system_lm3s.o
 .rodata        0x00002f58        0xa D:\software\qpc/ports/arm-cortex/qk/gnu/rel\libqk_cortex-m3_cs.a(qk.o)
 .rodata        0x00002f62        0x9 D:\software\qpc/ports/arm-cortex/qk/gnu/rel\libqk_cortex-m3_cs.a(qk_sched.o)
 .rodata        0x00002f6b        0x8 D:\software\qpc/ports/arm-cortex/qk/gnu/rel\libqf_cortex-m3_cs.a(qa_fifo.o)
 .rodata        0x00002f73        0x8 D:\software\qpc/ports/arm-cortex/qk/gnu/rel\libqf_cortex-m3_cs.a(qa_get_.o)
 .rodata        0x00002f7b        0x7 D:\software\qpc/ports/arm-cortex/qk/gnu/rel\libqf_cortex-m3_cs.a(qa_sub.o)
 .rodata        0x00002f82        0xe D:\software\qpc/ports/arm-cortex/qk/gnu/rel\libqf_cortex-m3_cs.a(qf_act.o)
 .rodata        0x00002f90        0x6 D:\software\qpc/ports/arm-cortex/qk/gnu/rel\libqf_cortex-m3_cs.a(qf_gc.o)
 .rodata        0x00002f96      0x100 D:\software\qpc/ports/arm-cortex/qk/gnu/rel\libqf_cortex-m3_cs.a(qf_log2.o)
                0x00002f96                QF_log2Lkup
 .rodata        0x00003096        0x7 D:\software\qpc/ports/arm-cortex/qk/gnu/rel\libqf_cortex-m3_cs.a(qf_new.o)
 .rodata        0x0000309d        0x8 D:\software\qpc/ports/arm-cortex/qk/gnu/rel\libqf_cortex-m3_cs.a(qf_pool.o)
 .rodata        0x000030a5        0x9 D:\software\qpc/ports/arm-cortex/qk/gnu/rel\libqf_cortex-m3_cs.a(qf_pspub.o)
 .rodata        0x000030ae       0xc3 D:\software\qpc/ports/arm-cortex/qk/gnu/rel\libqf_cortex-m3_cs.a(qf_pwr2.o)
                0x000030ae                QF_pwr2Lkup
                0x000030ef                QF_invPwr2Lkup
                0x00003130                QF_div8Lkup
 .rodata        0x00003171        0x8 D:\software\qpc/ports/arm-cortex/qk/gnu/rel\libqf_cortex-m3_cs.a(qmp_get.o)
 .rodata        0x00003179        0x9 D:\software\qpc/ports/arm-cortex/qk/gnu/rel\libqf_cortex-m3_cs.a(qmp_init.o)
 .rodata        0x00003182        0x8 D:\software\qpc/ports/arm-cortex/qk/gnu/rel\libqf_cortex-m3_cs.a(qmp_put.o)
 .rodata        0x0000318a        0x9 D:\software\qpc/ports/arm-cortex/qk/gnu/rel\libqf_cortex-m3_cs.a(qte_ctor.o)
 .rodata        0x00003193        0x8 D:\software\qpc/ports/arm-cortex/qk/gnu/rel\libqf_cortex-m3_cs.a(qte_arm.o)
 .rodata        0x0000319b        0x9 D:\software\qpc/ports/arm-cortex/qk/gnu/rel\libqep_cortex-m3_cs.a(qhsm_ini.o)
 .rodata        0x000031a4        0x9 D:\software\qpc/ports/arm-cortex/qk/gnu/rel\libqep_cortex-m3_cs.a(qhsm_dis.o)
 *fill*         0x000031ad        0x1 00
 .rodata        0x000031ae       0x18 D:\software\qpc/ports/arm-cortex/qk/gnu/rel\libqep_cortex-m3_cs.a(qep.o)
                0x000031b6                QEP_reservedEvt_
 *(.rodata*)
 .rodata.str1.1
                0x000031c6       0x1b rel/tunnel.o
 .rodata.str1.1
                0x000031e1       0x15 rel/startup_lm3s.o
 *(.init)
 *(.fini)
                0x000031f8                . = ALIGN (0x4)
 *fill*         0x000031f6        0x2 00

.glue_7         0x000031f8        0x0
 .glue_7        0x00000000        0x0 linker stubs

.glue_7t        0x000031f8        0x0
 .glue_7t       0x00000000        0x0 linker stubs

.vfp11_veneer   0x000031f8        0x0
 .vfp11_veneer  0x00000000        0x0 linker stubs

.v4_bx          0x000031f8        0x0
 .v4_bx         0x00000000        0x0 linker stubs

.preinit_array  0x000031f8        0x0
                0x000031f8                PROVIDE (__preinit_array_start, .)
 *(.preinit_array*)
                0x000031f8                PROVIDE (__preinit_array_end, .)

.init_array     0x000031f8        0x0
                0x000031f8                PROVIDE (__init_array_start, .)
 *(SORT(.init_array.*))
 *(.init_array*)
                0x000031f8                PROVIDE (__init_array_end, .)

.fini_array     0x000031f8        0x0
                0x000031f8                PROVIDE (__fini_array_start, .)
 *(.fini_array*)
 *(SORT(.fini_array.*))
                0x000031f8                PROVIDE (__fini_array_end, .)
                0x000031f8                _etext = .

.data           0x20000000        0x4 load address 0x000031f8
                0x000031f8                __data_load = LOADADDR (.data)
                0x20000000                __data_start = .
 *(.data)
 .data          0x20000000        0x0 rel/tunnel.o
 .data          0x20000000        0x0 rel/mine1.o
 .data          0x20000000        0x0 rel/mine2.o
 .data          0x20000000        0x0 rel/main.o
 .data          0x20000000        0x0 rel/missile.o
 .data          0x20000000        0x0 rel/ship.o
 .data          0x20000000        0x0 rel/display96x16x1.o
 .data          0x20000000        0x0 rel/bsp.o
 .data          0x20000000        0x0 rel/startup_lm3s.o
 .data          0x20000000        0x0 rel/core_cm3.o
 .data          0x20000000        0x0 rel/system_lm3s.o
 .data          0x20000000        0x1 D:\software\qpc/ports/arm-cortex/qk/gnu/rel\libqk_cortex-m3_cs.a(qk.o)
                0x20000000                QK_currPrio_
 .data          0x20000001        0x0 D:\software\qpc/ports/arm-cortex/qk/gnu/rel\libqk_cortex-m3_cs.a(qk_sched.o)
 .data          0x20000001        0x0 D:\software\qpc/ports/arm-cortex/qk/gnu/rel\libqk_cortex-m3_cs.a(qk_mutex.o)
 .data          0x20000001        0x0 D:\software\qpc/ports/arm-cortex/qk/gnu/rel\libqk_cortex-m3_cs.a(qk_port.o)
 .data          0x20000001        0x0 D:\software\qpc/ports/arm-cortex/qk/gnu/rel\libqf_cortex-m3_cs.a(qa_fifo.o)
 .data          0x20000001        0x0 D:\software\qpc/ports/arm-cortex/qk/gnu/rel\libqf_cortex-m3_cs.a(qa_get_.o)
 .data          0x20000001        0x0 D:\software\qpc/ports/arm-cortex/qk/gnu/rel\libqf_cortex-m3_cs.a(qa_sub.o)
 .data          0x20000001        0x0 D:\software\qpc/ports/arm-cortex/qk/gnu/rel\libqf_cortex-m3_cs.a(qeq_init.o)
 .data          0x20000001        0x0 D:\software\qpc/ports/arm-cortex/qk/gnu/rel\libqf_cortex-m3_cs.a(qf_act.o)
 .data          0x20000001        0x0 D:\software\qpc/ports/arm-cortex/qk/gnu/rel\libqf_cortex-m3_cs.a(qf_gc.o)
 .data          0x20000001        0x0 D:\software\qpc/ports/arm-cortex/qk/gnu/rel\libqf_cortex-m3_cs.a(qf_log2.o)
 .data          0x20000001        0x0 D:\software\qpc/ports/arm-cortex/qk/gnu/rel\libqf_cortex-m3_cs.a(qf_new.o)
 .data          0x20000001        0x0 D:\software\qpc/ports/arm-cortex/qk/gnu/rel\libqf_cortex-m3_cs.a(qf_pool.o)
 .data          0x20000001        0x0 D:\software\qpc/ports/arm-cortex/qk/gnu/rel\libqf_cortex-m3_cs.a(qf_psini.o)
 .data          0x20000001        0x0 D:\software\qpc/ports/arm-cortex/qk/gnu/rel\libqf_cortex-m3_cs.a(qf_pspub.o)
 .data          0x20000001        0x0 D:\software\qpc/ports/arm-cortex/qk/gnu/rel\libqf_cortex-m3_cs.a(qf_pwr2.o)
 .data          0x20000001        0x0 D:\software\qpc/ports/arm-cortex/qk/gnu/rel\libqf_cortex-m3_cs.a(qf_tick.o)
 .data          0x20000001        0x0 D:\software\qpc/ports/arm-cortex/qk/gnu/rel\libqf_cortex-m3_cs.a(qmp_get.o)
 .data          0x20000001        0x0 D:\software\qpc/ports/arm-cortex/qk/gnu/rel\libqf_cortex-m3_cs.a(qmp_init.o)
 .data          0x20000001        0x0 D:\software\qpc/ports/arm-cortex/qk/gnu/rel\libqf_cortex-m3_cs.a(qmp_put.o)
 .data          0x20000001        0x0 D:\software\qpc/ports/arm-cortex/qk/gnu/rel\libqf_cortex-m3_cs.a(qte_ctor.o)
 .data          0x20000001        0x0 D:\software\qpc/ports/arm-cortex/qk/gnu/rel\libqf_cortex-m3_cs.a(qte_arm.o)
 .data          0x20000001        0x0 D:\software\qpc/ports/arm-cortex/qk/gnu/rel\libqf_cortex-m3_cs.a(qte_darm.o)
 .data          0x20000001        0x0 D:\software\qpc/ports/arm-cortex/qk/gnu/rel\libqep_cortex-m3_cs.a(qhsm_ini.o)
 .data          0x20000001        0x0 D:\software\qpc/ports/arm-cortex/qk/gnu/rel\libqep_cortex-m3_cs.a(qhsm_dis.o)
 .data          0x20000001        0x0 D:\software\qpc/ports/arm-cortex/qk/gnu/rel\libqep_cortex-m3_cs.a(qhsm_top.o)
 .data          0x20000001        0x0 D:\software\qpc/ports/arm-cortex/qk/gnu/rel\libqep_cortex-m3_cs.a(qep.o)
 .data          0x20000001        0x0 c:/tools/codesourcery/bin/../lib/gcc/arm-none-eabi/4.5.2/../../../../arm-none-eabi/lib/thumb2\libc.a(lib_a-asm-memcpy.o)
 .data          0x20000001        0x0 c:/tools/codesourcery/bin/../lib/gcc/arm-none-eabi/4.5.2/../../../../arm-none-eabi/lib/thumb2\libc.a(lib_a-init.o)
 .data          0x20000001        0x0 c:/tools/codesourcery/bin/../lib/gcc/arm-none-eabi/4.5.2/../../../../arm-none-eabi/lib/thumb2\libc.a(lib_a-memmove.o)
 .data          0x20000001        0x0 c:/tools/codesourcery/bin/../lib/gcc/arm-none-eabi/4.5.2/../../../../arm-none-eabi/lib/thumb2\libc.a(lib_a-memset.o)
 *(.data*)
                0x20000004                . = ALIGN (0x4)
 *fill*         0x20000001        0x3 00
                0x20000004                __data_end__ = .
                0x20000004                _edata = __data_end__

.bss            0x20000004      0x588 load address 0x000031fc
                0x20000004                __bss_start__ = .
 *(.bss)
 .bss           0x20000004      0x208 rel/tunnel.o
 .bss           0x2000020c       0x2c rel/mine1.o
 .bss           0x20000238       0x2c rel/mine2.o
 .bss           0x20000264      0x134 rel/main.o
 .bss           0x20000398       0x1c rel/missile.o
 .bss           0x200003b4       0x20 rel/ship.o
 .bss           0x200003d4        0x8 rel/display96x16x1.o
 .bss           0x200003dc       0x10 rel/bsp.o
 .bss           0x200003ec        0x0 rel/startup_lm3s.o
 .bss           0x200003ec        0x0 rel/core_cm3.o
 .bss           0x200003ec        0x4 rel/system_lm3s.o
                0x200003ec                SystemFrequency
 .bss           0x200003f0        0xa D:\software\qpc/ports/arm-cortex/qk/gnu/rel\libqk_cortex-m3_cs.a(qk.o)
                0x200003f0                QK_readySet_
                0x200003f9                QK_intNest_
 .bss           0x200003fa        0x0 D:\software\qpc/ports/arm-cortex/qk/gnu/rel\libqk_cortex-m3_cs.a(qk_sched.o)
 .bss           0x200003fa        0x1 D:\software\qpc/ports/arm-cortex/qk/gnu/rel\libqk_cortex-m3_cs.a(qk_mutex.o)
                0x200003fa                QK_ceilingPrio_
 .bss           0x200003fb        0x0 D:\software\qpc/ports/arm-cortex/qk/gnu/rel\libqk_cortex-m3_cs.a(qk_port.o)
 .bss           0x200003fb        0x0 D:\software\qpc/ports/arm-cortex/qk/gnu/rel\libqf_cortex-m3_cs.a(qa_fifo.o)
 .bss           0x200003fb        0x0 D:\software\qpc/ports/arm-cortex/qk/gnu/rel\libqf_cortex-m3_cs.a(qa_get_.o)
 .bss           0x200003fb        0x0 D:\software\qpc/ports/arm-cortex/qk/gnu/rel\libqf_cortex-m3_cs.a(qa_sub.o)
 .bss           0x200003fb        0x0 D:\software\qpc/ports/arm-cortex/qk/gnu/rel\libqf_cortex-m3_cs.a(qeq_init.o)
 *fill*         0x200003fb        0x1 00
 .bss           0x200003fc      0x104 D:\software\qpc/ports/arm-cortex/qk/gnu/rel\libqf_cortex-m3_cs.a(qf_act.o)
                0x200003fc                QF_active_
                0x200004fc                QF_intLockNest_
 .bss           0x20000500        0x0 D:\software\qpc/ports/arm-cortex/qk/gnu/rel\libqf_cortex-m3_cs.a(qf_gc.o)
 .bss           0x20000500        0x0 D:\software\qpc/ports/arm-cortex/qk/gnu/rel\libqf_cortex-m3_cs.a(qf_log2.o)
 .bss           0x20000500        0x0 D:\software\qpc/ports/arm-cortex/qk/gnu/rel\libqf_cortex-m3_cs.a(qf_new.o)
 .bss           0x20000500       0x7c D:\software\qpc/ports/arm-cortex/qk/gnu/rel\libqf_cortex-m3_cs.a(qf_pool.o)
                0x20000500                QF_maxPool_
                0x20000504                QF_pool_
 .bss           0x2000057c        0x8 D:\software\qpc/ports/arm-cortex/qk/gnu/rel\libqf_cortex-m3_cs.a(qf_psini.o)
                0x2000057c                QF_subscrList_
                0x20000580                QF_maxSignal_
 .bss           0x20000584        0x0 D:\software\qpc/ports/arm-cortex/qk/gnu/rel\libqf_cortex-m3_cs.a(qf_pspub.o)
 .bss           0x20000584        0x0 D:\software\qpc/ports/arm-cortex/qk/gnu/rel\libqf_cortex-m3_cs.a(qf_pwr2.o)
 .bss           0x20000584        0x1 D:\software\qpc/ports/arm-cortex/qk/gnu/rel\libqf_cortex-m3_cs.a(qf_tick.o)
 .bss           0x20000585        0x0 D:\software\qpc/ports/arm-cortex/qk/gnu/rel\libqf_cortex-m3_cs.a(qmp_get.o)
 .bss           0x20000585        0x0 D:\software\qpc/ports/arm-cortex/qk/gnu/rel\libqf_cortex-m3_cs.a(qmp_init.o)
 .bss           0x20000585        0x0 D:\software\qpc/ports/arm-cortex/qk/gnu/rel\libqf_cortex-m3_cs.a(qmp_put.o)
 .bss           0x20000585        0x0 D:\software\qpc/ports/arm-cortex/qk/gnu/rel\libqf_cortex-m3_cs.a(qte_ctor.o)
 *fill*         0x20000585        0x3 00
 .bss           0x20000588        0x4 D:\software\qpc/ports/arm-cortex/qk/gnu/rel\libqf_cortex-m3_cs.a(qte_arm.o)
                0x20000588                QF_timeEvtListHead_
 .bss           0x2000058c        0x0 D:\software\qpc/ports/arm-cortex/qk/gnu/rel\libqf_cortex-m3_cs.a(qte_darm.o)
 .bss           0x2000058c        0x0 D:\software\qpc/ports/arm-cortex/qk/gnu/rel\libqep_cortex-m3_cs.a(qhsm_ini.o)
 .bss           0x2000058c        0x0 D:\software\qpc/ports/arm-cortex/qk/gnu/rel\libqep_cortex-m3_cs.a(qhsm_dis.o)
 .bss           0x2000058c        0x0 D:\software\qpc/ports/arm-cortex/qk/gnu/rel\libqep_cortex-m3_cs.a(qhsm_top.o)
 .bss           0x2000058c        0x0 D:\software\qpc/ports/arm-cortex/qk/gnu/rel\libqep_cortex-m3_cs.a(qep.o)
 .bss           0x2000058c        0x0 c:/tools/codesourcery/bin/../lib/gcc/arm-none-eabi/4.5.2/../../../../arm-none-eabi/lib/thumb2\libc.a(lib_a-asm-memcpy.o)
 .bss           0x2000058c        0x0 c:/tools/codesourcery/bin/../lib/gcc/arm-none-eabi/4.5.2/../../../../arm-none-eabi/lib/thumb2\libc.a(lib_a-init.o)
 .bss           0x2000058c        0x0 c:/tools/codesourcery/bin/../lib/gcc/arm-none-eabi/4.5.2/../../../../arm-none-eabi/lib/thumb2\libc.a(lib_a-memmove.o)
 .bss           0x2000058c        0x0 c:/tools/codesourcery/bin/../lib/gcc/arm-none-eabi/4.5.2/../../../../arm-none-eabi/lib/thumb2\libc.a(lib_a-memset.o)
 *(.bss*)
 *(COMMON)
                0x2000058c                . = ALIGN (0x4)
                0x2000058c                _ebss = .
                0x2000058c                __bss_end__ = .
                0x2000058c                PROVIDE (end, _ebss)
                0x2000058c                PROVIDE (_end, _ebss)
                0x2000058c                PROVIDE (__end__, _ebss)

.heap           0x2000058c        0x0
                0x2000058c                __heap_start__ = .
                0x2000058c                . = (. + HEAP_SIZE)
                0x2000058c                . = ALIGN (0x4)
                0x2000058c                __heap_end__ = .

.stack          0x2000058c      0x5dc load address 0x00003784
                0x2000058c                __stack_start__ = .
                0x20000b68                . = (. + STACK_SIZE)
 *fill*         0x2000058c      0x5dc 00
                0x20000b68                . = ALIGN (0x4)
                0x20000b68                __c_stack_top__ = .
                0x20000b68                __stack_end__ = .

/DISCARD/
 libc.a(*)
 libm.a(*)
 libgcc.a(*)
OUTPUT(rel/game-qk.elf elf32-littlearm)

.comment        0x00000000       0x2b
 .comment       0x00000000       0x2b rel/tunnel.o
                                 0x2c (size before relaxing)
 .comment       0x00000000       0x2c rel/mine1.o
 .comment       0x00000000       0x2c rel/mine2.o
 .comment       0x00000000       0x2c rel/main.o
 .comment       0x00000000       0x2c rel/missile.o
 .comment       0x00000000       0x2c rel/ship.o
 .comment       0x00000000       0x2c rel/display96x16x1.o
 .comment       0x00000000       0x2c rel/bsp.o
 .comment       0x00000000       0x2c rel/startup_lm3s.o
 .comment       0x00000000       0x2c rel/core_cm3.o
 .comment       0x00000000       0x2c rel/system_lm3s.o
 .comment       0x00000000       0x2c D:\software\qpc/ports/arm-cortex/qk/gnu/rel\libqk_cortex-m3_cs.a(qk.o)
 .comment       0x00000000       0x2c D:\software\qpc/ports/arm-cortex/qk/gnu/rel\libqk_cortex-m3_cs.a(qk_sched.o)
 .comment       0x00000000       0x2c D:\software\qpc/ports/arm-cortex/qk/gnu/rel\libqk_cortex-m3_cs.a(qk_mutex.o)
 .comment       0x00000000       0x2c D:\software\qpc/ports/arm-cortex/qk/gnu/rel\libqf_cortex-m3_cs.a(qa_fifo.o)
 .comment       0x00000000       0x2c D:\software\qpc/ports/arm-cortex/qk/gnu/rel\libqf_cortex-m3_cs.a(qa_get_.o)
 .comment       0x00000000       0x2c D:\software\qpc/ports/arm-cortex/qk/gnu/rel\libqf_cortex-m3_cs.a(qa_sub.o)
 .comment       0x00000000       0x2c D:\software\qpc/ports/arm-cortex/qk/gnu/rel\libqf_cortex-m3_cs.a(qeq_init.o)
 .comment       0x00000000       0x2c D:\software\qpc/ports/arm-cortex/qk/gnu/rel\libqf_cortex-m3_cs.a(qf_act.o)
 .comment       0x00000000       0x2c D:\software\qpc/ports/arm-cortex/qk/gnu/rel\libqf_cortex-m3_cs.a(qf_gc.o)
 .comment       0x00000000       0x2c D:\software\qpc/ports/arm-cortex/qk/gnu/rel\libqf_cortex-m3_cs.a(qf_log2.o)
 .comment       0x00000000       0x2c D:\software\qpc/ports/arm-cortex/qk/gnu/rel\libqf_cortex-m3_cs.a(qf_new.o)
 .comment       0x00000000       0x2c D:\software\qpc/ports/arm-cortex/qk/gnu/rel\libqf_cortex-m3_cs.a(qf_pool.o)
 .comment       0x00000000       0x2c D:\software\qpc/ports/arm-cortex/qk/gnu/rel\libqf_cortex-m3_cs.a(qf_psini.o)
 .comment       0x00000000       0x2c D:\software\qpc/ports/arm-cortex/qk/gnu/rel\libqf_cortex-m3_cs.a(qf_pspub.o)
 .comment       0x00000000       0x2c D:\software\qpc/ports/arm-cortex/qk/gnu/rel\libqf_cortex-m3_cs.a(qf_pwr2.o)
 .comment       0x00000000       0x2c D:\software\qpc/ports/arm-cortex/qk/gnu/rel\libqf_cortex-m3_cs.a(qf_tick.o)
 .comment       0x00000000       0x2c D:\software\qpc/ports/arm-cortex/qk/gnu/rel\libqf_cortex-m3_cs.a(qmp_get.o)
 .comment       0x00000000       0x2c D:\software\qpc/ports/arm-cortex/qk/gnu/rel\libqf_cortex-m3_cs.a(qmp_init.o)
 .comment       0x00000000       0x2c D:\software\qpc/ports/arm-cortex/qk/gnu/rel\libqf_cortex-m3_cs.a(qmp_put.o)
 .comment       0x00000000       0x2c D:\software\qpc/ports/arm-cortex/qk/gnu/rel\libqf_cortex-m3_cs.a(qte_ctor.o)
 .comment       0x00000000       0x2c D:\software\qpc/ports/arm-cortex/qk/gnu/rel\libqf_cortex-m3_cs.a(qte_arm.o)
 .comment       0x00000000       0x2c D:\software\qpc/ports/arm-cortex/qk/gnu/rel\libqf_cortex-m3_cs.a(qte_darm.o)
 .comment       0x00000000       0x2c D:\software\qpc/ports/arm-cortex/qk/gnu/rel\libqep_cortex-m3_cs.a(qhsm_ini.o)
 .comment       0x00000000       0x2c D:\software\qpc/ports/arm-cortex/qk/gnu/rel\libqep_cortex-m3_cs.a(qhsm_dis.o)
 .comment       0x00000000       0x2c D:\software\qpc/ports/arm-cortex/qk/gnu/rel\libqep_cortex-m3_cs.a(qhsm_top.o)
 .comment       0x00000000       0x2c D:\software\qpc/ports/arm-cortex/qk/gnu/rel\libqep_cortex-m3_cs.a(qep.o)

.ARM.attributes
                0x00000000       0x2f
 .ARM.attributes
                0x00000000       0x31 rel/tunnel.o
 .ARM.attributes
                0x00000031       0x31 rel/mine1.o
 .ARM.attributes
                0x00000062       0x31 rel/mine2.o
 .ARM.attributes
                0x00000093       0x31 rel/main.o
 .ARM.attributes
                0x000000c4       0x31 rel/missile.o
 .ARM.attributes
                0x000000f5       0x31 rel/ship.o
 .ARM.attributes
                0x00000126       0x31 rel/display96x16x1.o
 .ARM.attributes
                0x00000157       0x31 rel/bsp.o
 .ARM.attributes
                0x00000188       0x31 rel/startup_lm3s.o
 .ARM.attributes
                0x000001b9       0x31 rel/core_cm3.o
 .ARM.attributes
                0x000001ea       0x31 rel/system_lm3s.o
 .ARM.attributes
                0x0000021b       0x31 D:\software\qpc/ports/arm-cortex/qk/gnu/rel\libqk_cortex-m3_cs.a(qk.o)
 .ARM.attributes
                0x0000024c       0x31 D:\software\qpc/ports/arm-cortex/qk/gnu/rel\libqk_cortex-m3_cs.a(qk_sched.o)
 .ARM.attributes
                0x0000027d       0x31 D:\software\qpc/ports/arm-cortex/qk/gnu/rel\libqk_cortex-m3_cs.a(qk_mutex.o)
 .ARM.attributes
                0x000002ae       0x21 D:\software\qpc/ports/arm-cortex/qk/gnu/rel\libqk_cortex-m3_cs.a(qk_port.o)
 .ARM.attributes
                0x000002cf       0x31 D:\software\qpc/ports/arm-cortex/qk/gnu/rel\libqf_cortex-m3_cs.a(qa_fifo.o)
 .ARM.attributes
                0x00000300       0x31 D:\software\qpc/ports/arm-cortex/qk/gnu/rel\libqf_cortex-m3_cs.a(qa_get_.o)
 .ARM.attributes
                0x00000331       0x31 D:\software\qpc/ports/arm-cortex/qk/gnu/rel\libqf_cortex-m3_cs.a(qa_sub.o)
 .ARM.attributes
                0x00000362       0x31 D:\software\qpc/ports/arm-cortex/qk/gnu/rel\libqf_cortex-m3_cs.a(qeq_init.o)
 .ARM.attributes
                0x00000393       0x31 D:\software\qpc/ports/arm-cortex/qk/gnu/rel\libqf_cortex-m3_cs.a(qf_act.o)
 .ARM.attributes
                0x000003c4       0x31 D:\software\qpc/ports/arm-cortex/qk/gnu/rel\libqf_cortex-m3_cs.a(qf_gc.o)
 .ARM.attributes
                0x000003f5       0x31 D:\software\qpc/ports/arm-cortex/qk/gnu/rel\libqf_cortex-m3_cs.a(qf_log2.o)
 .ARM.attributes
                0x00000426       0x31 D:\software\qpc/ports/arm-cortex/qk/gnu/rel\libqf_cortex-m3_cs.a(qf_new.o)
 .ARM.attributes
                0x00000457       0x31 D:\software\qpc/ports/arm-cortex/qk/gnu/rel\libqf_cortex-m3_cs.a(qf_pool.o)
 .ARM.attributes
                0x00000488       0x31 D:\software\qpc/ports/arm-cortex/qk/gnu/rel\libqf_cortex-m3_cs.a(qf_psini.o)
 .ARM.attributes
                0x000004b9       0x31 D:\software\qpc/ports/arm-cortex/qk/gnu/rel\libqf_cortex-m3_cs.a(qf_pspub.o)
 .ARM.attributes
                0x000004ea       0x31 D:\software\qpc/ports/arm-cortex/qk/gnu/rel\libqf_cortex-m3_cs.a(qf_pwr2.o)
 .ARM.attributes
                0x0000051b       0x31 D:\software\qpc/ports/arm-cortex/qk/gnu/rel\libqf_cortex-m3_cs.a(qf_tick.o)
 .ARM.attributes
                0x0000054c       0x31 D:\software\qpc/ports/arm-cortex/qk/gnu/rel\libqf_cortex-m3_cs.a(qmp_get.o)
 .ARM.attributes
                0x0000057d       0x31 D:\software\qpc/ports/arm-cortex/qk/gnu/rel\libqf_cortex-m3_cs.a(qmp_init.o)
 .ARM.attributes
                0x000005ae       0x31 D:\software\qpc/ports/arm-cortex/qk/gnu/rel\libqf_cortex-m3_cs.a(qmp_put.o)
 .ARM.attributes
                0x000005df       0x31 D:\software\qpc/ports/arm-cortex/qk/gnu/rel\libqf_cortex-m3_cs.a(qte_ctor.o)
 .ARM.attributes
                0x00000610       0x31 D:\software\qpc/ports/arm-cortex/qk/gnu/rel\libqf_cortex-m3_cs.a(qte_arm.o)
 .ARM.attributes
                0x00000641       0x31 D:\software\qpc/ports/arm-cortex/qk/gnu/rel\libqf_cortex-m3_cs.a(qte_darm.o)
 .ARM.attributes
                0x00000672       0x31 D:\software\qpc/ports/arm-cortex/qk/gnu/rel\libqep_cortex-m3_cs.a(qhsm_ini.o)
 .ARM.attributes
                0x000006a3       0x31 D:\software\qpc/ports/arm-cortex/qk/gnu/rel\libqep_cortex-m3_cs.a(qhsm_dis.o)
 .ARM.attributes
                0x000006d4       0x31 D:\software\qpc/ports/arm-cortex/qk/gnu/rel\libqep_cortex-m3_cs.a(qhsm_top.o)
 .ARM.attributes
                0x00000705       0x31 D:\software\qpc/ports/arm-cortex/qk/gnu/rel\libqep_cortex-m3_cs.a(qep.o)
