Archive member included because of file (symbol)

D:\software\qpc/ports/arm-cortex/qk/gnu/dbg\libqk_cortex-m3_cs.a(qk.o)
                              dbg/main.o (QF_init)
D:\software\qpc/ports/arm-cortex/qk/gnu/dbg\libqk_cortex-m3_cs.a(qk_sched.o)
                              D:\software\qpc/ports/arm-cortex/qk/gnu/dbg\libqk_cortex-m3_cs.a(qk.o) (QK_schedule_)
D:\software\qpc/ports/arm-cortex/qk/gnu/dbg\libqk_cortex-m3_cs.a(qk_mutex.o)
                              D:\software\qpc/ports/arm-cortex/qk/gnu/dbg\libqk_cortex-m3_cs.a(qk_sched.o) (QK_ceilingPrio_)
D:\software\qpc/ports/arm-cortex/qk/gnu/dbg\libqk_cortex-m3_cs.a(qk_port.o)
                              D:\software\qpc/ports/arm-cortex/qk/gnu/dbg\libqk_cortex-m3_cs.a(qk.o) (QK_init)
D:\software\qpc/ports/arm-cortex/qk/gnu/dbg\libqf_cortex-m3_cs.a(qa_fifo.o)
                              dbg/tunnel.o (QActive_postFIFO)
D:\software\qpc/ports/arm-cortex/qk/gnu/dbg\libqf_cortex-m3_cs.a(qa_get_.o)
                              D:\software\qpc/ports/arm-cortex/qk/gnu/dbg\libqk_cortex-m3_cs.a(qk_sched.o) (QActive_get_)
D:\software\qpc/ports/arm-cortex/qk/gnu/dbg\libqf_cortex-m3_cs.a(qa_sub.o)
                              dbg/tunnel.o (QActive_subscribe)
D:\software\qpc/ports/arm-cortex/qk/gnu/dbg\libqf_cortex-m3_cs.a(qeq_init.o)
                              D:\software\qpc/ports/arm-cortex/qk/gnu/dbg\libqk_cortex-m3_cs.a(qk.o) (QEQueue_init)
D:\software\qpc/ports/arm-cortex/qk/gnu/dbg\libqf_cortex-m3_cs.a(qf_act.o)
                              D:\software\qpc/ports/arm-cortex/qk/gnu/dbg\libqk_cortex-m3_cs.a(qk.o) (QF_add_)
D:\software\qpc/ports/arm-cortex/qk/gnu/dbg\libqf_cortex-m3_cs.a(qf_gc.o)
                              D:\software\qpc/ports/arm-cortex/qk/gnu/dbg\libqk_cortex-m3_cs.a(qk_sched.o) (QF_gc)
D:\software\qpc/ports/arm-cortex/qk/gnu/dbg\libqf_cortex-m3_cs.a(qf_log2.o)
                              D:\software\qpc/ports/arm-cortex/qk/gnu/dbg\libqk_cortex-m3_cs.a(qk_sched.o) (QF_log2Lkup)
D:\software\qpc/ports/arm-cortex/qk/gnu/dbg\libqf_cortex-m3_cs.a(qf_new.o)
                              dbg/mine1.o (QF_new_)
D:\software\qpc/ports/arm-cortex/qk/gnu/dbg\libqf_cortex-m3_cs.a(qf_pool.o)
                              dbg/main.o (QF_poolInit)
D:\software\qpc/ports/arm-cortex/qk/gnu/dbg\libqf_cortex-m3_cs.a(qf_psini.o)
                              dbg/main.o (QF_psInit)
D:\software\qpc/ports/arm-cortex/qk/gnu/dbg\libqf_cortex-m3_cs.a(qf_pspub.o)
                              dbg/bsp.o (QF_publish)
D:\software\qpc/ports/arm-cortex/qk/gnu/dbg\libqf_cortex-m3_cs.a(qf_pwr2.o)
                              D:\software\qpc/ports/arm-cortex/qk/gnu/dbg\libqf_cortex-m3_cs.a(qa_fifo.o) (QF_pwr2Lkup)
D:\software\qpc/ports/arm-cortex/qk/gnu/dbg\libqf_cortex-m3_cs.a(qf_tick.o)
                              dbg/bsp.o (QF_tick)
D:\software\qpc/ports/arm-cortex/qk/gnu/dbg\libqf_cortex-m3_cs.a(qmp_get.o)
                              D:\software\qpc/ports/arm-cortex/qk/gnu/dbg\libqf_cortex-m3_cs.a(qf_new.o) (QMPool_get)
D:\software\qpc/ports/arm-cortex/qk/gnu/dbg\libqf_cortex-m3_cs.a(qmp_init.o)
                              D:\software\qpc/ports/arm-cortex/qk/gnu/dbg\libqf_cortex-m3_cs.a(qf_pool.o) (QMPool_init)
D:\software\qpc/ports/arm-cortex/qk/gnu/dbg\libqf_cortex-m3_cs.a(qmp_put.o)
                              D:\software\qpc/ports/arm-cortex/qk/gnu/dbg\libqf_cortex-m3_cs.a(qf_gc.o) (QMPool_put)
D:\software\qpc/ports/arm-cortex/qk/gnu/dbg\libqf_cortex-m3_cs.a(qte_ctor.o)
                              dbg/tunnel.o (QTimeEvt_ctor)
D:\software\qpc/ports/arm-cortex/qk/gnu/dbg\libqf_cortex-m3_cs.a(qte_arm.o)
                              dbg/tunnel.o (QTimeEvt_arm_)
D:\software\qpc/ports/arm-cortex/qk/gnu/dbg\libqf_cortex-m3_cs.a(qte_darm.o)
                              dbg/tunnel.o (QTimeEvt_disarm)
D:\software\qpc/ports/arm-cortex/qk/gnu/dbg\libqep_cortex-m3_cs.a(qhsm_ini.o)
                              dbg/tunnel.o (QHsm_init)
D:\software\qpc/ports/arm-cortex/qk/gnu/dbg\libqep_cortex-m3_cs.a(qhsm_dis.o)
                              dbg/tunnel.o (QHsm_dispatch)
D:\software\qpc/ports/arm-cortex/qk/gnu/dbg\libqep_cortex-m3_cs.a(qhsm_top.o)
                              dbg/tunnel.o (QHsm_top)
D:\software\qpc/ports/arm-cortex/qk/gnu/dbg\libqep_cortex-m3_cs.a(qep.o)
                              D:\software\qpc/ports/arm-cortex/qk/gnu/dbg\libqep_cortex-m3_cs.a(qhsm_ini.o) (QEP_reservedEvt_)
c:/tools/codesourcery/bin/../lib/gcc/arm-none-eabi/4.5.2/../../../../arm-none-eabi/lib/thumb2\libc.a(lib_a-asm-memcpy.o)
                              dbg/tunnel.o (memcpy)
c:/tools/codesourcery/bin/../lib/gcc/arm-none-eabi/4.5.2/../../../../arm-none-eabi/lib/thumb2\libc.a(lib_a-init.o)
                              dbg/startup_lm3s.o (__libc_init_array)
c:/tools/codesourcery/bin/../lib/gcc/arm-none-eabi/4.5.2/../../../../arm-none-eabi/lib/thumb2\libc.a(lib_a-memmove.o)
                              dbg/tunnel.o (memmove)
c:/tools/codesourcery/bin/../lib/gcc/arm-none-eabi/4.5.2/../../../../arm-none-eabi/lib/thumb2\libc.a(lib_a-memset.o)
                              dbg/tunnel.o (memset)

Discarded input sections

 .ARM.attributes
                0x00000000       0x19 c:/tools/codesourcery/bin/../lib/gcc/arm-none-eabi/4.5.2/../../../../arm-none-eabi/lib/thumb2\libc.a(lib_a-asm-memcpy.o)
 .ARM.attributes
                0x00000000       0x29 c:/tools/codesourcery/bin/../lib/gcc/arm-none-eabi/4.5.2/../../../../arm-none-eabi/lib/thumb2\libc.a(lib_a-init.o)
 .debug_frame   0x00000000       0x2c c:/tools/codesourcery/bin/../lib/gcc/arm-none-eabi/4.5.2/../../../../arm-none-eabi/lib/thumb2\libc.a(lib_a-init.o)
 .ARM.attributes
                0x00000000       0x29 c:/tools/codesourcery/bin/../lib/gcc/arm-none-eabi/4.5.2/../../../../arm-none-eabi/lib/thumb2\libc.a(lib_a-memmove.o)
 .debug_frame   0x00000000       0x2c c:/tools/codesourcery/bin/../lib/gcc/arm-none-eabi/4.5.2/../../../../arm-none-eabi/lib/thumb2\libc.a(lib_a-memmove.o)
 .ARM.attributes
                0x00000000       0x29 c:/tools/codesourcery/bin/../lib/gcc/arm-none-eabi/4.5.2/../../../../arm-none-eabi/lib/thumb2\libc.a(lib_a-memset.o)
 .debug_frame   0x00000000       0x2c c:/tools/codesourcery/bin/../lib/gcc/arm-none-eabi/4.5.2/../../../../arm-none-eabi/lib/thumb2\libc.a(lib_a-memset.o)

Memory Configuration

Name             Origin             Length             Attributes
ROM              0x00000000         0x00010000         xr
RAM              0x20000000         0x00002000         xrw
*default*        0x00000000         0xffffffff

Linker script and memory map

LOAD dbg/tunnel.o
LOAD dbg/mine1.o
LOAD dbg/mine2.o
LOAD dbg/main.o
LOAD dbg/missile.o
LOAD dbg/ship.o
LOAD dbg/display96x16x1.o
LOAD dbg/bsp.o
LOAD dbg/startup_lm3s.o
LOAD dbg/core_cm3.o
LOAD dbg/system_lm3s.o
LOAD D:\software\qpc/ports/arm-cortex/qk/gnu/dbg\libqk_cortex-m3_cs.a
LOAD D:\software\qpc/ports/arm-cortex/qk/gnu/dbg\libqf_cortex-m3_cs.a
LOAD D:\software\qpc/ports/arm-cortex/qk/gnu/dbg\libqep_cortex-m3_cs.a
                0x000005dc                STACK_SIZE = 0x5dc
                0x00000000                HEAP_SIZE = 0x0

.isr_vector     0x00000000       0xf0
 *(.isr_vector)
 .isr_vector    0x00000000       0xf0 dbg/startup_lm3s.o
                0x00000000                g_pfnVectors
                0x000000f0                . = ALIGN (0x4)

.text           0x000000f0     0x388c
                0x000000f0                . = ALIGN (0x4)
 *(.text)
 .text          0x000000f0      0xad8 dbg/tunnel.o
                0x000009fc                Tunnel_ctor
                0x00000a60                do_bitmaps_overlap
 .text          0x00000bc8      0x24c dbg/mine1.o
                0x00000de0                Mine1_ctor
 .text          0x00000e14      0x24c dbg/mine2.o
                0x0000102c                Mine2_ctor
 .text          0x00001060       0xb8 dbg/main.o
                0x00001060                main
 .text          0x00001118      0x16c dbg/missile.o
                0x00001274                Missile_ctor
 .text          0x00001284      0x244 dbg/ship.o
                0x000014ac                Ship_ctor
 .text          0x000014c8      0x534 dbg/display96x16x1.o
                0x000014e0                SysCtlDelay
                0x00001580                Display96x16x1Clear
                0x00001604                Display96x16x1StringDraw
                0x000016f4                Display96x16x1ImageDraw
                0x00001778                Display96x16x1Init
                0x0000193c                Display96x16x1DisplayOn
                0x000019c8                Display96x16x1DisplayOff
 .text          0x000019fc      0x3d8 dbg/bsp.o
                0x000019fc                SysTick_Handler
                0x00001a4c                GPIOPortA_IRQHandler
                0x00001aa8                BSP_init
                0x00001ba4                BSP_drawBitmap
                0x00001bc0                BSP_drawNString
                0x00001bd4                BSP_updateScore
                0x00001bd8                BSP_displayOn
                0x00001be0                BSP_displayOff
                0x00001be8                QF_onStartup
                0x00001c7c                QF_onCleanup
                0x00001c80                QK_onIdle
                0x00001c9c                Q_onAssert
                0x00001ca0                ADCSeq3_IRQHandler
                0x00001dcc                assert_failed
 .text          0x00001dd4       0x90 dbg/startup_lm3s.o
                0x00001dd4                DebugMon_Handler
                0x00001dd4                FlashCtrl_IRQHandler
                0x00001dd4                Timer0B_IRQHandler
                0x00001dd4                I2C0_IRQHandler
                0x00001dd4                NMI_Handler
                0x00001dd4                I2C1_IRQHandler
                0x00001dd4                PWMGen0_IRQHandler
                0x00001dd4                UART1_IRQHandler
                0x00001dd4                CAN1_IRQHandler
                0x00001dd4                Timer1B_IRQHandler
                0x00001dd4                Watchdog_IRQHandler
                0x00001dd4                UART0_IRQHandler
                0x00001dd4                SSI0_IRQHandler
                0x00001dd4                UsageFault_Handler
                0x00001dd4                ADCSeq1_IRQHandler
                0x00001dd4                PWMFault_IRQHandler
                0x00001dd4                PWMGen1_IRQHandler
                0x00001dd4                SSI1_IRQHandler
                0x00001dd4                SysCtrl_IRQHandler
                0x00001dd4                Spurious_Handler
                0x00001dd4                GPIOPortC_IRQHandler
                0x00001dd4                ADCSeq2_IRQHandler
                0x00001dd4                PWMGen2_IRQHandler
                0x00001dd4                UART2_IRQHandler
                0x00001dd4                QEI1_IRQHandler
                0x00001dd4                QEI0_IRQHandler
                0x00001dd4                GPIOPortD_IRQHandler
                0x00001dd4                MemManage_Handler
                0x00001dd4                Ethernet_IRQHandler
                0x00001dd4                Timer3B_IRQHandler
                0x00001dd4                Timer3A_IRQHandler
                0x00001dd4                Timer0A_IRQHandler
                0x00001dd4                ADCSeq0_IRQHandler
                0x00001dd4                Timer1A_IRQHandler
                0x00001dd4                GPIOPortG_IRQHandler
                0x00001dd4                GPIOPortE_IRQHandler
                0x00001dd4                CAN0_IRQHandler
                0x00001dd4                Comp0_IRQHandler
                0x00001dd4                Comp1_IRQHandler
                0x00001dd4                Comp2_IRQHandler
                0x00001dd4                GPIOPortF_IRQHandler
                0x00001dd4                GPIOPortB_IRQHandler
                0x00001dd4                CAN2_IRQHandler
                0x00001dd4                GPIOPortH_IRQHandler
                0x00001dd4                BusFault_Handler
                0x00001dd4                Timer2A_IRQHandler
                0x00001dd4                Timer2B_IRQHandler
                0x00001dd4                Hibernate_IRQHandler
                0x00001df0                Reset_Handler
                0x00001e60                _init
 .text          0x00001e64       0xa4 dbg/core_cm3.o
                0x00001e64                __get_PSP
                0x00001e6c                __set_PSP
                0x00001e74                __get_MSP
                0x00001e7c                __set_MSP
                0x00001e84                __get_BASEPRI
                0x00001e8c                __set_BASEPRI
                0x00001e94                __get_PRIMASK
                0x00001e9c                __set_PRIMASK
                0x00001ea4                __get_FAULTMASK
                0x00001eac                __set_FAULTMASK
                0x00001eb4                __REV
                0x00001eb8                __REV16
                0x00001ebc                __REVSH
                0x00001ec0                __RBIT
                0x00001ec8                __LDREXB
                0x00001ed0                __LDREXH
                0x00001ed8                __LDREXW
                0x00001ee0                __STREXB
                0x00001ee8                __STREXH
                0x00001ef0                __STREXW
                0x00001ef8                __get_CONTROL
                0x00001f00                __set_CONTROL
 .text          0x00001f08      0x2d8 dbg/system_lm3s.o
                0x00001f08                SystemInit
 .text          0x000021e0       0x94 D:\software\qpc/ports/arm-cortex/qk/gnu/dbg\libqk_cortex-m3_cs.a(qk.o)
                0x000021e0                QK_getVersion
                0x000021e8                QF_init
                0x000021f0                QF_stop
                0x000021f8                QF_run
                0x00002218                QActive_start
                0x0000226c                QActive_stop
 .text          0x00002274       0xd4 D:\software\qpc/ports/arm-cortex/qk/gnu/dbg\libqk_cortex-m3_cs.a(qk_sched.o)
                0x00002274                QK_schedule_
 .text          0x00002348       0x38 D:\software\qpc/ports/arm-cortex/qk/gnu/dbg\libqk_cortex-m3_cs.a(qk_mutex.o)
                0x00002348                QK_mutexLock
                0x00002364                QK_mutexUnlock
 .text          0x00002380        0x0 D:\software\qpc/ports/arm-cortex/qk/gnu/dbg\libqk_cortex-m3_cs.a(qk_port.o)
 .text          0x00002380       0x98 D:\software\qpc/ports/arm-cortex/qk/gnu/dbg\libqf_cortex-m3_cs.a(qa_fifo.o)
                0x00002380                QActive_postFIFO
 .text          0x00002418       0xb0 D:\software\qpc/ports/arm-cortex/qk/gnu/dbg\libqf_cortex-m3_cs.a(qa_get_.o)
                0x00002418                QActive_get_
                0x00002498                QF_getQueueMargin
 .text          0x000024c8       0x64 D:\software\qpc/ports/arm-cortex/qk/gnu/dbg\libqf_cortex-m3_cs.a(qa_sub.o)
                0x000024c8                QActive_subscribe
 .text          0x0000252c       0x14 D:\software\qpc/ports/arm-cortex/qk/gnu/dbg\libqf_cortex-m3_cs.a(qeq_init.o)
                0x0000252c                QEQueue_init
 .text          0x00002540       0x7c D:\software\qpc/ports/arm-cortex/qk/gnu/dbg\libqf_cortex-m3_cs.a(qf_act.o)
                0x00002540                QF_getVersion
                0x00002548                QF_add_
                0x00002580                QF_remove_
 .text          0x000025bc       0x54 D:\software\qpc/ports/arm-cortex/qk/gnu/dbg\libqf_cortex-m3_cs.a(qf_gc.o)
                0x000025bc                QF_gc
 .text          0x00002610        0x0 D:\software\qpc/ports/arm-cortex/qk/gnu/dbg\libqf_cortex-m3_cs.a(qf_log2.o)
 .text          0x00002610       0x78 D:\software\qpc/ports/arm-cortex/qk/gnu/dbg\libqf_cortex-m3_cs.a(qf_new.o)
                0x00002610                QF_new_
 .text          0x00002688       0x6c D:\software\qpc/ports/arm-cortex/qk/gnu/dbg\libqf_cortex-m3_cs.a(qf_pool.o)
                0x00002688                QF_poolInit
 .text          0x000026f4        0xc D:\software\qpc/ports/arm-cortex/qk/gnu/dbg\libqf_cortex-m3_cs.a(qf_psini.o)
                0x000026f4                QF_psInit
 .text          0x00002700       0xac D:\software\qpc/ports/arm-cortex/qk/gnu/dbg\libqf_cortex-m3_cs.a(qf_pspub.o)
                0x00002700                QF_publish
 .text          0x000027ac        0x0 D:\software\qpc/ports/arm-cortex/qk/gnu/dbg\libqf_cortex-m3_cs.a(qf_pwr2.o)
 .text          0x000027ac       0x68 D:\software\qpc/ports/arm-cortex/qk/gnu/dbg\libqf_cortex-m3_cs.a(qf_tick.o)
                0x000027ac                QF_tick
 .text          0x00002814       0x60 D:\software\qpc/ports/arm-cortex/qk/gnu/dbg\libqf_cortex-m3_cs.a(qmp_get.o)
                0x00002814                QMPool_get
                0x00002838                QF_getPoolMargin
 .text          0x00002874       0xb4 D:\software\qpc/ports/arm-cortex/qk/gnu/dbg\libqf_cortex-m3_cs.a(qmp_init.o)
                0x00002874                QMPool_init
 .text          0x00002928       0x3c D:\software\qpc/ports/arm-cortex/qk/gnu/dbg\libqf_cortex-m3_cs.a(qmp_put.o)
                0x00002928                QMPool_put
 .text          0x00002964       0x2c D:\software\qpc/ports/arm-cortex/qk/gnu/dbg\libqf_cortex-m3_cs.a(qte_ctor.o)
                0x00002964                QTimeEvt_ctor
 .text          0x00002990       0x44 D:\software\qpc/ports/arm-cortex/qk/gnu/dbg\libqf_cortex-m3_cs.a(qte_arm.o)
                0x00002990                QTimeEvt_arm_
 .text          0x000029d4       0x3c D:\software\qpc/ports/arm-cortex/qk/gnu/dbg\libqf_cortex-m3_cs.a(qte_darm.o)
                0x000029d4                QTimeEvt_disarm
 .text          0x00002a10       0xb4 D:\software\qpc/ports/arm-cortex/qk/gnu/dbg\libqep_cortex-m3_cs.a(qhsm_ini.o)
                0x00002a10                QHsm_init
 .text          0x00002ac4      0x234 D:\software\qpc/ports/arm-cortex/qk/gnu/dbg\libqep_cortex-m3_cs.a(qhsm_dis.o)
                0x00002ac4                QHsm_dispatch
 .text          0x00002cf8        0x8 D:\software\qpc/ports/arm-cortex/qk/gnu/dbg\libqep_cortex-m3_cs.a(qhsm_top.o)
                0x00002cf8                QHsm_top
 .text          0x00002d00        0x8 D:\software\qpc/ports/arm-cortex/qk/gnu/dbg\libqep_cortex-m3_cs.a(qep.o)
                0x00002d00                QEP_getVersion
 .text          0x00002d08      0x2ec c:/tools/codesourcery/bin/../lib/gcc/arm-none-eabi/4.5.2/../../../../arm-none-eabi/lib/thumb2\libc.a(lib_a-asm-memcpy.o)
                0x00002d08                memcpy
 .text          0x00002ff4       0x48 c:/tools/codesourcery/bin/../lib/gcc/arm-none-eabi/4.5.2/../../../../arm-none-eabi/lib/thumb2\libc.a(lib_a-init.o)
                0x00002ff4                __libc_init_array
 .text          0x0000303c       0xb4 c:/tools/codesourcery/bin/../lib/gcc/arm-none-eabi/4.5.2/../../../../arm-none-eabi/lib/thumb2\libc.a(lib_a-memmove.o)
                0x0000303c                memmove
 .text          0x000030f0      0x12c c:/tools/codesourcery/bin/../lib/gcc/arm-none-eabi/4.5.2/../../../../arm-none-eabi/lib/thumb2\libc.a(lib_a-memset.o)
                0x000030f0                memset
 *(.text*)
 .text.QK_init  0x0000321c       0x24 D:\software\qpc/ports/arm-cortex/qk/gnu/dbg\libqk_cortex-m3_cs.a(qk_port.o)
                0x0000321c                QK_init
 .text.PendSV_Handler
                0x00003240       0x34 D:\software\qpc/ports/arm-cortex/qk/gnu/dbg\libqk_cortex-m3_cs.a(qk_port.o)
                0x00003240                PendSV_Handler
 .text.SVC_Handler
                0x00003274        0x4 D:\software\qpc/ports/arm-cortex/qk/gnu/dbg\libqk_cortex-m3_cs.a(qk_port.o)
                0x00003274                SVC_Handler
 *(.rodata)
 .rodata        0x00003278       0xd8 dbg/tunnel.o
                0x000032dc                AO_Tunnel
 .rodata        0x00003350       0x18 dbg/mine1.o
 .rodata        0x00003368       0x18 dbg/mine2.o
 .rodata        0x00003380        0x4 dbg/missile.o
                0x00003380                AO_Missile
 .rodata        0x00003384        0x4 dbg/ship.o
                0x00003384                AO_Ship
 .rodata        0x00003388      0x2c0 dbg/display96x16x1.o
 .rodata        0x00003648       0x10 dbg/bsp.o
 .rodata        0x00003658       0x5c dbg/system_lm3s.o
 .rodata        0x000036b4        0xc D:\software\qpc/ports/arm-cortex/qk/gnu/dbg\libqk_cortex-m3_cs.a(qk.o)
 .rodata        0x000036c0        0xc D:\software\qpc/ports/arm-cortex/qk/gnu/dbg\libqk_cortex-m3_cs.a(qk_sched.o)
 .rodata        0x000036cc        0x8 D:\software\qpc/ports/arm-cortex/qk/gnu/dbg\libqf_cortex-m3_cs.a(qa_fifo.o)
 .rodata        0x000036d4        0x8 D:\software\qpc/ports/arm-cortex/qk/gnu/dbg\libqf_cortex-m3_cs.a(qa_get_.o)
 .rodata        0x000036dc        0x8 D:\software\qpc/ports/arm-cortex/qk/gnu/dbg\libqf_cortex-m3_cs.a(qa_sub.o)
 .rodata        0x000036e4       0x10 D:\software\qpc/ports/arm-cortex/qk/gnu/dbg\libqf_cortex-m3_cs.a(qf_act.o)
 .rodata        0x000036f4        0x8 D:\software\qpc/ports/arm-cortex/qk/gnu/dbg\libqf_cortex-m3_cs.a(qf_gc.o)
 .rodata        0x000036fc      0x100 D:\software\qpc/ports/arm-cortex/qk/gnu/dbg\libqf_cortex-m3_cs.a(qf_log2.o)
                0x000036fc                QF_log2Lkup
 .rodata        0x000037fc        0x8 D:\software\qpc/ports/arm-cortex/qk/gnu/dbg\libqf_cortex-m3_cs.a(qf_new.o)
 .rodata        0x00003804        0x8 D:\software\qpc/ports/arm-cortex/qk/gnu/dbg\libqf_cortex-m3_cs.a(qf_pool.o)
 .rodata        0x0000380c        0xc D:\software\qpc/ports/arm-cortex/qk/gnu/dbg\libqf_cortex-m3_cs.a(qf_pspub.o)
 .rodata        0x00003818       0xcc D:\software\qpc/ports/arm-cortex/qk/gnu/dbg\libqf_cortex-m3_cs.a(qf_pwr2.o)
                0x00003818                QF_pwr2Lkup
                0x0000385c                QF_invPwr2Lkup
                0x000038a0                QF_div8Lkup
 .rodata        0x000038e4        0x8 D:\software\qpc/ports/arm-cortex/qk/gnu/dbg\libqf_cortex-m3_cs.a(qmp_get.o)
 .rodata        0x000038ec        0xc D:\software\qpc/ports/arm-cortex/qk/gnu/dbg\libqf_cortex-m3_cs.a(qmp_init.o)
 .rodata        0x000038f8        0x8 D:\software\qpc/ports/arm-cortex/qk/gnu/dbg\libqf_cortex-m3_cs.a(qmp_put.o)
 .rodata        0x00003900        0xc D:\software\qpc/ports/arm-cortex/qk/gnu/dbg\libqf_cortex-m3_cs.a(qte_ctor.o)
 .rodata        0x0000390c        0x8 D:\software\qpc/ports/arm-cortex/qk/gnu/dbg\libqf_cortex-m3_cs.a(qte_arm.o)
 .rodata        0x00003914        0xc D:\software\qpc/ports/arm-cortex/qk/gnu/dbg\libqep_cortex-m3_cs.a(qhsm_ini.o)
 .rodata        0x00003920        0xc D:\software\qpc/ports/arm-cortex/qk/gnu/dbg\libqep_cortex-m3_cs.a(qhsm_dis.o)
 .rodata        0x0000392c       0x18 D:\software\qpc/ports/arm-cortex/qk/gnu/dbg\libqep_cortex-m3_cs.a(qep.o)
                0x00003934                QEP_reservedEvt_
 *(.rodata*)
 .rodata.str1.4
                0x00003944       0x1f dbg/tunnel.o
                                 0x20 (size before relaxing)
 *fill*         0x00003963        0x1 00
 .rodata.str1.4
                0x00003964       0x18 dbg/startup_lm3s.o
 *(.init)
 *(.fini)
                0x0000397c                . = ALIGN (0x4)

.glue_7         0x0000397c        0x0
 .glue_7        0x00000000        0x0 linker stubs

.glue_7t        0x0000397c        0x0
 .glue_7t       0x00000000        0x0 linker stubs

.vfp11_veneer   0x0000397c        0x0
 .vfp11_veneer  0x00000000        0x0 linker stubs

.v4_bx          0x0000397c        0x0
 .v4_bx         0x00000000        0x0 linker stubs

.preinit_array  0x0000397c        0x0
                0x0000397c                PROVIDE (__preinit_array_start, .)
 *(.preinit_array*)
                0x0000397c                PROVIDE (__preinit_array_end, .)

.init_array     0x0000397c        0x0
                0x0000397c                PROVIDE (__init_array_start, .)
 *(SORT(.init_array.*))
 *(.init_array*)
                0x0000397c                PROVIDE (__init_array_end, .)

.fini_array     0x0000397c        0x0
                0x0000397c                PROVIDE (__fini_array_start, .)
 *(.fini_array*)
 *(SORT(.fini_array.*))
                0x0000397c                PROVIDE (__fini_array_end, .)
                0x0000397c                _etext = .

.data           0x20000000        0x4 load address 0x0000397c
                0x0000397c                __data_load = LOADADDR (.data)
                0x20000000                __data_start = .
 *(.data)
 .data          0x20000000        0x0 dbg/tunnel.o
 .data          0x20000000        0x0 dbg/mine1.o
 .data          0x20000000        0x0 dbg/mine2.o
 .data          0x20000000        0x0 dbg/main.o
 .data          0x20000000        0x0 dbg/missile.o
 .data          0x20000000        0x0 dbg/ship.o
 .data          0x20000000        0x0 dbg/display96x16x1.o
 .data          0x20000000        0x0 dbg/bsp.o
 .data          0x20000000        0x0 dbg/startup_lm3s.o
 .data          0x20000000        0x0 dbg/core_cm3.o
 .data          0x20000000        0x0 dbg/system_lm3s.o
 .data          0x20000000        0x1 D:\software\qpc/ports/arm-cortex/qk/gnu/dbg\libqk_cortex-m3_cs.a(qk.o)
                0x20000000                QK_currPrio_
 .data          0x20000001        0x0 D:\software\qpc/ports/arm-cortex/qk/gnu/dbg\libqk_cortex-m3_cs.a(qk_sched.o)
 .data          0x20000001        0x0 D:\software\qpc/ports/arm-cortex/qk/gnu/dbg\libqk_cortex-m3_cs.a(qk_mutex.o)
 .data          0x20000001        0x0 D:\software\qpc/ports/arm-cortex/qk/gnu/dbg\libqk_cortex-m3_cs.a(qk_port.o)
 .data          0x20000001        0x0 D:\software\qpc/ports/arm-cortex/qk/gnu/dbg\libqf_cortex-m3_cs.a(qa_fifo.o)
 .data          0x20000001        0x0 D:\software\qpc/ports/arm-cortex/qk/gnu/dbg\libqf_cortex-m3_cs.a(qa_get_.o)
 .data          0x20000001        0x0 D:\software\qpc/ports/arm-cortex/qk/gnu/dbg\libqf_cortex-m3_cs.a(qa_sub.o)
 .data          0x20000001        0x0 D:\software\qpc/ports/arm-cortex/qk/gnu/dbg\libqf_cortex-m3_cs.a(qeq_init.o)
 .data          0x20000001        0x0 D:\software\qpc/ports/arm-cortex/qk/gnu/dbg\libqf_cortex-m3_cs.a(qf_act.o)
 .data          0x20000001        0x0 D:\software\qpc/ports/arm-cortex/qk/gnu/dbg\libqf_cortex-m3_cs.a(qf_gc.o)
 .data          0x20000001        0x0 D:\software\qpc/ports/arm-cortex/qk/gnu/dbg\libqf_cortex-m3_cs.a(qf_log2.o)
 .data          0x20000001        0x0 D:\software\qpc/ports/arm-cortex/qk/gnu/dbg\libqf_cortex-m3_cs.a(qf_new.o)
 .data          0x20000001        0x0 D:\software\qpc/ports/arm-cortex/qk/gnu/dbg\libqf_cortex-m3_cs.a(qf_pool.o)
 .data          0x20000001        0x0 D:\software\qpc/ports/arm-cortex/qk/gnu/dbg\libqf_cortex-m3_cs.a(qf_psini.o)
 .data          0x20000001        0x0 D:\software\qpc/ports/arm-cortex/qk/gnu/dbg\libqf_cortex-m3_cs.a(qf_pspub.o)
 .data          0x20000001        0x0 D:\software\qpc/ports/arm-cortex/qk/gnu/dbg\libqf_cortex-m3_cs.a(qf_pwr2.o)
 .data          0x20000001        0x0 D:\software\qpc/ports/arm-cortex/qk/gnu/dbg\libqf_cortex-m3_cs.a(qf_tick.o)
 .data          0x20000001        0x0 D:\software\qpc/ports/arm-cortex/qk/gnu/dbg\libqf_cortex-m3_cs.a(qmp_get.o)
 .data          0x20000001        0x0 D:\software\qpc/ports/arm-cortex/qk/gnu/dbg\libqf_cortex-m3_cs.a(qmp_init.o)
 .data          0x20000001        0x0 D:\software\qpc/ports/arm-cortex/qk/gnu/dbg\libqf_cortex-m3_cs.a(qmp_put.o)
 .data          0x20000001        0x0 D:\software\qpc/ports/arm-cortex/qk/gnu/dbg\libqf_cortex-m3_cs.a(qte_ctor.o)
 .data          0x20000001        0x0 D:\software\qpc/ports/arm-cortex/qk/gnu/dbg\libqf_cortex-m3_cs.a(qte_arm.o)
 .data          0x20000001        0x0 D:\software\qpc/ports/arm-cortex/qk/gnu/dbg\libqf_cortex-m3_cs.a(qte_darm.o)
 .data          0x20000001        0x0 D:\software\qpc/ports/arm-cortex/qk/gnu/dbg\libqep_cortex-m3_cs.a(qhsm_ini.o)
 .data          0x20000001        0x0 D:\software\qpc/ports/arm-cortex/qk/gnu/dbg\libqep_cortex-m3_cs.a(qhsm_dis.o)
 .data          0x20000001        0x0 D:\software\qpc/ports/arm-cortex/qk/gnu/dbg\libqep_cortex-m3_cs.a(qhsm_top.o)
 .data          0x20000001        0x0 D:\software\qpc/ports/arm-cortex/qk/gnu/dbg\libqep_cortex-m3_cs.a(qep.o)
 .data          0x20000001        0x0 c:/tools/codesourcery/bin/../lib/gcc/arm-none-eabi/4.5.2/../../../../arm-none-eabi/lib/thumb2\libc.a(lib_a-asm-memcpy.o)
 .data          0x20000001        0x0 c:/tools/codesourcery/bin/../lib/gcc/arm-none-eabi/4.5.2/../../../../arm-none-eabi/lib/thumb2\libc.a(lib_a-init.o)
 .data          0x20000001        0x0 c:/tools/codesourcery/bin/../lib/gcc/arm-none-eabi/4.5.2/../../../../arm-none-eabi/lib/thumb2\libc.a(lib_a-memmove.o)
 .data          0x20000001        0x0 c:/tools/codesourcery/bin/../lib/gcc/arm-none-eabi/4.5.2/../../../../arm-none-eabi/lib/thumb2\libc.a(lib_a-memset.o)
 *(.data*)
                0x20000004                . = ALIGN (0x4)
 *fill*         0x20000001        0x3 00
                0x20000004                __data_end__ = .
                0x20000004                _edata = __data_end__

.bss            0x20000004      0x58c load address 0x00003980
                0x20000004                __bss_start__ = .
 *(.bss)
 .bss           0x20000004      0x208 dbg/tunnel.o
 .bss           0x2000020c       0x2c dbg/mine1.o
 .bss           0x20000238       0x2c dbg/mine2.o
 .bss           0x20000264      0x134 dbg/main.o
 .bss           0x20000398       0x1c dbg/missile.o
 .bss           0x200003b4       0x20 dbg/ship.o
 .bss           0x200003d4        0x8 dbg/display96x16x1.o
 .bss           0x200003dc       0x10 dbg/bsp.o
 .bss           0x200003ec        0x0 dbg/startup_lm3s.o
 .bss           0x200003ec        0x0 dbg/core_cm3.o
 .bss           0x200003ec        0x4 dbg/system_lm3s.o
                0x200003ec                SystemFrequency
 .bss           0x200003f0        0xc D:\software\qpc/ports/arm-cortex/qk/gnu/dbg\libqk_cortex-m3_cs.a(qk.o)
                0x200003f0                QK_readySet_
                0x200003f9                QK_intNest_
 .bss           0x200003fc        0x0 D:\software\qpc/ports/arm-cortex/qk/gnu/dbg\libqk_cortex-m3_cs.a(qk_sched.o)
 .bss           0x200003fc        0x1 D:\software\qpc/ports/arm-cortex/qk/gnu/dbg\libqk_cortex-m3_cs.a(qk_mutex.o)
                0x200003fc                QK_ceilingPrio_
 .bss           0x200003fd        0x0 D:\software\qpc/ports/arm-cortex/qk/gnu/dbg\libqk_cortex-m3_cs.a(qk_port.o)
 .bss           0x200003fd        0x0 D:\software\qpc/ports/arm-cortex/qk/gnu/dbg\libqf_cortex-m3_cs.a(qa_fifo.o)
 .bss           0x200003fd        0x0 D:\software\qpc/ports/arm-cortex/qk/gnu/dbg\libqf_cortex-m3_cs.a(qa_get_.o)
 .bss           0x200003fd        0x0 D:\software\qpc/ports/arm-cortex/qk/gnu/dbg\libqf_cortex-m3_cs.a(qa_sub.o)
 .bss           0x200003fd        0x0 D:\software\qpc/ports/arm-cortex/qk/gnu/dbg\libqf_cortex-m3_cs.a(qeq_init.o)
 *fill*         0x200003fd        0x3 00
 .bss           0x20000400      0x104 D:\software\qpc/ports/arm-cortex/qk/gnu/dbg\libqf_cortex-m3_cs.a(qf_act.o)
                0x20000400                QF_active_
                0x20000500                QF_intLockNest_
 .bss           0x20000504        0x0 D:\software\qpc/ports/arm-cortex/qk/gnu/dbg\libqf_cortex-m3_cs.a(qf_gc.o)
 .bss           0x20000504        0x0 D:\software\qpc/ports/arm-cortex/qk/gnu/dbg\libqf_cortex-m3_cs.a(qf_log2.o)
 .bss           0x20000504        0x0 D:\software\qpc/ports/arm-cortex/qk/gnu/dbg\libqf_cortex-m3_cs.a(qf_new.o)
 .bss           0x20000504       0x7c D:\software\qpc/ports/arm-cortex/qk/gnu/dbg\libqf_cortex-m3_cs.a(qf_pool.o)
                0x20000504                QF_maxPool_
                0x20000508                QF_pool_
 .bss           0x20000580        0x8 D:\software\qpc/ports/arm-cortex/qk/gnu/dbg\libqf_cortex-m3_cs.a(qf_psini.o)
                0x20000580                QF_subscrList_
                0x20000584                QF_maxSignal_
 .bss           0x20000588        0x0 D:\software\qpc/ports/arm-cortex/qk/gnu/dbg\libqf_cortex-m3_cs.a(qf_pspub.o)
 .bss           0x20000588        0x0 D:\software\qpc/ports/arm-cortex/qk/gnu/dbg\libqf_cortex-m3_cs.a(qf_pwr2.o)
 .bss           0x20000588        0x1 D:\software\qpc/ports/arm-cortex/qk/gnu/dbg\libqf_cortex-m3_cs.a(qf_tick.o)
 .bss           0x20000589        0x0 D:\software\qpc/ports/arm-cortex/qk/gnu/dbg\libqf_cortex-m3_cs.a(qmp_get.o)
 .bss           0x20000589        0x0 D:\software\qpc/ports/arm-cortex/qk/gnu/dbg\libqf_cortex-m3_cs.a(qmp_init.o)
 .bss           0x20000589        0x0 D:\software\qpc/ports/arm-cortex/qk/gnu/dbg\libqf_cortex-m3_cs.a(qmp_put.o)
 .bss           0x20000589        0x0 D:\software\qpc/ports/arm-cortex/qk/gnu/dbg\libqf_cortex-m3_cs.a(qte_ctor.o)
 *fill*         0x20000589        0x3 00
 .bss           0x2000058c        0x4 D:\software\qpc/ports/arm-cortex/qk/gnu/dbg\libqf_cortex-m3_cs.a(qte_arm.o)
                0x2000058c                QF_timeEvtListHead_
 .bss           0x20000590        0x0 D:\software\qpc/ports/arm-cortex/qk/gnu/dbg\libqf_cortex-m3_cs.a(qte_darm.o)
 .bss           0x20000590        0x0 D:\software\qpc/ports/arm-cortex/qk/gnu/dbg\libqep_cortex-m3_cs.a(qhsm_ini.o)
 .bss           0x20000590        0x0 D:\software\qpc/ports/arm-cortex/qk/gnu/dbg\libqep_cortex-m3_cs.a(qhsm_dis.o)
 .bss           0x20000590        0x0 D:\software\qpc/ports/arm-cortex/qk/gnu/dbg\libqep_cortex-m3_cs.a(qhsm_top.o)
 .bss           0x20000590        0x0 D:\software\qpc/ports/arm-cortex/qk/gnu/dbg\libqep_cortex-m3_cs.a(qep.o)
 .bss           0x20000590        0x0 c:/tools/codesourcery/bin/../lib/gcc/arm-none-eabi/4.5.2/../../../../arm-none-eabi/lib/thumb2\libc.a(lib_a-asm-memcpy.o)
 .bss           0x20000590        0x0 c:/tools/codesourcery/bin/../lib/gcc/arm-none-eabi/4.5.2/../../../../arm-none-eabi/lib/thumb2\libc.a(lib_a-init.o)
 .bss           0x20000590        0x0 c:/tools/codesourcery/bin/../lib/gcc/arm-none-eabi/4.5.2/../../../../arm-none-eabi/lib/thumb2\libc.a(lib_a-memmove.o)
 .bss           0x20000590        0x0 c:/tools/codesourcery/bin/../lib/gcc/arm-none-eabi/4.5.2/../../../../arm-none-eabi/lib/thumb2\libc.a(lib_a-memset.o)
 *(.bss*)
 *(COMMON)
                0x20000590                . = ALIGN (0x4)
                0x20000590                _ebss = .
                0x20000590                __bss_end__ = .
                0x20000590                PROVIDE (end, _ebss)
                0x20000590                PROVIDE (_end, _ebss)
                0x20000590                PROVIDE (__end__, _ebss)

.heap           0x20000590        0x0
                0x20000590                __heap_start__ = .
                0x20000590                . = (. + HEAP_SIZE)
                0x20000590                . = ALIGN (0x4)
                0x20000590                __heap_end__ = .

.stack          0x20000590      0x5dc load address 0x00003f0c
                0x20000590                __stack_start__ = .
                0x20000b6c                . = (. + STACK_SIZE)
 *fill*         0x20000590      0x5dc 00
                0x20000b6c                . = ALIGN (0x4)
                0x20000b6c                __c_stack_top__ = .
                0x20000b6c                __stack_end__ = .

/DISCARD/
 libc.a(*)
 libm.a(*)
 libgcc.a(*)
OUTPUT(dbg/game-qk.elf elf32-littlearm)

.debug_abbrev   0x00000000     0x2ae0
 .debug_abbrev  0x00000000      0x333 dbg/tunnel.o
 .debug_abbrev  0x00000333      0x16e dbg/mine1.o
 .debug_abbrev  0x000004a1      0x16e dbg/mine2.o
 .debug_abbrev  0x0000060f      0x155 dbg/main.o
 .debug_abbrev  0x00000764      0x16f dbg/missile.o
 .debug_abbrev  0x000008d3      0x192 dbg/ship.o
 .debug_abbrev  0x00000a65      0x19b dbg/display96x16x1.o
 .debug_abbrev  0x00000c00      0x2c8 dbg/bsp.o
 .debug_abbrev  0x00000ec8      0x111 dbg/startup_lm3s.o
 .debug_abbrev  0x00000fd9       0xb2 dbg/core_cm3.o
 .debug_abbrev  0x0000108b      0x104 dbg/system_lm3s.o
 .debug_abbrev  0x0000118f      0x158 D:\software\qpc/ports/arm-cortex/qk/gnu/dbg\libqk_cortex-m3_cs.a(qk.o)
 .debug_abbrev  0x000012e7      0x10b D:\software\qpc/ports/arm-cortex/qk/gnu/dbg\libqk_cortex-m3_cs.a(qk_sched.o)
 .debug_abbrev  0x000013f2       0xae D:\software\qpc/ports/arm-cortex/qk/gnu/dbg\libqk_cortex-m3_cs.a(qk_mutex.o)
 .debug_abbrev  0x000014a0       0x12 D:\software\qpc/ports/arm-cortex/qk/gnu/dbg\libqk_cortex-m3_cs.a(qk_port.o)
 .debug_abbrev  0x000014b2       0xfd D:\software\qpc/ports/arm-cortex/qk/gnu/dbg\libqf_cortex-m3_cs.a(qa_fifo.o)
 .debug_abbrev  0x000015af      0x12f D:\software\qpc/ports/arm-cortex/qk/gnu/dbg\libqf_cortex-m3_cs.a(qa_get_.o)
 .debug_abbrev  0x000016de      0x14d D:\software\qpc/ports/arm-cortex/qk/gnu/dbg\libqf_cortex-m3_cs.a(qa_sub.o)
 .debug_abbrev  0x0000182b       0xa9 D:\software\qpc/ports/arm-cortex/qk/gnu/dbg\libqf_cortex-m3_cs.a(qeq_init.o)
 .debug_abbrev  0x000018d4      0x11e D:\software\qpc/ports/arm-cortex/qk/gnu/dbg\libqf_cortex-m3_cs.a(qf_act.o)
 .debug_abbrev  0x000019f2       0xeb D:\software\qpc/ports/arm-cortex/qk/gnu/dbg\libqf_cortex-m3_cs.a(qf_gc.o)
 .debug_abbrev  0x00001add       0x61 D:\software\qpc/ports/arm-cortex/qk/gnu/dbg\libqf_cortex-m3_cs.a(qf_log2.o)
 .debug_abbrev  0x00001b3e       0xf3 D:\software\qpc/ports/arm-cortex/qk/gnu/dbg\libqf_cortex-m3_cs.a(qf_new.o)
 .debug_abbrev  0x00001c31       0xdb D:\software\qpc/ports/arm-cortex/qk/gnu/dbg\libqf_cortex-m3_cs.a(qf_pool.o)
 .debug_abbrev  0x00001d0c       0xc5 D:\software\qpc/ports/arm-cortex/qk/gnu/dbg\libqf_cortex-m3_cs.a(qf_psini.o)
 .debug_abbrev  0x00001dd1      0x145 D:\software\qpc/ports/arm-cortex/qk/gnu/dbg\libqf_cortex-m3_cs.a(qf_pspub.o)
 .debug_abbrev  0x00001f16       0x61 D:\software\qpc/ports/arm-cortex/qk/gnu/dbg\libqf_cortex-m3_cs.a(qf_pwr2.o)
 .debug_abbrev  0x00001f77      0x11b D:\software\qpc/ports/arm-cortex/qk/gnu/dbg\libqf_cortex-m3_cs.a(qf_tick.o)
 .debug_abbrev  0x00002092      0x119 D:\software\qpc/ports/arm-cortex/qk/gnu/dbg\libqf_cortex-m3_cs.a(qmp_get.o)
 .debug_abbrev  0x000021ab       0xef D:\software\qpc/ports/arm-cortex/qk/gnu/dbg\libqf_cortex-m3_cs.a(qmp_init.o)
 .debug_abbrev  0x0000229a       0xc2 D:\software\qpc/ports/arm-cortex/qk/gnu/dbg\libqf_cortex-m3_cs.a(qmp_put.o)
 .debug_abbrev  0x0000235c      0x126 D:\software\qpc/ports/arm-cortex/qk/gnu/dbg\libqf_cortex-m3_cs.a(qte_ctor.o)
 .debug_abbrev  0x00002482      0x157 D:\software\qpc/ports/arm-cortex/qk/gnu/dbg\libqf_cortex-m3_cs.a(qte_arm.o)
 .debug_abbrev  0x000025d9      0x10f D:\software\qpc/ports/arm-cortex/qk/gnu/dbg\libqf_cortex-m3_cs.a(qte_darm.o)
 .debug_abbrev  0x000026e8      0x127 D:\software\qpc/ports/arm-cortex/qk/gnu/dbg\libqep_cortex-m3_cs.a(qhsm_ini.o)
 .debug_abbrev  0x0000280f      0x127 D:\software\qpc/ports/arm-cortex/qk/gnu/dbg\libqep_cortex-m3_cs.a(qhsm_dis.o)
 .debug_abbrev  0x00002936       0xc4 D:\software\qpc/ports/arm-cortex/qk/gnu/dbg\libqep_cortex-m3_cs.a(qhsm_top.o)
 .debug_abbrev  0x000029fa       0xe6 D:\software\qpc/ports/arm-cortex/qk/gnu/dbg\libqep_cortex-m3_cs.a(qep.o)

.debug_info     0x00000000     0x970a
 .debug_info    0x00000000      0xeca dbg/tunnel.o
 .debug_info    0x00000eca      0x73f dbg/mine1.o
 .debug_info    0x00001609      0x73f dbg/mine2.o
 .debug_info    0x00001d48      0x4ec dbg/main.o
 .debug_info    0x00002234      0x5a7 dbg/missile.o
 .debug_info    0x000027db      0x696 dbg/ship.o
 .debug_info    0x00002e71      0x90f dbg/display96x16x1.o
 .debug_info    0x00003780     0x145b dbg/bsp.o
 .debug_info    0x00004bdb      0x1c1 dbg/startup_lm3s.o
 .debug_info    0x00004d9c      0x54b dbg/core_cm3.o
 .debug_info    0x000052e7      0x444 dbg/system_lm3s.o
 .debug_info    0x0000572b      0x436 D:\software\qpc/ports/arm-cortex/qk/gnu/dbg\libqk_cortex-m3_cs.a(qk.o)
 .debug_info    0x00005b61      0x3de D:\software\qpc/ports/arm-cortex/qk/gnu/dbg\libqk_cortex-m3_cs.a(qk_sched.o)
 .debug_info    0x00005f3f      0x108 D:\software\qpc/ports/arm-cortex/qk/gnu/dbg\libqk_cortex-m3_cs.a(qk_mutex.o)
 .debug_info    0x00006047       0x5b D:\software\qpc/ports/arm-cortex/qk/gnu/dbg\libqk_cortex-m3_cs.a(qk_port.o)
 .debug_info    0x000060a2      0x37a D:\software\qpc/ports/arm-cortex/qk/gnu/dbg\libqf_cortex-m3_cs.a(qa_fifo.o)
 .debug_info    0x0000641c      0x3c9 D:\software\qpc/ports/arm-cortex/qk/gnu/dbg\libqf_cortex-m3_cs.a(qa_get_.o)
 .debug_info    0x000067e5      0x3b5 D:\software\qpc/ports/arm-cortex/qk/gnu/dbg\libqf_cortex-m3_cs.a(qa_sub.o)
 .debug_info    0x00006b9a      0x1aa D:\software\qpc/ports/arm-cortex/qk/gnu/dbg\libqf_cortex-m3_cs.a(qeq_init.o)
 .debug_info    0x00006d44      0x330 D:\software\qpc/ports/arm-cortex/qk/gnu/dbg\libqf_cortex-m3_cs.a(qf_act.o)
 .debug_info    0x00007074      0x21d D:\software\qpc/ports/arm-cortex/qk/gnu/dbg\libqf_cortex-m3_cs.a(qf_gc.o)
 .debug_info    0x00007291       0x9e D:\software\qpc/ports/arm-cortex/qk/gnu/dbg\libqf_cortex-m3_cs.a(qf_log2.o)
 .debug_info    0x0000732f      0x23b D:\software\qpc/ports/arm-cortex/qk/gnu/dbg\libqf_cortex-m3_cs.a(qf_new.o)
 .debug_info    0x0000756a      0x1ec D:\software\qpc/ports/arm-cortex/qk/gnu/dbg\libqf_cortex-m3_cs.a(qf_pool.o)
 .debug_info    0x00007756      0x13d D:\software\qpc/ports/arm-cortex/qk/gnu/dbg\libqf_cortex-m3_cs.a(qf_psini.o)
 .debug_info    0x00007893      0x3b1 D:\software\qpc/ports/arm-cortex/qk/gnu/dbg\libqf_cortex-m3_cs.a(qf_pspub.o)
 .debug_info    0x00007c44       0xcc D:\software\qpc/ports/arm-cortex/qk/gnu/dbg\libqf_cortex-m3_cs.a(qf_pwr2.o)
 .debug_info    0x00007d10      0x2fd D:\software\qpc/ports/arm-cortex/qk/gnu/dbg\libqf_cortex-m3_cs.a(qf_tick.o)
 .debug_info    0x0000800d      0x238 D:\software\qpc/ports/arm-cortex/qk/gnu/dbg\libqf_cortex-m3_cs.a(qmp_get.o)
 .debug_info    0x00008245      0x1eb D:\software\qpc/ports/arm-cortex/qk/gnu/dbg\libqf_cortex-m3_cs.a(qmp_init.o)
 .debug_info    0x00008430      0x19d D:\software\qpc/ports/arm-cortex/qk/gnu/dbg\libqf_cortex-m3_cs.a(qmp_put.o)
 .debug_info    0x000085cd      0x32a D:\software\qpc/ports/arm-cortex/qk/gnu/dbg\libqf_cortex-m3_cs.a(qte_ctor.o)
 .debug_info    0x000088f7      0x358 D:\software\qpc/ports/arm-cortex/qk/gnu/dbg\libqf_cortex-m3_cs.a(qte_arm.o)
 .debug_info    0x00008c4f      0x2f4 D:\software\qpc/ports/arm-cortex/qk/gnu/dbg\libqf_cortex-m3_cs.a(qte_darm.o)
 .debug_info    0x00008f43      0x253 D:\software\qpc/ports/arm-cortex/qk/gnu/dbg\libqep_cortex-m3_cs.a(qhsm_ini.o)
 .debug_info    0x00009196      0x27b D:\software\qpc/ports/arm-cortex/qk/gnu/dbg\libqep_cortex-m3_cs.a(qhsm_dis.o)
 .debug_info    0x00009411      0x16f D:\software\qpc/ports/arm-cortex/qk/gnu/dbg\libqep_cortex-m3_cs.a(qhsm_top.o)
 .debug_info    0x00009580      0x18a D:\software\qpc/ports/arm-cortex/qk/gnu/dbg\libqep_cortex-m3_cs.a(qep.o)

.debug_line     0x00000000     0x2de9
 .debug_line    0x00000000      0x2dc dbg/tunnel.o
 .debug_line    0x000002dc      0x16c dbg/mine1.o
 .debug_line    0x00000448      0x16c dbg/mine2.o
 .debug_line    0x000005b4       0xf8 dbg/main.o
 .debug_line    0x000006ac      0x14a dbg/missile.o
 .debug_line    0x000007f6      0x13d dbg/ship.o
 .debug_line    0x00000933      0x24c dbg/display96x16x1.o
 .debug_line    0x00000b7f      0x1cb dbg/bsp.o
 .debug_line    0x00000d4a       0x73 dbg/startup_lm3s.o
 .debug_line    0x00000dbd      0x113 dbg/core_cm3.o
 .debug_line    0x00000ed0      0x19d dbg/system_lm3s.o
 .debug_line    0x0000106d      0x134 D:\software\qpc/ports/arm-cortex/qk/gnu/dbg\libqk_cortex-m3_cs.a(qk.o)
 .debug_line    0x000011a1      0x162 D:\software\qpc/ports/arm-cortex/qk/gnu/dbg\libqk_cortex-m3_cs.a(qk_sched.o)
 .debug_line    0x00001303      0x105 D:\software\qpc/ports/arm-cortex/qk/gnu/dbg\libqk_cortex-m3_cs.a(qk_mutex.o)
 .debug_line    0x00001408       0x7d D:\software\qpc/ports/arm-cortex/qk/gnu/dbg\libqk_cortex-m3_cs.a(qk_port.o)
 .debug_line    0x00001485      0x128 D:\software\qpc/ports/arm-cortex/qk/gnu/dbg\libqf_cortex-m3_cs.a(qa_fifo.o)
 .debug_line    0x000015ad      0x138 D:\software\qpc/ports/arm-cortex/qk/gnu/dbg\libqf_cortex-m3_cs.a(qa_get_.o)
 .debug_line    0x000016e5      0x138 D:\software\qpc/ports/arm-cortex/qk/gnu/dbg\libqf_cortex-m3_cs.a(qa_sub.o)
 .debug_line    0x0000181d       0xec D:\software\qpc/ports/arm-cortex/qk/gnu/dbg\libqf_cortex-m3_cs.a(qeq_init.o)
 .debug_line    0x00001909      0x11c D:\software\qpc/ports/arm-cortex/qk/gnu/dbg\libqf_cortex-m3_cs.a(qf_act.o)
 .debug_line    0x00001a25      0x117 D:\software\qpc/ports/arm-cortex/qk/gnu/dbg\libqf_cortex-m3_cs.a(qf_gc.o)
 .debug_line    0x00001b3c       0xa7 D:\software\qpc/ports/arm-cortex/qk/gnu/dbg\libqf_cortex-m3_cs.a(qf_log2.o)
 .debug_line    0x00001be3      0x12d D:\software\qpc/ports/arm-cortex/qk/gnu/dbg\libqf_cortex-m3_cs.a(qf_new.o)
 .debug_line    0x00001d10      0x119 D:\software\qpc/ports/arm-cortex/qk/gnu/dbg\libqf_cortex-m3_cs.a(qf_pool.o)
 .debug_line    0x00001e29      0x105 D:\software\qpc/ports/arm-cortex/qk/gnu/dbg\libqf_cortex-m3_cs.a(qf_psini.o)
 .debug_line    0x00001f2e      0x146 D:\software\qpc/ports/arm-cortex/qk/gnu/dbg\libqf_cortex-m3_cs.a(qf_pspub.o)
 .debug_line    0x00002074       0xa7 D:\software\qpc/ports/arm-cortex/qk/gnu/dbg\libqf_cortex-m3_cs.a(qf_pwr2.o)
 .debug_line    0x0000211b      0x13c D:\software\qpc/ports/arm-cortex/qk/gnu/dbg\libqf_cortex-m3_cs.a(qf_tick.o)
 .debug_line    0x00002257      0x116 D:\software\qpc/ports/arm-cortex/qk/gnu/dbg\libqf_cortex-m3_cs.a(qmp_get.o)
 .debug_line    0x0000236d      0x132 D:\software\qpc/ports/arm-cortex/qk/gnu/dbg\libqf_cortex-m3_cs.a(qmp_init.o)
 .debug_line    0x0000249f      0x111 D:\software\qpc/ports/arm-cortex/qk/gnu/dbg\libqf_cortex-m3_cs.a(qmp_put.o)
 .debug_line    0x000025b0      0x105 D:\software\qpc/ports/arm-cortex/qk/gnu/dbg\libqf_cortex-m3_cs.a(qte_ctor.o)
 .debug_line    0x000026b5      0x13a D:\software\qpc/ports/arm-cortex/qk/gnu/dbg\libqf_cortex-m3_cs.a(qte_arm.o)
 .debug_line    0x000027ef      0x128 D:\software\qpc/ports/arm-cortex/qk/gnu/dbg\libqf_cortex-m3_cs.a(qte_darm.o)
 .debug_line    0x00002917      0x138 D:\software\qpc/ports/arm-cortex/qk/gnu/dbg\libqep_cortex-m3_cs.a(qhsm_ini.o)
 .debug_line    0x00002a4f      0x1b4 D:\software\qpc/ports/arm-cortex/qk/gnu/dbg\libqep_cortex-m3_cs.a(qhsm_dis.o)
 .debug_line    0x00002c03       0xe2 D:\software\qpc/ports/arm-cortex/qk/gnu/dbg\libqep_cortex-m3_cs.a(qhsm_top.o)
 .debug_line    0x00002ce5      0x104 D:\software\qpc/ports/arm-cortex/qk/gnu/dbg\libqep_cortex-m3_cs.a(qep.o)

.debug_loc      0x00000000     0x2b1c
 .debug_loc     0x00000000      0xa02 dbg/tunnel.o
 .debug_loc     0x00000a02      0x287 dbg/mine1.o
 .debug_loc     0x00000c89      0x287 dbg/mine2.o
 .debug_loc     0x00000f10       0x68 dbg/main.o
 .debug_loc     0x00000f78      0x16e dbg/missile.o
 .debug_loc     0x000010e6      0x251 dbg/ship.o
 .debug_loc     0x00001337      0x362 dbg/display96x16x1.o
 .debug_loc     0x00001699      0x2a6 dbg/bsp.o
 .debug_loc     0x0000193f       0x5e dbg/startup_lm3s.o
 .debug_loc     0x0000199d      0x298 dbg/core_cm3.o
 .debug_loc     0x00001c35      0x156 dbg/system_lm3s.o
 .debug_loc     0x00001d8b      0x120 D:\software\qpc/ports/arm-cortex/qk/gnu/dbg\libqk_cortex-m3_cs.a(qk.o)
 .debug_loc     0x00001eab       0xc0 D:\software\qpc/ports/arm-cortex/qk/gnu/dbg\libqk_cortex-m3_cs.a(qk_sched.o)
 .debug_loc     0x00001f6b       0x46 D:\software\qpc/ports/arm-cortex/qk/gnu/dbg\libqk_cortex-m3_cs.a(qk_mutex.o)
 .debug_loc     0x00001fb1       0x95 D:\software\qpc/ports/arm-cortex/qk/gnu/dbg\libqf_cortex-m3_cs.a(qa_fifo.o)
 .debug_loc     0x00002046       0x90 D:\software\qpc/ports/arm-cortex/qk/gnu/dbg\libqf_cortex-m3_cs.a(qa_get_.o)
 .debug_loc     0x000020d6       0x46 D:\software\qpc/ports/arm-cortex/qk/gnu/dbg\libqf_cortex-m3_cs.a(qa_sub.o)
 .debug_loc     0x0000211c       0x71 D:\software\qpc/ports/arm-cortex/qk/gnu/dbg\libqf_cortex-m3_cs.a(qf_act.o)
 .debug_loc     0x0000218d       0x51 D:\software\qpc/ports/arm-cortex/qk/gnu/dbg\libqf_cortex-m3_cs.a(qf_gc.o)
 .debug_loc     0x000021de       0x99 D:\software\qpc/ports/arm-cortex/qk/gnu/dbg\libqf_cortex-m3_cs.a(qf_new.o)
 .debug_loc     0x00002277       0x6f D:\software\qpc/ports/arm-cortex/qk/gnu/dbg\libqf_cortex-m3_cs.a(qf_pool.o)
 .debug_loc     0x000022e6       0xa9 D:\software\qpc/ports/arm-cortex/qk/gnu/dbg\libqf_cortex-m3_cs.a(qf_pspub.o)
 .debug_loc     0x0000238f       0x4a D:\software\qpc/ports/arm-cortex/qk/gnu/dbg\libqf_cortex-m3_cs.a(qf_tick.o)
 .debug_loc     0x000023d9       0x51 D:\software\qpc/ports/arm-cortex/qk/gnu/dbg\libqf_cortex-m3_cs.a(qmp_get.o)
 .debug_loc     0x0000242a      0x130 D:\software\qpc/ports/arm-cortex/qk/gnu/dbg\libqf_cortex-m3_cs.a(qmp_init.o)
 .debug_loc     0x0000255a       0x5c D:\software\qpc/ports/arm-cortex/qk/gnu/dbg\libqf_cortex-m3_cs.a(qmp_put.o)
 .debug_loc     0x000025b6       0x51 D:\software\qpc/ports/arm-cortex/qk/gnu/dbg\libqf_cortex-m3_cs.a(qte_ctor.o)
 .debug_loc     0x00002607       0x6f D:\software\qpc/ports/arm-cortex/qk/gnu/dbg\libqf_cortex-m3_cs.a(qte_arm.o)
 .debug_loc     0x00002676       0x3d D:\software\qpc/ports/arm-cortex/qk/gnu/dbg\libqf_cortex-m3_cs.a(qte_darm.o)
 .debug_loc     0x000026b3       0xbc D:\software\qpc/ports/arm-cortex/qk/gnu/dbg\libqep_cortex-m3_cs.a(qhsm_ini.o)
 .debug_loc     0x0000276f      0x39a D:\software\qpc/ports/arm-cortex/qk/gnu/dbg\libqep_cortex-m3_cs.a(qhsm_dis.o)
 .debug_loc     0x00002b09       0x13 D:\software\qpc/ports/arm-cortex/qk/gnu/dbg\libqep_cortex-m3_cs.a(qhsm_top.o)

.debug_pubnames
                0x00000000      0x9d1
 .debug_pubnames
                0x00000000       0x47 dbg/tunnel.o
 .debug_pubnames
                0x00000047       0x21 dbg/mine1.o
 .debug_pubnames
                0x00000068       0x21 dbg/mine2.o
 .debug_pubnames
                0x00000089       0x1b dbg/main.o
 .debug_pubnames
                0x000000a4       0x32 dbg/missile.o
 .debug_pubnames
                0x000000d6       0x2c dbg/ship.o
 .debug_pubnames
                0x00000102       0xc3 dbg/display96x16x1.o
 .debug_pubnames
                0x000001c5      0x114 dbg/bsp.o
 .debug_pubnames
                0x000002d9       0x54 dbg/startup_lm3s.o
 .debug_pubnames
                0x0000032d      0x159 dbg/core_cm3.o
 .debug_pubnames
                0x00000486       0x35 dbg/system_lm3s.o
 .debug_pubnames
                0x000004bb       0x9c D:\software\qpc/ports/arm-cortex/qk/gnu/dbg\libqk_cortex-m3_cs.a(qk.o)
 .debug_pubnames
                0x00000557       0x23 D:\software\qpc/ports/arm-cortex/qk/gnu/dbg\libqk_cortex-m3_cs.a(qk_sched.o)
 .debug_pubnames
                0x0000057a       0x4a D:\software\qpc/ports/arm-cortex/qk/gnu/dbg\libqk_cortex-m3_cs.a(qk_mutex.o)
 .debug_pubnames
                0x000005c4       0x27 D:\software\qpc/ports/arm-cortex/qk/gnu/dbg\libqf_cortex-m3_cs.a(qa_fifo.o)
 .debug_pubnames
                0x000005eb       0x39 D:\software\qpc/ports/arm-cortex/qk/gnu/dbg\libqf_cortex-m3_cs.a(qa_get_.o)
 .debug_pubnames
                0x00000624       0x28 D:\software\qpc/ports/arm-cortex/qk/gnu/dbg\libqf_cortex-m3_cs.a(qa_sub.o)
 .debug_pubnames
                0x0000064c       0x23 D:\software\qpc/ports/arm-cortex/qk/gnu/dbg\libqf_cortex-m3_cs.a(qeq_init.o)
 .debug_pubnames
                0x0000066f       0x62 D:\software\qpc/ports/arm-cortex/qk/gnu/dbg\libqf_cortex-m3_cs.a(qf_act.o)
 .debug_pubnames
                0x000006d1       0x1c D:\software\qpc/ports/arm-cortex/qk/gnu/dbg\libqf_cortex-m3_cs.a(qf_gc.o)
 .debug_pubnames
                0x000006ed       0x22 D:\software\qpc/ports/arm-cortex/qk/gnu/dbg\libqf_cortex-m3_cs.a(qf_log2.o)
 .debug_pubnames
                0x0000070f       0x1e D:\software\qpc/ports/arm-cortex/qk/gnu/dbg\libqf_cortex-m3_cs.a(qf_new.o)
 .debug_pubnames
                0x0000072d       0x3f D:\software\qpc/ports/arm-cortex/qk/gnu/dbg\libqf_cortex-m3_cs.a(qf_pool.o)
 .debug_pubnames
                0x0000076c       0x45 D:\software\qpc/ports/arm-cortex/qk/gnu/dbg\libqf_cortex-m3_cs.a(qf_psini.o)
 .debug_pubnames
                0x000007b1       0x21 D:\software\qpc/ports/arm-cortex/qk/gnu/dbg\libqf_cortex-m3_cs.a(qf_pspub.o)
 .debug_pubnames
                0x000007d2       0x45 D:\software\qpc/ports/arm-cortex/qk/gnu/dbg\libqf_cortex-m3_cs.a(qf_pwr2.o)
 .debug_pubnames
                0x00000817       0x1e D:\software\qpc/ports/arm-cortex/qk/gnu/dbg\libqf_cortex-m3_cs.a(qf_tick.o)
 .debug_pubnames
                0x00000835       0x36 D:\software\qpc/ports/arm-cortex/qk/gnu/dbg\libqf_cortex-m3_cs.a(qmp_get.o)
 .debug_pubnames
                0x0000086b       0x22 D:\software\qpc/ports/arm-cortex/qk/gnu/dbg\libqf_cortex-m3_cs.a(qmp_init.o)
 .debug_pubnames
                0x0000088d       0x21 D:\software\qpc/ports/arm-cortex/qk/gnu/dbg\libqf_cortex-m3_cs.a(qmp_put.o)
 .debug_pubnames
                0x000008ae       0x24 D:\software\qpc/ports/arm-cortex/qk/gnu/dbg\libqf_cortex-m3_cs.a(qte_ctor.o)
 .debug_pubnames
                0x000008d2       0x3c D:\software\qpc/ports/arm-cortex/qk/gnu/dbg\libqf_cortex-m3_cs.a(qte_arm.o)
 .debug_pubnames
                0x0000090e       0x26 D:\software\qpc/ports/arm-cortex/qk/gnu/dbg\libqf_cortex-m3_cs.a(qte_darm.o)
 .debug_pubnames
                0x00000934       0x20 D:\software\qpc/ports/arm-cortex/qk/gnu/dbg\libqep_cortex-m3_cs.a(qhsm_ini.o)
 .debug_pubnames
                0x00000954       0x24 D:\software\qpc/ports/arm-cortex/qk/gnu/dbg\libqep_cortex-m3_cs.a(qhsm_dis.o)
 .debug_pubnames
                0x00000978       0x1f D:\software\qpc/ports/arm-cortex/qk/gnu/dbg\libqep_cortex-m3_cs.a(qhsm_top.o)
 .debug_pubnames
                0x00000997       0x3a D:\software\qpc/ports/arm-cortex/qk/gnu/dbg\libqep_cortex-m3_cs.a(qep.o)

.debug_pubtypes
                0x00000000     0x1dd8
 .debug_pubtypes
                0x00000000      0x204 dbg/tunnel.o
 .debug_pubtypes
                0x00000204      0x1af dbg/mine1.o
 .debug_pubtypes
                0x000003b3      0x1af dbg/mine2.o
 .debug_pubtypes
                0x00000562      0x130 dbg/main.o
 .debug_pubtypes
                0x00000692      0x17b dbg/missile.o
 .debug_pubtypes
                0x0000080d      0x192 dbg/ship.o
 .debug_pubtypes
                0x0000099f       0x5d dbg/display96x16x1.o
 .debug_pubtypes
                0x000009fc      0x1ba dbg/bsp.o
 .debug_pubtypes
                0x00000bb6       0x3c dbg/startup_lm3s.o
 .debug_pubtypes
                0x00000bf2       0x50 dbg/core_cm3.o
 .debug_pubtypes
                0x00000c42       0x3b dbg/system_lm3s.o
 .debug_pubtypes
                0x00000c7d      0x108 D:\software\qpc/ports/arm-cortex/qk/gnu/dbg\libqk_cortex-m3_cs.a(qk.o)
 .debug_pubtypes
                0x00000d85       0xfb D:\software\qpc/ports/arm-cortex/qk/gnu/dbg\libqk_cortex-m3_cs.a(qk_sched.o)
 .debug_pubtypes
                0x00000e80       0x29 D:\software\qpc/ports/arm-cortex/qk/gnu/dbg\libqk_cortex-m3_cs.a(qk_mutex.o)
 .debug_pubtypes
                0x00000ea9       0xfb D:\software\qpc/ports/arm-cortex/qk/gnu/dbg\libqf_cortex-m3_cs.a(qa_fifo.o)
 .debug_pubtypes
                0x00000fa4      0x108 D:\software\qpc/ports/arm-cortex/qk/gnu/dbg\libqf_cortex-m3_cs.a(qa_get_.o)
 .debug_pubtypes
                0x000010ac       0xff D:\software\qpc/ports/arm-cortex/qk/gnu/dbg\libqf_cortex-m3_cs.a(qa_sub.o)
 .debug_pubtypes
                0x000011ab       0x7a D:\software\qpc/ports/arm-cortex/qk/gnu/dbg\libqf_cortex-m3_cs.a(qeq_init.o)
 .debug_pubtypes
                0x00001225       0xc7 D:\software\qpc/ports/arm-cortex/qk/gnu/dbg\libqf_cortex-m3_cs.a(qf_act.o)
 .debug_pubtypes
                0x000012ec       0x86 D:\software\qpc/ports/arm-cortex/qk/gnu/dbg\libqf_cortex-m3_cs.a(qf_gc.o)
 .debug_pubtypes
                0x00001372       0x1e D:\software\qpc/ports/arm-cortex/qk/gnu/dbg\libqf_cortex-m3_cs.a(qf_log2.o)
 .debug_pubtypes
                0x00001390       0x95 D:\software\qpc/ports/arm-cortex/qk/gnu/dbg\libqf_cortex-m3_cs.a(qf_new.o)
 .debug_pubtypes
                0x00001425       0x7d D:\software\qpc/ports/arm-cortex/qk/gnu/dbg\libqf_cortex-m3_cs.a(qf_pool.o)
 .debug_pubtypes
                0x000014a2       0x5a D:\software\qpc/ports/arm-cortex/qk/gnu/dbg\libqf_cortex-m3_cs.a(qf_psini.o)
 .debug_pubtypes
                0x000014fc       0xea D:\software\qpc/ports/arm-cortex/qk/gnu/dbg\libqf_cortex-m3_cs.a(qf_pspub.o)
 .debug_pubtypes
                0x000015e6       0x1e D:\software\qpc/ports/arm-cortex/qk/gnu/dbg\libqf_cortex-m3_cs.a(qf_pwr2.o)
 .debug_pubtypes
                0x00001604       0xf4 D:\software\qpc/ports/arm-cortex/qk/gnu/dbg\libqf_cortex-m3_cs.a(qf_tick.o)
 .debug_pubtypes
                0x000016f8       0x8f D:\software\qpc/ports/arm-cortex/qk/gnu/dbg\libqf_cortex-m3_cs.a(qmp_get.o)
 .debug_pubtypes
                0x00001787       0x83 D:\software\qpc/ports/arm-cortex/qk/gnu/dbg\libqf_cortex-m3_cs.a(qmp_init.o)
 .debug_pubtypes
                0x0000180a       0x76 D:\software\qpc/ports/arm-cortex/qk/gnu/dbg\libqf_cortex-m3_cs.a(qmp_put.o)
 .debug_pubtypes
                0x00001880      0x109 D:\software\qpc/ports/arm-cortex/qk/gnu/dbg\libqf_cortex-m3_cs.a(qte_ctor.o)
 .debug_pubtypes
                0x00001989      0x109 D:\software\qpc/ports/arm-cortex/qk/gnu/dbg\libqf_cortex-m3_cs.a(qte_arm.o)
 .debug_pubtypes
                0x00001a92       0xf4 D:\software\qpc/ports/arm-cortex/qk/gnu/dbg\libqf_cortex-m3_cs.a(qte_darm.o)
 .debug_pubtypes
                0x00001b86       0xaf D:\software\qpc/ports/arm-cortex/qk/gnu/dbg\libqep_cortex-m3_cs.a(qhsm_ini.o)
 .debug_pubtypes
                0x00001c35       0xaf D:\software\qpc/ports/arm-cortex/qk/gnu/dbg\libqep_cortex-m3_cs.a(qhsm_dis.o)
 .debug_pubtypes
                0x00001ce4       0x82 D:\software\qpc/ports/arm-cortex/qk/gnu/dbg\libqep_cortex-m3_cs.a(qhsm_top.o)
 .debug_pubtypes
                0x00001d66       0x72 D:\software\qpc/ports/arm-cortex/qk/gnu/dbg\libqep_cortex-m3_cs.a(qep.o)

.debug_aranges  0x00000000      0x490
 .debug_aranges
                0x00000000       0x20 dbg/tunnel.o
 .debug_aranges
                0x00000020       0x20 dbg/mine1.o
 .debug_aranges
                0x00000040       0x20 dbg/mine2.o
 .debug_aranges
                0x00000060       0x20 dbg/main.o
 .debug_aranges
                0x00000080       0x20 dbg/missile.o
 .debug_aranges
                0x000000a0       0x20 dbg/ship.o
 .debug_aranges
                0x000000c0       0x20 dbg/display96x16x1.o
 .debug_aranges
                0x000000e0       0x20 dbg/bsp.o
 .debug_aranges
                0x00000100       0x20 dbg/startup_lm3s.o
 .debug_aranges
                0x00000120       0x20 dbg/core_cm3.o
 .debug_aranges
                0x00000140       0x20 dbg/system_lm3s.o
 .debug_aranges
                0x00000160       0x20 D:\software\qpc/ports/arm-cortex/qk/gnu/dbg\libqk_cortex-m3_cs.a(qk.o)
 .debug_aranges
                0x00000180       0x20 D:\software\qpc/ports/arm-cortex/qk/gnu/dbg\libqk_cortex-m3_cs.a(qk_sched.o)
 .debug_aranges
                0x000001a0       0x20 D:\software\qpc/ports/arm-cortex/qk/gnu/dbg\libqk_cortex-m3_cs.a(qk_mutex.o)
 .debug_aranges
                0x000001c0       0x30 D:\software\qpc/ports/arm-cortex/qk/gnu/dbg\libqk_cortex-m3_cs.a(qk_port.o)
 .debug_aranges
                0x000001f0       0x20 D:\software\qpc/ports/arm-cortex/qk/gnu/dbg\libqf_cortex-m3_cs.a(qa_fifo.o)
 .debug_aranges
                0x00000210       0x20 D:\software\qpc/ports/arm-cortex/qk/gnu/dbg\libqf_cortex-m3_cs.a(qa_get_.o)
 .debug_aranges
                0x00000230       0x20 D:\software\qpc/ports/arm-cortex/qk/gnu/dbg\libqf_cortex-m3_cs.a(qa_sub.o)
 .debug_aranges
                0x00000250       0x20 D:\software\qpc/ports/arm-cortex/qk/gnu/dbg\libqf_cortex-m3_cs.a(qeq_init.o)
 .debug_aranges
                0x00000270       0x20 D:\software\qpc/ports/arm-cortex/qk/gnu/dbg\libqf_cortex-m3_cs.a(qf_act.o)
 .debug_aranges
                0x00000290       0x20 D:\software\qpc/ports/arm-cortex/qk/gnu/dbg\libqf_cortex-m3_cs.a(qf_gc.o)
 .debug_aranges
                0x000002b0       0x20 D:\software\qpc/ports/arm-cortex/qk/gnu/dbg\libqf_cortex-m3_cs.a(qf_new.o)
 .debug_aranges
                0x000002d0       0x20 D:\software\qpc/ports/arm-cortex/qk/gnu/dbg\libqf_cortex-m3_cs.a(qf_pool.o)
 .debug_aranges
                0x000002f0       0x20 D:\software\qpc/ports/arm-cortex/qk/gnu/dbg\libqf_cortex-m3_cs.a(qf_psini.o)
 .debug_aranges
                0x00000310       0x20 D:\software\qpc/ports/arm-cortex/qk/gnu/dbg\libqf_cortex-m3_cs.a(qf_pspub.o)
 .debug_aranges
                0x00000330       0x20 D:\software\qpc/ports/arm-cortex/qk/gnu/dbg\libqf_cortex-m3_cs.a(qf_tick.o)
 .debug_aranges
                0x00000350       0x20 D:\software\qpc/ports/arm-cortex/qk/gnu/dbg\libqf_cortex-m3_cs.a(qmp_get.o)
 .debug_aranges
                0x00000370       0x20 D:\software\qpc/ports/arm-cortex/qk/gnu/dbg\libqf_cortex-m3_cs.a(qmp_init.o)
 .debug_aranges
                0x00000390       0x20 D:\software\qpc/ports/arm-cortex/qk/gnu/dbg\libqf_cortex-m3_cs.a(qmp_put.o)
 .debug_aranges
                0x000003b0       0x20 D:\software\qpc/ports/arm-cortex/qk/gnu/dbg\libqf_cortex-m3_cs.a(qte_ctor.o)
 .debug_aranges
                0x000003d0       0x20 D:\software\qpc/ports/arm-cortex/qk/gnu/dbg\libqf_cortex-m3_cs.a(qte_arm.o)
 .debug_aranges
                0x000003f0       0x20 D:\software\qpc/ports/arm-cortex/qk/gnu/dbg\libqf_cortex-m3_cs.a(qte_darm.o)
 .debug_aranges
                0x00000410       0x20 D:\software\qpc/ports/arm-cortex/qk/gnu/dbg\libqep_cortex-m3_cs.a(qhsm_ini.o)
 .debug_aranges
                0x00000430       0x20 D:\software\qpc/ports/arm-cortex/qk/gnu/dbg\libqep_cortex-m3_cs.a(qhsm_dis.o)
 .debug_aranges
                0x00000450       0x20 D:\software\qpc/ports/arm-cortex/qk/gnu/dbg\libqep_cortex-m3_cs.a(qhsm_top.o)
 .debug_aranges
                0x00000470       0x20 D:\software\qpc/ports/arm-cortex/qk/gnu/dbg\libqep_cortex-m3_cs.a(qep.o)

.debug_ranges   0x00000000       0xe8
 .debug_ranges  0x00000000       0x48 dbg/tunnel.o
 .debug_ranges  0x00000048       0x18 dbg/ship.o
 .debug_ranges  0x00000060       0x28 D:\software\qpc/ports/arm-cortex/qk/gnu/dbg\libqk_cortex-m3_cs.a(qk_port.o)
 .debug_ranges  0x00000088       0x18 D:\software\qpc/ports/arm-cortex/qk/gnu/dbg\libqf_cortex-m3_cs.a(qf_pspub.o)
 .debug_ranges  0x000000a0       0x18 D:\software\qpc/ports/arm-cortex/qk/gnu/dbg\libqf_cortex-m3_cs.a(qf_tick.o)
 .debug_ranges  0x000000b8       0x18 D:\software\qpc/ports/arm-cortex/qk/gnu/dbg\libqep_cortex-m3_cs.a(qhsm_ini.o)
 .debug_ranges  0x000000d0       0x18 D:\software\qpc/ports/arm-cortex/qk/gnu/dbg\libqep_cortex-m3_cs.a(qhsm_dis.o)

.debug_str      0x00000000     0x1ca6
 .debug_str     0x00000000      0x72d dbg/tunnel.o
                                0x7a4 (size before relaxing)
 .debug_str     0x0000072d       0x9a dbg/mine1.o
                                0x512 (size before relaxing)
 .debug_str     0x000007c7       0x88 dbg/mine2.o
                                0x512 (size before relaxing)
 .debug_str     0x0000084f       0xa2 dbg/main.o
                                0x3fd (size before relaxing)
 .debug_str     0x000008f1       0x6b dbg/missile.o
                                0x4b4 (size before relaxing)
 .debug_str     0x0000095c       0x69 dbg/ship.o
                                0x4ca (size before relaxing)
 .debug_str     0x000009c5      0x351 dbg/display96x16x1.o
                                0x43a (size before relaxing)
 .debug_str     0x00000d16      0x61d dbg/bsp.o
                                0xb18 (size before relaxing)
 .debug_str     0x00001333       0xd5 dbg/startup_lm3s.o
                                0x137 (size before relaxing)
 .debug_str     0x00001408      0x14a dbg/core_cm3.o
                                0x242 (size before relaxing)
 .debug_str     0x00001552       0x43 dbg/system_lm3s.o
                                0x23e (size before relaxing)
 .debug_str     0x00001595       0xe0 D:\software\qpc/ports/arm-cortex/qk/gnu/dbg\libqk_cortex-m3_cs.a(qk.o)
                                0x26b (size before relaxing)
 .debug_str     0x00001675       0x55 D:\software\qpc/ports/arm-cortex/qk/gnu/dbg\libqk_cortex-m3_cs.a(qk_sched.o)
                                0x244 (size before relaxing)
 .debug_str     0x000016ca       0x56 D:\software\qpc/ports/arm-cortex/qk/gnu/dbg\libqk_cortex-m3_cs.a(qk_mutex.o)
                                0x126 (size before relaxing)
 .debug_str     0x00001720       0x49 D:\software\qpc/ports/arm-cortex/qk/gnu/dbg\libqf_cortex-m3_cs.a(qa_fifo.o)
                                0x22b (size before relaxing)
 .debug_str     0x00001769       0x55 D:\software\qpc/ports/arm-cortex/qk/gnu/dbg\libqf_cortex-m3_cs.a(qa_get_.o)
                                0x24b (size before relaxing)
 .debug_str     0x000017be       0x4e D:\software\qpc/ports/arm-cortex/qk/gnu/dbg\libqf_cortex-m3_cs.a(qa_sub.o)
                                0x268 (size before relaxing)
 .debug_str     0x0000180c       0x2e D:\software\qpc/ports/arm-cortex/qk/gnu/dbg\libqf_cortex-m3_cs.a(qeq_init.o)
                                0x16b (size before relaxing)
 .debug_str     0x0000183a       0x50 D:\software\qpc/ports/arm-cortex/qk/gnu/dbg\libqf_cortex-m3_cs.a(qf_act.o)
                                0x1fc (size before relaxing)
 .debug_str     0x0000188a       0x73 D:\software\qpc/ports/arm-cortex/qk/gnu/dbg\libqf_cortex-m3_cs.a(qf_gc.o)
                                0x187 (size before relaxing)
 .debug_str     0x000018fd       0x20 D:\software\qpc/ports/arm-cortex/qk/gnu/dbg\libqf_cortex-m3_cs.a(qf_log2.o)
                                 0xec (size before relaxing)
 .debug_str     0x0000191d       0x3a D:\software\qpc/ports/arm-cortex/qk/gnu/dbg\libqf_cortex-m3_cs.a(qf_new.o)
                                0x19d (size before relaxing)
 .debug_str     0x00001957       0x3d D:\software\qpc/ports/arm-cortex/qk/gnu/dbg\libqf_cortex-m3_cs.a(qf_pool.o)
                                0x193 (size before relaxing)
 .debug_str     0x00001994       0x35 D:\software\qpc/ports/arm-cortex/qk/gnu/dbg\libqf_cortex-m3_cs.a(qf_psini.o)
                                0x14d (size before relaxing)
 .debug_str     0x000019c9       0x2c D:\software\qpc/ports/arm-cortex/qk/gnu/dbg\libqf_cortex-m3_cs.a(qf_pspub.o)
                                0x228 (size before relaxing)
 .debug_str     0x000019f5       0x20 D:\software\qpc/ports/arm-cortex/qk/gnu/dbg\libqf_cortex-m3_cs.a(qf_pwr2.o)
                                0x107 (size before relaxing)
 .debug_str     0x00001a15       0x42 D:\software\qpc/ports/arm-cortex/qk/gnu/dbg\libqf_cortex-m3_cs.a(qf_tick.o)
                                0x1fe (size before relaxing)
 .debug_str     0x00001a57       0x5c D:\software\qpc/ports/arm-cortex/qk/gnu/dbg\libqf_cortex-m3_cs.a(qmp_get.o)
                                0x1ab (size before relaxing)
 .debug_str     0x00001ab3       0x35 D:\software\qpc/ports/arm-cortex/qk/gnu/dbg\libqf_cortex-m3_cs.a(qmp_init.o)
                                0x18a (size before relaxing)
 .debug_str     0x00001ae8       0x2b D:\software\qpc/ports/arm-cortex/qk/gnu/dbg\libqf_cortex-m3_cs.a(qmp_put.o)
                                0x166 (size before relaxing)
 .debug_str     0x00001b13       0x2f D:\software\qpc/ports/arm-cortex/qk/gnu/dbg\libqf_cortex-m3_cs.a(qte_ctor.o)
                                0x23a (size before relaxing)
 .debug_str     0x00001b42       0x35 D:\software\qpc/ports/arm-cortex/qk/gnu/dbg\libqf_cortex-m3_cs.a(qte_arm.o)
                                0x254 (size before relaxing)
 .debug_str     0x00001b77       0x3a D:\software\qpc/ports/arm-cortex/qk/gnu/dbg\libqf_cortex-m3_cs.a(qte_darm.o)
                                0x20a (size before relaxing)
 .debug_str     0x00001bb1       0x6e D:\software\qpc/ports/arm-cortex/qk/gnu/dbg\libqep_cortex-m3_cs.a(qhsm_ini.o)
                                0x1de (size before relaxing)
 .debug_str     0x00001c1f       0x30 D:\software\qpc/ports/arm-cortex/qk/gnu/dbg\libqep_cortex-m3_cs.a(qhsm_dis.o)
                                0x1e2 (size before relaxing)
 .debug_str     0x00001c4f       0x2b D:\software\qpc/ports/arm-cortex/qk/gnu/dbg\libqep_cortex-m3_cs.a(qhsm_top.o)
                                0x145 (size before relaxing)
 .debug_str     0x00001c7a       0x2c D:\software\qpc/ports/arm-cortex/qk/gnu/dbg\libqep_cortex-m3_cs.a(qep.o)
                                0x1a6 (size before relaxing)

.comment        0x00000000       0x2b
 .comment       0x00000000       0x2b dbg/tunnel.o
                                 0x2c (size before relaxing)
 .comment       0x00000000       0x2c dbg/mine1.o
 .comment       0x00000000       0x2c dbg/mine2.o
 .comment       0x00000000       0x2c dbg/main.o
 .comment       0x00000000       0x2c dbg/missile.o
 .comment       0x00000000       0x2c dbg/ship.o
 .comment       0x00000000       0x2c dbg/display96x16x1.o
 .comment       0x00000000       0x2c dbg/bsp.o
 .comment       0x00000000       0x2c dbg/startup_lm3s.o
 .comment       0x00000000       0x2c dbg/core_cm3.o
 .comment       0x00000000       0x2c dbg/system_lm3s.o
 .comment       0x00000000       0x2c D:\software\qpc/ports/arm-cortex/qk/gnu/dbg\libqk_cortex-m3_cs.a(qk.o)
 .comment       0x00000000       0x2c D:\software\qpc/ports/arm-cortex/qk/gnu/dbg\libqk_cortex-m3_cs.a(qk_sched.o)
 .comment       0x00000000       0x2c D:\software\qpc/ports/arm-cortex/qk/gnu/dbg\libqk_cortex-m3_cs.a(qk_mutex.o)
 .comment       0x00000000       0x2c D:\software\qpc/ports/arm-cortex/qk/gnu/dbg\libqf_cortex-m3_cs.a(qa_fifo.o)
 .comment       0x00000000       0x2c D:\software\qpc/ports/arm-cortex/qk/gnu/dbg\libqf_cortex-m3_cs.a(qa_get_.o)
 .comment       0x00000000       0x2c D:\software\qpc/ports/arm-cortex/qk/gnu/dbg\libqf_cortex-m3_cs.a(qa_sub.o)
 .comment       0x00000000       0x2c D:\software\qpc/ports/arm-cortex/qk/gnu/dbg\libqf_cortex-m3_cs.a(qeq_init.o)
 .comment       0x00000000       0x2c D:\software\qpc/ports/arm-cortex/qk/gnu/dbg\libqf_cortex-m3_cs.a(qf_act.o)
 .comment       0x00000000       0x2c D:\software\qpc/ports/arm-cortex/qk/gnu/dbg\libqf_cortex-m3_cs.a(qf_gc.o)
 .comment       0x00000000       0x2c D:\software\qpc/ports/arm-cortex/qk/gnu/dbg\libqf_cortex-m3_cs.a(qf_log2.o)
 .comment       0x00000000       0x2c D:\software\qpc/ports/arm-cortex/qk/gnu/dbg\libqf_cortex-m3_cs.a(qf_new.o)
 .comment       0x00000000       0x2c D:\software\qpc/ports/arm-cortex/qk/gnu/dbg\libqf_cortex-m3_cs.a(qf_pool.o)
 .comment       0x00000000       0x2c D:\software\qpc/ports/arm-cortex/qk/gnu/dbg\libqf_cortex-m3_cs.a(qf_psini.o)
 .comment       0x00000000       0x2c D:\software\qpc/ports/arm-cortex/qk/gnu/dbg\libqf_cortex-m3_cs.a(qf_pspub.o)
 .comment       0x00000000       0x2c D:\software\qpc/ports/arm-cortex/qk/gnu/dbg\libqf_cortex-m3_cs.a(qf_pwr2.o)
 .comment       0x00000000       0x2c D:\software\qpc/ports/arm-cortex/qk/gnu/dbg\libqf_cortex-m3_cs.a(qf_tick.o)
 .comment       0x00000000       0x2c D:\software\qpc/ports/arm-cortex/qk/gnu/dbg\libqf_cortex-m3_cs.a(qmp_get.o)
 .comment       0x00000000       0x2c D:\software\qpc/ports/arm-cortex/qk/gnu/dbg\libqf_cortex-m3_cs.a(qmp_init.o)
 .comment       0x00000000       0x2c D:\software\qpc/ports/arm-cortex/qk/gnu/dbg\libqf_cortex-m3_cs.a(qmp_put.o)
 .comment       0x00000000       0x2c D:\software\qpc/ports/arm-cortex/qk/gnu/dbg\libqf_cortex-m3_cs.a(qte_ctor.o)
 .comment       0x00000000       0x2c D:\software\qpc/ports/arm-cortex/qk/gnu/dbg\libqf_cortex-m3_cs.a(qte_arm.o)
 .comment       0x00000000       0x2c D:\software\qpc/ports/arm-cortex/qk/gnu/dbg\libqf_cortex-m3_cs.a(qte_darm.o)
 .comment       0x00000000       0x2c D:\software\qpc/ports/arm-cortex/qk/gnu/dbg\libqep_cortex-m3_cs.a(qhsm_ini.o)
 .comment       0x00000000       0x2c D:\software\qpc/ports/arm-cortex/qk/gnu/dbg\libqep_cortex-m3_cs.a(qhsm_dis.o)
 .comment       0x00000000       0x2c D:\software\qpc/ports/arm-cortex/qk/gnu/dbg\libqep_cortex-m3_cs.a(qhsm_top.o)
 .comment       0x00000000       0x2c D:\software\qpc/ports/arm-cortex/qk/gnu/dbg\libqep_cortex-m3_cs.a(qep.o)

.ARM.attributes
                0x00000000       0x2f
 .ARM.attributes
                0x00000000       0x31 dbg/tunnel.o
 .ARM.attributes
                0x00000031       0x31 dbg/mine1.o
 .ARM.attributes
                0x00000062       0x31 dbg/mine2.o
 .ARM.attributes
                0x00000093       0x31 dbg/main.o
 .ARM.attributes
                0x000000c4       0x31 dbg/missile.o
 .ARM.attributes
                0x000000f5       0x31 dbg/ship.o
 .ARM.attributes
                0x00000126       0x31 dbg/display96x16x1.o
 .ARM.attributes
                0x00000157       0x31 dbg/bsp.o
 .ARM.attributes
                0x00000188       0x31 dbg/startup_lm3s.o
 .ARM.attributes
                0x000001b9       0x31 dbg/core_cm3.o
 .ARM.attributes
                0x000001ea       0x31 dbg/system_lm3s.o
 .ARM.attributes
                0x0000021b       0x31 D:\software\qpc/ports/arm-cortex/qk/gnu/dbg\libqk_cortex-m3_cs.a(qk.o)
 .ARM.attributes
                0x0000024c       0x31 D:\software\qpc/ports/arm-cortex/qk/gnu/dbg\libqk_cortex-m3_cs.a(qk_sched.o)
 .ARM.attributes
                0x0000027d       0x31 D:\software\qpc/ports/arm-cortex/qk/gnu/dbg\libqk_cortex-m3_cs.a(qk_mutex.o)
 .ARM.attributes
                0x000002ae       0x21 D:\software\qpc/ports/arm-cortex/qk/gnu/dbg\libqk_cortex-m3_cs.a(qk_port.o)
 .ARM.attributes
                0x000002cf       0x31 D:\software\qpc/ports/arm-cortex/qk/gnu/dbg\libqf_cortex-m3_cs.a(qa_fifo.o)
 .ARM.attributes
                0x00000300       0x31 D:\software\qpc/ports/arm-cortex/qk/gnu/dbg\libqf_cortex-m3_cs.a(qa_get_.o)
 .ARM.attributes
                0x00000331       0x31 D:\software\qpc/ports/arm-cortex/qk/gnu/dbg\libqf_cortex-m3_cs.a(qa_sub.o)
 .ARM.attributes
                0x00000362       0x31 D:\software\qpc/ports/arm-cortex/qk/gnu/dbg\libqf_cortex-m3_cs.a(qeq_init.o)
 .ARM.attributes
                0x00000393       0x31 D:\software\qpc/ports/arm-cortex/qk/gnu/dbg\libqf_cortex-m3_cs.a(qf_act.o)
 .ARM.attributes
                0x000003c4       0x31 D:\software\qpc/ports/arm-cortex/qk/gnu/dbg\libqf_cortex-m3_cs.a(qf_gc.o)
 .ARM.attributes
                0x000003f5       0x31 D:\software\qpc/ports/arm-cortex/qk/gnu/dbg\libqf_cortex-m3_cs.a(qf_log2.o)
 .ARM.attributes
                0x00000426       0x31 D:\software\qpc/ports/arm-cortex/qk/gnu/dbg\libqf_cortex-m3_cs.a(qf_new.o)
 .ARM.attributes
                0x00000457       0x31 D:\software\qpc/ports/arm-cortex/qk/gnu/dbg\libqf_cortex-m3_cs.a(qf_pool.o)
 .ARM.attributes
                0x00000488       0x31 D:\software\qpc/ports/arm-cortex/qk/gnu/dbg\libqf_cortex-m3_cs.a(qf_psini.o)
 .ARM.attributes
                0x000004b9       0x31 D:\software\qpc/ports/arm-cortex/qk/gnu/dbg\libqf_cortex-m3_cs.a(qf_pspub.o)
 .ARM.attributes
                0x000004ea       0x31 D:\software\qpc/ports/arm-cortex/qk/gnu/dbg\libqf_cortex-m3_cs.a(qf_pwr2.o)
 .ARM.attributes
                0x0000051b       0x31 D:\software\qpc/ports/arm-cortex/qk/gnu/dbg\libqf_cortex-m3_cs.a(qf_tick.o)
 .ARM.attributes
                0x0000054c       0x31 D:\software\qpc/ports/arm-cortex/qk/gnu/dbg\libqf_cortex-m3_cs.a(qmp_get.o)
 .ARM.attributes
                0x0000057d       0x31 D:\software\qpc/ports/arm-cortex/qk/gnu/dbg\libqf_cortex-m3_cs.a(qmp_init.o)
 .ARM.attributes
                0x000005ae       0x31 D:\software\qpc/ports/arm-cortex/qk/gnu/dbg\libqf_cortex-m3_cs.a(qmp_put.o)
 .ARM.attributes
                0x000005df       0x31 D:\software\qpc/ports/arm-cortex/qk/gnu/dbg\libqf_cortex-m3_cs.a(qte_ctor.o)
 .ARM.attributes
                0x00000610       0x31 D:\software\qpc/ports/arm-cortex/qk/gnu/dbg\libqf_cortex-m3_cs.a(qte_arm.o)
 .ARM.attributes
                0x00000641       0x31 D:\software\qpc/ports/arm-cortex/qk/gnu/dbg\libqf_cortex-m3_cs.a(qte_darm.o)
 .ARM.attributes
                0x00000672       0x31 D:\software\qpc/ports/arm-cortex/qk/gnu/dbg\libqep_cortex-m3_cs.a(qhsm_ini.o)
 .ARM.attributes
                0x000006a3       0x31 D:\software\qpc/ports/arm-cortex/qk/gnu/dbg\libqep_cortex-m3_cs.a(qhsm_dis.o)
 .ARM.attributes
                0x000006d4       0x31 D:\software\qpc/ports/arm-cortex/qk/gnu/dbg\libqep_cortex-m3_cs.a(qhsm_top.o)
 .ARM.attributes
                0x00000705       0x31 D:\software\qpc/ports/arm-cortex/qk/gnu/dbg\libqep_cortex-m3_cs.a(qep.o)

.debug_frame    0x00000000      0xd90
 .debug_frame   0x00000000      0x1b0 dbg/tunnel.o
 .debug_frame   0x000001b0       0x98 dbg/mine1.o
 .debug_frame   0x00000248       0x98 dbg/mine2.o
 .debug_frame   0x000002e0       0x30 dbg/main.o
 .debug_frame   0x00000310       0x78 dbg/missile.o
 .debug_frame   0x00000388       0x8c dbg/ship.o
 .debug_frame   0x00000414      0x148 dbg/display96x16x1.o
 .debug_frame   0x0000055c      0x154 dbg/bsp.o
 .debug_frame   0x000006b0       0x58 dbg/startup_lm3s.o
 .debug_frame   0x00000708      0x170 dbg/core_cm3.o
 .debug_frame   0x00000878       0x2c dbg/system_lm3s.o
 .debug_frame   0x000008a4       0xa0 D:\software\qpc/ports/arm-cortex/qk/gnu/dbg\libqk_cortex-m3_cs.a(qk.o)
 .debug_frame   0x00000944       0x34 D:\software\qpc/ports/arm-cortex/qk/gnu/dbg\libqk_cortex-m3_cs.a(qk_sched.o)
 .debug_frame   0x00000978       0x38 D:\software\qpc/ports/arm-cortex/qk/gnu/dbg\libqk_cortex-m3_cs.a(qk_mutex.o)
 .debug_frame   0x000009b0       0x2c D:\software\qpc/ports/arm-cortex/qk/gnu/dbg\libqf_cortex-m3_cs.a(qa_fifo.o)
 .debug_frame   0x000009dc       0x44 D:\software\qpc/ports/arm-cortex/qk/gnu/dbg\libqf_cortex-m3_cs.a(qa_get_.o)
 .debug_frame   0x00000a20       0x2c D:\software\qpc/ports/arm-cortex/qk/gnu/dbg\libqf_cortex-m3_cs.a(qa_sub.o)
 .debug_frame   0x00000a4c       0x20 D:\software\qpc/ports/arm-cortex/qk/gnu/dbg\libqf_cortex-m3_cs.a(qeq_init.o)
 .debug_frame   0x00000a6c       0x54 D:\software\qpc/ports/arm-cortex/qk/gnu/dbg\libqf_cortex-m3_cs.a(qf_act.o)
 .debug_frame   0x00000ac0       0x2c D:\software\qpc/ports/arm-cortex/qk/gnu/dbg\libqf_cortex-m3_cs.a(qf_gc.o)
 .debug_frame   0x00000aec       0x34 D:\software\qpc/ports/arm-cortex/qk/gnu/dbg\libqf_cortex-m3_cs.a(qf_new.o)
 .debug_frame   0x00000b20       0x30 D:\software\qpc/ports/arm-cortex/qk/gnu/dbg\libqf_cortex-m3_cs.a(qf_pool.o)
 .debug_frame   0x00000b50       0x20 D:\software\qpc/ports/arm-cortex/qk/gnu/dbg\libqf_cortex-m3_cs.a(qf_psini.o)
 .debug_frame   0x00000b70       0x38 D:\software\qpc/ports/arm-cortex/qk/gnu/dbg\libqf_cortex-m3_cs.a(qf_pspub.o)
 .debug_frame   0x00000ba8       0x30 D:\software\qpc/ports/arm-cortex/qk/gnu/dbg\libqf_cortex-m3_cs.a(qf_tick.o)
 .debug_frame   0x00000bd8       0x38 D:\software\qpc/ports/arm-cortex/qk/gnu/dbg\libqf_cortex-m3_cs.a(qmp_get.o)
 .debug_frame   0x00000c10       0x30 D:\software\qpc/ports/arm-cortex/qk/gnu/dbg\libqf_cortex-m3_cs.a(qmp_init.o)
 .debug_frame   0x00000c40       0x2c D:\software\qpc/ports/arm-cortex/qk/gnu/dbg\libqf_cortex-m3_cs.a(qmp_put.o)
 .debug_frame   0x00000c6c       0x2c D:\software\qpc/ports/arm-cortex/qk/gnu/dbg\libqf_cortex-m3_cs.a(qte_ctor.o)
 .debug_frame   0x00000c98       0x2c D:\software\qpc/ports/arm-cortex/qk/gnu/dbg\libqf_cortex-m3_cs.a(qte_arm.o)
 .debug_frame   0x00000cc4       0x20 D:\software\qpc/ports/arm-cortex/qk/gnu/dbg\libqf_cortex-m3_cs.a(qte_darm.o)
 .debug_frame   0x00000ce4       0x34 D:\software\qpc/ports/arm-cortex/qk/gnu/dbg\libqep_cortex-m3_cs.a(qhsm_ini.o)
 .debug_frame   0x00000d18       0x38 D:\software\qpc/ports/arm-cortex/qk/gnu/dbg\libqep_cortex-m3_cs.a(qhsm_dis.o)
 .debug_frame   0x00000d50       0x20 D:\software\qpc/ports/arm-cortex/qk/gnu/dbg\libqep_cortex-m3_cs.a(qhsm_top.o)
 .debug_frame   0x00000d70       0x20 D:\software\qpc/ports/arm-cortex/qk/gnu/dbg\libqep_cortex-m3_cs.a(qep.o)
