Archive member included because of file (symbol)

D:\software\qpc/ports/arm-cortex/qk/gnu/spy\libqk_cortex-m3_cs.a(qk.o)
                              spy/main.o (QF_init)
D:\software\qpc/ports/arm-cortex/qk/gnu/spy\libqk_cortex-m3_cs.a(qk_sched.o)
                              D:\software\qpc/ports/arm-cortex/qk/gnu/spy\libqk_cortex-m3_cs.a(qk.o) (QK_schedule_)
D:\software\qpc/ports/arm-cortex/qk/gnu/spy\libqk_cortex-m3_cs.a(qk_mutex.o)
                              D:\software\qpc/ports/arm-cortex/qk/gnu/spy\libqk_cortex-m3_cs.a(qk_sched.o) (QK_ceilingPrio_)
D:\software\qpc/ports/arm-cortex/qk/gnu/spy\libqk_cortex-m3_cs.a(qk_port.o)
                              D:\software\qpc/ports/arm-cortex/qk/gnu/spy\libqk_cortex-m3_cs.a(qk.o) (QK_init)
D:\software\qpc/ports/arm-cortex/qk/gnu/spy\libqf_cortex-m3_cs.a(qa_fifo.o)
                              spy/philo.o (QActive_postFIFO)
D:\software\qpc/ports/arm-cortex/qk/gnu/spy\libqf_cortex-m3_cs.a(qa_get_.o)
                              D:\software\qpc/ports/arm-cortex/qk/gnu/spy\libqk_cortex-m3_cs.a(qk_sched.o) (QActive_get_)
D:\software\qpc/ports/arm-cortex/qk/gnu/spy\libqf_cortex-m3_cs.a(qa_sub.o)
                              spy/table.o (QActive_subscribe)
D:\software\qpc/ports/arm-cortex/qk/gnu/spy\libqf_cortex-m3_cs.a(qeq_init.o)
                              D:\software\qpc/ports/arm-cortex/qk/gnu/spy\libqk_cortex-m3_cs.a(qk.o) (QEQueue_init)
D:\software\qpc/ports/arm-cortex/qk/gnu/spy\libqf_cortex-m3_cs.a(qf_act.o)
                              D:\software\qpc/ports/arm-cortex/qk/gnu/spy\libqk_cortex-m3_cs.a(qk.o) (QF_add_)
D:\software\qpc/ports/arm-cortex/qk/gnu/spy\libqf_cortex-m3_cs.a(qf_gc.o)
                              D:\software\qpc/ports/arm-cortex/qk/gnu/spy\libqk_cortex-m3_cs.a(qk_sched.o) (QF_gc)
D:\software\qpc/ports/arm-cortex/qk/gnu/spy\libqf_cortex-m3_cs.a(qf_log2.o)
                              D:\software\qpc/ports/arm-cortex/qk/gnu/spy\libqk_cortex-m3_cs.a(qk_sched.o) (QF_log2Lkup)
D:\software\qpc/ports/arm-cortex/qk/gnu/spy\libqf_cortex-m3_cs.a(qf_new.o)
                              spy/table.o (QF_new_)
D:\software\qpc/ports/arm-cortex/qk/gnu/spy\libqf_cortex-m3_cs.a(qf_pool.o)
                              spy/main.o (QF_poolInit)
D:\software\qpc/ports/arm-cortex/qk/gnu/spy\libqf_cortex-m3_cs.a(qf_psini.o)
                              spy/main.o (QF_psInit)
D:\software\qpc/ports/arm-cortex/qk/gnu/spy\libqf_cortex-m3_cs.a(qf_pspub.o)
                              spy/table.o (QF_publish)
D:\software\qpc/ports/arm-cortex/qk/gnu/spy\libqf_cortex-m3_cs.a(qf_pwr2.o)
                              D:\software\qpc/ports/arm-cortex/qk/gnu/spy\libqf_cortex-m3_cs.a(qa_fifo.o) (QF_pwr2Lkup)
D:\software\qpc/ports/arm-cortex/qk/gnu/spy\libqf_cortex-m3_cs.a(qf_tick.o)
                              spy/bsp.o (QF_tick)
D:\software\qpc/ports/arm-cortex/qk/gnu/spy\libqf_cortex-m3_cs.a(qmp_get.o)
                              D:\software\qpc/ports/arm-cortex/qk/gnu/spy\libqf_cortex-m3_cs.a(qf_new.o) (QMPool_get)
D:\software\qpc/ports/arm-cortex/qk/gnu/spy\libqf_cortex-m3_cs.a(qmp_init.o)
                              D:\software\qpc/ports/arm-cortex/qk/gnu/spy\libqf_cortex-m3_cs.a(qf_pool.o) (QMPool_init)
D:\software\qpc/ports/arm-cortex/qk/gnu/spy\libqf_cortex-m3_cs.a(qmp_put.o)
                              D:\software\qpc/ports/arm-cortex/qk/gnu/spy\libqf_cortex-m3_cs.a(qf_gc.o) (QMPool_put)
D:\software\qpc/ports/arm-cortex/qk/gnu/spy\libqf_cortex-m3_cs.a(qte_ctor.o)
                              spy/philo.o (QTimeEvt_ctor)
D:\software\qpc/ports/arm-cortex/qk/gnu/spy\libqf_cortex-m3_cs.a(qte_arm.o)
                              spy/philo.o (QTimeEvt_arm_)
D:\software\qpc/ports/arm-cortex/qk/gnu/spy\libqep_cortex-m3_cs.a(qhsm_ini.o)
                              D:\software\qpc/ports/arm-cortex/qk/gnu/spy\libqk_cortex-m3_cs.a(qk.o) (QHsm_init)
D:\software\qpc/ports/arm-cortex/qk/gnu/spy\libqep_cortex-m3_cs.a(qhsm_dis.o)
                              D:\software\qpc/ports/arm-cortex/qk/gnu/spy\libqk_cortex-m3_cs.a(qk_sched.o) (QHsm_dispatch)
D:\software\qpc/ports/arm-cortex/qk/gnu/spy\libqep_cortex-m3_cs.a(qhsm_top.o)
                              spy/table.o (QHsm_top)
D:\software\qpc/ports/arm-cortex/qk/gnu/spy\libqep_cortex-m3_cs.a(qep.o)
                              D:\software\qpc/ports/arm-cortex/qk/gnu/spy\libqep_cortex-m3_cs.a(qhsm_ini.o) (QEP_reservedEvt_)
D:\software\qpc/ports/arm-cortex/qk/gnu/spy\libqs_cortex-m3_cs.a(qs.o)
                              spy/bsp.o (QS_initBuf)
D:\software\qpc/ports/arm-cortex/qk/gnu/spy\libqs_cortex-m3_cs.a(qs_.o)
                              spy/bsp.o (QS_u8_)
D:\software\qpc/ports/arm-cortex/qk/gnu/spy\libqs_cortex-m3_cs.a(qs_blk.o)
                              spy/bsp.o (QS_getBlock)
D:\software\qpc/ports/arm-cortex/qk/gnu/spy\libqs_cortex-m3_cs.a(qs_str.o)
                              spy/bsp.o (QS_str)
c:/tools/codesourcery/bin/../lib/gcc/arm-none-eabi/4.5.2/../../../../arm-none-eabi/lib/thumb2\libc.a(lib_a-init.o)
                              spy/startup_lm3s.o (__libc_init_array)

Discarded input sections

 .ARM.attributes
                0x00000000       0x29 c:/tools/codesourcery/bin/../lib/gcc/arm-none-eabi/4.5.2/../../../../arm-none-eabi/lib/thumb2\libc.a(lib_a-init.o)
 .debug_frame   0x00000000       0x2c c:/tools/codesourcery/bin/../lib/gcc/arm-none-eabi/4.5.2/../../../../arm-none-eabi/lib/thumb2\libc.a(lib_a-init.o)

Memory Configuration

Name             Origin             Length             Attributes
ROM              0x00000000         0x00010000         xr
RAM              0x20000000         0x00002000         xrw
*default*        0x00000000         0xffffffff

Linker script and memory map

LOAD spy/main.o
LOAD spy/table.o
LOAD spy/display96x16x1.o
LOAD spy/philo.o
LOAD spy/bsp.o
LOAD spy/startup_lm3s.o
LOAD spy/core_cm3.o
LOAD spy/system_lm3s.o
LOAD D:\software\qpc/ports/arm-cortex/qk/gnu/spy\libqk_cortex-m3_cs.a
LOAD D:\software\qpc/ports/arm-cortex/qk/gnu/spy\libqf_cortex-m3_cs.a
LOAD D:\software\qpc/ports/arm-cortex/qk/gnu/spy\libqep_cortex-m3_cs.a
LOAD D:\software\qpc/ports/arm-cortex/qk/gnu/spy\libqs_cortex-m3_cs.a
                0x000003e8                STACK_SIZE = 0x3e8
                0x00000000                HEAP_SIZE = 0x0

.isr_vector     0x00000000       0xf0
 *(.isr_vector)
 .isr_vector    0x00000000       0xf0 spy/startup_lm3s.o
                0x00000000                g_pfnVectors
                0x000000f0                . = ALIGN (0x4)

.text           0x000000f0     0x499c
                0x000000f0                . = ALIGN (0x4)
 *(.text)
 .text          0x000000f0      0x200 spy/main.o
                0x000000f0                main
 .text          0x000002f0      0x3d0 spy/table.o
                0x00000694                Table_ctor
 .text          0x000006c0      0x534 spy/display96x16x1.o
                0x000006d8                SysCtlDelay
                0x00000778                Display96x16x1Clear
                0x000007fc                Display96x16x1StringDraw
                0x000008ec                Display96x16x1ImageDraw
                0x00000970                Display96x16x1Init
                0x00000b34                Display96x16x1DisplayOn
                0x00000bc0                Display96x16x1DisplayOff
 .text          0x00000bf4      0x594 spy/philo.o
                0x0000114c                Philo_ctor
 .text          0x00001188      0x6c8 spy/bsp.o
                0x00001188                BSP_driveLED
                0x000011a8                BSP_busyDelay
                0x000011c0                QF_onStartup
                0x00001224                QF_onCleanup
                0x00001228                QK_onIdle
                0x00001294                Q_onAssert
                0x00001298                assert_failed
                0x000012a0                QS_onStartup
                0x00001498                QS_onCleanup
                0x0000149c                QS_onGetTime
                0x000014d0                BSP_displyPhilStat
                0x00001550                GPIOPortA_IRQHandler
                0x00001618                SysTick_Handler
                0x000016e8                QS_onFlush
                0x0000174c                BSP_init
 .text          0x00001850       0x90 spy/startup_lm3s.o
                0x00001850                DebugMon_Handler
                0x00001850                FlashCtrl_IRQHandler
                0x00001850                Timer0B_IRQHandler
                0x00001850                I2C0_IRQHandler
                0x00001850                NMI_Handler
                0x00001850                I2C1_IRQHandler
                0x00001850                PWMGen0_IRQHandler
                0x00001850                UART1_IRQHandler
                0x00001850                CAN1_IRQHandler
                0x00001850                Timer1B_IRQHandler
                0x00001850                Watchdog_IRQHandler
                0x00001850                UART0_IRQHandler
                0x00001850                SSI0_IRQHandler
                0x00001850                UsageFault_Handler
                0x00001850                ADCSeq1_IRQHandler
                0x00001850                PWMFault_IRQHandler
                0x00001850                PWMGen1_IRQHandler
                0x00001850                SSI1_IRQHandler
                0x00001850                SysCtrl_IRQHandler
                0x00001850                Spurious_Handler
                0x00001850                GPIOPortC_IRQHandler
                0x00001850                ADCSeq2_IRQHandler
                0x00001850                PWMGen2_IRQHandler
                0x00001850                UART2_IRQHandler
                0x00001850                QEI1_IRQHandler
                0x00001850                QEI0_IRQHandler
                0x00001850                GPIOPortD_IRQHandler
                0x00001850                MemManage_Handler
                0x00001850                Ethernet_IRQHandler
                0x00001850                Timer3B_IRQHandler
                0x00001850                Timer3A_IRQHandler
                0x00001850                Timer0A_IRQHandler
                0x00001850                ADCSeq0_IRQHandler
                0x00001850                Timer1A_IRQHandler
                0x00001850                GPIOPortG_IRQHandler
                0x00001850                ADCSeq3_IRQHandler
                0x00001850                GPIOPortE_IRQHandler
                0x00001850                CAN0_IRQHandler
                0x00001850                Comp0_IRQHandler
                0x00001850                Comp1_IRQHandler
                0x00001850                Comp2_IRQHandler
                0x00001850                GPIOPortF_IRQHandler
                0x00001850                GPIOPortB_IRQHandler
                0x00001850                CAN2_IRQHandler
                0x00001850                GPIOPortH_IRQHandler
                0x00001850                BusFault_Handler
                0x00001850                Timer2A_IRQHandler
                0x00001850                Timer2B_IRQHandler
                0x00001850                Hibernate_IRQHandler
                0x0000186c                Reset_Handler
                0x000018dc                _init
 .text          0x000018e0       0xa4 spy/core_cm3.o
                0x000018e0                __get_PSP
                0x000018e8                __set_PSP
                0x000018f0                __get_MSP
                0x000018f8                __set_MSP
                0x00001900                __get_BASEPRI
                0x00001908                __set_BASEPRI
                0x00001910                __get_PRIMASK
                0x00001918                __set_PRIMASK
                0x00001920                __get_FAULTMASK
                0x00001928                __set_FAULTMASK
                0x00001930                __REV
                0x00001934                __REV16
                0x00001938                __REVSH
                0x0000193c                __RBIT
                0x00001944                __LDREXB
                0x0000194c                __LDREXH
                0x00001954                __LDREXW
                0x0000195c                __STREXB
                0x00001964                __STREXH
                0x0000196c                __STREXW
                0x00001974                __get_CONTROL
                0x0000197c                __set_CONTROL
 .text          0x00001984      0x2d8 spy/system_lm3s.o
                0x00001984                SystemInit
 .text          0x00001c5c       0x98 D:\software\qpc/ports/arm-cortex/qk/gnu/spy\libqk_cortex-m3_cs.a(qk.o)
                0x00001c5c                QK_getVersion
                0x00001c64                QF_init
                0x00001c6c                QF_stop
                0x00001c74                QF_run
                0x00001c94                QActive_start
                0x00001cec                QActive_stop
 .text          0x00001cf4      0x114 D:\software\qpc/ports/arm-cortex/qk/gnu/spy\libqk_cortex-m3_cs.a(qk_sched.o)
                0x00001cf4                QK_schedule_
 .text          0x00001e08       0x9c D:\software\qpc/ports/arm-cortex/qk/gnu/spy\libqk_cortex-m3_cs.a(qk_mutex.o)
                0x00001e08                QK_mutexLock
                0x00001e54                QK_mutexUnlock
 .text          0x00001ea4        0x0 D:\software\qpc/ports/arm-cortex/qk/gnu/spy\libqk_cortex-m3_cs.a(qk_port.o)
 .text          0x00001ea4       0xf4 D:\software\qpc/ports/arm-cortex/qk/gnu/spy\libqf_cortex-m3_cs.a(qa_fifo.o)
                0x00001ea4                QActive_postFIFO
 .text          0x00001f98      0x140 D:\software\qpc/ports/arm-cortex/qk/gnu/spy\libqf_cortex-m3_cs.a(qa_get_.o)
                0x00001f98                QActive_get_
                0x000020a8                QF_getQueueMargin
 .text          0x000020d8       0xa0 D:\software\qpc/ports/arm-cortex/qk/gnu/spy\libqf_cortex-m3_cs.a(qa_sub.o)
                0x000020d8                QActive_subscribe
 .text          0x00002178       0x54 D:\software\qpc/ports/arm-cortex/qk/gnu/spy\libqf_cortex-m3_cs.a(qeq_init.o)
                0x00002178                QEQueue_init
 .text          0x000021cc       0xf4 D:\software\qpc/ports/arm-cortex/qk/gnu/spy\libqf_cortex-m3_cs.a(qf_act.o)
                0x000021cc                QF_getVersion
                0x000021d4                QF_add_
                0x00002248                QF_remove_
 .text          0x000022c0       0xb8 D:\software\qpc/ports/arm-cortex/qk/gnu/spy\libqf_cortex-m3_cs.a(qf_gc.o)
                0x000022c0                QF_gc
 .text          0x00002378        0x0 D:\software\qpc/ports/arm-cortex/qk/gnu/spy\libqf_cortex-m3_cs.a(qf_log2.o)
 .text          0x00002378       0xac D:\software\qpc/ports/arm-cortex/qk/gnu/spy\libqf_cortex-m3_cs.a(qf_new.o)
                0x00002378                QF_new_
 .text          0x00002424       0x6c D:\software\qpc/ports/arm-cortex/qk/gnu/spy\libqf_cortex-m3_cs.a(qf_pool.o)
                0x00002424                QF_poolInit
 .text          0x00002490        0xc D:\software\qpc/ports/arm-cortex/qk/gnu/spy\libqf_cortex-m3_cs.a(qf_psini.o)
                0x00002490                QF_psInit
 .text          0x0000249c       0xf4 D:\software\qpc/ports/arm-cortex/qk/gnu/spy\libqf_cortex-m3_cs.a(qf_pspub.o)
                0x0000249c                QF_publish
 .text          0x00002590        0x0 D:\software\qpc/ports/arm-cortex/qk/gnu/spy\libqf_cortex-m3_cs.a(qf_pwr2.o)
 .text          0x00002590      0x114 D:\software\qpc/ports/arm-cortex/qk/gnu/spy\libqf_cortex-m3_cs.a(qf_tick.o)
                0x00002590                QF_tick
 .text          0x000026a4       0xa8 D:\software\qpc/ports/arm-cortex/qk/gnu/spy\libqf_cortex-m3_cs.a(qmp_get.o)
                0x000026a4                QMPool_get
                0x00002710                QF_getPoolMargin
 .text          0x0000274c       0xec D:\software\qpc/ports/arm-cortex/qk/gnu/spy\libqf_cortex-m3_cs.a(qmp_init.o)
                0x0000274c                QMPool_init
 .text          0x00002838       0x7c D:\software\qpc/ports/arm-cortex/qk/gnu/spy\libqf_cortex-m3_cs.a(qmp_put.o)
                0x00002838                QMPool_put
 .text          0x000028b4       0x2c D:\software\qpc/ports/arm-cortex/qk/gnu/spy\libqf_cortex-m3_cs.a(qte_ctor.o)
                0x000028b4                QTimeEvt_ctor
 .text          0x000028e0       0x8c D:\software\qpc/ports/arm-cortex/qk/gnu/spy\libqf_cortex-m3_cs.a(qte_arm.o)
                0x000028e0                QTimeEvt_arm_
 .text          0x0000296c      0x164 D:\software\qpc/ports/arm-cortex/qk/gnu/spy\libqep_cortex-m3_cs.a(qhsm_ini.o)
                0x0000296c                QHsm_init
 .text          0x00002ad0      0x54c D:\software\qpc/ports/arm-cortex/qk/gnu/spy\libqep_cortex-m3_cs.a(qhsm_dis.o)
                0x00002ad0                QHsm_dispatch
 .text          0x0000301c        0x8 D:\software\qpc/ports/arm-cortex/qk/gnu/spy\libqep_cortex-m3_cs.a(qhsm_top.o)
                0x0000301c                QHsm_top
 .text          0x00003024        0x8 D:\software\qpc/ports/arm-cortex/qk/gnu/spy\libqep_cortex-m3_cs.a(qep.o)
                0x00003024                QEP_getVersion
 .text          0x0000302c      0x920 D:\software\qpc/ports/arm-cortex/qk/gnu/spy\libqs_cortex-m3_cs.a(qs.o)
                0x0000302c                QS_getVersion
                0x00003034                QS_initBuf
                0x00003040                QS_filterOn
                0x0000307c                QS_filterOff
                0x000030b8                QS_begin
                0x00003208                QS_end
                0x000032f0                QS_u8
                0x00003434                QS_u16
                0x0000361c                QS_u32
 .text          0x0000394c      0x640 D:\software\qpc/ports/arm-cortex/qk/gnu/spy\libqs_cortex-m3_cs.a(qs_.o)
                0x0000394c                QS_u8_
                0x00003a0c                QS_u16_
                0x00003b7c                QS_u32_
                0x00003e54                QS_str_
                0x00003ef4                QS_str_ROM_
 .text          0x00003f8c       0x64 D:\software\qpc/ports/arm-cortex/qk/gnu/spy\libqs_cortex-m3_cs.a(qs_blk.o)
                0x00003f8c                QS_getBlock
 .text          0x00003ff0      0x1a8 D:\software\qpc/ports/arm-cortex/qk/gnu/spy\libqs_cortex-m3_cs.a(qs_str.o)
                0x00003ff0                QS_str
                0x000040c4                QS_str_ROM
 .text          0x00004198       0x48 c:/tools/codesourcery/bin/../lib/gcc/arm-none-eabi/4.5.2/../../../../arm-none-eabi/lib/thumb2\libc.a(lib_a-init.o)
                0x00004198                __libc_init_array
 *(.text*)
 .text.QK_init  0x000041e0       0x24 D:\software\qpc/ports/arm-cortex/qk/gnu/spy\libqk_cortex-m3_cs.a(qk_port.o)
                0x000041e0                QK_init
 .text.PendSV_Handler
                0x00004204       0x34 D:\software\qpc/ports/arm-cortex/qk/gnu/spy\libqk_cortex-m3_cs.a(qk_port.o)
                0x00004204                PendSV_Handler
 .text.SVC_Handler
                0x00004238        0x4 D:\software\qpc/ports/arm-cortex/qk/gnu/spy\libqk_cortex-m3_cs.a(qk_port.o)
                0x00004238                SVC_Handler
 *(.rodata)
 .rodata        0x0000423c       0x84 spy/main.o
 .rodata        0x000042c0       0x74 spy/table.o
                0x00004330                AO_Table
 .rodata        0x00004334      0x2c0 spy/display96x16x1.o
 .rodata        0x000045f4      0x114 spy/philo.o
                0x000046f4                AO_Philo
 .rodata        0x00004708       0x34 spy/bsp.o
 .rodata        0x0000473c       0x5c spy/system_lm3s.o
 .rodata        0x00004798        0xc D:\software\qpc/ports/arm-cortex/qk/gnu/spy\libqk_cortex-m3_cs.a(qk.o)
 .rodata        0x000047a4        0xc D:\software\qpc/ports/arm-cortex/qk/gnu/spy\libqk_cortex-m3_cs.a(qk_sched.o)
 .rodata        0x000047b0        0x8 D:\software\qpc/ports/arm-cortex/qk/gnu/spy\libqf_cortex-m3_cs.a(qa_fifo.o)
 .rodata        0x000047b8        0x8 D:\software\qpc/ports/arm-cortex/qk/gnu/spy\libqf_cortex-m3_cs.a(qa_get_.o)
 .rodata        0x000047c0        0x8 D:\software\qpc/ports/arm-cortex/qk/gnu/spy\libqf_cortex-m3_cs.a(qa_sub.o)
 .rodata        0x000047c8       0x10 D:\software\qpc/ports/arm-cortex/qk/gnu/spy\libqf_cortex-m3_cs.a(qf_act.o)
 .rodata        0x000047d8        0x8 D:\software\qpc/ports/arm-cortex/qk/gnu/spy\libqf_cortex-m3_cs.a(qf_gc.o)
 .rodata        0x000047e0      0x100 D:\software\qpc/ports/arm-cortex/qk/gnu/spy\libqf_cortex-m3_cs.a(qf_log2.o)
                0x000047e0                QF_log2Lkup
 .rodata        0x000048e0        0x8 D:\software\qpc/ports/arm-cortex/qk/gnu/spy\libqf_cortex-m3_cs.a(qf_new.o)
 .rodata        0x000048e8        0x8 D:\software\qpc/ports/arm-cortex/qk/gnu/spy\libqf_cortex-m3_cs.a(qf_pool.o)
 .rodata        0x000048f0        0xc D:\software\qpc/ports/arm-cortex/qk/gnu/spy\libqf_cortex-m3_cs.a(qf_pspub.o)
 .rodata        0x000048fc       0xcc D:\software\qpc/ports/arm-cortex/qk/gnu/spy\libqf_cortex-m3_cs.a(qf_pwr2.o)
                0x000048fc                QF_pwr2Lkup
                0x00004940                QF_invPwr2Lkup
                0x00004984                QF_div8Lkup
 .rodata        0x000049c8        0x8 D:\software\qpc/ports/arm-cortex/qk/gnu/spy\libqf_cortex-m3_cs.a(qmp_get.o)
 .rodata        0x000049d0        0xc D:\software\qpc/ports/arm-cortex/qk/gnu/spy\libqf_cortex-m3_cs.a(qmp_init.o)
 .rodata        0x000049dc        0x8 D:\software\qpc/ports/arm-cortex/qk/gnu/spy\libqf_cortex-m3_cs.a(qmp_put.o)
 .rodata        0x000049e4        0xc D:\software\qpc/ports/arm-cortex/qk/gnu/spy\libqf_cortex-m3_cs.a(qte_ctor.o)
 .rodata        0x000049f0        0x8 D:\software\qpc/ports/arm-cortex/qk/gnu/spy\libqf_cortex-m3_cs.a(qte_arm.o)
 .rodata        0x000049f8        0xc D:\software\qpc/ports/arm-cortex/qk/gnu/spy\libqep_cortex-m3_cs.a(qhsm_ini.o)
 .rodata        0x00004a04        0xc D:\software\qpc/ports/arm-cortex/qk/gnu/spy\libqep_cortex-m3_cs.a(qhsm_dis.o)
 .rodata        0x00004a10       0x18 D:\software\qpc/ports/arm-cortex/qk/gnu/spy\libqep_cortex-m3_cs.a(qep.o)
                0x00004a18                QEP_reservedEvt_
 .rodata        0x00004a28        0x8 D:\software\qpc/ports/arm-cortex/qk/gnu/spy\libqs_cortex-m3_cs.a(qs.o)
 *(.rodata*)
 .rodata.str1.4
                0x00004a30       0x21 spy/table.o
                                 0x24 (size before relaxing)
 *fill*         0x00004a51        0x3 00
 .rodata.str1.4
                0x00004a54       0x1e spy/bsp.o
                                 0x20 (size before relaxing)
 *fill*         0x00004a72        0x2 00
 .rodata.str1.4
                0x00004a74       0x18 spy/startup_lm3s.o
 *(.init)
 *(.fini)
                0x00004a8c                . = ALIGN (0x4)

.glue_7         0x00004a8c        0x0
 .glue_7        0x00000000        0x0 linker stubs

.glue_7t        0x00004a8c        0x0
 .glue_7t       0x00000000        0x0 linker stubs

.vfp11_veneer   0x00004a8c        0x0
 .vfp11_veneer  0x00000000        0x0 linker stubs

.v4_bx          0x00004a8c        0x0
 .v4_bx         0x00000000        0x0 linker stubs

.preinit_array  0x00004a8c        0x0
                0x00004a8c                PROVIDE (__preinit_array_start, .)
 *(.preinit_array*)
                0x00004a8c                PROVIDE (__preinit_array_end, .)

.init_array     0x00004a8c        0x0
                0x00004a8c                PROVIDE (__init_array_start, .)
 *(SORT(.init_array.*))
 *(.init_array*)
                0x00004a8c                PROVIDE (__init_array_end, .)

.fini_array     0x00004a8c        0x0
                0x00004a8c                PROVIDE (__fini_array_start, .)
 *(.fini_array*)
 *(SORT(.fini_array.*))
                0x00004a8c                PROVIDE (__fini_array_end, .)
                0x00004a8c                _etext = .

.data           0x20000000        0x4 load address 0x00004a8c
                0x00004a8c                __data_load = LOADADDR (.data)
                0x20000000                __data_start = .
 *(.data)
 .data          0x20000000        0x0 spy/main.o
 .data          0x20000000        0x0 spy/table.o
 .data          0x20000000        0x0 spy/display96x16x1.o
 .data          0x20000000        0x0 spy/philo.o
 .data          0x20000000        0x0 spy/bsp.o
 .data          0x20000000        0x0 spy/startup_lm3s.o
 .data          0x20000000        0x0 spy/core_cm3.o
 .data          0x20000000        0x0 spy/system_lm3s.o
 .data          0x20000000        0x1 D:\software\qpc/ports/arm-cortex/qk/gnu/spy\libqk_cortex-m3_cs.a(qk.o)
                0x20000000                QK_currPrio_
 .data          0x20000001        0x0 D:\software\qpc/ports/arm-cortex/qk/gnu/spy\libqk_cortex-m3_cs.a(qk_sched.o)
 .data          0x20000001        0x0 D:\software\qpc/ports/arm-cortex/qk/gnu/spy\libqk_cortex-m3_cs.a(qk_mutex.o)
 .data          0x20000001        0x0 D:\software\qpc/ports/arm-cortex/qk/gnu/spy\libqk_cortex-m3_cs.a(qk_port.o)
 .data          0x20000001        0x0 D:\software\qpc/ports/arm-cortex/qk/gnu/spy\libqf_cortex-m3_cs.a(qa_fifo.o)
 .data          0x20000001        0x0 D:\software\qpc/ports/arm-cortex/qk/gnu/spy\libqf_cortex-m3_cs.a(qa_get_.o)
 .data          0x20000001        0x0 D:\software\qpc/ports/arm-cortex/qk/gnu/spy\libqf_cortex-m3_cs.a(qa_sub.o)
 .data          0x20000001        0x0 D:\software\qpc/ports/arm-cortex/qk/gnu/spy\libqf_cortex-m3_cs.a(qeq_init.o)
 .data          0x20000001        0x0 D:\software\qpc/ports/arm-cortex/qk/gnu/spy\libqf_cortex-m3_cs.a(qf_act.o)
 .data          0x20000001        0x0 D:\software\qpc/ports/arm-cortex/qk/gnu/spy\libqf_cortex-m3_cs.a(qf_gc.o)
 .data          0x20000001        0x0 D:\software\qpc/ports/arm-cortex/qk/gnu/spy\libqf_cortex-m3_cs.a(qf_log2.o)
 .data          0x20000001        0x0 D:\software\qpc/ports/arm-cortex/qk/gnu/spy\libqf_cortex-m3_cs.a(qf_new.o)
 .data          0x20000001        0x0 D:\software\qpc/ports/arm-cortex/qk/gnu/spy\libqf_cortex-m3_cs.a(qf_pool.o)
 .data          0x20000001        0x0 D:\software\qpc/ports/arm-cortex/qk/gnu/spy\libqf_cortex-m3_cs.a(qf_psini.o)
 .data          0x20000001        0x0 D:\software\qpc/ports/arm-cortex/qk/gnu/spy\libqf_cortex-m3_cs.a(qf_pspub.o)
 .data          0x20000001        0x0 D:\software\qpc/ports/arm-cortex/qk/gnu/spy\libqf_cortex-m3_cs.a(qf_pwr2.o)
 .data          0x20000001        0x0 D:\software\qpc/ports/arm-cortex/qk/gnu/spy\libqf_cortex-m3_cs.a(qf_tick.o)
 .data          0x20000001        0x0 D:\software\qpc/ports/arm-cortex/qk/gnu/spy\libqf_cortex-m3_cs.a(qmp_get.o)
 .data          0x20000001        0x0 D:\software\qpc/ports/arm-cortex/qk/gnu/spy\libqf_cortex-m3_cs.a(qmp_init.o)
 .data          0x20000001        0x0 D:\software\qpc/ports/arm-cortex/qk/gnu/spy\libqf_cortex-m3_cs.a(qmp_put.o)
 .data          0x20000001        0x0 D:\software\qpc/ports/arm-cortex/qk/gnu/spy\libqf_cortex-m3_cs.a(qte_ctor.o)
 .data          0x20000001        0x0 D:\software\qpc/ports/arm-cortex/qk/gnu/spy\libqf_cortex-m3_cs.a(qte_arm.o)
 .data          0x20000001        0x0 D:\software\qpc/ports/arm-cortex/qk/gnu/spy\libqep_cortex-m3_cs.a(qhsm_ini.o)
 .data          0x20000001        0x0 D:\software\qpc/ports/arm-cortex/qk/gnu/spy\libqep_cortex-m3_cs.a(qhsm_dis.o)
 .data          0x20000001        0x0 D:\software\qpc/ports/arm-cortex/qk/gnu/spy\libqep_cortex-m3_cs.a(qhsm_top.o)
 .data          0x20000001        0x0 D:\software\qpc/ports/arm-cortex/qk/gnu/spy\libqep_cortex-m3_cs.a(qep.o)
 .data          0x20000001        0x0 D:\software\qpc/ports/arm-cortex/qk/gnu/spy\libqs_cortex-m3_cs.a(qs.o)
 .data          0x20000001        0x0 D:\software\qpc/ports/arm-cortex/qk/gnu/spy\libqs_cortex-m3_cs.a(qs_.o)
 .data          0x20000001        0x0 D:\software\qpc/ports/arm-cortex/qk/gnu/spy\libqs_cortex-m3_cs.a(qs_blk.o)
 .data          0x20000001        0x0 D:\software\qpc/ports/arm-cortex/qk/gnu/spy\libqs_cortex-m3_cs.a(qs_str.o)
 .data          0x20000001        0x0 c:/tools/codesourcery/bin/../lib/gcc/arm-none-eabi/4.5.2/../../../../arm-none-eabi/lib/thumb2\libc.a(lib_a-init.o)
 *(.data*)
                0x20000004                . = ALIGN (0x4)
 *fill*         0x20000001        0x3 00
                0x20000004                __data_end__ = .
                0x20000004                _edata = __data_end__

.bss            0x20000004      0xa0c load address 0x00004a90
                0x20000004                __bss_start__ = .
 *(.bss)
 .bss           0x20000004      0x100 spy/main.o
 .bss           0x20000104       0x24 spy/table.o
 .bss           0x20000128        0x8 spy/display96x16x1.o
 .bss           0x20000130       0xe0 spy/philo.o
 .bss           0x20000210      0x60c spy/bsp.o
                0x20000810                QS_tickPeriod_
                0x20000814                QS_tickTime_
 .bss           0x2000081c        0x0 spy/startup_lm3s.o
 .bss           0x2000081c        0x0 spy/core_cm3.o
 .bss           0x2000081c        0x4 spy/system_lm3s.o
                0x2000081c                SystemFrequency
 .bss           0x20000820        0xc D:\software\qpc/ports/arm-cortex/qk/gnu/spy\libqk_cortex-m3_cs.a(qk.o)
                0x20000820                QK_readySet_
                0x20000829                QK_intNest_
 .bss           0x2000082c        0x0 D:\software\qpc/ports/arm-cortex/qk/gnu/spy\libqk_cortex-m3_cs.a(qk_sched.o)
 .bss           0x2000082c        0x1 D:\software\qpc/ports/arm-cortex/qk/gnu/spy\libqk_cortex-m3_cs.a(qk_mutex.o)
                0x2000082c                QK_ceilingPrio_
 .bss           0x2000082d        0x0 D:\software\qpc/ports/arm-cortex/qk/gnu/spy\libqk_cortex-m3_cs.a(qk_port.o)
 .bss           0x2000082d        0x0 D:\software\qpc/ports/arm-cortex/qk/gnu/spy\libqf_cortex-m3_cs.a(qa_fifo.o)
 .bss           0x2000082d        0x0 D:\software\qpc/ports/arm-cortex/qk/gnu/spy\libqf_cortex-m3_cs.a(qa_get_.o)
 .bss           0x2000082d        0x0 D:\software\qpc/ports/arm-cortex/qk/gnu/spy\libqf_cortex-m3_cs.a(qa_sub.o)
 .bss           0x2000082d        0x0 D:\software\qpc/ports/arm-cortex/qk/gnu/spy\libqf_cortex-m3_cs.a(qeq_init.o)
 *fill*         0x2000082d        0x3 00
 .bss           0x20000830      0x104 D:\software\qpc/ports/arm-cortex/qk/gnu/spy\libqf_cortex-m3_cs.a(qf_act.o)
                0x20000830                QF_active_
                0x20000930                QF_intLockNest_
 .bss           0x20000934        0x0 D:\software\qpc/ports/arm-cortex/qk/gnu/spy\libqf_cortex-m3_cs.a(qf_gc.o)
 .bss           0x20000934        0x0 D:\software\qpc/ports/arm-cortex/qk/gnu/spy\libqf_cortex-m3_cs.a(qf_log2.o)
 .bss           0x20000934        0x0 D:\software\qpc/ports/arm-cortex/qk/gnu/spy\libqf_cortex-m3_cs.a(qf_new.o)
 .bss           0x20000934       0x7c D:\software\qpc/ports/arm-cortex/qk/gnu/spy\libqf_cortex-m3_cs.a(qf_pool.o)
                0x20000934                QF_maxPool_
                0x20000938                QF_pool_
 .bss           0x200009b0        0x8 D:\software\qpc/ports/arm-cortex/qk/gnu/spy\libqf_cortex-m3_cs.a(qf_psini.o)
                0x200009b0                QF_subscrList_
                0x200009b4                QF_maxSignal_
 .bss           0x200009b8        0x0 D:\software\qpc/ports/arm-cortex/qk/gnu/spy\libqf_cortex-m3_cs.a(qf_pspub.o)
 .bss           0x200009b8        0x0 D:\software\qpc/ports/arm-cortex/qk/gnu/spy\libqf_cortex-m3_cs.a(qf_pwr2.o)
 .bss           0x200009b8        0x1 D:\software\qpc/ports/arm-cortex/qk/gnu/spy\libqf_cortex-m3_cs.a(qf_tick.o)
 .bss           0x200009b9        0x0 D:\software\qpc/ports/arm-cortex/qk/gnu/spy\libqf_cortex-m3_cs.a(qmp_get.o)
 .bss           0x200009b9        0x0 D:\software\qpc/ports/arm-cortex/qk/gnu/spy\libqf_cortex-m3_cs.a(qmp_init.o)
 .bss           0x200009b9        0x0 D:\software\qpc/ports/arm-cortex/qk/gnu/spy\libqf_cortex-m3_cs.a(qmp_put.o)
 .bss           0x200009b9        0x0 D:\software\qpc/ports/arm-cortex/qk/gnu/spy\libqf_cortex-m3_cs.a(qte_ctor.o)
 *fill*         0x200009b9        0x3 00
 .bss           0x200009bc        0x4 D:\software\qpc/ports/arm-cortex/qk/gnu/spy\libqf_cortex-m3_cs.a(qte_arm.o)
                0x200009bc                QF_timeEvtListHead_
 .bss           0x200009c0        0x0 D:\software\qpc/ports/arm-cortex/qk/gnu/spy\libqep_cortex-m3_cs.a(qhsm_ini.o)
 .bss           0x200009c0        0x0 D:\software\qpc/ports/arm-cortex/qk/gnu/spy\libqep_cortex-m3_cs.a(qhsm_dis.o)
 .bss           0x200009c0        0x0 D:\software\qpc/ports/arm-cortex/qk/gnu/spy\libqep_cortex-m3_cs.a(qhsm_top.o)
 .bss           0x200009c0        0x0 D:\software\qpc/ports/arm-cortex/qk/gnu/spy\libqep_cortex-m3_cs.a(qep.o)
 .bss           0x200009c0       0x34 D:\software\qpc/ports/arm-cortex/qk/gnu/spy\libqs_cortex-m3_cs.a(qs.o)
                0x200009c0                QS_ring_
                0x200009c4                QS_end_
                0x200009c8                QS_glbFilter_
                0x200009e8                QS_seq_
                0x200009e9                QS_chksum_
                0x200009ea                QS_head_
                0x200009ec                QS_used_
                0x200009ee                QS_tail_
                0x200009f0                QS_full_
 .bss           0x200009f4       0x1c D:\software\qpc/ports/arm-cortex/qk/gnu/spy\libqs_cortex-m3_cs.a(qs_.o)
                0x200009f4                QS_smObj_
                0x200009f8                QS_aoObj_
                0x200009fc                QS_mpObj_
                0x20000a00                QS_eqObj_
                0x20000a04                QS_teObj_
                0x20000a08                QS_apObj_
                0x20000a0c                QS_tickCtr_
 .bss           0x20000a10        0x0 D:\software\qpc/ports/arm-cortex/qk/gnu/spy\libqs_cortex-m3_cs.a(qs_blk.o)
 .bss           0x20000a10        0x0 D:\software\qpc/ports/arm-cortex/qk/gnu/spy\libqs_cortex-m3_cs.a(qs_str.o)
 .bss           0x20000a10        0x0 c:/tools/codesourcery/bin/../lib/gcc/arm-none-eabi/4.5.2/../../../../arm-none-eabi/lib/thumb2\libc.a(lib_a-init.o)
 *(.bss*)
 *(COMMON)
                0x20000a10                . = ALIGN (0x4)
                0x20000a10                _ebss = .
                0x20000a10                __bss_end__ = .
                0x20000a10                PROVIDE (end, _ebss)
                0x20000a10                PROVIDE (_end, _ebss)
                0x20000a10                PROVIDE (__end__, _ebss)

.heap           0x20000a10        0x0
                0x20000a10                __heap_start__ = .
                0x20000a10                . = (. + HEAP_SIZE)
                0x20000a10                . = ALIGN (0x4)
                0x20000a10                __heap_end__ = .

.stack          0x20000a10      0x3e8 load address 0x0000549c
                0x20000a10                __stack_start__ = .
                0x20000df8                . = (. + STACK_SIZE)
 *fill*         0x20000a10      0x3e8 00
                0x20000df8                . = ALIGN (0x4)
                0x20000df8                __c_stack_top__ = .
                0x20000df8                __stack_end__ = .

/DISCARD/
 libc.a(*)
 libm.a(*)
 libgcc.a(*)
OUTPUT(spy/dpp-qk.elf elf32-littlearm)

.debug_abbrev   0x00000000     0x29cd
 .debug_abbrev  0x00000000      0x185 spy/main.o
 .debug_abbrev  0x00000185      0x173 spy/table.o
 .debug_abbrev  0x000002f8      0x19b spy/display96x16x1.o
 .debug_abbrev  0x00000493      0x19e spy/philo.o
 .debug_abbrev  0x00000631      0x342 spy/bsp.o
 .debug_abbrev  0x00000973      0x111 spy/startup_lm3s.o
 .debug_abbrev  0x00000a84       0xb2 spy/core_cm3.o
 .debug_abbrev  0x00000b36      0x104 spy/system_lm3s.o
 .debug_abbrev  0x00000c3a      0x158 D:\software\qpc/ports/arm-cortex/qk/gnu/spy\libqk_cortex-m3_cs.a(qk.o)
 .debug_abbrev  0x00000d92      0x128 D:\software\qpc/ports/arm-cortex/qk/gnu/spy\libqk_cortex-m3_cs.a(qk_sched.o)
 .debug_abbrev  0x00000eba       0xd8 D:\software\qpc/ports/arm-cortex/qk/gnu/spy\libqk_cortex-m3_cs.a(qk_mutex.o)
 .debug_abbrev  0x00000f92       0x12 D:\software\qpc/ports/arm-cortex/qk/gnu/spy\libqk_cortex-m3_cs.a(qk_port.o)
 .debug_abbrev  0x00000fa4      0x129 D:\software\qpc/ports/arm-cortex/qk/gnu/spy\libqf_cortex-m3_cs.a(qa_fifo.o)
 .debug_abbrev  0x000010cd      0x14c D:\software\qpc/ports/arm-cortex/qk/gnu/spy\libqf_cortex-m3_cs.a(qa_get_.o)
 .debug_abbrev  0x00001219      0x161 D:\software\qpc/ports/arm-cortex/qk/gnu/spy\libqf_cortex-m3_cs.a(qa_sub.o)
 .debug_abbrev  0x0000137a       0xe9 D:\software\qpc/ports/arm-cortex/qk/gnu/spy\libqf_cortex-m3_cs.a(qeq_init.o)
 .debug_abbrev  0x00001463      0x14c D:\software\qpc/ports/arm-cortex/qk/gnu/spy\libqf_cortex-m3_cs.a(qf_act.o)
 .debug_abbrev  0x000015af      0x103 D:\software\qpc/ports/arm-cortex/qk/gnu/spy\libqf_cortex-m3_cs.a(qf_gc.o)
 .debug_abbrev  0x000016b2       0x61 D:\software\qpc/ports/arm-cortex/qk/gnu/spy\libqf_cortex-m3_cs.a(qf_log2.o)
 .debug_abbrev  0x00001713      0x10b D:\software\qpc/ports/arm-cortex/qk/gnu/spy\libqf_cortex-m3_cs.a(qf_new.o)
 .debug_abbrev  0x0000181e       0xdb D:\software\qpc/ports/arm-cortex/qk/gnu/spy\libqf_cortex-m3_cs.a(qf_pool.o)
 .debug_abbrev  0x000018f9       0xc5 D:\software\qpc/ports/arm-cortex/qk/gnu/spy\libqf_cortex-m3_cs.a(qf_psini.o)
 .debug_abbrev  0x000019be      0x171 D:\software\qpc/ports/arm-cortex/qk/gnu/spy\libqf_cortex-m3_cs.a(qf_pspub.o)
 .debug_abbrev  0x00001b2f       0x61 D:\software\qpc/ports/arm-cortex/qk/gnu/spy\libqf_cortex-m3_cs.a(qf_pwr2.o)
 .debug_abbrev  0x00001b90      0x15b D:\software\qpc/ports/arm-cortex/qk/gnu/spy\libqf_cortex-m3_cs.a(qf_tick.o)
 .debug_abbrev  0x00001ceb      0x11d D:\software\qpc/ports/arm-cortex/qk/gnu/spy\libqf_cortex-m3_cs.a(qmp_get.o)
 .debug_abbrev  0x00001e08      0x11d D:\software\qpc/ports/arm-cortex/qk/gnu/spy\libqf_cortex-m3_cs.a(qmp_init.o)
 .debug_abbrev  0x00001f25       0xf0 D:\software\qpc/ports/arm-cortex/qk/gnu/spy\libqf_cortex-m3_cs.a(qmp_put.o)
 .debug_abbrev  0x00002015      0x126 D:\software\qpc/ports/arm-cortex/qk/gnu/spy\libqf_cortex-m3_cs.a(qte_ctor.o)
 .debug_abbrev  0x0000213b      0x16b D:\software\qpc/ports/arm-cortex/qk/gnu/spy\libqf_cortex-m3_cs.a(qte_arm.o)
 .debug_abbrev  0x000022a6      0x12c D:\software\qpc/ports/arm-cortex/qk/gnu/spy\libqep_cortex-m3_cs.a(qhsm_ini.o)
 .debug_abbrev  0x000023d2      0x12c D:\software\qpc/ports/arm-cortex/qk/gnu/spy\libqep_cortex-m3_cs.a(qhsm_dis.o)
 .debug_abbrev  0x000024fe       0xc4 D:\software\qpc/ports/arm-cortex/qk/gnu/spy\libqep_cortex-m3_cs.a(qhsm_top.o)
 .debug_abbrev  0x000025c2       0xe6 D:\software\qpc/ports/arm-cortex/qk/gnu/spy\libqep_cortex-m3_cs.a(qep.o)
 .debug_abbrev  0x000026a8      0x12f D:\software\qpc/ports/arm-cortex/qk/gnu/spy\libqs_cortex-m3_cs.a(qs.o)
 .debug_abbrev  0x000027d7       0xaa D:\software\qpc/ports/arm-cortex/qk/gnu/spy\libqs_cortex-m3_cs.a(qs_.o)
 .debug_abbrev  0x00002881       0xa7 D:\software\qpc/ports/arm-cortex/qk/gnu/spy\libqs_cortex-m3_cs.a(qs_blk.o)
 .debug_abbrev  0x00002928       0xa5 D:\software\qpc/ports/arm-cortex/qk/gnu/spy\libqs_cortex-m3_cs.a(qs_str.o)

.debug_info     0x00000000     0xabd6
 .debug_info    0x00000000      0x738 spy/main.o
 .debug_info    0x00000738      0x7b3 spy/table.o
 .debug_info    0x00000eeb      0x90f spy/display96x16x1.o
 .debug_info    0x000017fa      0xa0b spy/philo.o
 .debug_info    0x00002205     0x150e spy/bsp.o
 .debug_info    0x00003713      0x1c1 spy/startup_lm3s.o
 .debug_info    0x000038d4      0x54b spy/core_cm3.o
 .debug_info    0x00003e1f      0x444 spy/system_lm3s.o
 .debug_info    0x00004263      0x436 D:\software\qpc/ports/arm-cortex/qk/gnu/spy\libqk_cortex-m3_cs.a(qk.o)
 .debug_info    0x00004699      0x5e7 D:\software\qpc/ports/arm-cortex/qk/gnu/spy\libqk_cortex-m3_cs.a(qk_sched.o)
 .debug_info    0x00004c80      0x2f1 D:\software\qpc/ports/arm-cortex/qk/gnu/spy\libqk_cortex-m3_cs.a(qk_mutex.o)
 .debug_info    0x00004f71       0x5b D:\software\qpc/ports/arm-cortex/qk/gnu/spy\libqk_cortex-m3_cs.a(qk_port.o)
 .debug_info    0x00004fcc      0x59d D:\software\qpc/ports/arm-cortex/qk/gnu/spy\libqf_cortex-m3_cs.a(qa_fifo.o)
 .debug_info    0x00005569      0x5d2 D:\software\qpc/ports/arm-cortex/qk/gnu/spy\libqf_cortex-m3_cs.a(qa_get_.o)
 .debug_info    0x00005b3b      0x5c9 D:\software\qpc/ports/arm-cortex/qk/gnu/spy\libqf_cortex-m3_cs.a(qa_sub.o)
 .debug_info    0x00006104      0x3c5 D:\software\qpc/ports/arm-cortex/qk/gnu/spy\libqf_cortex-m3_cs.a(qeq_init.o)
 .debug_info    0x000064c9      0x544 D:\software\qpc/ports/arm-cortex/qk/gnu/spy\libqf_cortex-m3_cs.a(qf_act.o)
 .debug_info    0x00006a0d      0x405 D:\software\qpc/ports/arm-cortex/qk/gnu/spy\libqf_cortex-m3_cs.a(qf_gc.o)
 .debug_info    0x00006e12       0x9e D:\software\qpc/ports/arm-cortex/qk/gnu/spy\libqf_cortex-m3_cs.a(qf_log2.o)
 .debug_info    0x00006eb0      0x423 D:\software\qpc/ports/arm-cortex/qk/gnu/spy\libqf_cortex-m3_cs.a(qf_new.o)
 .debug_info    0x000072d3      0x1ec D:\software\qpc/ports/arm-cortex/qk/gnu/spy\libqf_cortex-m3_cs.a(qf_pool.o)
 .debug_info    0x000074bf      0x13d D:\software\qpc/ports/arm-cortex/qk/gnu/spy\libqf_cortex-m3_cs.a(qf_psini.o)
 .debug_info    0x000075fc      0x5ba D:\software\qpc/ports/arm-cortex/qk/gnu/spy\libqf_cortex-m3_cs.a(qf_pspub.o)
 .debug_info    0x00007bb6       0xcc D:\software\qpc/ports/arm-cortex/qk/gnu/spy\libqf_cortex-m3_cs.a(qf_pwr2.o)
 .debug_info    0x00007c82      0x54e D:\software\qpc/ports/arm-cortex/qk/gnu/spy\libqf_cortex-m3_cs.a(qf_tick.o)
 .debug_info    0x000081d0      0x443 D:\software\qpc/ports/arm-cortex/qk/gnu/spy\libqf_cortex-m3_cs.a(qmp_get.o)
 .debug_info    0x00008613      0x3ff D:\software\qpc/ports/arm-cortex/qk/gnu/spy\libqf_cortex-m3_cs.a(qmp_init.o)
 .debug_info    0x00008a12      0x3bc D:\software\qpc/ports/arm-cortex/qk/gnu/spy\libqf_cortex-m3_cs.a(qmp_put.o)
 .debug_info    0x00008dce      0x32a D:\software\qpc/ports/arm-cortex/qk/gnu/spy\libqf_cortex-m3_cs.a(qte_ctor.o)
 .debug_info    0x000090f8      0x56c D:\software\qpc/ports/arm-cortex/qk/gnu/spy\libqf_cortex-m3_cs.a(qte_arm.o)
 .debug_info    0x00009664      0x467 D:\software\qpc/ports/arm-cortex/qk/gnu/spy\libqep_cortex-m3_cs.a(qhsm_ini.o)
 .debug_info    0x00009acb      0x49e D:\software\qpc/ports/arm-cortex/qk/gnu/spy\libqep_cortex-m3_cs.a(qhsm_dis.o)
 .debug_info    0x00009f69      0x16f D:\software\qpc/ports/arm-cortex/qk/gnu/spy\libqep_cortex-m3_cs.a(qhsm_top.o)
 .debug_info    0x0000a0d8      0x18a D:\software\qpc/ports/arm-cortex/qk/gnu/spy\libqep_cortex-m3_cs.a(qep.o)
 .debug_info    0x0000a262      0x381 D:\software\qpc/ports/arm-cortex/qk/gnu/spy\libqs_cortex-m3_cs.a(qs.o)
 .debug_info    0x0000a5e3      0x297 D:\software\qpc/ports/arm-cortex/qk/gnu/spy\libqs_cortex-m3_cs.a(qs_.o)
 .debug_info    0x0000a87a      0x16c D:\software\qpc/ports/arm-cortex/qk/gnu/spy\libqs_cortex-m3_cs.a(qs_blk.o)
 .debug_info    0x0000a9e6      0x1f0 D:\software\qpc/ports/arm-cortex/qk/gnu/spy\libqs_cortex-m3_cs.a(qs_str.o)

.debug_line     0x00000000     0x368a
 .debug_line    0x00000000      0x134 spy/main.o
 .debug_line    0x00000134      0x1a9 spy/table.o
 .debug_line    0x000002dd      0x24c spy/display96x16x1.o
 .debug_line    0x00000529      0x1c5 spy/philo.o
 .debug_line    0x000006ee      0x28d spy/bsp.o
 .debug_line    0x0000097b       0x73 spy/startup_lm3s.o
 .debug_line    0x000009ee      0x113 spy/core_cm3.o
 .debug_line    0x00000b01      0x19d spy/system_lm3s.o
 .debug_line    0x00000c9e      0x135 D:\software\qpc/ports/arm-cortex/qk/gnu/spy\libqk_cortex-m3_cs.a(qk.o)
 .debug_line    0x00000dd3      0x18c D:\software\qpc/ports/arm-cortex/qk/gnu/spy\libqk_cortex-m3_cs.a(qk_sched.o)
 .debug_line    0x00000f5f      0x143 D:\software\qpc/ports/arm-cortex/qk/gnu/spy\libqk_cortex-m3_cs.a(qk_mutex.o)
 .debug_line    0x000010a2       0x7d D:\software\qpc/ports/arm-cortex/qk/gnu/spy\libqk_cortex-m3_cs.a(qk_port.o)
 .debug_line    0x0000111f      0x16d D:\software\qpc/ports/arm-cortex/qk/gnu/spy\libqf_cortex-m3_cs.a(qa_fifo.o)
 .debug_line    0x0000128c      0x1a1 D:\software\qpc/ports/arm-cortex/qk/gnu/spy\libqf_cortex-m3_cs.a(qa_get_.o)
 .debug_line    0x0000142d      0x165 D:\software\qpc/ports/arm-cortex/qk/gnu/spy\libqf_cortex-m3_cs.a(qa_sub.o)
 .debug_line    0x00001592      0x114 D:\software\qpc/ports/arm-cortex/qk/gnu/spy\libqf_cortex-m3_cs.a(qeq_init.o)
 .debug_line    0x000016a6      0x170 D:\software\qpc/ports/arm-cortex/qk/gnu/spy\libqf_cortex-m3_cs.a(qf_act.o)
 .debug_line    0x00001816      0x15c D:\software\qpc/ports/arm-cortex/qk/gnu/spy\libqf_cortex-m3_cs.a(qf_gc.o)
 .debug_line    0x00001972       0xa7 D:\software\qpc/ports/arm-cortex/qk/gnu/spy\libqf_cortex-m3_cs.a(qf_log2.o)
 .debug_line    0x00001a19      0x14f D:\software\qpc/ports/arm-cortex/qk/gnu/spy\libqf_cortex-m3_cs.a(qf_new.o)
 .debug_line    0x00001b68      0x119 D:\software\qpc/ports/arm-cortex/qk/gnu/spy\libqf_cortex-m3_cs.a(qf_pool.o)
 .debug_line    0x00001c81      0x105 D:\software\qpc/ports/arm-cortex/qk/gnu/spy\libqf_cortex-m3_cs.a(qf_psini.o)
 .debug_line    0x00001d86      0x172 D:\software\qpc/ports/arm-cortex/qk/gnu/spy\libqf_cortex-m3_cs.a(qf_pspub.o)
 .debug_line    0x00001ef8       0xa7 D:\software\qpc/ports/arm-cortex/qk/gnu/spy\libqf_cortex-m3_cs.a(qf_pwr2.o)
 .debug_line    0x00001f9f      0x19f D:\software\qpc/ports/arm-cortex/qk/gnu/spy\libqf_cortex-m3_cs.a(qf_tick.o)
 .debug_line    0x0000213e      0x147 D:\software\qpc/ports/arm-cortex/qk/gnu/spy\libqf_cortex-m3_cs.a(qmp_get.o)
 .debug_line    0x00002285      0x15a D:\software\qpc/ports/arm-cortex/qk/gnu/spy\libqf_cortex-m3_cs.a(qmp_init.o)
 .debug_line    0x000023df      0x13f D:\software\qpc/ports/arm-cortex/qk/gnu/spy\libqf_cortex-m3_cs.a(qmp_put.o)
 .debug_line    0x0000251e      0x105 D:\software\qpc/ports/arm-cortex/qk/gnu/spy\libqf_cortex-m3_cs.a(qte_ctor.o)
 .debug_line    0x00002623      0x170 D:\software\qpc/ports/arm-cortex/qk/gnu/spy\libqf_cortex-m3_cs.a(qte_arm.o)
 .debug_line    0x00002793      0x1a4 D:\software\qpc/ports/arm-cortex/qk/gnu/spy\libqep_cortex-m3_cs.a(qhsm_ini.o)
 .debug_line    0x00002937      0x360 D:\software\qpc/ports/arm-cortex/qk/gnu/spy\libqep_cortex-m3_cs.a(qhsm_dis.o)
 .debug_line    0x00002c97       0xe2 D:\software\qpc/ports/arm-cortex/qk/gnu/spy\libqep_cortex-m3_cs.a(qhsm_top.o)
 .debug_line    0x00002d79      0x104 D:\software\qpc/ports/arm-cortex/qk/gnu/spy\libqep_cortex-m3_cs.a(qep.o)
 .debug_line    0x00002e7d      0x375 D:\software\qpc/ports/arm-cortex/qk/gnu/spy\libqs_cortex-m3_cs.a(qs.o)
 .debug_line    0x000031f2      0x261 D:\software\qpc/ports/arm-cortex/qk/gnu/spy\libqs_cortex-m3_cs.a(qs_.o)
 .debug_line    0x00003453       0xe4 D:\software\qpc/ports/arm-cortex/qk/gnu/spy\libqs_cortex-m3_cs.a(qs_blk.o)
 .debug_line    0x00003537      0x153 D:\software\qpc/ports/arm-cortex/qk/gnu/spy\libqs_cortex-m3_cs.a(qs_str.o)

.debug_loc      0x00000000     0x22bf
 .debug_loc     0x00000000       0x87 spy/main.o
 .debug_loc     0x00000087      0x1ba spy/table.o
 .debug_loc     0x00000241      0x362 spy/display96x16x1.o
 .debug_loc     0x000005a3      0x2cf spy/philo.o
 .debug_loc     0x00000872      0x2fe spy/bsp.o
 .debug_loc     0x00000b70       0x5e spy/startup_lm3s.o
 .debug_loc     0x00000bce      0x298 spy/core_cm3.o
 .debug_loc     0x00000e66      0x156 spy/system_lm3s.o
 .debug_loc     0x00000fbc      0x120 D:\software\qpc/ports/arm-cortex/qk/gnu/spy\libqk_cortex-m3_cs.a(qk.o)
 .debug_loc     0x000010dc       0xc0 D:\software\qpc/ports/arm-cortex/qk/gnu/spy\libqk_cortex-m3_cs.a(qk_sched.o)
 .debug_loc     0x0000119c       0x66 D:\software\qpc/ports/arm-cortex/qk/gnu/spy\libqk_cortex-m3_cs.a(qk_mutex.o)
 .debug_loc     0x00001202       0x9c D:\software\qpc/ports/arm-cortex/qk/gnu/spy\libqf_cortex-m3_cs.a(qa_fifo.o)
 .debug_loc     0x0000129e       0x90 D:\software\qpc/ports/arm-cortex/qk/gnu/spy\libqf_cortex-m3_cs.a(qa_get_.o)
 .debug_loc     0x0000132e       0x51 D:\software\qpc/ports/arm-cortex/qk/gnu/spy\libqf_cortex-m3_cs.a(qa_sub.o)
 .debug_loc     0x0000137f       0x64 D:\software\qpc/ports/arm-cortex/qk/gnu/spy\libqf_cortex-m3_cs.a(qeq_init.o)
 .debug_loc     0x000013e3       0x7c D:\software\qpc/ports/arm-cortex/qk/gnu/spy\libqf_cortex-m3_cs.a(qf_act.o)
 .debug_loc     0x0000145f       0x51 D:\software\qpc/ports/arm-cortex/qk/gnu/spy\libqf_cortex-m3_cs.a(qf_gc.o)
 .debug_loc     0x000014b0       0x99 D:\software\qpc/ports/arm-cortex/qk/gnu/spy\libqf_cortex-m3_cs.a(qf_new.o)
 .debug_loc     0x00001549       0x6f D:\software\qpc/ports/arm-cortex/qk/gnu/spy\libqf_cortex-m3_cs.a(qf_pool.o)
 .debug_loc     0x000015b8       0xc9 D:\software\qpc/ports/arm-cortex/qk/gnu/spy\libqf_cortex-m3_cs.a(qf_pspub.o)
 .debug_loc     0x00001681       0x68 D:\software\qpc/ports/arm-cortex/qk/gnu/spy\libqf_cortex-m3_cs.a(qf_tick.o)
 .debug_loc     0x000016e9       0xa7 D:\software\qpc/ports/arm-cortex/qk/gnu/spy\libqf_cortex-m3_cs.a(qmp_get.o)
 .debug_loc     0x00001790      0x13c D:\software\qpc/ports/arm-cortex/qk/gnu/spy\libqf_cortex-m3_cs.a(qmp_init.o)
 .debug_loc     0x000018cc       0x5c D:\software\qpc/ports/arm-cortex/qk/gnu/spy\libqf_cortex-m3_cs.a(qmp_put.o)
 .debug_loc     0x00001928       0x51 D:\software\qpc/ports/arm-cortex/qk/gnu/spy\libqf_cortex-m3_cs.a(qte_ctor.o)
 .debug_loc     0x00001979       0x6f D:\software\qpc/ports/arm-cortex/qk/gnu/spy\libqf_cortex-m3_cs.a(qte_arm.o)
 .debug_loc     0x000019e8       0xd3 D:\software\qpc/ports/arm-cortex/qk/gnu/spy\libqep_cortex-m3_cs.a(qhsm_ini.o)
 .debug_loc     0x00001abb      0x396 D:\software\qpc/ports/arm-cortex/qk/gnu/spy\libqep_cortex-m3_cs.a(qhsm_dis.o)
 .debug_loc     0x00001e51       0x13 D:\software\qpc/ports/arm-cortex/qk/gnu/spy\libqep_cortex-m3_cs.a(qhsm_top.o)
 .debug_loc     0x00001e64      0x1bc D:\software\qpc/ports/arm-cortex/qk/gnu/spy\libqs_cortex-m3_cs.a(qs.o)
 .debug_loc     0x00002020      0x182 D:\software\qpc/ports/arm-cortex/qk/gnu/spy\libqs_cortex-m3_cs.a(qs_.o)
 .debug_loc     0x000021a2       0x99 D:\software\qpc/ports/arm-cortex/qk/gnu/spy\libqs_cortex-m3_cs.a(qs_blk.o)
 .debug_loc     0x0000223b       0x84 D:\software\qpc/ports/arm-cortex/qk/gnu/spy\libqs_cortex-m3_cs.a(qs_str.o)

.debug_pubnames
                0x00000000      0xb52
 .debug_pubnames
                0x00000000       0x1b spy/main.o
 .debug_pubnames
                0x0000001b       0x2e spy/table.o
 .debug_pubnames
                0x00000049       0xc3 spy/display96x16x1.o
 .debug_pubnames
                0x0000010c       0x2e spy/philo.o
 .debug_pubnames
                0x0000013a      0x13d spy/bsp.o
 .debug_pubnames
                0x00000277       0x54 spy/startup_lm3s.o
 .debug_pubnames
                0x000002cb      0x159 spy/core_cm3.o
 .debug_pubnames
                0x00000424       0x35 spy/system_lm3s.o
 .debug_pubnames
                0x00000459       0x9c D:\software\qpc/ports/arm-cortex/qk/gnu/spy\libqk_cortex-m3_cs.a(qk.o)
 .debug_pubnames
                0x000004f5       0x23 D:\software\qpc/ports/arm-cortex/qk/gnu/spy\libqk_cortex-m3_cs.a(qk_sched.o)
 .debug_pubnames
                0x00000518       0x4a D:\software\qpc/ports/arm-cortex/qk/gnu/spy\libqk_cortex-m3_cs.a(qk_mutex.o)
 .debug_pubnames
                0x00000562       0x27 D:\software\qpc/ports/arm-cortex/qk/gnu/spy\libqf_cortex-m3_cs.a(qa_fifo.o)
 .debug_pubnames
                0x00000589       0x39 D:\software\qpc/ports/arm-cortex/qk/gnu/spy\libqf_cortex-m3_cs.a(qa_get_.o)
 .debug_pubnames
                0x000005c2       0x28 D:\software\qpc/ports/arm-cortex/qk/gnu/spy\libqf_cortex-m3_cs.a(qa_sub.o)
 .debug_pubnames
                0x000005ea       0x23 D:\software\qpc/ports/arm-cortex/qk/gnu/spy\libqf_cortex-m3_cs.a(qeq_init.o)
 .debug_pubnames
                0x0000060d       0x62 D:\software\qpc/ports/arm-cortex/qk/gnu/spy\libqf_cortex-m3_cs.a(qf_act.o)
 .debug_pubnames
                0x0000066f       0x1c D:\software\qpc/ports/arm-cortex/qk/gnu/spy\libqf_cortex-m3_cs.a(qf_gc.o)
 .debug_pubnames
                0x0000068b       0x22 D:\software\qpc/ports/arm-cortex/qk/gnu/spy\libqf_cortex-m3_cs.a(qf_log2.o)
 .debug_pubnames
                0x000006ad       0x1e D:\software\qpc/ports/arm-cortex/qk/gnu/spy\libqf_cortex-m3_cs.a(qf_new.o)
 .debug_pubnames
                0x000006cb       0x3f D:\software\qpc/ports/arm-cortex/qk/gnu/spy\libqf_cortex-m3_cs.a(qf_pool.o)
 .debug_pubnames
                0x0000070a       0x45 D:\software\qpc/ports/arm-cortex/qk/gnu/spy\libqf_cortex-m3_cs.a(qf_psini.o)
 .debug_pubnames
                0x0000074f       0x21 D:\software\qpc/ports/arm-cortex/qk/gnu/spy\libqf_cortex-m3_cs.a(qf_pspub.o)
 .debug_pubnames
                0x00000770       0x45 D:\software\qpc/ports/arm-cortex/qk/gnu/spy\libqf_cortex-m3_cs.a(qf_pwr2.o)
 .debug_pubnames
                0x000007b5       0x1e D:\software\qpc/ports/arm-cortex/qk/gnu/spy\libqf_cortex-m3_cs.a(qf_tick.o)
 .debug_pubnames
                0x000007d3       0x36 D:\software\qpc/ports/arm-cortex/qk/gnu/spy\libqf_cortex-m3_cs.a(qmp_get.o)
 .debug_pubnames
                0x00000809       0x22 D:\software\qpc/ports/arm-cortex/qk/gnu/spy\libqf_cortex-m3_cs.a(qmp_init.o)
 .debug_pubnames
                0x0000082b       0x21 D:\software\qpc/ports/arm-cortex/qk/gnu/spy\libqf_cortex-m3_cs.a(qmp_put.o)
 .debug_pubnames
                0x0000084c       0x24 D:\software\qpc/ports/arm-cortex/qk/gnu/spy\libqf_cortex-m3_cs.a(qte_ctor.o)
 .debug_pubnames
                0x00000870       0x3c D:\software\qpc/ports/arm-cortex/qk/gnu/spy\libqf_cortex-m3_cs.a(qte_arm.o)
 .debug_pubnames
                0x000008ac       0x20 D:\software\qpc/ports/arm-cortex/qk/gnu/spy\libqep_cortex-m3_cs.a(qhsm_ini.o)
 .debug_pubnames
                0x000008cc       0x24 D:\software\qpc/ports/arm-cortex/qk/gnu/spy\libqep_cortex-m3_cs.a(qhsm_dis.o)
 .debug_pubnames
                0x000008f0       0x1f D:\software\qpc/ports/arm-cortex/qk/gnu/spy\libqep_cortex-m3_cs.a(qhsm_top.o)
 .debug_pubnames
                0x0000090f       0x3a D:\software\qpc/ports/arm-cortex/qk/gnu/spy\libqep_cortex-m3_cs.a(qep.o)
 .debug_pubnames
                0x00000949      0x106 D:\software\qpc/ports/arm-cortex/qk/gnu/spy\libqs_cortex-m3_cs.a(qs.o)
 .debug_pubnames
                0x00000a4f       0xb5 D:\software\qpc/ports/arm-cortex/qk/gnu/spy\libqs_cortex-m3_cs.a(qs_.o)
 .debug_pubnames
                0x00000b04       0x22 D:\software\qpc/ports/arm-cortex/qk/gnu/spy\libqs_cortex-m3_cs.a(qs_blk.o)
 .debug_pubnames
                0x00000b26       0x2c D:\software\qpc/ports/arm-cortex/qk/gnu/spy\libqs_cortex-m3_cs.a(qs_str.o)

.debug_pubtypes
                0x00000000     0x1a1c
 .debug_pubtypes
                0x00000000      0x13b spy/main.o
 .debug_pubtypes
                0x0000013b      0x153 spy/table.o
 .debug_pubtypes
                0x0000028e       0x5d spy/display96x16x1.o
 .debug_pubtypes
                0x000002eb      0x186 spy/philo.o
 .debug_pubtypes
                0x00000471      0x1be spy/bsp.o
 .debug_pubtypes
                0x0000062f       0x3c spy/startup_lm3s.o
 .debug_pubtypes
                0x0000066b       0x50 spy/core_cm3.o
 .debug_pubtypes
                0x000006bb       0x3b spy/system_lm3s.o
 .debug_pubtypes
                0x000006f6      0x108 D:\software\qpc/ports/arm-cortex/qk/gnu/spy\libqk_cortex-m3_cs.a(qk.o)
 .debug_pubtypes
                0x000007fe      0x10b D:\software\qpc/ports/arm-cortex/qk/gnu/spy\libqk_cortex-m3_cs.a(qk_sched.o)
 .debug_pubtypes
                0x00000909       0x39 D:\software\qpc/ports/arm-cortex/qk/gnu/spy\libqk_cortex-m3_cs.a(qk_mutex.o)
 .debug_pubtypes
                0x00000942      0x118 D:\software\qpc/ports/arm-cortex/qk/gnu/spy\libqf_cortex-m3_cs.a(qa_fifo.o)
 .debug_pubtypes
                0x00000a5a      0x118 D:\software\qpc/ports/arm-cortex/qk/gnu/spy\libqf_cortex-m3_cs.a(qa_get_.o)
 .debug_pubtypes
                0x00000b72      0x11c D:\software\qpc/ports/arm-cortex/qk/gnu/spy\libqf_cortex-m3_cs.a(qa_sub.o)
 .debug_pubtypes
                0x00000c8e       0x97 D:\software\qpc/ports/arm-cortex/qk/gnu/spy\libqf_cortex-m3_cs.a(qeq_init.o)
 .debug_pubtypes
                0x00000d25       0xe4 D:\software\qpc/ports/arm-cortex/qk/gnu/spy\libqf_cortex-m3_cs.a(qf_act.o)
 .debug_pubtypes
                0x00000e09       0x96 D:\software\qpc/ports/arm-cortex/qk/gnu/spy\libqf_cortex-m3_cs.a(qf_gc.o)
 .debug_pubtypes
                0x00000e9f       0x1e D:\software\qpc/ports/arm-cortex/qk/gnu/spy\libqf_cortex-m3_cs.a(qf_log2.o)
 .debug_pubtypes
                0x00000ebd       0xa5 D:\software\qpc/ports/arm-cortex/qk/gnu/spy\libqf_cortex-m3_cs.a(qf_new.o)
 .debug_pubtypes
                0x00000f62       0x7d D:\software\qpc/ports/arm-cortex/qk/gnu/spy\libqf_cortex-m3_cs.a(qf_pool.o)
 .debug_pubtypes
                0x00000fdf       0x5a D:\software\qpc/ports/arm-cortex/qk/gnu/spy\libqf_cortex-m3_cs.a(qf_psini.o)
 .debug_pubtypes
                0x00001039      0x107 D:\software\qpc/ports/arm-cortex/qk/gnu/spy\libqf_cortex-m3_cs.a(qf_pspub.o)
 .debug_pubtypes
                0x00001140       0x1e D:\software\qpc/ports/arm-cortex/qk/gnu/spy\libqf_cortex-m3_cs.a(qf_pwr2.o)
 .debug_pubtypes
                0x0000115e      0x11f D:\software\qpc/ports/arm-cortex/qk/gnu/spy\libqf_cortex-m3_cs.a(qf_tick.o)
 .debug_pubtypes
                0x0000127d       0x9f D:\software\qpc/ports/arm-cortex/qk/gnu/spy\libqf_cortex-m3_cs.a(qmp_get.o)
 .debug_pubtypes
                0x0000131c       0x9f D:\software\qpc/ports/arm-cortex/qk/gnu/spy\libqf_cortex-m3_cs.a(qmp_init.o)
 .debug_pubtypes
                0x000013bb       0x9f D:\software\qpc/ports/arm-cortex/qk/gnu/spy\libqf_cortex-m3_cs.a(qmp_put.o)
 .debug_pubtypes
                0x0000145a      0x109 D:\software\qpc/ports/arm-cortex/qk/gnu/spy\libqf_cortex-m3_cs.a(qte_ctor.o)
 .debug_pubtypes
                0x00001563      0x126 D:\software\qpc/ports/arm-cortex/qk/gnu/spy\libqf_cortex-m3_cs.a(qte_arm.o)
 .debug_pubtypes
                0x00001689       0xcc D:\software\qpc/ports/arm-cortex/qk/gnu/spy\libqep_cortex-m3_cs.a(qhsm_ini.o)
 .debug_pubtypes
                0x00001755       0xcc D:\software\qpc/ports/arm-cortex/qk/gnu/spy\libqep_cortex-m3_cs.a(qhsm_dis.o)
 .debug_pubtypes
                0x00001821       0x82 D:\software\qpc/ports/arm-cortex/qk/gnu/spy\libqep_cortex-m3_cs.a(qhsm_top.o)
 .debug_pubtypes
                0x000018a3       0x72 D:\software\qpc/ports/arm-cortex/qk/gnu/spy\libqep_cortex-m3_cs.a(qep.o)
 .debug_pubtypes
                0x00001915       0x42 D:\software\qpc/ports/arm-cortex/qk/gnu/spy\libqs_cortex-m3_cs.a(qs.o)
 .debug_pubtypes
                0x00001957       0x50 D:\software\qpc/ports/arm-cortex/qk/gnu/spy\libqs_cortex-m3_cs.a(qs_.o)
 .debug_pubtypes
                0x000019a7       0x35 D:\software\qpc/ports/arm-cortex/qk/gnu/spy\libqs_cortex-m3_cs.a(qs_blk.o)
 .debug_pubtypes
                0x000019dc       0x40 D:\software\qpc/ports/arm-cortex/qk/gnu/spy\libqs_cortex-m3_cs.a(qs_str.o)

.debug_aranges  0x00000000      0x490
 .debug_aranges
                0x00000000       0x20 spy/main.o
 .debug_aranges
                0x00000020       0x20 spy/table.o
 .debug_aranges
                0x00000040       0x20 spy/display96x16x1.o
 .debug_aranges
                0x00000060       0x20 spy/philo.o
 .debug_aranges
                0x00000080       0x20 spy/bsp.o
 .debug_aranges
                0x000000a0       0x20 spy/startup_lm3s.o
 .debug_aranges
                0x000000c0       0x20 spy/core_cm3.o
 .debug_aranges
                0x000000e0       0x20 spy/system_lm3s.o
 .debug_aranges
                0x00000100       0x20 D:\software\qpc/ports/arm-cortex/qk/gnu/spy\libqk_cortex-m3_cs.a(qk.o)
 .debug_aranges
                0x00000120       0x20 D:\software\qpc/ports/arm-cortex/qk/gnu/spy\libqk_cortex-m3_cs.a(qk_sched.o)
 .debug_aranges
                0x00000140       0x20 D:\software\qpc/ports/arm-cortex/qk/gnu/spy\libqk_cortex-m3_cs.a(qk_mutex.o)
 .debug_aranges
                0x00000160       0x30 D:\software\qpc/ports/arm-cortex/qk/gnu/spy\libqk_cortex-m3_cs.a(qk_port.o)
 .debug_aranges
                0x00000190       0x20 D:\software\qpc/ports/arm-cortex/qk/gnu/spy\libqf_cortex-m3_cs.a(qa_fifo.o)
 .debug_aranges
                0x000001b0       0x20 D:\software\qpc/ports/arm-cortex/qk/gnu/spy\libqf_cortex-m3_cs.a(qa_get_.o)
 .debug_aranges
                0x000001d0       0x20 D:\software\qpc/ports/arm-cortex/qk/gnu/spy\libqf_cortex-m3_cs.a(qa_sub.o)
 .debug_aranges
                0x000001f0       0x20 D:\software\qpc/ports/arm-cortex/qk/gnu/spy\libqf_cortex-m3_cs.a(qeq_init.o)
 .debug_aranges
                0x00000210       0x20 D:\software\qpc/ports/arm-cortex/qk/gnu/spy\libqf_cortex-m3_cs.a(qf_act.o)
 .debug_aranges
                0x00000230       0x20 D:\software\qpc/ports/arm-cortex/qk/gnu/spy\libqf_cortex-m3_cs.a(qf_gc.o)
 .debug_aranges
                0x00000250       0x20 D:\software\qpc/ports/arm-cortex/qk/gnu/spy\libqf_cortex-m3_cs.a(qf_new.o)
 .debug_aranges
                0x00000270       0x20 D:\software\qpc/ports/arm-cortex/qk/gnu/spy\libqf_cortex-m3_cs.a(qf_pool.o)
 .debug_aranges
                0x00000290       0x20 D:\software\qpc/ports/arm-cortex/qk/gnu/spy\libqf_cortex-m3_cs.a(qf_psini.o)
 .debug_aranges
                0x000002b0       0x20 D:\software\qpc/ports/arm-cortex/qk/gnu/spy\libqf_cortex-m3_cs.a(qf_pspub.o)
 .debug_aranges
                0x000002d0       0x20 D:\software\qpc/ports/arm-cortex/qk/gnu/spy\libqf_cortex-m3_cs.a(qf_tick.o)
 .debug_aranges
                0x000002f0       0x20 D:\software\qpc/ports/arm-cortex/qk/gnu/spy\libqf_cortex-m3_cs.a(qmp_get.o)
 .debug_aranges
                0x00000310       0x20 D:\software\qpc/ports/arm-cortex/qk/gnu/spy\libqf_cortex-m3_cs.a(qmp_init.o)
 .debug_aranges
                0x00000330       0x20 D:\software\qpc/ports/arm-cortex/qk/gnu/spy\libqf_cortex-m3_cs.a(qmp_put.o)
 .debug_aranges
                0x00000350       0x20 D:\software\qpc/ports/arm-cortex/qk/gnu/spy\libqf_cortex-m3_cs.a(qte_ctor.o)
 .debug_aranges
                0x00000370       0x20 D:\software\qpc/ports/arm-cortex/qk/gnu/spy\libqf_cortex-m3_cs.a(qte_arm.o)
 .debug_aranges
                0x00000390       0x20 D:\software\qpc/ports/arm-cortex/qk/gnu/spy\libqep_cortex-m3_cs.a(qhsm_ini.o)
 .debug_aranges
                0x000003b0       0x20 D:\software\qpc/ports/arm-cortex/qk/gnu/spy\libqep_cortex-m3_cs.a(qhsm_dis.o)
 .debug_aranges
                0x000003d0       0x20 D:\software\qpc/ports/arm-cortex/qk/gnu/spy\libqep_cortex-m3_cs.a(qhsm_top.o)
 .debug_aranges
                0x000003f0       0x20 D:\software\qpc/ports/arm-cortex/qk/gnu/spy\libqep_cortex-m3_cs.a(qep.o)
 .debug_aranges
                0x00000410       0x20 D:\software\qpc/ports/arm-cortex/qk/gnu/spy\libqs_cortex-m3_cs.a(qs.o)
 .debug_aranges
                0x00000430       0x20 D:\software\qpc/ports/arm-cortex/qk/gnu/spy\libqs_cortex-m3_cs.a(qs_.o)
 .debug_aranges
                0x00000450       0x20 D:\software\qpc/ports/arm-cortex/qk/gnu/spy\libqs_cortex-m3_cs.a(qs_blk.o)
 .debug_aranges
                0x00000470       0x20 D:\software\qpc/ports/arm-cortex/qk/gnu/spy\libqs_cortex-m3_cs.a(qs_str.o)

.debug_str      0x00000000     0x1cc9
 .debug_str     0x00000000      0x76b spy/main.o
                                0x7a4 (size before relaxing)
 .debug_str     0x0000076b       0xa7 spy/table.o
                                0x7cd (size before relaxing)
 .debug_str     0x00000812      0x306 spy/display96x16x1.o
                                0x439 (size before relaxing)
 .debug_str     0x00000b18       0xbe spy/philo.o
                                0x832 (size before relaxing)
 .debug_str     0x00000bd6      0x60f spy/bsp.o
                                0xede (size before relaxing)
 .debug_str     0x000011e5       0xd5 spy/startup_lm3s.o
                                0x136 (size before relaxing)
 .debug_str     0x000012ba      0x14a spy/core_cm3.o
                                0x241 (size before relaxing)
 .debug_str     0x00001404       0x43 spy/system_lm3s.o
                                0x23d (size before relaxing)
 .debug_str     0x00001447       0xd3 D:\software\qpc/ports/arm-cortex/qk/gnu/spy\libqk_cortex-m3_cs.a(qk.o)
                                0x26b (size before relaxing)
 .debug_str     0x0000151a       0x5f D:\software\qpc/ports/arm-cortex/qk/gnu/spy\libqk_cortex-m3_cs.a(qk_sched.o)
                                0x720 (size before relaxing)
 .debug_str     0x00001579       0x56 D:\software\qpc/ports/arm-cortex/qk/gnu/spy\libqk_cortex-m3_cs.a(qk_mutex.o)
                                0x5f8 (size before relaxing)
 .debug_str     0x000015cf       0x50 D:\software\qpc/ports/arm-cortex/qk/gnu/spy\libqf_cortex-m3_cs.a(qa_fifo.o)
                                0x717 (size before relaxing)
 .debug_str     0x0000161f       0x55 D:\software\qpc/ports/arm-cortex/qk/gnu/spy\libqf_cortex-m3_cs.a(qa_get_.o)
                                0x727 (size before relaxing)
 .debug_str     0x00001674       0x4e D:\software\qpc/ports/arm-cortex/qk/gnu/spy\libqf_cortex-m3_cs.a(qa_sub.o)
                                0x74d (size before relaxing)
 .debug_str     0x000016c2       0x38 D:\software\qpc/ports/arm-cortex/qk/gnu/spy\libqf_cortex-m3_cs.a(qeq_init.o)
                                0x650 (size before relaxing)
 .debug_str     0x000016fa       0x50 D:\software\qpc/ports/arm-cortex/qk/gnu/spy\libqf_cortex-m3_cs.a(qf_act.o)
                                0x6e1 (size before relaxing)
 .debug_str     0x0000174a       0x73 D:\software\qpc/ports/arm-cortex/qk/gnu/spy\libqf_cortex-m3_cs.a(qf_gc.o)
                                0x659 (size before relaxing)
 .debug_str     0x000017bd       0x20 D:\software\qpc/ports/arm-cortex/qk/gnu/spy\libqf_cortex-m3_cs.a(qf_log2.o)
                                 0xec (size before relaxing)
 .debug_str     0x000017dd       0x3a D:\software\qpc/ports/arm-cortex/qk/gnu/spy\libqf_cortex-m3_cs.a(qf_new.o)
                                0x66f (size before relaxing)
 .debug_str     0x00001817       0x3d D:\software\qpc/ports/arm-cortex/qk/gnu/spy\libqf_cortex-m3_cs.a(qf_pool.o)
                                0x193 (size before relaxing)
 .debug_str     0x00001854       0x35 D:\software\qpc/ports/arm-cortex/qk/gnu/spy\libqf_cortex-m3_cs.a(qf_psini.o)
                                0x14d (size before relaxing)
 .debug_str     0x00001889       0x2c D:\software\qpc/ports/arm-cortex/qk/gnu/spy\libqf_cortex-m3_cs.a(qf_pspub.o)
                                0x70a (size before relaxing)
 .debug_str     0x000018b5       0x20 D:\software\qpc/ports/arm-cortex/qk/gnu/spy\libqf_cortex-m3_cs.a(qf_pwr2.o)
                                0x107 (size before relaxing)
 .debug_str     0x000018d5       0x52 D:\software\qpc/ports/arm-cortex/qk/gnu/spy\libqf_cortex-m3_cs.a(qf_tick.o)
                                0x700 (size before relaxing)
 .debug_str     0x00001927       0x66 D:\software\qpc/ports/arm-cortex/qk/gnu/spy\libqf_cortex-m3_cs.a(qmp_get.o)
                                0x687 (size before relaxing)
 .debug_str     0x0000198d       0x35 D:\software\qpc/ports/arm-cortex/qk/gnu/spy\libqf_cortex-m3_cs.a(qmp_init.o)
                                0x66e (size before relaxing)
 .debug_str     0x000019c2       0x2b D:\software\qpc/ports/arm-cortex/qk/gnu/spy\libqf_cortex-m3_cs.a(qmp_put.o)
                                0x653 (size before relaxing)
 .debug_str     0x000019ed       0x2f D:\software\qpc/ports/arm-cortex/qk/gnu/spy\libqf_cortex-m3_cs.a(qte_ctor.o)
                                0x23a (size before relaxing)
 .debug_str     0x00001a1c       0x35 D:\software\qpc/ports/arm-cortex/qk/gnu/spy\libqf_cortex-m3_cs.a(qte_arm.o)
                                0x739 (size before relaxing)
 .debug_str     0x00001a51       0x78 D:\software\qpc/ports/arm-cortex/qk/gnu/spy\libqep_cortex-m3_cs.a(qhsm_ini.o)
                                0x6c3 (size before relaxing)
 .debug_str     0x00001ac9       0x30 D:\software\qpc/ports/arm-cortex/qk/gnu/spy\libqep_cortex-m3_cs.a(qhsm_dis.o)
                                0x6c7 (size before relaxing)
 .debug_str     0x00001af9       0x2b D:\software\qpc/ports/arm-cortex/qk/gnu/spy\libqep_cortex-m3_cs.a(qhsm_top.o)
                                0x145 (size before relaxing)
 .debug_str     0x00001b24       0x2c D:\software\qpc/ports/arm-cortex/qk/gnu/spy\libqep_cortex-m3_cs.a(qep.o)
                                0x1a6 (size before relaxing)
 .debug_str     0x00001b50       0xce D:\software\qpc/ports/arm-cortex/qk/gnu/spy\libqs_cortex-m3_cs.a(qs.o)
                                0x1bb (size before relaxing)
 .debug_str     0x00001c1e       0x47 D:\software\qpc/ports/arm-cortex/qk/gnu/spy\libqs_cortex-m3_cs.a(qs_.o)
                                0x1a4 (size before relaxing)
 .debug_str     0x00001c65       0x33 D:\software\qpc/ports/arm-cortex/qk/gnu/spy\libqs_cortex-m3_cs.a(qs_blk.o)
                                0x12b (size before relaxing)
 .debug_str     0x00001c98       0x31 D:\software\qpc/ports/arm-cortex/qk/gnu/spy\libqs_cortex-m3_cs.a(qs_str.o)
                                0x1cc (size before relaxing)

.comment        0x00000000       0x2b
 .comment       0x00000000       0x2b spy/main.o
                                 0x2c (size before relaxing)
 .comment       0x00000000       0x2c spy/table.o
 .comment       0x00000000       0x2c spy/display96x16x1.o
 .comment       0x00000000       0x2c spy/philo.o
 .comment       0x00000000       0x2c spy/bsp.o
 .comment       0x00000000       0x2c spy/startup_lm3s.o
 .comment       0x00000000       0x2c spy/core_cm3.o
 .comment       0x00000000       0x2c spy/system_lm3s.o
 .comment       0x00000000       0x2c D:\software\qpc/ports/arm-cortex/qk/gnu/spy\libqk_cortex-m3_cs.a(qk.o)
 .comment       0x00000000       0x2c D:\software\qpc/ports/arm-cortex/qk/gnu/spy\libqk_cortex-m3_cs.a(qk_sched.o)
 .comment       0x00000000       0x2c D:\software\qpc/ports/arm-cortex/qk/gnu/spy\libqk_cortex-m3_cs.a(qk_mutex.o)
 .comment       0x00000000       0x2c D:\software\qpc/ports/arm-cortex/qk/gnu/spy\libqf_cortex-m3_cs.a(qa_fifo.o)
 .comment       0x00000000       0x2c D:\software\qpc/ports/arm-cortex/qk/gnu/spy\libqf_cortex-m3_cs.a(qa_get_.o)
 .comment       0x00000000       0x2c D:\software\qpc/ports/arm-cortex/qk/gnu/spy\libqf_cortex-m3_cs.a(qa_sub.o)
 .comment       0x00000000       0x2c D:\software\qpc/ports/arm-cortex/qk/gnu/spy\libqf_cortex-m3_cs.a(qeq_init.o)
 .comment       0x00000000       0x2c D:\software\qpc/ports/arm-cortex/qk/gnu/spy\libqf_cortex-m3_cs.a(qf_act.o)
 .comment       0x00000000       0x2c D:\software\qpc/ports/arm-cortex/qk/gnu/spy\libqf_cortex-m3_cs.a(qf_gc.o)
 .comment       0x00000000       0x2c D:\software\qpc/ports/arm-cortex/qk/gnu/spy\libqf_cortex-m3_cs.a(qf_log2.o)
 .comment       0x00000000       0x2c D:\software\qpc/ports/arm-cortex/qk/gnu/spy\libqf_cortex-m3_cs.a(qf_new.o)
 .comment       0x00000000       0x2c D:\software\qpc/ports/arm-cortex/qk/gnu/spy\libqf_cortex-m3_cs.a(qf_pool.o)
 .comment       0x00000000       0x2c D:\software\qpc/ports/arm-cortex/qk/gnu/spy\libqf_cortex-m3_cs.a(qf_psini.o)
 .comment       0x00000000       0x2c D:\software\qpc/ports/arm-cortex/qk/gnu/spy\libqf_cortex-m3_cs.a(qf_pspub.o)
 .comment       0x00000000       0x2c D:\software\qpc/ports/arm-cortex/qk/gnu/spy\libqf_cortex-m3_cs.a(qf_pwr2.o)
 .comment       0x00000000       0x2c D:\software\qpc/ports/arm-cortex/qk/gnu/spy\libqf_cortex-m3_cs.a(qf_tick.o)
 .comment       0x00000000       0x2c D:\software\qpc/ports/arm-cortex/qk/gnu/spy\libqf_cortex-m3_cs.a(qmp_get.o)
 .comment       0x00000000       0x2c D:\software\qpc/ports/arm-cortex/qk/gnu/spy\libqf_cortex-m3_cs.a(qmp_init.o)
 .comment       0x00000000       0x2c D:\software\qpc/ports/arm-cortex/qk/gnu/spy\libqf_cortex-m3_cs.a(qmp_put.o)
 .comment       0x00000000       0x2c D:\software\qpc/ports/arm-cortex/qk/gnu/spy\libqf_cortex-m3_cs.a(qte_ctor.o)
 .comment       0x00000000       0x2c D:\software\qpc/ports/arm-cortex/qk/gnu/spy\libqf_cortex-m3_cs.a(qte_arm.o)
 .comment       0x00000000       0x2c D:\software\qpc/ports/arm-cortex/qk/gnu/spy\libqep_cortex-m3_cs.a(qhsm_ini.o)
 .comment       0x00000000       0x2c D:\software\qpc/ports/arm-cortex/qk/gnu/spy\libqep_cortex-m3_cs.a(qhsm_dis.o)
 .comment       0x00000000       0x2c D:\software\qpc/ports/arm-cortex/qk/gnu/spy\libqep_cortex-m3_cs.a(qhsm_top.o)
 .comment       0x00000000       0x2c D:\software\qpc/ports/arm-cortex/qk/gnu/spy\libqep_cortex-m3_cs.a(qep.o)
 .comment       0x00000000       0x2c D:\software\qpc/ports/arm-cortex/qk/gnu/spy\libqs_cortex-m3_cs.a(qs.o)
 .comment       0x00000000       0x2c D:\software\qpc/ports/arm-cortex/qk/gnu/spy\libqs_cortex-m3_cs.a(qs_.o)
 .comment       0x00000000       0x2c D:\software\qpc/ports/arm-cortex/qk/gnu/spy\libqs_cortex-m3_cs.a(qs_blk.o)
 .comment       0x00000000       0x2c D:\software\qpc/ports/arm-cortex/qk/gnu/spy\libqs_cortex-m3_cs.a(qs_str.o)

.ARM.attributes
                0x00000000       0x2f
 .ARM.attributes
                0x00000000       0x31 spy/main.o
 .ARM.attributes
                0x00000031       0x31 spy/table.o
 .ARM.attributes
                0x00000062       0x31 spy/display96x16x1.o
 .ARM.attributes
                0x00000093       0x31 spy/philo.o
 .ARM.attributes
                0x000000c4       0x31 spy/bsp.o
 .ARM.attributes
                0x000000f5       0x31 spy/startup_lm3s.o
 .ARM.attributes
                0x00000126       0x31 spy/core_cm3.o
 .ARM.attributes
                0x00000157       0x31 spy/system_lm3s.o
 .ARM.attributes
                0x00000188       0x31 D:\software\qpc/ports/arm-cortex/qk/gnu/spy\libqk_cortex-m3_cs.a(qk.o)
 .ARM.attributes
                0x000001b9       0x31 D:\software\qpc/ports/arm-cortex/qk/gnu/spy\libqk_cortex-m3_cs.a(qk_sched.o)
 .ARM.attributes
                0x000001ea       0x31 D:\software\qpc/ports/arm-cortex/qk/gnu/spy\libqk_cortex-m3_cs.a(qk_mutex.o)
 .ARM.attributes
                0x0000021b       0x21 D:\software\qpc/ports/arm-cortex/qk/gnu/spy\libqk_cortex-m3_cs.a(qk_port.o)
 .ARM.attributes
                0x0000023c       0x31 D:\software\qpc/ports/arm-cortex/qk/gnu/spy\libqf_cortex-m3_cs.a(qa_fifo.o)
 .ARM.attributes
                0x0000026d       0x31 D:\software\qpc/ports/arm-cortex/qk/gnu/spy\libqf_cortex-m3_cs.a(qa_get_.o)
 .ARM.attributes
                0x0000029e       0x31 D:\software\qpc/ports/arm-cortex/qk/gnu/spy\libqf_cortex-m3_cs.a(qa_sub.o)
 .ARM.attributes
                0x000002cf       0x31 D:\software\qpc/ports/arm-cortex/qk/gnu/spy\libqf_cortex-m3_cs.a(qeq_init.o)
 .ARM.attributes
                0x00000300       0x31 D:\software\qpc/ports/arm-cortex/qk/gnu/spy\libqf_cortex-m3_cs.a(qf_act.o)
 .ARM.attributes
                0x00000331       0x31 D:\software\qpc/ports/arm-cortex/qk/gnu/spy\libqf_cortex-m3_cs.a(qf_gc.o)
 .ARM.attributes
                0x00000362       0x31 D:\software\qpc/ports/arm-cortex/qk/gnu/spy\libqf_cortex-m3_cs.a(qf_log2.o)
 .ARM.attributes
                0x00000393       0x31 D:\software\qpc/ports/arm-cortex/qk/gnu/spy\libqf_cortex-m3_cs.a(qf_new.o)
 .ARM.attributes
                0x000003c4       0x31 D:\software\qpc/ports/arm-cortex/qk/gnu/spy\libqf_cortex-m3_cs.a(qf_pool.o)
 .ARM.attributes
                0x000003f5       0x31 D:\software\qpc/ports/arm-cortex/qk/gnu/spy\libqf_cortex-m3_cs.a(qf_psini.o)
 .ARM.attributes
                0x00000426       0x31 D:\software\qpc/ports/arm-cortex/qk/gnu/spy\libqf_cortex-m3_cs.a(qf_pspub.o)
 .ARM.attributes
                0x00000457       0x31 D:\software\qpc/ports/arm-cortex/qk/gnu/spy\libqf_cortex-m3_cs.a(qf_pwr2.o)
 .ARM.attributes
                0x00000488       0x31 D:\software\qpc/ports/arm-cortex/qk/gnu/spy\libqf_cortex-m3_cs.a(qf_tick.o)
 .ARM.attributes
                0x000004b9       0x31 D:\software\qpc/ports/arm-cortex/qk/gnu/spy\libqf_cortex-m3_cs.a(qmp_get.o)
 .ARM.attributes
                0x000004ea       0x31 D:\software\qpc/ports/arm-cortex/qk/gnu/spy\libqf_cortex-m3_cs.a(qmp_init.o)
 .ARM.attributes
                0x0000051b       0x31 D:\software\qpc/ports/arm-cortex/qk/gnu/spy\libqf_cortex-m3_cs.a(qmp_put.o)
 .ARM.attributes
                0x0000054c       0x31 D:\software\qpc/ports/arm-cortex/qk/gnu/spy\libqf_cortex-m3_cs.a(qte_ctor.o)
 .ARM.attributes
                0x0000057d       0x31 D:\software\qpc/ports/arm-cortex/qk/gnu/spy\libqf_cortex-m3_cs.a(qte_arm.o)
 .ARM.attributes
                0x000005ae       0x31 D:\software\qpc/ports/arm-cortex/qk/gnu/spy\libqep_cortex-m3_cs.a(qhsm_ini.o)
 .ARM.attributes
                0x000005df       0x31 D:\software\qpc/ports/arm-cortex/qk/gnu/spy\libqep_cortex-m3_cs.a(qhsm_dis.o)
 .ARM.attributes
                0x00000610       0x31 D:\software\qpc/ports/arm-cortex/qk/gnu/spy\libqep_cortex-m3_cs.a(qhsm_top.o)
 .ARM.attributes
                0x00000641       0x31 D:\software\qpc/ports/arm-cortex/qk/gnu/spy\libqep_cortex-m3_cs.a(qep.o)
 .ARM.attributes
                0x00000672       0x31 D:\software\qpc/ports/arm-cortex/qk/gnu/spy\libqs_cortex-m3_cs.a(qs.o)
 .ARM.attributes
                0x000006a3       0x31 D:\software\qpc/ports/arm-cortex/qk/gnu/spy\libqs_cortex-m3_cs.a(qs_.o)
 .ARM.attributes
                0x000006d4       0x31 D:\software\qpc/ports/arm-cortex/qk/gnu/spy\libqs_cortex-m3_cs.a(qs_blk.o)
 .ARM.attributes
                0x00000705       0x31 D:\software\qpc/ports/arm-cortex/qk/gnu/spy\libqs_cortex-m3_cs.a(qs_str.o)

.debug_frame    0x00000000      0xc94
 .debug_frame   0x00000000       0x34 spy/main.o
 .debug_frame   0x00000034       0x58 spy/table.o
 .debug_frame   0x0000008c      0x148 spy/display96x16x1.o
 .debug_frame   0x000001d4       0x98 spy/philo.o
 .debug_frame   0x0000026c      0x164 spy/bsp.o
 .debug_frame   0x000003d0       0x58 spy/startup_lm3s.o
 .debug_frame   0x00000428      0x170 spy/core_cm3.o
 .debug_frame   0x00000598       0x2c spy/system_lm3s.o
 .debug_frame   0x000005c4       0xa0 D:\software\qpc/ports/arm-cortex/qk/gnu/spy\libqk_cortex-m3_cs.a(qk.o)
 .debug_frame   0x00000664       0x34 D:\software\qpc/ports/arm-cortex/qk/gnu/spy\libqk_cortex-m3_cs.a(qk_sched.o)
 .debug_frame   0x00000698       0x40 D:\software\qpc/ports/arm-cortex/qk/gnu/spy\libqk_cortex-m3_cs.a(qk_mutex.o)
 .debug_frame   0x000006d8       0x2c D:\software\qpc/ports/arm-cortex/qk/gnu/spy\libqf_cortex-m3_cs.a(qa_fifo.o)
 .debug_frame   0x00000704       0x44 D:\software\qpc/ports/arm-cortex/qk/gnu/spy\libqf_cortex-m3_cs.a(qa_get_.o)
 .debug_frame   0x00000748       0x30 D:\software\qpc/ports/arm-cortex/qk/gnu/spy\libqf_cortex-m3_cs.a(qa_sub.o)
 .debug_frame   0x00000778       0x2c D:\software\qpc/ports/arm-cortex/qk/gnu/spy\libqf_cortex-m3_cs.a(qeq_init.o)
 .debug_frame   0x000007a4       0x58 D:\software\qpc/ports/arm-cortex/qk/gnu/spy\libqf_cortex-m3_cs.a(qf_act.o)
 .debug_frame   0x000007fc       0x2c D:\software\qpc/ports/arm-cortex/qk/gnu/spy\libqf_cortex-m3_cs.a(qf_gc.o)
 .debug_frame   0x00000828       0x34 D:\software\qpc/ports/arm-cortex/qk/gnu/spy\libqf_cortex-m3_cs.a(qf_new.o)
 .debug_frame   0x0000085c       0x30 D:\software\qpc/ports/arm-cortex/qk/gnu/spy\libqf_cortex-m3_cs.a(qf_pool.o)
 .debug_frame   0x0000088c       0x20 D:\software\qpc/ports/arm-cortex/qk/gnu/spy\libqf_cortex-m3_cs.a(qf_psini.o)
 .debug_frame   0x000008ac       0x3c D:\software\qpc/ports/arm-cortex/qk/gnu/spy\libqf_cortex-m3_cs.a(qf_pspub.o)
 .debug_frame   0x000008e8       0x30 D:\software\qpc/ports/arm-cortex/qk/gnu/spy\libqf_cortex-m3_cs.a(qf_tick.o)
 .debug_frame   0x00000918       0x44 D:\software\qpc/ports/arm-cortex/qk/gnu/spy\libqf_cortex-m3_cs.a(qmp_get.o)
 .debug_frame   0x0000095c       0x30 D:\software\qpc/ports/arm-cortex/qk/gnu/spy\libqf_cortex-m3_cs.a(qmp_init.o)
 .debug_frame   0x0000098c       0x2c D:\software\qpc/ports/arm-cortex/qk/gnu/spy\libqf_cortex-m3_cs.a(qmp_put.o)
 .debug_frame   0x000009b8       0x2c D:\software\qpc/ports/arm-cortex/qk/gnu/spy\libqf_cortex-m3_cs.a(qte_ctor.o)
 .debug_frame   0x000009e4       0x2c D:\software\qpc/ports/arm-cortex/qk/gnu/spy\libqf_cortex-m3_cs.a(qte_arm.o)
 .debug_frame   0x00000a10       0x38 D:\software\qpc/ports/arm-cortex/qk/gnu/spy\libqep_cortex-m3_cs.a(qhsm_ini.o)
 .debug_frame   0x00000a48       0x3c D:\software\qpc/ports/arm-cortex/qk/gnu/spy\libqep_cortex-m3_cs.a(qhsm_dis.o)
 .debug_frame   0x00000a84       0x20 D:\software\qpc/ports/arm-cortex/qk/gnu/spy\libqep_cortex-m3_cs.a(qhsm_top.o)
 .debug_frame   0x00000aa4       0x20 D:\software\qpc/ports/arm-cortex/qk/gnu/spy\libqep_cortex-m3_cs.a(qep.o)
 .debug_frame   0x00000ac4       0xc0 D:\software\qpc/ports/arm-cortex/qk/gnu/spy\libqs_cortex-m3_cs.a(qs.o)
 .debug_frame   0x00000b84       0x98 D:\software\qpc/ports/arm-cortex/qk/gnu/spy\libqs_cortex-m3_cs.a(qs_.o)
 .debug_frame   0x00000c1c       0x28 D:\software\qpc/ports/arm-cortex/qk/gnu/spy\libqs_cortex-m3_cs.a(qs_blk.o)
 .debug_frame   0x00000c44       0x50 D:\software\qpc/ports/arm-cortex/qk/gnu/spy\libqs_cortex-m3_cs.a(qs_str.o)

.debug_ranges   0x00000000       0x70
 .debug_ranges  0x00000000       0x28 D:\software\qpc/ports/arm-cortex/qk/gnu/spy\libqk_cortex-m3_cs.a(qk_port.o)
 .debug_ranges  0x00000028       0x18 D:\software\qpc/ports/arm-cortex/qk/gnu/spy\libqf_cortex-m3_cs.a(qf_pspub.o)
 .debug_ranges  0x00000040       0x18 D:\software\qpc/ports/arm-cortex/qk/gnu/spy\libqep_cortex-m3_cs.a(qhsm_ini.o)
 .debug_ranges  0x00000058       0x18 D:\software\qpc/ports/arm-cortex/qk/gnu/spy\libqep_cortex-m3_cs.a(qhsm_dis.o)
