Archive member included because of file (symbol)

D:\software\qpc/ports/arm-cortex/qk/gnu/dbg\libqk_cortex-m3_cs.a(qk.o)
                              dbg/main.o (QF_init)
D:\software\qpc/ports/arm-cortex/qk/gnu/dbg\libqk_cortex-m3_cs.a(qk_sched.o)
                              D:\software\qpc/ports/arm-cortex/qk/gnu/dbg\libqk_cortex-m3_cs.a(qk.o) (QK_schedule_)
D:\software\qpc/ports/arm-cortex/qk/gnu/dbg\libqk_cortex-m3_cs.a(qk_mutex.o)
                              D:\software\qpc/ports/arm-cortex/qk/gnu/dbg\libqk_cortex-m3_cs.a(qk_sched.o) (QK_ceilingPrio_)
D:\software\qpc/ports/arm-cortex/qk/gnu/dbg\libqk_cortex-m3_cs.a(qk_port.o)
                              D:\software\qpc/ports/arm-cortex/qk/gnu/dbg\libqk_cortex-m3_cs.a(qk.o) (QK_init)
D:\software\qpc/ports/arm-cortex/qk/gnu/dbg\libqf_cortex-m3_cs.a(qa_fifo.o)
                              dbg/philo.o (QActive_postFIFO)
D:\software\qpc/ports/arm-cortex/qk/gnu/dbg\libqf_cortex-m3_cs.a(qa_get_.o)
                              D:\software\qpc/ports/arm-cortex/qk/gnu/dbg\libqk_cortex-m3_cs.a(qk_sched.o) (QActive_get_)
D:\software\qpc/ports/arm-cortex/qk/gnu/dbg\libqf_cortex-m3_cs.a(qa_sub.o)
                              dbg/table.o (QActive_subscribe)
D:\software\qpc/ports/arm-cortex/qk/gnu/dbg\libqf_cortex-m3_cs.a(qeq_init.o)
                              D:\software\qpc/ports/arm-cortex/qk/gnu/dbg\libqk_cortex-m3_cs.a(qk.o) (QEQueue_init)
D:\software\qpc/ports/arm-cortex/qk/gnu/dbg\libqf_cortex-m3_cs.a(qf_act.o)
                              D:\software\qpc/ports/arm-cortex/qk/gnu/dbg\libqk_cortex-m3_cs.a(qk.o) (QF_add_)
D:\software\qpc/ports/arm-cortex/qk/gnu/dbg\libqf_cortex-m3_cs.a(qf_gc.o)
                              D:\software\qpc/ports/arm-cortex/qk/gnu/dbg\libqk_cortex-m3_cs.a(qk_sched.o) (QF_gc)
D:\software\qpc/ports/arm-cortex/qk/gnu/dbg\libqf_cortex-m3_cs.a(qf_log2.o)
                              D:\software\qpc/ports/arm-cortex/qk/gnu/dbg\libqk_cortex-m3_cs.a(qk_sched.o) (QF_log2Lkup)
D:\software\qpc/ports/arm-cortex/qk/gnu/dbg\libqf_cortex-m3_cs.a(qf_new.o)
                              dbg/table.o (QF_new_)
D:\software\qpc/ports/arm-cortex/qk/gnu/dbg\libqf_cortex-m3_cs.a(qf_pool.o)
                              dbg/main.o (QF_poolInit)
D:\software\qpc/ports/arm-cortex/qk/gnu/dbg\libqf_cortex-m3_cs.a(qf_psini.o)
                              dbg/main.o (QF_psInit)
D:\software\qpc/ports/arm-cortex/qk/gnu/dbg\libqf_cortex-m3_cs.a(qf_pspub.o)
                              dbg/table.o (QF_publish)
D:\software\qpc/ports/arm-cortex/qk/gnu/dbg\libqf_cortex-m3_cs.a(qf_pwr2.o)
                              D:\software\qpc/ports/arm-cortex/qk/gnu/dbg\libqf_cortex-m3_cs.a(qa_fifo.o) (QF_pwr2Lkup)
D:\software\qpc/ports/arm-cortex/qk/gnu/dbg\libqf_cortex-m3_cs.a(qf_tick.o)
                              dbg/bsp.o (QF_tick)
D:\software\qpc/ports/arm-cortex/qk/gnu/dbg\libqf_cortex-m3_cs.a(qmp_get.o)
                              D:\software\qpc/ports/arm-cortex/qk/gnu/dbg\libqf_cortex-m3_cs.a(qf_new.o) (QMPool_get)
D:\software\qpc/ports/arm-cortex/qk/gnu/dbg\libqf_cortex-m3_cs.a(qmp_init.o)
                              D:\software\qpc/ports/arm-cortex/qk/gnu/dbg\libqf_cortex-m3_cs.a(qf_pool.o) (QMPool_init)
D:\software\qpc/ports/arm-cortex/qk/gnu/dbg\libqf_cortex-m3_cs.a(qmp_put.o)
                              D:\software\qpc/ports/arm-cortex/qk/gnu/dbg\libqf_cortex-m3_cs.a(qf_gc.o) (QMPool_put)
D:\software\qpc/ports/arm-cortex/qk/gnu/dbg\libqf_cortex-m3_cs.a(qte_ctor.o)
                              dbg/philo.o (QTimeEvt_ctor)
D:\software\qpc/ports/arm-cortex/qk/gnu/dbg\libqf_cortex-m3_cs.a(qte_arm.o)
                              dbg/philo.o (QTimeEvt_arm_)
D:\software\qpc/ports/arm-cortex/qk/gnu/dbg\libqep_cortex-m3_cs.a(qhsm_ini.o)
                              D:\software\qpc/ports/arm-cortex/qk/gnu/dbg\libqk_cortex-m3_cs.a(qk.o) (QHsm_init)
D:\software\qpc/ports/arm-cortex/qk/gnu/dbg\libqep_cortex-m3_cs.a(qhsm_dis.o)
                              D:\software\qpc/ports/arm-cortex/qk/gnu/dbg\libqk_cortex-m3_cs.a(qk_sched.o) (QHsm_dispatch)
D:\software\qpc/ports/arm-cortex/qk/gnu/dbg\libqep_cortex-m3_cs.a(qhsm_top.o)
                              dbg/table.o (QHsm_top)
D:\software\qpc/ports/arm-cortex/qk/gnu/dbg\libqep_cortex-m3_cs.a(qep.o)
                              D:\software\qpc/ports/arm-cortex/qk/gnu/dbg\libqep_cortex-m3_cs.a(qhsm_ini.o) (QEP_reservedEvt_)
c:/tools/codesourcery/bin/../lib/gcc/arm-none-eabi/4.5.2/../../../../arm-none-eabi/lib/thumb2\libc.a(lib_a-init.o)
                              dbg/startup_lm3s.o (__libc_init_array)

Discarded input sections

 .ARM.attributes
                0x00000000       0x29 c:/tools/codesourcery/bin/../lib/gcc/arm-none-eabi/4.5.2/../../../../arm-none-eabi/lib/thumb2\libc.a(lib_a-init.o)
 .debug_frame   0x00000000       0x2c c:/tools/codesourcery/bin/../lib/gcc/arm-none-eabi/4.5.2/../../../../arm-none-eabi/lib/thumb2\libc.a(lib_a-init.o)

Memory Configuration

Name             Origin             Length             Attributes
ROM              0x00000000         0x00010000         xr
RAM              0x20000000         0x00002000         xrw
*default*        0x00000000         0xffffffff

Linker script and memory map

LOAD dbg/main.o
LOAD dbg/table.o
LOAD dbg/display96x16x1.o
LOAD dbg/philo.o
LOAD dbg/bsp.o
LOAD dbg/startup_lm3s.o
LOAD dbg/core_cm3.o
LOAD dbg/system_lm3s.o
LOAD D:\software\qpc/ports/arm-cortex/qk/gnu/dbg\libqk_cortex-m3_cs.a
LOAD D:\software\qpc/ports/arm-cortex/qk/gnu/dbg\libqf_cortex-m3_cs.a
LOAD D:\software\qpc/ports/arm-cortex/qk/gnu/dbg\libqep_cortex-m3_cs.a
                0x000003e8                STACK_SIZE = 0x3e8
                0x00000000                HEAP_SIZE = 0x0

.isr_vector     0x00000000       0xf0
 *(.isr_vector)
 .isr_vector    0x00000000       0xf0 dbg/startup_lm3s.o
                0x00000000                g_pfnVectors
                0x000000f0                . = ALIGN (0x4)

.text           0x000000f0     0x223c
                0x000000f0                . = ALIGN (0x4)
 *(.text)
 .text          0x000000f0       0xa4 dbg/main.o
                0x000000f0                main
 .text          0x00000194      0x224 dbg/table.o
                0x0000038c                Table_ctor
 .text          0x000003b8      0x534 dbg/display96x16x1.o
                0x000003d0                SysCtlDelay
                0x00000470                Display96x16x1Clear
                0x000004f4                Display96x16x1StringDraw
                0x000005e4                Display96x16x1ImageDraw
                0x00000668                Display96x16x1Init
                0x0000082c                Display96x16x1DisplayOn
                0x000008b8                Display96x16x1DisplayOff
 .text          0x000008ec      0x25c dbg/philo.o
                0x00000b0c                Philo_ctor
 .text          0x00000b48      0x218 dbg/bsp.o
                0x00000b48                SysTick_Handler
                0x00000b8c                GPIOPortA_IRQHandler
                0x00000be8                BSP_init
                0x00000c6c                BSP_displyPhilStat
                0x00000c98                BSP_driveLED
                0x00000cb8                BSP_busyDelay
                0x00000cd0                QF_onStartup
                0x00000d34                QF_onCleanup
                0x00000d38                QK_onIdle
                0x00000d54                Q_onAssert
                0x00000d58                assert_failed
 .text          0x00000d60       0x90 dbg/startup_lm3s.o
                0x00000d60                DebugMon_Handler
                0x00000d60                FlashCtrl_IRQHandler
                0x00000d60                Timer0B_IRQHandler
                0x00000d60                I2C0_IRQHandler
                0x00000d60                NMI_Handler
                0x00000d60                I2C1_IRQHandler
                0x00000d60                PWMGen0_IRQHandler
                0x00000d60                UART1_IRQHandler
                0x00000d60                CAN1_IRQHandler
                0x00000d60                Timer1B_IRQHandler
                0x00000d60                Watchdog_IRQHandler
                0x00000d60                UART0_IRQHandler
                0x00000d60                SSI0_IRQHandler
                0x00000d60                UsageFault_Handler
                0x00000d60                ADCSeq1_IRQHandler
                0x00000d60                PWMFault_IRQHandler
                0x00000d60                PWMGen1_IRQHandler
                0x00000d60                SSI1_IRQHandler
                0x00000d60                SysCtrl_IRQHandler
                0x00000d60                Spurious_Handler
                0x00000d60                GPIOPortC_IRQHandler
                0x00000d60                ADCSeq2_IRQHandler
                0x00000d60                PWMGen2_IRQHandler
                0x00000d60                UART2_IRQHandler
                0x00000d60                QEI1_IRQHandler
                0x00000d60                QEI0_IRQHandler
                0x00000d60                GPIOPortD_IRQHandler
                0x00000d60                MemManage_Handler
                0x00000d60                Ethernet_IRQHandler
                0x00000d60                Timer3B_IRQHandler
                0x00000d60                Timer3A_IRQHandler
                0x00000d60                Timer0A_IRQHandler
                0x00000d60                ADCSeq0_IRQHandler
                0x00000d60                Timer1A_IRQHandler
                0x00000d60                GPIOPortG_IRQHandler
                0x00000d60                ADCSeq3_IRQHandler
                0x00000d60                GPIOPortE_IRQHandler
                0x00000d60                CAN0_IRQHandler
                0x00000d60                Comp0_IRQHandler
                0x00000d60                Comp1_IRQHandler
                0x00000d60                Comp2_IRQHandler
                0x00000d60                GPIOPortF_IRQHandler
                0x00000d60                GPIOPortB_IRQHandler
                0x00000d60                CAN2_IRQHandler
                0x00000d60                GPIOPortH_IRQHandler
                0x00000d60                BusFault_Handler
                0x00000d60                Timer2A_IRQHandler
                0x00000d60                Timer2B_IRQHandler
                0x00000d60                Hibernate_IRQHandler
                0x00000d7c                Reset_Handler
                0x00000dec                _init
 .text          0x00000df0       0xa4 dbg/core_cm3.o
                0x00000df0                __get_PSP
                0x00000df8                __set_PSP
                0x00000e00                __get_MSP
                0x00000e08                __set_MSP
                0x00000e10                __get_BASEPRI
                0x00000e18                __set_BASEPRI
                0x00000e20                __get_PRIMASK
                0x00000e28                __set_PRIMASK
                0x00000e30                __get_FAULTMASK
                0x00000e38                __set_FAULTMASK
                0x00000e40                __REV
                0x00000e44                __REV16
                0x00000e48                __REVSH
                0x00000e4c                __RBIT
                0x00000e54                __LDREXB
                0x00000e5c                __LDREXH
                0x00000e64                __LDREXW
                0x00000e6c                __STREXB
                0x00000e74                __STREXH
                0x00000e7c                __STREXW
                0x00000e84                __get_CONTROL
                0x00000e8c                __set_CONTROL
 .text          0x00000e94      0x2d8 dbg/system_lm3s.o
                0x00000e94                SystemInit
 .text          0x0000116c       0x94 D:\software\qpc/ports/arm-cortex/qk/gnu/dbg\libqk_cortex-m3_cs.a(qk.o)
                0x0000116c                QK_getVersion
                0x00001174                QF_init
                0x0000117c                QF_stop
                0x00001184                QF_run
                0x000011a4                QActive_start
                0x000011f8                QActive_stop
 .text          0x00001200       0xd4 D:\software\qpc/ports/arm-cortex/qk/gnu/dbg\libqk_cortex-m3_cs.a(qk_sched.o)
                0x00001200                QK_schedule_
 .text          0x000012d4       0x38 D:\software\qpc/ports/arm-cortex/qk/gnu/dbg\libqk_cortex-m3_cs.a(qk_mutex.o)
                0x000012d4                QK_mutexLock
                0x000012f0                QK_mutexUnlock
 .text          0x0000130c        0x0 D:\software\qpc/ports/arm-cortex/qk/gnu/dbg\libqk_cortex-m3_cs.a(qk_port.o)
 .text          0x0000130c       0x98 D:\software\qpc/ports/arm-cortex/qk/gnu/dbg\libqf_cortex-m3_cs.a(qa_fifo.o)
                0x0000130c                QActive_postFIFO
 .text          0x000013a4       0xb0 D:\software\qpc/ports/arm-cortex/qk/gnu/dbg\libqf_cortex-m3_cs.a(qa_get_.o)
                0x000013a4                QActive_get_
                0x00001424                QF_getQueueMargin
 .text          0x00001454       0x64 D:\software\qpc/ports/arm-cortex/qk/gnu/dbg\libqf_cortex-m3_cs.a(qa_sub.o)
                0x00001454                QActive_subscribe
 .text          0x000014b8       0x14 D:\software\qpc/ports/arm-cortex/qk/gnu/dbg\libqf_cortex-m3_cs.a(qeq_init.o)
                0x000014b8                QEQueue_init
 .text          0x000014cc       0x7c D:\software\qpc/ports/arm-cortex/qk/gnu/dbg\libqf_cortex-m3_cs.a(qf_act.o)
                0x000014cc                QF_getVersion
                0x000014d4                QF_add_
                0x0000150c                QF_remove_
 .text          0x00001548       0x54 D:\software\qpc/ports/arm-cortex/qk/gnu/dbg\libqf_cortex-m3_cs.a(qf_gc.o)
                0x00001548                QF_gc
 .text          0x0000159c        0x0 D:\software\qpc/ports/arm-cortex/qk/gnu/dbg\libqf_cortex-m3_cs.a(qf_log2.o)
 .text          0x0000159c       0x78 D:\software\qpc/ports/arm-cortex/qk/gnu/dbg\libqf_cortex-m3_cs.a(qf_new.o)
                0x0000159c                QF_new_
 .text          0x00001614       0x6c D:\software\qpc/ports/arm-cortex/qk/gnu/dbg\libqf_cortex-m3_cs.a(qf_pool.o)
                0x00001614                QF_poolInit
 .text          0x00001680        0xc D:\software\qpc/ports/arm-cortex/qk/gnu/dbg\libqf_cortex-m3_cs.a(qf_psini.o)
                0x00001680                QF_psInit
 .text          0x0000168c       0xac D:\software\qpc/ports/arm-cortex/qk/gnu/dbg\libqf_cortex-m3_cs.a(qf_pspub.o)
                0x0000168c                QF_publish
 .text          0x00001738        0x0 D:\software\qpc/ports/arm-cortex/qk/gnu/dbg\libqf_cortex-m3_cs.a(qf_pwr2.o)
 .text          0x00001738       0x68 D:\software\qpc/ports/arm-cortex/qk/gnu/dbg\libqf_cortex-m3_cs.a(qf_tick.o)
                0x00001738                QF_tick
 .text          0x000017a0       0x60 D:\software\qpc/ports/arm-cortex/qk/gnu/dbg\libqf_cortex-m3_cs.a(qmp_get.o)
                0x000017a0                QMPool_get
                0x000017c4                QF_getPoolMargin
 .text          0x00001800       0xb4 D:\software\qpc/ports/arm-cortex/qk/gnu/dbg\libqf_cortex-m3_cs.a(qmp_init.o)
                0x00001800                QMPool_init
 .text          0x000018b4       0x3c D:\software\qpc/ports/arm-cortex/qk/gnu/dbg\libqf_cortex-m3_cs.a(qmp_put.o)
                0x000018b4                QMPool_put
 .text          0x000018f0       0x2c D:\software\qpc/ports/arm-cortex/qk/gnu/dbg\libqf_cortex-m3_cs.a(qte_ctor.o)
                0x000018f0                QTimeEvt_ctor
 .text          0x0000191c       0x44 D:\software\qpc/ports/arm-cortex/qk/gnu/dbg\libqf_cortex-m3_cs.a(qte_arm.o)
                0x0000191c                QTimeEvt_arm_
 .text          0x00001960       0xb4 D:\software\qpc/ports/arm-cortex/qk/gnu/dbg\libqep_cortex-m3_cs.a(qhsm_ini.o)
                0x00001960                QHsm_init
 .text          0x00001a14      0x234 D:\software\qpc/ports/arm-cortex/qk/gnu/dbg\libqep_cortex-m3_cs.a(qhsm_dis.o)
                0x00001a14                QHsm_dispatch
 .text          0x00001c48        0x8 D:\software\qpc/ports/arm-cortex/qk/gnu/dbg\libqep_cortex-m3_cs.a(qhsm_top.o)
                0x00001c48                QHsm_top
 .text          0x00001c50        0x8 D:\software\qpc/ports/arm-cortex/qk/gnu/dbg\libqep_cortex-m3_cs.a(qep.o)
                0x00001c50                QEP_getVersion
 .text          0x00001c58       0x48 c:/tools/codesourcery/bin/../lib/gcc/arm-none-eabi/4.5.2/../../../../arm-none-eabi/lib/thumb2\libc.a(lib_a-init.o)
                0x00001c58                __libc_init_array
 *(.text*)
 .text.QK_init  0x00001ca0       0x24 D:\software\qpc/ports/arm-cortex/qk/gnu/dbg\libqk_cortex-m3_cs.a(qk_port.o)
                0x00001ca0                QK_init
 .text.PendSV_Handler
                0x00001cc4       0x34 D:\software\qpc/ports/arm-cortex/qk/gnu/dbg\libqk_cortex-m3_cs.a(qk_port.o)
                0x00001cc4                PendSV_Handler
 .text.SVC_Handler
                0x00001cf8        0x4 D:\software\qpc/ports/arm-cortex/qk/gnu/dbg\libqk_cortex-m3_cs.a(qk_port.o)
                0x00001cf8                SVC_Handler
 *(.rodata)
 .rodata        0x00001cfc        0xc dbg/table.o
                0x00001d04                AO_Table
 .rodata        0x00001d08      0x2c0 dbg/display96x16x1.o
 .rodata        0x00001fc8       0x1c dbg/philo.o
                0x00001fd0                AO_Philo
 .rodata        0x00001fe4       0x5c dbg/system_lm3s.o
 .rodata        0x00002040        0xc D:\software\qpc/ports/arm-cortex/qk/gnu/dbg\libqk_cortex-m3_cs.a(qk.o)
 .rodata        0x0000204c        0xc D:\software\qpc/ports/arm-cortex/qk/gnu/dbg\libqk_cortex-m3_cs.a(qk_sched.o)
 .rodata        0x00002058        0x8 D:\software\qpc/ports/arm-cortex/qk/gnu/dbg\libqf_cortex-m3_cs.a(qa_fifo.o)
 .rodata        0x00002060        0x8 D:\software\qpc/ports/arm-cortex/qk/gnu/dbg\libqf_cortex-m3_cs.a(qa_get_.o)
 .rodata        0x00002068        0x8 D:\software\qpc/ports/arm-cortex/qk/gnu/dbg\libqf_cortex-m3_cs.a(qa_sub.o)
 .rodata        0x00002070       0x10 D:\software\qpc/ports/arm-cortex/qk/gnu/dbg\libqf_cortex-m3_cs.a(qf_act.o)
 .rodata        0x00002080        0x8 D:\software\qpc/ports/arm-cortex/qk/gnu/dbg\libqf_cortex-m3_cs.a(qf_gc.o)
 .rodata        0x00002088      0x100 D:\software\qpc/ports/arm-cortex/qk/gnu/dbg\libqf_cortex-m3_cs.a(qf_log2.o)
                0x00002088                QF_log2Lkup
 .rodata        0x00002188        0x8 D:\software\qpc/ports/arm-cortex/qk/gnu/dbg\libqf_cortex-m3_cs.a(qf_new.o)
 .rodata        0x00002190        0x8 D:\software\qpc/ports/arm-cortex/qk/gnu/dbg\libqf_cortex-m3_cs.a(qf_pool.o)
 .rodata        0x00002198        0xc D:\software\qpc/ports/arm-cortex/qk/gnu/dbg\libqf_cortex-m3_cs.a(qf_pspub.o)
 .rodata        0x000021a4       0xcc D:\software\qpc/ports/arm-cortex/qk/gnu/dbg\libqf_cortex-m3_cs.a(qf_pwr2.o)
                0x000021a4                QF_pwr2Lkup
                0x000021e8                QF_invPwr2Lkup
                0x0000222c                QF_div8Lkup
 .rodata        0x00002270        0x8 D:\software\qpc/ports/arm-cortex/qk/gnu/dbg\libqf_cortex-m3_cs.a(qmp_get.o)
 .rodata        0x00002278        0xc D:\software\qpc/ports/arm-cortex/qk/gnu/dbg\libqf_cortex-m3_cs.a(qmp_init.o)
 .rodata        0x00002284        0x8 D:\software\qpc/ports/arm-cortex/qk/gnu/dbg\libqf_cortex-m3_cs.a(qmp_put.o)
 .rodata        0x0000228c        0xc D:\software\qpc/ports/arm-cortex/qk/gnu/dbg\libqf_cortex-m3_cs.a(qte_ctor.o)
 .rodata        0x00002298        0x8 D:\software\qpc/ports/arm-cortex/qk/gnu/dbg\libqf_cortex-m3_cs.a(qte_arm.o)
 .rodata        0x000022a0        0xc D:\software\qpc/ports/arm-cortex/qk/gnu/dbg\libqep_cortex-m3_cs.a(qhsm_ini.o)
 .rodata        0x000022ac        0xc D:\software\qpc/ports/arm-cortex/qk/gnu/dbg\libqep_cortex-m3_cs.a(qhsm_dis.o)
 .rodata        0x000022b8       0x18 D:\software\qpc/ports/arm-cortex/qk/gnu/dbg\libqep_cortex-m3_cs.a(qep.o)
                0x000022c0                QEP_reservedEvt_
 *(.rodata*)
 .rodata.str1.4
                0x000022d0       0x21 dbg/table.o
                                 0x24 (size before relaxing)
 *fill*         0x000022f1        0x3 00
 .rodata.str1.4
                0x000022f4       0x1e dbg/bsp.o
                                 0x20 (size before relaxing)
 *fill*         0x00002312        0x2 00
 .rodata.str1.4
                0x00002314       0x18 dbg/startup_lm3s.o
 *(.init)
 *(.fini)
                0x0000232c                . = ALIGN (0x4)

.glue_7         0x0000232c        0x0
 .glue_7        0x00000000        0x0 linker stubs

.glue_7t        0x0000232c        0x0
 .glue_7t       0x00000000        0x0 linker stubs

.vfp11_veneer   0x0000232c        0x0
 .vfp11_veneer  0x00000000        0x0 linker stubs

.v4_bx          0x0000232c        0x0
 .v4_bx         0x00000000        0x0 linker stubs

.preinit_array  0x0000232c        0x0
                0x0000232c                PROVIDE (__preinit_array_start, .)
 *(.preinit_array*)
                0x0000232c                PROVIDE (__preinit_array_end, .)

.init_array     0x0000232c        0x0
                0x0000232c                PROVIDE (__init_array_start, .)
 *(SORT(.init_array.*))
 *(.init_array*)
                0x0000232c                PROVIDE (__init_array_end, .)

.fini_array     0x0000232c        0x0
                0x0000232c                PROVIDE (__fini_array_start, .)
 *(.fini_array*)
 *(SORT(.fini_array.*))
                0x0000232c                PROVIDE (__fini_array_end, .)
                0x0000232c                _etext = .

.data           0x20000000        0x4 load address 0x0000232c
                0x0000232c                __data_load = LOADADDR (.data)
                0x20000000                __data_start = .
 *(.data)
 .data          0x20000000        0x0 dbg/main.o
 .data          0x20000000        0x0 dbg/table.o
 .data          0x20000000        0x0 dbg/display96x16x1.o
 .data          0x20000000        0x0 dbg/philo.o
 .data          0x20000000        0x0 dbg/bsp.o
 .data          0x20000000        0x0 dbg/startup_lm3s.o
 .data          0x20000000        0x0 dbg/core_cm3.o
 .data          0x20000000        0x0 dbg/system_lm3s.o
 .data          0x20000000        0x1 D:\software\qpc/ports/arm-cortex/qk/gnu/dbg\libqk_cortex-m3_cs.a(qk.o)
                0x20000000                QK_currPrio_
 .data          0x20000001        0x0 D:\software\qpc/ports/arm-cortex/qk/gnu/dbg\libqk_cortex-m3_cs.a(qk_sched.o)
 .data          0x20000001        0x0 D:\software\qpc/ports/arm-cortex/qk/gnu/dbg\libqk_cortex-m3_cs.a(qk_mutex.o)
 .data          0x20000001        0x0 D:\software\qpc/ports/arm-cortex/qk/gnu/dbg\libqk_cortex-m3_cs.a(qk_port.o)
 .data          0x20000001        0x0 D:\software\qpc/ports/arm-cortex/qk/gnu/dbg\libqf_cortex-m3_cs.a(qa_fifo.o)
 .data          0x20000001        0x0 D:\software\qpc/ports/arm-cortex/qk/gnu/dbg\libqf_cortex-m3_cs.a(qa_get_.o)
 .data          0x20000001        0x0 D:\software\qpc/ports/arm-cortex/qk/gnu/dbg\libqf_cortex-m3_cs.a(qa_sub.o)
 .data          0x20000001        0x0 D:\software\qpc/ports/arm-cortex/qk/gnu/dbg\libqf_cortex-m3_cs.a(qeq_init.o)
 .data          0x20000001        0x0 D:\software\qpc/ports/arm-cortex/qk/gnu/dbg\libqf_cortex-m3_cs.a(qf_act.o)
 .data          0x20000001        0x0 D:\software\qpc/ports/arm-cortex/qk/gnu/dbg\libqf_cortex-m3_cs.a(qf_gc.o)
 .data          0x20000001        0x0 D:\software\qpc/ports/arm-cortex/qk/gnu/dbg\libqf_cortex-m3_cs.a(qf_log2.o)
 .data          0x20000001        0x0 D:\software\qpc/ports/arm-cortex/qk/gnu/dbg\libqf_cortex-m3_cs.a(qf_new.o)
 .data          0x20000001        0x0 D:\software\qpc/ports/arm-cortex/qk/gnu/dbg\libqf_cortex-m3_cs.a(qf_pool.o)
 .data          0x20000001        0x0 D:\software\qpc/ports/arm-cortex/qk/gnu/dbg\libqf_cortex-m3_cs.a(qf_psini.o)
 .data          0x20000001        0x0 D:\software\qpc/ports/arm-cortex/qk/gnu/dbg\libqf_cortex-m3_cs.a(qf_pspub.o)
 .data          0x20000001        0x0 D:\software\qpc/ports/arm-cortex/qk/gnu/dbg\libqf_cortex-m3_cs.a(qf_pwr2.o)
 .data          0x20000001        0x0 D:\software\qpc/ports/arm-cortex/qk/gnu/dbg\libqf_cortex-m3_cs.a(qf_tick.o)
 .data          0x20000001        0x0 D:\software\qpc/ports/arm-cortex/qk/gnu/dbg\libqf_cortex-m3_cs.a(qmp_get.o)
 .data          0x20000001        0x0 D:\software\qpc/ports/arm-cortex/qk/gnu/dbg\libqf_cortex-m3_cs.a(qmp_init.o)
 .data          0x20000001        0x0 D:\software\qpc/ports/arm-cortex/qk/gnu/dbg\libqf_cortex-m3_cs.a(qmp_put.o)
 .data          0x20000001        0x0 D:\software\qpc/ports/arm-cortex/qk/gnu/dbg\libqf_cortex-m3_cs.a(qte_ctor.o)
 .data          0x20000001        0x0 D:\software\qpc/ports/arm-cortex/qk/gnu/dbg\libqf_cortex-m3_cs.a(qte_arm.o)
 .data          0x20000001        0x0 D:\software\qpc/ports/arm-cortex/qk/gnu/dbg\libqep_cortex-m3_cs.a(qhsm_ini.o)
 .data          0x20000001        0x0 D:\software\qpc/ports/arm-cortex/qk/gnu/dbg\libqep_cortex-m3_cs.a(qhsm_dis.o)
 .data          0x20000001        0x0 D:\software\qpc/ports/arm-cortex/qk/gnu/dbg\libqep_cortex-m3_cs.a(qhsm_top.o)
 .data          0x20000001        0x0 D:\software\qpc/ports/arm-cortex/qk/gnu/dbg\libqep_cortex-m3_cs.a(qep.o)
 .data          0x20000001        0x0 c:/tools/codesourcery/bin/../lib/gcc/arm-none-eabi/4.5.2/../../../../arm-none-eabi/lib/thumb2\libc.a(lib_a-init.o)
 *(.data*)
                0x20000004                . = ALIGN (0x4)
 *fill*         0x20000001        0x3 00
                0x20000004                __data_end__ = .
                0x20000004                _edata = __data_end__

.bss            0x20000004      0x3b0 load address 0x00002330
                0x20000004                __bss_start__ = .
 *(.bss)
 .bss           0x20000004      0x100 dbg/main.o
 .bss           0x20000104       0x24 dbg/table.o
 .bss           0x20000128        0x8 dbg/display96x16x1.o
 .bss           0x20000130       0xe0 dbg/philo.o
 .bss           0x20000210        0x0 dbg/bsp.o
 .bss           0x20000210        0x0 dbg/startup_lm3s.o
 .bss           0x20000210        0x0 dbg/core_cm3.o
 .bss           0x20000210        0x4 dbg/system_lm3s.o
                0x20000210                SystemFrequency
 .bss           0x20000214        0xc D:\software\qpc/ports/arm-cortex/qk/gnu/dbg\libqk_cortex-m3_cs.a(qk.o)
                0x20000214                QK_readySet_
                0x2000021d                QK_intNest_
 .bss           0x20000220        0x0 D:\software\qpc/ports/arm-cortex/qk/gnu/dbg\libqk_cortex-m3_cs.a(qk_sched.o)
 .bss           0x20000220        0x1 D:\software\qpc/ports/arm-cortex/qk/gnu/dbg\libqk_cortex-m3_cs.a(qk_mutex.o)
                0x20000220                QK_ceilingPrio_
 .bss           0x20000221        0x0 D:\software\qpc/ports/arm-cortex/qk/gnu/dbg\libqk_cortex-m3_cs.a(qk_port.o)
 .bss           0x20000221        0x0 D:\software\qpc/ports/arm-cortex/qk/gnu/dbg\libqf_cortex-m3_cs.a(qa_fifo.o)
 .bss           0x20000221        0x0 D:\software\qpc/ports/arm-cortex/qk/gnu/dbg\libqf_cortex-m3_cs.a(qa_get_.o)
 .bss           0x20000221        0x0 D:\software\qpc/ports/arm-cortex/qk/gnu/dbg\libqf_cortex-m3_cs.a(qa_sub.o)
 .bss           0x20000221        0x0 D:\software\qpc/ports/arm-cortex/qk/gnu/dbg\libqf_cortex-m3_cs.a(qeq_init.o)
 *fill*         0x20000221        0x3 00
 .bss           0x20000224      0x104 D:\software\qpc/ports/arm-cortex/qk/gnu/dbg\libqf_cortex-m3_cs.a(qf_act.o)
                0x20000224                QF_active_
                0x20000324                QF_intLockNest_
 .bss           0x20000328        0x0 D:\software\qpc/ports/arm-cortex/qk/gnu/dbg\libqf_cortex-m3_cs.a(qf_gc.o)
 .bss           0x20000328        0x0 D:\software\qpc/ports/arm-cortex/qk/gnu/dbg\libqf_cortex-m3_cs.a(qf_log2.o)
 .bss           0x20000328        0x0 D:\software\qpc/ports/arm-cortex/qk/gnu/dbg\libqf_cortex-m3_cs.a(qf_new.o)
 .bss           0x20000328       0x7c D:\software\qpc/ports/arm-cortex/qk/gnu/dbg\libqf_cortex-m3_cs.a(qf_pool.o)
                0x20000328                QF_maxPool_
                0x2000032c                QF_pool_
 .bss           0x200003a4        0x8 D:\software\qpc/ports/arm-cortex/qk/gnu/dbg\libqf_cortex-m3_cs.a(qf_psini.o)
                0x200003a4                QF_subscrList_
                0x200003a8                QF_maxSignal_
 .bss           0x200003ac        0x0 D:\software\qpc/ports/arm-cortex/qk/gnu/dbg\libqf_cortex-m3_cs.a(qf_pspub.o)
 .bss           0x200003ac        0x0 D:\software\qpc/ports/arm-cortex/qk/gnu/dbg\libqf_cortex-m3_cs.a(qf_pwr2.o)
 .bss           0x200003ac        0x1 D:\software\qpc/ports/arm-cortex/qk/gnu/dbg\libqf_cortex-m3_cs.a(qf_tick.o)
 .bss           0x200003ad        0x0 D:\software\qpc/ports/arm-cortex/qk/gnu/dbg\libqf_cortex-m3_cs.a(qmp_get.o)
 .bss           0x200003ad        0x0 D:\software\qpc/ports/arm-cortex/qk/gnu/dbg\libqf_cortex-m3_cs.a(qmp_init.o)
 .bss           0x200003ad        0x0 D:\software\qpc/ports/arm-cortex/qk/gnu/dbg\libqf_cortex-m3_cs.a(qmp_put.o)
 .bss           0x200003ad        0x0 D:\software\qpc/ports/arm-cortex/qk/gnu/dbg\libqf_cortex-m3_cs.a(qte_ctor.o)
 *fill*         0x200003ad        0x3 00
 .bss           0x200003b0        0x4 D:\software\qpc/ports/arm-cortex/qk/gnu/dbg\libqf_cortex-m3_cs.a(qte_arm.o)
                0x200003b0                QF_timeEvtListHead_
 .bss           0x200003b4        0x0 D:\software\qpc/ports/arm-cortex/qk/gnu/dbg\libqep_cortex-m3_cs.a(qhsm_ini.o)
 .bss           0x200003b4        0x0 D:\software\qpc/ports/arm-cortex/qk/gnu/dbg\libqep_cortex-m3_cs.a(qhsm_dis.o)
 .bss           0x200003b4        0x0 D:\software\qpc/ports/arm-cortex/qk/gnu/dbg\libqep_cortex-m3_cs.a(qhsm_top.o)
 .bss           0x200003b4        0x0 D:\software\qpc/ports/arm-cortex/qk/gnu/dbg\libqep_cortex-m3_cs.a(qep.o)
 .bss           0x200003b4        0x0 c:/tools/codesourcery/bin/../lib/gcc/arm-none-eabi/4.5.2/../../../../arm-none-eabi/lib/thumb2\libc.a(lib_a-init.o)
 *(.bss*)
 *(COMMON)
                0x200003b4                . = ALIGN (0x4)
                0x200003b4                _ebss = .
                0x200003b4                __bss_end__ = .
                0x200003b4                PROVIDE (end, _ebss)
                0x200003b4                PROVIDE (_end, _ebss)
                0x200003b4                PROVIDE (__end__, _ebss)

.heap           0x200003b4        0x0
                0x200003b4                __heap_start__ = .
                0x200003b4                . = (. + HEAP_SIZE)
                0x200003b4                . = ALIGN (0x4)
                0x200003b4                __heap_end__ = .

.stack          0x200003b4      0x3e8 load address 0x000026e0
                0x200003b4                __stack_start__ = .
                0x2000079c                . = (. + STACK_SIZE)
 *fill*         0x200003b4      0x3e8 00
                0x2000079c                . = ALIGN (0x4)
                0x2000079c                __c_stack_top__ = .
                0x2000079c                __stack_end__ = .

/DISCARD/
 libc.a(*)
 libm.a(*)
 libgcc.a(*)
OUTPUT(dbg/dpp-qk.elf elf32-littlearm)

.debug_abbrev   0x00000000     0x233e
 .debug_abbrev  0x00000000      0x171 dbg/main.o
 .debug_abbrev  0x00000171      0x14e dbg/table.o
 .debug_abbrev  0x000002bf      0x19b dbg/display96x16x1.o
 .debug_abbrev  0x0000045a      0x193 dbg/philo.o
 .debug_abbrev  0x000005ed      0x248 dbg/bsp.o
 .debug_abbrev  0x00000835      0x111 dbg/startup_lm3s.o
 .debug_abbrev  0x00000946       0xb2 dbg/core_cm3.o
 .debug_abbrev  0x000009f8      0x104 dbg/system_lm3s.o
 .debug_abbrev  0x00000afc      0x158 D:\software\qpc/ports/arm-cortex/qk/gnu/dbg\libqk_cortex-m3_cs.a(qk.o)
 .debug_abbrev  0x00000c54      0x10b D:\software\qpc/ports/arm-cortex/qk/gnu/dbg\libqk_cortex-m3_cs.a(qk_sched.o)
 .debug_abbrev  0x00000d5f       0xae D:\software\qpc/ports/arm-cortex/qk/gnu/dbg\libqk_cortex-m3_cs.a(qk_mutex.o)
 .debug_abbrev  0x00000e0d       0x12 D:\software\qpc/ports/arm-cortex/qk/gnu/dbg\libqk_cortex-m3_cs.a(qk_port.o)
 .debug_abbrev  0x00000e1f       0xfd D:\software\qpc/ports/arm-cortex/qk/gnu/dbg\libqf_cortex-m3_cs.a(qa_fifo.o)
 .debug_abbrev  0x00000f1c      0x12f D:\software\qpc/ports/arm-cortex/qk/gnu/dbg\libqf_cortex-m3_cs.a(qa_get_.o)
 .debug_abbrev  0x0000104b      0x14d D:\software\qpc/ports/arm-cortex/qk/gnu/dbg\libqf_cortex-m3_cs.a(qa_sub.o)
 .debug_abbrev  0x00001198       0xa9 D:\software\qpc/ports/arm-cortex/qk/gnu/dbg\libqf_cortex-m3_cs.a(qeq_init.o)
 .debug_abbrev  0x00001241      0x11e D:\software\qpc/ports/arm-cortex/qk/gnu/dbg\libqf_cortex-m3_cs.a(qf_act.o)
 .debug_abbrev  0x0000135f       0xeb D:\software\qpc/ports/arm-cortex/qk/gnu/dbg\libqf_cortex-m3_cs.a(qf_gc.o)
 .debug_abbrev  0x0000144a       0x61 D:\software\qpc/ports/arm-cortex/qk/gnu/dbg\libqf_cortex-m3_cs.a(qf_log2.o)
 .debug_abbrev  0x000014ab       0xf3 D:\software\qpc/ports/arm-cortex/qk/gnu/dbg\libqf_cortex-m3_cs.a(qf_new.o)
 .debug_abbrev  0x0000159e       0xdb D:\software\qpc/ports/arm-cortex/qk/gnu/dbg\libqf_cortex-m3_cs.a(qf_pool.o)
 .debug_abbrev  0x00001679       0xc5 D:\software\qpc/ports/arm-cortex/qk/gnu/dbg\libqf_cortex-m3_cs.a(qf_psini.o)
 .debug_abbrev  0x0000173e      0x145 D:\software\qpc/ports/arm-cortex/qk/gnu/dbg\libqf_cortex-m3_cs.a(qf_pspub.o)
 .debug_abbrev  0x00001883       0x61 D:\software\qpc/ports/arm-cortex/qk/gnu/dbg\libqf_cortex-m3_cs.a(qf_pwr2.o)
 .debug_abbrev  0x000018e4      0x11b D:\software\qpc/ports/arm-cortex/qk/gnu/dbg\libqf_cortex-m3_cs.a(qf_tick.o)
 .debug_abbrev  0x000019ff      0x119 D:\software\qpc/ports/arm-cortex/qk/gnu/dbg\libqf_cortex-m3_cs.a(qmp_get.o)
 .debug_abbrev  0x00001b18       0xef D:\software\qpc/ports/arm-cortex/qk/gnu/dbg\libqf_cortex-m3_cs.a(qmp_init.o)
 .debug_abbrev  0x00001c07       0xc2 D:\software\qpc/ports/arm-cortex/qk/gnu/dbg\libqf_cortex-m3_cs.a(qmp_put.o)
 .debug_abbrev  0x00001cc9      0x126 D:\software\qpc/ports/arm-cortex/qk/gnu/dbg\libqf_cortex-m3_cs.a(qte_ctor.o)
 .debug_abbrev  0x00001def      0x157 D:\software\qpc/ports/arm-cortex/qk/gnu/dbg\libqf_cortex-m3_cs.a(qte_arm.o)
 .debug_abbrev  0x00001f46      0x127 D:\software\qpc/ports/arm-cortex/qk/gnu/dbg\libqep_cortex-m3_cs.a(qhsm_ini.o)
 .debug_abbrev  0x0000206d      0x127 D:\software\qpc/ports/arm-cortex/qk/gnu/dbg\libqep_cortex-m3_cs.a(qhsm_dis.o)
 .debug_abbrev  0x00002194       0xc4 D:\software\qpc/ports/arm-cortex/qk/gnu/dbg\libqep_cortex-m3_cs.a(qhsm_top.o)
 .debug_abbrev  0x00002258       0xe6 D:\software\qpc/ports/arm-cortex/qk/gnu/dbg\libqep_cortex-m3_cs.a(qep.o)

.debug_info     0x00000000     0x6e10
 .debug_info    0x00000000      0x41d dbg/main.o
 .debug_info    0x0000041d      0x454 dbg/table.o
 .debug_info    0x00000871      0x90f dbg/display96x16x1.o
 .debug_info    0x00001180      0x57c dbg/philo.o
 .debug_info    0x000016fc      0xed9 dbg/bsp.o
 .debug_info    0x000025d5      0x1c1 dbg/startup_lm3s.o
 .debug_info    0x00002796      0x54b dbg/core_cm3.o
 .debug_info    0x00002ce1      0x444 dbg/system_lm3s.o
 .debug_info    0x00003125      0x436 D:\software\qpc/ports/arm-cortex/qk/gnu/dbg\libqk_cortex-m3_cs.a(qk.o)
 .debug_info    0x0000355b      0x3de D:\software\qpc/ports/arm-cortex/qk/gnu/dbg\libqk_cortex-m3_cs.a(qk_sched.o)
 .debug_info    0x00003939      0x108 D:\software\qpc/ports/arm-cortex/qk/gnu/dbg\libqk_cortex-m3_cs.a(qk_mutex.o)
 .debug_info    0x00003a41       0x5b D:\software\qpc/ports/arm-cortex/qk/gnu/dbg\libqk_cortex-m3_cs.a(qk_port.o)
 .debug_info    0x00003a9c      0x37a D:\software\qpc/ports/arm-cortex/qk/gnu/dbg\libqf_cortex-m3_cs.a(qa_fifo.o)
 .debug_info    0x00003e16      0x3c9 D:\software\qpc/ports/arm-cortex/qk/gnu/dbg\libqf_cortex-m3_cs.a(qa_get_.o)
 .debug_info    0x000041df      0x3b5 D:\software\qpc/ports/arm-cortex/qk/gnu/dbg\libqf_cortex-m3_cs.a(qa_sub.o)
 .debug_info    0x00004594      0x1aa D:\software\qpc/ports/arm-cortex/qk/gnu/dbg\libqf_cortex-m3_cs.a(qeq_init.o)
 .debug_info    0x0000473e      0x330 D:\software\qpc/ports/arm-cortex/qk/gnu/dbg\libqf_cortex-m3_cs.a(qf_act.o)
 .debug_info    0x00004a6e      0x21d D:\software\qpc/ports/arm-cortex/qk/gnu/dbg\libqf_cortex-m3_cs.a(qf_gc.o)
 .debug_info    0x00004c8b       0x9e D:\software\qpc/ports/arm-cortex/qk/gnu/dbg\libqf_cortex-m3_cs.a(qf_log2.o)
 .debug_info    0x00004d29      0x23b D:\software\qpc/ports/arm-cortex/qk/gnu/dbg\libqf_cortex-m3_cs.a(qf_new.o)
 .debug_info    0x00004f64      0x1ec D:\software\qpc/ports/arm-cortex/qk/gnu/dbg\libqf_cortex-m3_cs.a(qf_pool.o)
 .debug_info    0x00005150      0x13d D:\software\qpc/ports/arm-cortex/qk/gnu/dbg\libqf_cortex-m3_cs.a(qf_psini.o)
 .debug_info    0x0000528d      0x3b1 D:\software\qpc/ports/arm-cortex/qk/gnu/dbg\libqf_cortex-m3_cs.a(qf_pspub.o)
 .debug_info    0x0000563e       0xcc D:\software\qpc/ports/arm-cortex/qk/gnu/dbg\libqf_cortex-m3_cs.a(qf_pwr2.o)
 .debug_info    0x0000570a      0x2fd D:\software\qpc/ports/arm-cortex/qk/gnu/dbg\libqf_cortex-m3_cs.a(qf_tick.o)
 .debug_info    0x00005a07      0x238 D:\software\qpc/ports/arm-cortex/qk/gnu/dbg\libqf_cortex-m3_cs.a(qmp_get.o)
 .debug_info    0x00005c3f      0x1eb D:\software\qpc/ports/arm-cortex/qk/gnu/dbg\libqf_cortex-m3_cs.a(qmp_init.o)
 .debug_info    0x00005e2a      0x19d D:\software\qpc/ports/arm-cortex/qk/gnu/dbg\libqf_cortex-m3_cs.a(qmp_put.o)
 .debug_info    0x00005fc7      0x32a D:\software\qpc/ports/arm-cortex/qk/gnu/dbg\libqf_cortex-m3_cs.a(qte_ctor.o)
 .debug_info    0x000062f1      0x358 D:\software\qpc/ports/arm-cortex/qk/gnu/dbg\libqf_cortex-m3_cs.a(qte_arm.o)
 .debug_info    0x00006649      0x253 D:\software\qpc/ports/arm-cortex/qk/gnu/dbg\libqep_cortex-m3_cs.a(qhsm_ini.o)
 .debug_info    0x0000689c      0x27b D:\software\qpc/ports/arm-cortex/qk/gnu/dbg\libqep_cortex-m3_cs.a(qhsm_dis.o)
 .debug_info    0x00006b17      0x16f D:\software\qpc/ports/arm-cortex/qk/gnu/dbg\libqep_cortex-m3_cs.a(qhsm_top.o)
 .debug_info    0x00006c86      0x18a D:\software\qpc/ports/arm-cortex/qk/gnu/dbg\libqep_cortex-m3_cs.a(qep.o)

.debug_line     0x00000000     0x2706
 .debug_line    0x00000000      0x102 dbg/main.o
 .debug_line    0x00000102      0x16b dbg/table.o
 .debug_line    0x0000026d      0x24c dbg/display96x16x1.o
 .debug_line    0x000004b9      0x151 dbg/philo.o
 .debug_line    0x0000060a      0x185 dbg/bsp.o
 .debug_line    0x0000078f       0x73 dbg/startup_lm3s.o
 .debug_line    0x00000802      0x113 dbg/core_cm3.o
 .debug_line    0x00000915      0x19d dbg/system_lm3s.o
 .debug_line    0x00000ab2      0x134 D:\software\qpc/ports/arm-cortex/qk/gnu/dbg\libqk_cortex-m3_cs.a(qk.o)
 .debug_line    0x00000be6      0x162 D:\software\qpc/ports/arm-cortex/qk/gnu/dbg\libqk_cortex-m3_cs.a(qk_sched.o)
 .debug_line    0x00000d48      0x105 D:\software\qpc/ports/arm-cortex/qk/gnu/dbg\libqk_cortex-m3_cs.a(qk_mutex.o)
 .debug_line    0x00000e4d       0x7d D:\software\qpc/ports/arm-cortex/qk/gnu/dbg\libqk_cortex-m3_cs.a(qk_port.o)
 .debug_line    0x00000eca      0x128 D:\software\qpc/ports/arm-cortex/qk/gnu/dbg\libqf_cortex-m3_cs.a(qa_fifo.o)
 .debug_line    0x00000ff2      0x138 D:\software\qpc/ports/arm-cortex/qk/gnu/dbg\libqf_cortex-m3_cs.a(qa_get_.o)
 .debug_line    0x0000112a      0x138 D:\software\qpc/ports/arm-cortex/qk/gnu/dbg\libqf_cortex-m3_cs.a(qa_sub.o)
 .debug_line    0x00001262       0xec D:\software\qpc/ports/arm-cortex/qk/gnu/dbg\libqf_cortex-m3_cs.a(qeq_init.o)
 .debug_line    0x0000134e      0x11c D:\software\qpc/ports/arm-cortex/qk/gnu/dbg\libqf_cortex-m3_cs.a(qf_act.o)
 .debug_line    0x0000146a      0x117 D:\software\qpc/ports/arm-cortex/qk/gnu/dbg\libqf_cortex-m3_cs.a(qf_gc.o)
 .debug_line    0x00001581       0xa7 D:\software\qpc/ports/arm-cortex/qk/gnu/dbg\libqf_cortex-m3_cs.a(qf_log2.o)
 .debug_line    0x00001628      0x12d D:\software\qpc/ports/arm-cortex/qk/gnu/dbg\libqf_cortex-m3_cs.a(qf_new.o)
 .debug_line    0x00001755      0x119 D:\software\qpc/ports/arm-cortex/qk/gnu/dbg\libqf_cortex-m3_cs.a(qf_pool.o)
 .debug_line    0x0000186e      0x105 D:\software\qpc/ports/arm-cortex/qk/gnu/dbg\libqf_cortex-m3_cs.a(qf_psini.o)
 .debug_line    0x00001973      0x146 D:\software\qpc/ports/arm-cortex/qk/gnu/dbg\libqf_cortex-m3_cs.a(qf_pspub.o)
 .debug_line    0x00001ab9       0xa7 D:\software\qpc/ports/arm-cortex/qk/gnu/dbg\libqf_cortex-m3_cs.a(qf_pwr2.o)
 .debug_line    0x00001b60      0x13c D:\software\qpc/ports/arm-cortex/qk/gnu/dbg\libqf_cortex-m3_cs.a(qf_tick.o)
 .debug_line    0x00001c9c      0x116 D:\software\qpc/ports/arm-cortex/qk/gnu/dbg\libqf_cortex-m3_cs.a(qmp_get.o)
 .debug_line    0x00001db2      0x132 D:\software\qpc/ports/arm-cortex/qk/gnu/dbg\libqf_cortex-m3_cs.a(qmp_init.o)
 .debug_line    0x00001ee4      0x111 D:\software\qpc/ports/arm-cortex/qk/gnu/dbg\libqf_cortex-m3_cs.a(qmp_put.o)
 .debug_line    0x00001ff5      0x105 D:\software\qpc/ports/arm-cortex/qk/gnu/dbg\libqf_cortex-m3_cs.a(qte_ctor.o)
 .debug_line    0x000020fa      0x13a D:\software\qpc/ports/arm-cortex/qk/gnu/dbg\libqf_cortex-m3_cs.a(qte_arm.o)
 .debug_line    0x00002234      0x138 D:\software\qpc/ports/arm-cortex/qk/gnu/dbg\libqep_cortex-m3_cs.a(qhsm_ini.o)
 .debug_line    0x0000236c      0x1b4 D:\software\qpc/ports/arm-cortex/qk/gnu/dbg\libqep_cortex-m3_cs.a(qhsm_dis.o)
 .debug_line    0x00002520       0xe2 D:\software\qpc/ports/arm-cortex/qk/gnu/dbg\libqep_cortex-m3_cs.a(qhsm_top.o)
 .debug_line    0x00002602      0x104 D:\software\qpc/ports/arm-cortex/qk/gnu/dbg\libqep_cortex-m3_cs.a(qep.o)

.debug_loc      0x00000000     0x1bed
 .debug_loc     0x00000000       0x87 dbg/main.o
 .debug_loc     0x00000087      0x1d0 dbg/table.o
 .debug_loc     0x00000257      0x362 dbg/display96x16x1.o
 .debug_loc     0x000005b9      0x2fb dbg/philo.o
 .debug_loc     0x000008b4      0x199 dbg/bsp.o
 .debug_loc     0x00000a4d       0x5e dbg/startup_lm3s.o
 .debug_loc     0x00000aab      0x298 dbg/core_cm3.o
 .debug_loc     0x00000d43      0x156 dbg/system_lm3s.o
 .debug_loc     0x00000e99      0x120 D:\software\qpc/ports/arm-cortex/qk/gnu/dbg\libqk_cortex-m3_cs.a(qk.o)
 .debug_loc     0x00000fb9       0xc0 D:\software\qpc/ports/arm-cortex/qk/gnu/dbg\libqk_cortex-m3_cs.a(qk_sched.o)
 .debug_loc     0x00001079       0x46 D:\software\qpc/ports/arm-cortex/qk/gnu/dbg\libqk_cortex-m3_cs.a(qk_mutex.o)
 .debug_loc     0x000010bf       0x95 D:\software\qpc/ports/arm-cortex/qk/gnu/dbg\libqf_cortex-m3_cs.a(qa_fifo.o)
 .debug_loc     0x00001154       0x90 D:\software\qpc/ports/arm-cortex/qk/gnu/dbg\libqf_cortex-m3_cs.a(qa_get_.o)
 .debug_loc     0x000011e4       0x46 D:\software\qpc/ports/arm-cortex/qk/gnu/dbg\libqf_cortex-m3_cs.a(qa_sub.o)
 .debug_loc     0x0000122a       0x71 D:\software\qpc/ports/arm-cortex/qk/gnu/dbg\libqf_cortex-m3_cs.a(qf_act.o)
 .debug_loc     0x0000129b       0x51 D:\software\qpc/ports/arm-cortex/qk/gnu/dbg\libqf_cortex-m3_cs.a(qf_gc.o)
 .debug_loc     0x000012ec       0x99 D:\software\qpc/ports/arm-cortex/qk/gnu/dbg\libqf_cortex-m3_cs.a(qf_new.o)
 .debug_loc     0x00001385       0x6f D:\software\qpc/ports/arm-cortex/qk/gnu/dbg\libqf_cortex-m3_cs.a(qf_pool.o)
 .debug_loc     0x000013f4       0xa9 D:\software\qpc/ports/arm-cortex/qk/gnu/dbg\libqf_cortex-m3_cs.a(qf_pspub.o)
 .debug_loc     0x0000149d       0x4a D:\software\qpc/ports/arm-cortex/qk/gnu/dbg\libqf_cortex-m3_cs.a(qf_tick.o)
 .debug_loc     0x000014e7       0x51 D:\software\qpc/ports/arm-cortex/qk/gnu/dbg\libqf_cortex-m3_cs.a(qmp_get.o)
 .debug_loc     0x00001538      0x130 D:\software\qpc/ports/arm-cortex/qk/gnu/dbg\libqf_cortex-m3_cs.a(qmp_init.o)
 .debug_loc     0x00001668       0x5c D:\software\qpc/ports/arm-cortex/qk/gnu/dbg\libqf_cortex-m3_cs.a(qmp_put.o)
 .debug_loc     0x000016c4       0x51 D:\software\qpc/ports/arm-cortex/qk/gnu/dbg\libqf_cortex-m3_cs.a(qte_ctor.o)
 .debug_loc     0x00001715       0x6f D:\software\qpc/ports/arm-cortex/qk/gnu/dbg\libqf_cortex-m3_cs.a(qte_arm.o)
 .debug_loc     0x00001784       0xbc D:\software\qpc/ports/arm-cortex/qk/gnu/dbg\libqep_cortex-m3_cs.a(qhsm_ini.o)
 .debug_loc     0x00001840      0x39a D:\software\qpc/ports/arm-cortex/qk/gnu/dbg\libqep_cortex-m3_cs.a(qhsm_dis.o)
 .debug_loc     0x00001bda       0x13 D:\software\qpc/ports/arm-cortex/qk/gnu/dbg\libqep_cortex-m3_cs.a(qhsm_top.o)

.debug_pubnames
                0x00000000      0x8e3
 .debug_pubnames
                0x00000000       0x1b dbg/main.o
 .debug_pubnames
                0x0000001b       0x2e dbg/table.o
 .debug_pubnames
                0x00000049       0xc3 dbg/display96x16x1.o
 .debug_pubnames
                0x0000010c       0x2e dbg/philo.o
 .debug_pubnames
                0x0000013a       0xd7 dbg/bsp.o
 .debug_pubnames
                0x00000211       0x54 dbg/startup_lm3s.o
 .debug_pubnames
                0x00000265      0x159 dbg/core_cm3.o
 .debug_pubnames
                0x000003be       0x35 dbg/system_lm3s.o
 .debug_pubnames
                0x000003f3       0x9c D:\software\qpc/ports/arm-cortex/qk/gnu/dbg\libqk_cortex-m3_cs.a(qk.o)
 .debug_pubnames
                0x0000048f       0x23 D:\software\qpc/ports/arm-cortex/qk/gnu/dbg\libqk_cortex-m3_cs.a(qk_sched.o)
 .debug_pubnames
                0x000004b2       0x4a D:\software\qpc/ports/arm-cortex/qk/gnu/dbg\libqk_cortex-m3_cs.a(qk_mutex.o)
 .debug_pubnames
                0x000004fc       0x27 D:\software\qpc/ports/arm-cortex/qk/gnu/dbg\libqf_cortex-m3_cs.a(qa_fifo.o)
 .debug_pubnames
                0x00000523       0x39 D:\software\qpc/ports/arm-cortex/qk/gnu/dbg\libqf_cortex-m3_cs.a(qa_get_.o)
 .debug_pubnames
                0x0000055c       0x28 D:\software\qpc/ports/arm-cortex/qk/gnu/dbg\libqf_cortex-m3_cs.a(qa_sub.o)
 .debug_pubnames
                0x00000584       0x23 D:\software\qpc/ports/arm-cortex/qk/gnu/dbg\libqf_cortex-m3_cs.a(qeq_init.o)
 .debug_pubnames
                0x000005a7       0x62 D:\software\qpc/ports/arm-cortex/qk/gnu/dbg\libqf_cortex-m3_cs.a(qf_act.o)
 .debug_pubnames
                0x00000609       0x1c D:\software\qpc/ports/arm-cortex/qk/gnu/dbg\libqf_cortex-m3_cs.a(qf_gc.o)
 .debug_pubnames
                0x00000625       0x22 D:\software\qpc/ports/arm-cortex/qk/gnu/dbg\libqf_cortex-m3_cs.a(qf_log2.o)
 .debug_pubnames
                0x00000647       0x1e D:\software\qpc/ports/arm-cortex/qk/gnu/dbg\libqf_cortex-m3_cs.a(qf_new.o)
 .debug_pubnames
                0x00000665       0x3f D:\software\qpc/ports/arm-cortex/qk/gnu/dbg\libqf_cortex-m3_cs.a(qf_pool.o)
 .debug_pubnames
                0x000006a4       0x45 D:\software\qpc/ports/arm-cortex/qk/gnu/dbg\libqf_cortex-m3_cs.a(qf_psini.o)
 .debug_pubnames
                0x000006e9       0x21 D:\software\qpc/ports/arm-cortex/qk/gnu/dbg\libqf_cortex-m3_cs.a(qf_pspub.o)
 .debug_pubnames
                0x0000070a       0x45 D:\software\qpc/ports/arm-cortex/qk/gnu/dbg\libqf_cortex-m3_cs.a(qf_pwr2.o)
 .debug_pubnames
                0x0000074f       0x1e D:\software\qpc/ports/arm-cortex/qk/gnu/dbg\libqf_cortex-m3_cs.a(qf_tick.o)
 .debug_pubnames
                0x0000076d       0x36 D:\software\qpc/ports/arm-cortex/qk/gnu/dbg\libqf_cortex-m3_cs.a(qmp_get.o)
 .debug_pubnames
                0x000007a3       0x22 D:\software\qpc/ports/arm-cortex/qk/gnu/dbg\libqf_cortex-m3_cs.a(qmp_init.o)
 .debug_pubnames
                0x000007c5       0x21 D:\software\qpc/ports/arm-cortex/qk/gnu/dbg\libqf_cortex-m3_cs.a(qmp_put.o)
 .debug_pubnames
                0x000007e6       0x24 D:\software\qpc/ports/arm-cortex/qk/gnu/dbg\libqf_cortex-m3_cs.a(qte_ctor.o)
 .debug_pubnames
                0x0000080a       0x3c D:\software\qpc/ports/arm-cortex/qk/gnu/dbg\libqf_cortex-m3_cs.a(qte_arm.o)
 .debug_pubnames
                0x00000846       0x20 D:\software\qpc/ports/arm-cortex/qk/gnu/dbg\libqep_cortex-m3_cs.a(qhsm_ini.o)
 .debug_pubnames
                0x00000866       0x24 D:\software\qpc/ports/arm-cortex/qk/gnu/dbg\libqep_cortex-m3_cs.a(qhsm_dis.o)
 .debug_pubnames
                0x0000088a       0x1f D:\software\qpc/ports/arm-cortex/qk/gnu/dbg\libqep_cortex-m3_cs.a(qhsm_top.o)
 .debug_pubnames
                0x000008a9       0x3a D:\software\qpc/ports/arm-cortex/qk/gnu/dbg\libqep_cortex-m3_cs.a(qep.o)

.debug_pubtypes
                0x00000000     0x16ab
 .debug_pubtypes
                0x00000000      0x11e dbg/main.o
 .debug_pubtypes
                0x0000011e      0x136 dbg/table.o
 .debug_pubtypes
                0x00000254       0x5d dbg/display96x16x1.o
 .debug_pubtypes
                0x000002b1      0x169 dbg/philo.o
 .debug_pubtypes
                0x0000041a      0x163 dbg/bsp.o
 .debug_pubtypes
                0x0000057d       0x3c dbg/startup_lm3s.o
 .debug_pubtypes
                0x000005b9       0x50 dbg/core_cm3.o
 .debug_pubtypes
                0x00000609       0x3b dbg/system_lm3s.o
 .debug_pubtypes
                0x00000644      0x108 D:\software\qpc/ports/arm-cortex/qk/gnu/dbg\libqk_cortex-m3_cs.a(qk.o)
 .debug_pubtypes
                0x0000074c       0xfb D:\software\qpc/ports/arm-cortex/qk/gnu/dbg\libqk_cortex-m3_cs.a(qk_sched.o)
 .debug_pubtypes
                0x00000847       0x29 D:\software\qpc/ports/arm-cortex/qk/gnu/dbg\libqk_cortex-m3_cs.a(qk_mutex.o)
 .debug_pubtypes
                0x00000870       0xfb D:\software\qpc/ports/arm-cortex/qk/gnu/dbg\libqf_cortex-m3_cs.a(qa_fifo.o)
 .debug_pubtypes
                0x0000096b      0x108 D:\software\qpc/ports/arm-cortex/qk/gnu/dbg\libqf_cortex-m3_cs.a(qa_get_.o)
 .debug_pubtypes
                0x00000a73       0xff D:\software\qpc/ports/arm-cortex/qk/gnu/dbg\libqf_cortex-m3_cs.a(qa_sub.o)
 .debug_pubtypes
                0x00000b72       0x7a D:\software\qpc/ports/arm-cortex/qk/gnu/dbg\libqf_cortex-m3_cs.a(qeq_init.o)
 .debug_pubtypes
                0x00000bec       0xc7 D:\software\qpc/ports/arm-cortex/qk/gnu/dbg\libqf_cortex-m3_cs.a(qf_act.o)
 .debug_pubtypes
                0x00000cb3       0x86 D:\software\qpc/ports/arm-cortex/qk/gnu/dbg\libqf_cortex-m3_cs.a(qf_gc.o)
 .debug_pubtypes
                0x00000d39       0x1e D:\software\qpc/ports/arm-cortex/qk/gnu/dbg\libqf_cortex-m3_cs.a(qf_log2.o)
 .debug_pubtypes
                0x00000d57       0x95 D:\software\qpc/ports/arm-cortex/qk/gnu/dbg\libqf_cortex-m3_cs.a(qf_new.o)
 .debug_pubtypes
                0x00000dec       0x7d D:\software\qpc/ports/arm-cortex/qk/gnu/dbg\libqf_cortex-m3_cs.a(qf_pool.o)
 .debug_pubtypes
                0x00000e69       0x5a D:\software\qpc/ports/arm-cortex/qk/gnu/dbg\libqf_cortex-m3_cs.a(qf_psini.o)
 .debug_pubtypes
                0x00000ec3       0xea D:\software\qpc/ports/arm-cortex/qk/gnu/dbg\libqf_cortex-m3_cs.a(qf_pspub.o)
 .debug_pubtypes
                0x00000fad       0x1e D:\software\qpc/ports/arm-cortex/qk/gnu/dbg\libqf_cortex-m3_cs.a(qf_pwr2.o)
 .debug_pubtypes
                0x00000fcb       0xf4 D:\software\qpc/ports/arm-cortex/qk/gnu/dbg\libqf_cortex-m3_cs.a(qf_tick.o)
 .debug_pubtypes
                0x000010bf       0x8f D:\software\qpc/ports/arm-cortex/qk/gnu/dbg\libqf_cortex-m3_cs.a(qmp_get.o)
 .debug_pubtypes
                0x0000114e       0x83 D:\software\qpc/ports/arm-cortex/qk/gnu/dbg\libqf_cortex-m3_cs.a(qmp_init.o)
 .debug_pubtypes
                0x000011d1       0x76 D:\software\qpc/ports/arm-cortex/qk/gnu/dbg\libqf_cortex-m3_cs.a(qmp_put.o)
 .debug_pubtypes
                0x00001247      0x109 D:\software\qpc/ports/arm-cortex/qk/gnu/dbg\libqf_cortex-m3_cs.a(qte_ctor.o)
 .debug_pubtypes
                0x00001350      0x109 D:\software\qpc/ports/arm-cortex/qk/gnu/dbg\libqf_cortex-m3_cs.a(qte_arm.o)
 .debug_pubtypes
                0x00001459       0xaf D:\software\qpc/ports/arm-cortex/qk/gnu/dbg\libqep_cortex-m3_cs.a(qhsm_ini.o)
 .debug_pubtypes
                0x00001508       0xaf D:\software\qpc/ports/arm-cortex/qk/gnu/dbg\libqep_cortex-m3_cs.a(qhsm_dis.o)
 .debug_pubtypes
                0x000015b7       0x82 D:\software\qpc/ports/arm-cortex/qk/gnu/dbg\libqep_cortex-m3_cs.a(qhsm_top.o)
 .debug_pubtypes
                0x00001639       0x72 D:\software\qpc/ports/arm-cortex/qk/gnu/dbg\libqep_cortex-m3_cs.a(qep.o)

.debug_aranges  0x00000000      0x410
 .debug_aranges
                0x00000000       0x20 dbg/main.o
 .debug_aranges
                0x00000020       0x20 dbg/table.o
 .debug_aranges
                0x00000040       0x20 dbg/display96x16x1.o
 .debug_aranges
                0x00000060       0x20 dbg/philo.o
 .debug_aranges
                0x00000080       0x20 dbg/bsp.o
 .debug_aranges
                0x000000a0       0x20 dbg/startup_lm3s.o
 .debug_aranges
                0x000000c0       0x20 dbg/core_cm3.o
 .debug_aranges
                0x000000e0       0x20 dbg/system_lm3s.o
 .debug_aranges
                0x00000100       0x20 D:\software\qpc/ports/arm-cortex/qk/gnu/dbg\libqk_cortex-m3_cs.a(qk.o)
 .debug_aranges
                0x00000120       0x20 D:\software\qpc/ports/arm-cortex/qk/gnu/dbg\libqk_cortex-m3_cs.a(qk_sched.o)
 .debug_aranges
                0x00000140       0x20 D:\software\qpc/ports/arm-cortex/qk/gnu/dbg\libqk_cortex-m3_cs.a(qk_mutex.o)
 .debug_aranges
                0x00000160       0x30 D:\software\qpc/ports/arm-cortex/qk/gnu/dbg\libqk_cortex-m3_cs.a(qk_port.o)
 .debug_aranges
                0x00000190       0x20 D:\software\qpc/ports/arm-cortex/qk/gnu/dbg\libqf_cortex-m3_cs.a(qa_fifo.o)
 .debug_aranges
                0x000001b0       0x20 D:\software\qpc/ports/arm-cortex/qk/gnu/dbg\libqf_cortex-m3_cs.a(qa_get_.o)
 .debug_aranges
                0x000001d0       0x20 D:\software\qpc/ports/arm-cortex/qk/gnu/dbg\libqf_cortex-m3_cs.a(qa_sub.o)
 .debug_aranges
                0x000001f0       0x20 D:\software\qpc/ports/arm-cortex/qk/gnu/dbg\libqf_cortex-m3_cs.a(qeq_init.o)
 .debug_aranges
                0x00000210       0x20 D:\software\qpc/ports/arm-cortex/qk/gnu/dbg\libqf_cortex-m3_cs.a(qf_act.o)
 .debug_aranges
                0x00000230       0x20 D:\software\qpc/ports/arm-cortex/qk/gnu/dbg\libqf_cortex-m3_cs.a(qf_gc.o)
 .debug_aranges
                0x00000250       0x20 D:\software\qpc/ports/arm-cortex/qk/gnu/dbg\libqf_cortex-m3_cs.a(qf_new.o)
 .debug_aranges
                0x00000270       0x20 D:\software\qpc/ports/arm-cortex/qk/gnu/dbg\libqf_cortex-m3_cs.a(qf_pool.o)
 .debug_aranges
                0x00000290       0x20 D:\software\qpc/ports/arm-cortex/qk/gnu/dbg\libqf_cortex-m3_cs.a(qf_psini.o)
 .debug_aranges
                0x000002b0       0x20 D:\software\qpc/ports/arm-cortex/qk/gnu/dbg\libqf_cortex-m3_cs.a(qf_pspub.o)
 .debug_aranges
                0x000002d0       0x20 D:\software\qpc/ports/arm-cortex/qk/gnu/dbg\libqf_cortex-m3_cs.a(qf_tick.o)
 .debug_aranges
                0x000002f0       0x20 D:\software\qpc/ports/arm-cortex/qk/gnu/dbg\libqf_cortex-m3_cs.a(qmp_get.o)
 .debug_aranges
                0x00000310       0x20 D:\software\qpc/ports/arm-cortex/qk/gnu/dbg\libqf_cortex-m3_cs.a(qmp_init.o)
 .debug_aranges
                0x00000330       0x20 D:\software\qpc/ports/arm-cortex/qk/gnu/dbg\libqf_cortex-m3_cs.a(qmp_put.o)
 .debug_aranges
                0x00000350       0x20 D:\software\qpc/ports/arm-cortex/qk/gnu/dbg\libqf_cortex-m3_cs.a(qte_ctor.o)
 .debug_aranges
                0x00000370       0x20 D:\software\qpc/ports/arm-cortex/qk/gnu/dbg\libqf_cortex-m3_cs.a(qte_arm.o)
 .debug_aranges
                0x00000390       0x20 D:\software\qpc/ports/arm-cortex/qk/gnu/dbg\libqep_cortex-m3_cs.a(qhsm_ini.o)
 .debug_aranges
                0x000003b0       0x20 D:\software\qpc/ports/arm-cortex/qk/gnu/dbg\libqep_cortex-m3_cs.a(qhsm_dis.o)
 .debug_aranges
                0x000003d0       0x20 D:\software\qpc/ports/arm-cortex/qk/gnu/dbg\libqep_cortex-m3_cs.a(qhsm_top.o)
 .debug_aranges
                0x000003f0       0x20 D:\software\qpc/ports/arm-cortex/qk/gnu/dbg\libqep_cortex-m3_cs.a(qep.o)

.debug_str      0x00000000     0x151d
 .debug_str     0x00000000      0x285 dbg/main.o
                                0x2be (size before relaxing)
 .debug_str     0x00000285       0x91 dbg/table.o
                                0x2d1 (size before relaxing)
 .debug_str     0x00000316      0x35a dbg/display96x16x1.o
                                0x439 (size before relaxing)
 .debug_str     0x00000670       0xbe dbg/philo.o
                                0x336 (size before relaxing)
 .debug_str     0x0000072e      0x4b6 dbg/bsp.o
                                0x82a (size before relaxing)
 .debug_str     0x00000be4       0xd5 dbg/startup_lm3s.o
                                0x136 (size before relaxing)
 .debug_str     0x00000cb9      0x14a dbg/core_cm3.o
                                0x241 (size before relaxing)
 .debug_str     0x00000e03       0x43 dbg/system_lm3s.o
                                0x23d (size before relaxing)
 .debug_str     0x00000e46       0xe0 D:\software\qpc/ports/arm-cortex/qk/gnu/dbg\libqk_cortex-m3_cs.a(qk.o)
                                0x26b (size before relaxing)
 .debug_str     0x00000f26       0x55 D:\software\qpc/ports/arm-cortex/qk/gnu/dbg\libqk_cortex-m3_cs.a(qk_sched.o)
                                0x244 (size before relaxing)
 .debug_str     0x00000f7b       0x56 D:\software\qpc/ports/arm-cortex/qk/gnu/dbg\libqk_cortex-m3_cs.a(qk_mutex.o)
                                0x126 (size before relaxing)
 .debug_str     0x00000fd1       0x49 D:\software\qpc/ports/arm-cortex/qk/gnu/dbg\libqf_cortex-m3_cs.a(qa_fifo.o)
                                0x22b (size before relaxing)
 .debug_str     0x0000101a       0x55 D:\software\qpc/ports/arm-cortex/qk/gnu/dbg\libqf_cortex-m3_cs.a(qa_get_.o)
                                0x24b (size before relaxing)
 .debug_str     0x0000106f       0x4e D:\software\qpc/ports/arm-cortex/qk/gnu/dbg\libqf_cortex-m3_cs.a(qa_sub.o)
                                0x268 (size before relaxing)
 .debug_str     0x000010bd       0x2e D:\software\qpc/ports/arm-cortex/qk/gnu/dbg\libqf_cortex-m3_cs.a(qeq_init.o)
                                0x16b (size before relaxing)
 .debug_str     0x000010eb       0x50 D:\software\qpc/ports/arm-cortex/qk/gnu/dbg\libqf_cortex-m3_cs.a(qf_act.o)
                                0x1fc (size before relaxing)
 .debug_str     0x0000113b       0x73 D:\software\qpc/ports/arm-cortex/qk/gnu/dbg\libqf_cortex-m3_cs.a(qf_gc.o)
                                0x187 (size before relaxing)
 .debug_str     0x000011ae       0x20 D:\software\qpc/ports/arm-cortex/qk/gnu/dbg\libqf_cortex-m3_cs.a(qf_log2.o)
                                 0xec (size before relaxing)
 .debug_str     0x000011ce       0x3a D:\software\qpc/ports/arm-cortex/qk/gnu/dbg\libqf_cortex-m3_cs.a(qf_new.o)
                                0x19d (size before relaxing)
 .debug_str     0x00001208       0x3d D:\software\qpc/ports/arm-cortex/qk/gnu/dbg\libqf_cortex-m3_cs.a(qf_pool.o)
                                0x193 (size before relaxing)
 .debug_str     0x00001245       0x35 D:\software\qpc/ports/arm-cortex/qk/gnu/dbg\libqf_cortex-m3_cs.a(qf_psini.o)
                                0x14d (size before relaxing)
 .debug_str     0x0000127a       0x2c D:\software\qpc/ports/arm-cortex/qk/gnu/dbg\libqf_cortex-m3_cs.a(qf_pspub.o)
                                0x228 (size before relaxing)
 .debug_str     0x000012a6       0x20 D:\software\qpc/ports/arm-cortex/qk/gnu/dbg\libqf_cortex-m3_cs.a(qf_pwr2.o)
                                0x107 (size before relaxing)
 .debug_str     0x000012c6       0x42 D:\software\qpc/ports/arm-cortex/qk/gnu/dbg\libqf_cortex-m3_cs.a(qf_tick.o)
                                0x1fe (size before relaxing)
 .debug_str     0x00001308       0x5c D:\software\qpc/ports/arm-cortex/qk/gnu/dbg\libqf_cortex-m3_cs.a(qmp_get.o)
                                0x1ab (size before relaxing)
 .debug_str     0x00001364       0x35 D:\software\qpc/ports/arm-cortex/qk/gnu/dbg\libqf_cortex-m3_cs.a(qmp_init.o)
                                0x18a (size before relaxing)
 .debug_str     0x00001399       0x2b D:\software\qpc/ports/arm-cortex/qk/gnu/dbg\libqf_cortex-m3_cs.a(qmp_put.o)
                                0x166 (size before relaxing)
 .debug_str     0x000013c4       0x2f D:\software\qpc/ports/arm-cortex/qk/gnu/dbg\libqf_cortex-m3_cs.a(qte_ctor.o)
                                0x23a (size before relaxing)
 .debug_str     0x000013f3       0x35 D:\software\qpc/ports/arm-cortex/qk/gnu/dbg\libqf_cortex-m3_cs.a(qte_arm.o)
                                0x254 (size before relaxing)
 .debug_str     0x00001428       0x6e D:\software\qpc/ports/arm-cortex/qk/gnu/dbg\libqep_cortex-m3_cs.a(qhsm_ini.o)
                                0x1de (size before relaxing)
 .debug_str     0x00001496       0x30 D:\software\qpc/ports/arm-cortex/qk/gnu/dbg\libqep_cortex-m3_cs.a(qhsm_dis.o)
                                0x1e2 (size before relaxing)
 .debug_str     0x000014c6       0x2b D:\software\qpc/ports/arm-cortex/qk/gnu/dbg\libqep_cortex-m3_cs.a(qhsm_top.o)
                                0x145 (size before relaxing)
 .debug_str     0x000014f1       0x2c D:\software\qpc/ports/arm-cortex/qk/gnu/dbg\libqep_cortex-m3_cs.a(qep.o)
                                0x1a6 (size before relaxing)

.comment        0x00000000       0x2b
 .comment       0x00000000       0x2b dbg/main.o
                                 0x2c (size before relaxing)
 .comment       0x00000000       0x2c dbg/table.o
 .comment       0x00000000       0x2c dbg/display96x16x1.o
 .comment       0x00000000       0x2c dbg/philo.o
 .comment       0x00000000       0x2c dbg/bsp.o
 .comment       0x00000000       0x2c dbg/startup_lm3s.o
 .comment       0x00000000       0x2c dbg/core_cm3.o
 .comment       0x00000000       0x2c dbg/system_lm3s.o
 .comment       0x00000000       0x2c D:\software\qpc/ports/arm-cortex/qk/gnu/dbg\libqk_cortex-m3_cs.a(qk.o)
 .comment       0x00000000       0x2c D:\software\qpc/ports/arm-cortex/qk/gnu/dbg\libqk_cortex-m3_cs.a(qk_sched.o)
 .comment       0x00000000       0x2c D:\software\qpc/ports/arm-cortex/qk/gnu/dbg\libqk_cortex-m3_cs.a(qk_mutex.o)
 .comment       0x00000000       0x2c D:\software\qpc/ports/arm-cortex/qk/gnu/dbg\libqf_cortex-m3_cs.a(qa_fifo.o)
 .comment       0x00000000       0x2c D:\software\qpc/ports/arm-cortex/qk/gnu/dbg\libqf_cortex-m3_cs.a(qa_get_.o)
 .comment       0x00000000       0x2c D:\software\qpc/ports/arm-cortex/qk/gnu/dbg\libqf_cortex-m3_cs.a(qa_sub.o)
 .comment       0x00000000       0x2c D:\software\qpc/ports/arm-cortex/qk/gnu/dbg\libqf_cortex-m3_cs.a(qeq_init.o)
 .comment       0x00000000       0x2c D:\software\qpc/ports/arm-cortex/qk/gnu/dbg\libqf_cortex-m3_cs.a(qf_act.o)
 .comment       0x00000000       0x2c D:\software\qpc/ports/arm-cortex/qk/gnu/dbg\libqf_cortex-m3_cs.a(qf_gc.o)
 .comment       0x00000000       0x2c D:\software\qpc/ports/arm-cortex/qk/gnu/dbg\libqf_cortex-m3_cs.a(qf_log2.o)
 .comment       0x00000000       0x2c D:\software\qpc/ports/arm-cortex/qk/gnu/dbg\libqf_cortex-m3_cs.a(qf_new.o)
 .comment       0x00000000       0x2c D:\software\qpc/ports/arm-cortex/qk/gnu/dbg\libqf_cortex-m3_cs.a(qf_pool.o)
 .comment       0x00000000       0x2c D:\software\qpc/ports/arm-cortex/qk/gnu/dbg\libqf_cortex-m3_cs.a(qf_psini.o)
 .comment       0x00000000       0x2c D:\software\qpc/ports/arm-cortex/qk/gnu/dbg\libqf_cortex-m3_cs.a(qf_pspub.o)
 .comment       0x00000000       0x2c D:\software\qpc/ports/arm-cortex/qk/gnu/dbg\libqf_cortex-m3_cs.a(qf_pwr2.o)
 .comment       0x00000000       0x2c D:\software\qpc/ports/arm-cortex/qk/gnu/dbg\libqf_cortex-m3_cs.a(qf_tick.o)
 .comment       0x00000000       0x2c D:\software\qpc/ports/arm-cortex/qk/gnu/dbg\libqf_cortex-m3_cs.a(qmp_get.o)
 .comment       0x00000000       0x2c D:\software\qpc/ports/arm-cortex/qk/gnu/dbg\libqf_cortex-m3_cs.a(qmp_init.o)
 .comment       0x00000000       0x2c D:\software\qpc/ports/arm-cortex/qk/gnu/dbg\libqf_cortex-m3_cs.a(qmp_put.o)
 .comment       0x00000000       0x2c D:\software\qpc/ports/arm-cortex/qk/gnu/dbg\libqf_cortex-m3_cs.a(qte_ctor.o)
 .comment       0x00000000       0x2c D:\software\qpc/ports/arm-cortex/qk/gnu/dbg\libqf_cortex-m3_cs.a(qte_arm.o)
 .comment       0x00000000       0x2c D:\software\qpc/ports/arm-cortex/qk/gnu/dbg\libqep_cortex-m3_cs.a(qhsm_ini.o)
 .comment       0x00000000       0x2c D:\software\qpc/ports/arm-cortex/qk/gnu/dbg\libqep_cortex-m3_cs.a(qhsm_dis.o)
 .comment       0x00000000       0x2c D:\software\qpc/ports/arm-cortex/qk/gnu/dbg\libqep_cortex-m3_cs.a(qhsm_top.o)
 .comment       0x00000000       0x2c D:\software\qpc/ports/arm-cortex/qk/gnu/dbg\libqep_cortex-m3_cs.a(qep.o)

.ARM.attributes
                0x00000000       0x2f
 .ARM.attributes
                0x00000000       0x31 dbg/main.o
 .ARM.attributes
                0x00000031       0x31 dbg/table.o
 .ARM.attributes
                0x00000062       0x31 dbg/display96x16x1.o
 .ARM.attributes
                0x00000093       0x31 dbg/philo.o
 .ARM.attributes
                0x000000c4       0x31 dbg/bsp.o
 .ARM.attributes
                0x000000f5       0x31 dbg/startup_lm3s.o
 .ARM.attributes
                0x00000126       0x31 dbg/core_cm3.o
 .ARM.attributes
                0x00000157       0x31 dbg/system_lm3s.o
 .ARM.attributes
                0x00000188       0x31 D:\software\qpc/ports/arm-cortex/qk/gnu/dbg\libqk_cortex-m3_cs.a(qk.o)
 .ARM.attributes
                0x000001b9       0x31 D:\software\qpc/ports/arm-cortex/qk/gnu/dbg\libqk_cortex-m3_cs.a(qk_sched.o)
 .ARM.attributes
                0x000001ea       0x31 D:\software\qpc/ports/arm-cortex/qk/gnu/dbg\libqk_cortex-m3_cs.a(qk_mutex.o)
 .ARM.attributes
                0x0000021b       0x21 D:\software\qpc/ports/arm-cortex/qk/gnu/dbg\libqk_cortex-m3_cs.a(qk_port.o)
 .ARM.attributes
                0x0000023c       0x31 D:\software\qpc/ports/arm-cortex/qk/gnu/dbg\libqf_cortex-m3_cs.a(qa_fifo.o)
 .ARM.attributes
                0x0000026d       0x31 D:\software\qpc/ports/arm-cortex/qk/gnu/dbg\libqf_cortex-m3_cs.a(qa_get_.o)
 .ARM.attributes
                0x0000029e       0x31 D:\software\qpc/ports/arm-cortex/qk/gnu/dbg\libqf_cortex-m3_cs.a(qa_sub.o)
 .ARM.attributes
                0x000002cf       0x31 D:\software\qpc/ports/arm-cortex/qk/gnu/dbg\libqf_cortex-m3_cs.a(qeq_init.o)
 .ARM.attributes
                0x00000300       0x31 D:\software\qpc/ports/arm-cortex/qk/gnu/dbg\libqf_cortex-m3_cs.a(qf_act.o)
 .ARM.attributes
                0x00000331       0x31 D:\software\qpc/ports/arm-cortex/qk/gnu/dbg\libqf_cortex-m3_cs.a(qf_gc.o)
 .ARM.attributes
                0x00000362       0x31 D:\software\qpc/ports/arm-cortex/qk/gnu/dbg\libqf_cortex-m3_cs.a(qf_log2.o)
 .ARM.attributes
                0x00000393       0x31 D:\software\qpc/ports/arm-cortex/qk/gnu/dbg\libqf_cortex-m3_cs.a(qf_new.o)
 .ARM.attributes
                0x000003c4       0x31 D:\software\qpc/ports/arm-cortex/qk/gnu/dbg\libqf_cortex-m3_cs.a(qf_pool.o)
 .ARM.attributes
                0x000003f5       0x31 D:\software\qpc/ports/arm-cortex/qk/gnu/dbg\libqf_cortex-m3_cs.a(qf_psini.o)
 .ARM.attributes
                0x00000426       0x31 D:\software\qpc/ports/arm-cortex/qk/gnu/dbg\libqf_cortex-m3_cs.a(qf_pspub.o)
 .ARM.attributes
                0x00000457       0x31 D:\software\qpc/ports/arm-cortex/qk/gnu/dbg\libqf_cortex-m3_cs.a(qf_pwr2.o)
 .ARM.attributes
                0x00000488       0x31 D:\software\qpc/ports/arm-cortex/qk/gnu/dbg\libqf_cortex-m3_cs.a(qf_tick.o)
 .ARM.attributes
                0x000004b9       0x31 D:\software\qpc/ports/arm-cortex/qk/gnu/dbg\libqf_cortex-m3_cs.a(qmp_get.o)
 .ARM.attributes
                0x000004ea       0x31 D:\software\qpc/ports/arm-cortex/qk/gnu/dbg\libqf_cortex-m3_cs.a(qmp_init.o)
 .ARM.attributes
                0x0000051b       0x31 D:\software\qpc/ports/arm-cortex/qk/gnu/dbg\libqf_cortex-m3_cs.a(qmp_put.o)
 .ARM.attributes
                0x0000054c       0x31 D:\software\qpc/ports/arm-cortex/qk/gnu/dbg\libqf_cortex-m3_cs.a(qte_ctor.o)
 .ARM.attributes
                0x0000057d       0x31 D:\software\qpc/ports/arm-cortex/qk/gnu/dbg\libqf_cortex-m3_cs.a(qte_arm.o)
 .ARM.attributes
                0x000005ae       0x31 D:\software\qpc/ports/arm-cortex/qk/gnu/dbg\libqep_cortex-m3_cs.a(qhsm_ini.o)
 .ARM.attributes
                0x000005df       0x31 D:\software\qpc/ports/arm-cortex/qk/gnu/dbg\libqep_cortex-m3_cs.a(qhsm_dis.o)
 .ARM.attributes
                0x00000610       0x31 D:\software\qpc/ports/arm-cortex/qk/gnu/dbg\libqep_cortex-m3_cs.a(qhsm_top.o)
 .ARM.attributes
                0x00000641       0x31 D:\software\qpc/ports/arm-cortex/qk/gnu/dbg\libqep_cortex-m3_cs.a(qep.o)

.debug_frame    0x00000000      0xa2c
 .debug_frame   0x00000000       0x34 dbg/main.o
 .debug_frame   0x00000034       0x58 dbg/table.o
 .debug_frame   0x0000008c      0x148 dbg/display96x16x1.o
 .debug_frame   0x000001d4       0x98 dbg/philo.o
 .debug_frame   0x0000026c      0x100 dbg/bsp.o
 .debug_frame   0x0000036c       0x58 dbg/startup_lm3s.o
 .debug_frame   0x000003c4      0x170 dbg/core_cm3.o
 .debug_frame   0x00000534       0x2c dbg/system_lm3s.o
 .debug_frame   0x00000560       0xa0 D:\software\qpc/ports/arm-cortex/qk/gnu/dbg\libqk_cortex-m3_cs.a(qk.o)
 .debug_frame   0x00000600       0x34 D:\software\qpc/ports/arm-cortex/qk/gnu/dbg\libqk_cortex-m3_cs.a(qk_sched.o)
 .debug_frame   0x00000634       0x38 D:\software\qpc/ports/arm-cortex/qk/gnu/dbg\libqk_cortex-m3_cs.a(qk_mutex.o)
 .debug_frame   0x0000066c       0x2c D:\software\qpc/ports/arm-cortex/qk/gnu/dbg\libqf_cortex-m3_cs.a(qa_fifo.o)
 .debug_frame   0x00000698       0x44 D:\software\qpc/ports/arm-cortex/qk/gnu/dbg\libqf_cortex-m3_cs.a(qa_get_.o)
 .debug_frame   0x000006dc       0x2c D:\software\qpc/ports/arm-cortex/qk/gnu/dbg\libqf_cortex-m3_cs.a(qa_sub.o)
 .debug_frame   0x00000708       0x20 D:\software\qpc/ports/arm-cortex/qk/gnu/dbg\libqf_cortex-m3_cs.a(qeq_init.o)
 .debug_frame   0x00000728       0x54 D:\software\qpc/ports/arm-cortex/qk/gnu/dbg\libqf_cortex-m3_cs.a(qf_act.o)
 .debug_frame   0x0000077c       0x2c D:\software\qpc/ports/arm-cortex/qk/gnu/dbg\libqf_cortex-m3_cs.a(qf_gc.o)
 .debug_frame   0x000007a8       0x34 D:\software\qpc/ports/arm-cortex/qk/gnu/dbg\libqf_cortex-m3_cs.a(qf_new.o)
 .debug_frame   0x000007dc       0x30 D:\software\qpc/ports/arm-cortex/qk/gnu/dbg\libqf_cortex-m3_cs.a(qf_pool.o)
 .debug_frame   0x0000080c       0x20 D:\software\qpc/ports/arm-cortex/qk/gnu/dbg\libqf_cortex-m3_cs.a(qf_psini.o)
 .debug_frame   0x0000082c       0x38 D:\software\qpc/ports/arm-cortex/qk/gnu/dbg\libqf_cortex-m3_cs.a(qf_pspub.o)
 .debug_frame   0x00000864       0x30 D:\software\qpc/ports/arm-cortex/qk/gnu/dbg\libqf_cortex-m3_cs.a(qf_tick.o)
 .debug_frame   0x00000894       0x38 D:\software\qpc/ports/arm-cortex/qk/gnu/dbg\libqf_cortex-m3_cs.a(qmp_get.o)
 .debug_frame   0x000008cc       0x30 D:\software\qpc/ports/arm-cortex/qk/gnu/dbg\libqf_cortex-m3_cs.a(qmp_init.o)
 .debug_frame   0x000008fc       0x2c D:\software\qpc/ports/arm-cortex/qk/gnu/dbg\libqf_cortex-m3_cs.a(qmp_put.o)
 .debug_frame   0x00000928       0x2c D:\software\qpc/ports/arm-cortex/qk/gnu/dbg\libqf_cortex-m3_cs.a(qte_ctor.o)
 .debug_frame   0x00000954       0x2c D:\software\qpc/ports/arm-cortex/qk/gnu/dbg\libqf_cortex-m3_cs.a(qte_arm.o)
 .debug_frame   0x00000980       0x34 D:\software\qpc/ports/arm-cortex/qk/gnu/dbg\libqep_cortex-m3_cs.a(qhsm_ini.o)
 .debug_frame   0x000009b4       0x38 D:\software\qpc/ports/arm-cortex/qk/gnu/dbg\libqep_cortex-m3_cs.a(qhsm_dis.o)
 .debug_frame   0x000009ec       0x20 D:\software\qpc/ports/arm-cortex/qk/gnu/dbg\libqep_cortex-m3_cs.a(qhsm_top.o)
 .debug_frame   0x00000a0c       0x20 D:\software\qpc/ports/arm-cortex/qk/gnu/dbg\libqep_cortex-m3_cs.a(qep.o)

.debug_ranges   0x00000000       0x88
 .debug_ranges  0x00000000       0x28 D:\software\qpc/ports/arm-cortex/qk/gnu/dbg\libqk_cortex-m3_cs.a(qk_port.o)
 .debug_ranges  0x00000028       0x18 D:\software\qpc/ports/arm-cortex/qk/gnu/dbg\libqf_cortex-m3_cs.a(qf_pspub.o)
 .debug_ranges  0x00000040       0x18 D:\software\qpc/ports/arm-cortex/qk/gnu/dbg\libqf_cortex-m3_cs.a(qf_tick.o)
 .debug_ranges  0x00000058       0x18 D:\software\qpc/ports/arm-cortex/qk/gnu/dbg\libqep_cortex-m3_cs.a(qhsm_ini.o)
 .debug_ranges  0x00000070       0x18 D:\software\qpc/ports/arm-cortex/qk/gnu/dbg\libqep_cortex-m3_cs.a(qhsm_dis.o)
