Archive member included because of file (symbol)

D:\software\qpc/ports/arm-cortex/qk/gnu/spy\libqk_cortex-m3_cs.a(qk.o)
                              spy/main.o (QF_init)
D:\software\qpc/ports/arm-cortex/qk/gnu/spy\libqk_cortex-m3_cs.a(qk_sched.o)
                              D:\software\qpc/ports/arm-cortex/qk/gnu/spy\libqk_cortex-m3_cs.a(qk.o) (QK_schedule_)
D:\software\qpc/ports/arm-cortex/qk/gnu/spy\libqk_cortex-m3_cs.a(qk_mutex.o)
                              D:\software\qpc/ports/arm-cortex/qk/gnu/spy\libqk_cortex-m3_cs.a(qk_sched.o) (QK_ceilingPrio_)
D:\software\qpc/ports/arm-cortex/qk/gnu/spy\libqk_cortex-m3_cs.a(qk_port.o)
                              D:\software\qpc/ports/arm-cortex/qk/gnu/spy\libqk_cortex-m3_cs.a(qk.o) (QK_init)
D:\software\qpc/ports/arm-cortex/qk/gnu/spy\libqf_cortex-m3_cs.a(qa_fifo.o)
                              spy/tunnel.o (QActive_postFIFO)
D:\software\qpc/ports/arm-cortex/qk/gnu/spy\libqf_cortex-m3_cs.a(qa_get_.o)
                              D:\software\qpc/ports/arm-cortex/qk/gnu/spy\libqk_cortex-m3_cs.a(qk_sched.o) (QActive_get_)
D:\software\qpc/ports/arm-cortex/qk/gnu/spy\libqf_cortex-m3_cs.a(qa_sub.o)
                              spy/tunnel.o (QActive_subscribe)
D:\software\qpc/ports/arm-cortex/qk/gnu/spy\libqf_cortex-m3_cs.a(qeq_init.o)
                              D:\software\qpc/ports/arm-cortex/qk/gnu/spy\libqk_cortex-m3_cs.a(qk.o) (QEQueue_init)
D:\software\qpc/ports/arm-cortex/qk/gnu/spy\libqf_cortex-m3_cs.a(qf_act.o)
                              D:\software\qpc/ports/arm-cortex/qk/gnu/spy\libqk_cortex-m3_cs.a(qk.o) (QF_add_)
D:\software\qpc/ports/arm-cortex/qk/gnu/spy\libqf_cortex-m3_cs.a(qf_gc.o)
                              D:\software\qpc/ports/arm-cortex/qk/gnu/spy\libqk_cortex-m3_cs.a(qk_sched.o) (QF_gc)
D:\software\qpc/ports/arm-cortex/qk/gnu/spy\libqf_cortex-m3_cs.a(qf_log2.o)
                              D:\software\qpc/ports/arm-cortex/qk/gnu/spy\libqk_cortex-m3_cs.a(qk_sched.o) (QF_log2Lkup)
D:\software\qpc/ports/arm-cortex/qk/gnu/spy\libqf_cortex-m3_cs.a(qf_new.o)
                              spy/mine1.o (QF_new_)
D:\software\qpc/ports/arm-cortex/qk/gnu/spy\libqf_cortex-m3_cs.a(qf_pool.o)
                              spy/main.o (QF_poolInit)
D:\software\qpc/ports/arm-cortex/qk/gnu/spy\libqf_cortex-m3_cs.a(qf_psini.o)
                              spy/main.o (QF_psInit)
D:\software\qpc/ports/arm-cortex/qk/gnu/spy\libqf_cortex-m3_cs.a(qf_pspub.o)
                              spy/bsp.o (QF_publish)
D:\software\qpc/ports/arm-cortex/qk/gnu/spy\libqf_cortex-m3_cs.a(qf_pwr2.o)
                              D:\software\qpc/ports/arm-cortex/qk/gnu/spy\libqf_cortex-m3_cs.a(qa_fifo.o) (QF_pwr2Lkup)
D:\software\qpc/ports/arm-cortex/qk/gnu/spy\libqf_cortex-m3_cs.a(qf_tick.o)
                              spy/bsp.o (QF_tick)
D:\software\qpc/ports/arm-cortex/qk/gnu/spy\libqf_cortex-m3_cs.a(qmp_get.o)
                              D:\software\qpc/ports/arm-cortex/qk/gnu/spy\libqf_cortex-m3_cs.a(qf_new.o) (QMPool_get)
D:\software\qpc/ports/arm-cortex/qk/gnu/spy\libqf_cortex-m3_cs.a(qmp_init.o)
                              D:\software\qpc/ports/arm-cortex/qk/gnu/spy\libqf_cortex-m3_cs.a(qf_pool.o) (QMPool_init)
D:\software\qpc/ports/arm-cortex/qk/gnu/spy\libqf_cortex-m3_cs.a(qmp_put.o)
                              D:\software\qpc/ports/arm-cortex/qk/gnu/spy\libqf_cortex-m3_cs.a(qf_gc.o) (QMPool_put)
D:\software\qpc/ports/arm-cortex/qk/gnu/spy\libqf_cortex-m3_cs.a(qte_ctor.o)
                              spy/tunnel.o (QTimeEvt_ctor)
D:\software\qpc/ports/arm-cortex/qk/gnu/spy\libqf_cortex-m3_cs.a(qte_arm.o)
                              spy/tunnel.o (QTimeEvt_arm_)
D:\software\qpc/ports/arm-cortex/qk/gnu/spy\libqf_cortex-m3_cs.a(qte_darm.o)
                              spy/tunnel.o (QTimeEvt_disarm)
D:\software\qpc/ports/arm-cortex/qk/gnu/spy\libqep_cortex-m3_cs.a(qhsm_ini.o)
                              spy/tunnel.o (QHsm_init)
D:\software\qpc/ports/arm-cortex/qk/gnu/spy\libqep_cortex-m3_cs.a(qhsm_dis.o)
                              spy/tunnel.o (QHsm_dispatch)
D:\software\qpc/ports/arm-cortex/qk/gnu/spy\libqep_cortex-m3_cs.a(qhsm_top.o)
                              spy/tunnel.o (QHsm_top)
D:\software\qpc/ports/arm-cortex/qk/gnu/spy\libqep_cortex-m3_cs.a(qep.o)
                              D:\software\qpc/ports/arm-cortex/qk/gnu/spy\libqep_cortex-m3_cs.a(qhsm_ini.o) (QEP_reservedEvt_)
D:\software\qpc/ports/arm-cortex/qk/gnu/spy\libqs_cortex-m3_cs.a(qs.o)
                              spy/bsp.o (QS_initBuf)
D:\software\qpc/ports/arm-cortex/qk/gnu/spy\libqs_cortex-m3_cs.a(qs_.o)
                              spy/bsp.o (QS_u8_)
D:\software\qpc/ports/arm-cortex/qk/gnu/spy\libqs_cortex-m3_cs.a(qs_blk.o)
                              spy/bsp.o (QS_getBlock)
c:/tools/codesourcery/bin/../lib/gcc/arm-none-eabi/4.5.2/../../../../arm-none-eabi/lib/thumb2\libc.a(lib_a-asm-memcpy.o)
                              spy/tunnel.o (memcpy)
c:/tools/codesourcery/bin/../lib/gcc/arm-none-eabi/4.5.2/../../../../arm-none-eabi/lib/thumb2\libc.a(lib_a-init.o)
                              spy/startup_lm3s.o (__libc_init_array)
c:/tools/codesourcery/bin/../lib/gcc/arm-none-eabi/4.5.2/../../../../arm-none-eabi/lib/thumb2\libc.a(lib_a-memmove.o)
                              spy/tunnel.o (memmove)
c:/tools/codesourcery/bin/../lib/gcc/arm-none-eabi/4.5.2/../../../../arm-none-eabi/lib/thumb2\libc.a(lib_a-memset.o)
                              spy/tunnel.o (memset)

Discarded input sections

 .ARM.attributes
                0x00000000       0x19 c:/tools/codesourcery/bin/../lib/gcc/arm-none-eabi/4.5.2/../../../../arm-none-eabi/lib/thumb2\libc.a(lib_a-asm-memcpy.o)
 .ARM.attributes
                0x00000000       0x29 c:/tools/codesourcery/bin/../lib/gcc/arm-none-eabi/4.5.2/../../../../arm-none-eabi/lib/thumb2\libc.a(lib_a-init.o)
 .debug_frame   0x00000000       0x2c c:/tools/codesourcery/bin/../lib/gcc/arm-none-eabi/4.5.2/../../../../arm-none-eabi/lib/thumb2\libc.a(lib_a-init.o)
 .ARM.attributes
                0x00000000       0x29 c:/tools/codesourcery/bin/../lib/gcc/arm-none-eabi/4.5.2/../../../../arm-none-eabi/lib/thumb2\libc.a(lib_a-memmove.o)
 .debug_frame   0x00000000       0x2c c:/tools/codesourcery/bin/../lib/gcc/arm-none-eabi/4.5.2/../../../../arm-none-eabi/lib/thumb2\libc.a(lib_a-memmove.o)
 .ARM.attributes
                0x00000000       0x29 c:/tools/codesourcery/bin/../lib/gcc/arm-none-eabi/4.5.2/../../../../arm-none-eabi/lib/thumb2\libc.a(lib_a-memset.o)
 .debug_frame   0x00000000       0x2c c:/tools/codesourcery/bin/../lib/gcc/arm-none-eabi/4.5.2/../../../../arm-none-eabi/lib/thumb2\libc.a(lib_a-memset.o)

Memory Configuration

Name             Origin             Length             Attributes
ROM              0x00000000         0x00010000         xr
RAM              0x20000000         0x00002000         xrw
*default*        0x00000000         0xffffffff

Linker script and memory map

LOAD spy/tunnel.o
LOAD spy/mine1.o
LOAD spy/mine2.o
LOAD spy/main.o
LOAD spy/missile.o
LOAD spy/ship.o
LOAD spy/display96x16x1.o
LOAD spy/bsp.o
LOAD spy/startup_lm3s.o
LOAD spy/core_cm3.o
LOAD spy/system_lm3s.o
LOAD D:\software\qpc/ports/arm-cortex/qk/gnu/spy\libqk_cortex-m3_cs.a
LOAD D:\software\qpc/ports/arm-cortex/qk/gnu/spy\libqf_cortex-m3_cs.a
LOAD D:\software\qpc/ports/arm-cortex/qk/gnu/spy\libqep_cortex-m3_cs.a
LOAD D:\software\qpc/ports/arm-cortex/qk/gnu/spy\libqs_cortex-m3_cs.a
                0x000005dc                STACK_SIZE = 0x5dc
                0x00000000                HEAP_SIZE = 0x0

.isr_vector     0x00000000       0xf0
 *(.isr_vector)
 .isr_vector    0x00000000       0xf0 spy/startup_lm3s.o
                0x00000000                g_pfnVectors
                0x000000f0                . = ALIGN (0x4)

.text           0x000000f0     0x6c5c
                0x000000f0                . = ALIGN (0x4)
 *(.text)
 .text          0x000000f0      0xf00 spy/tunnel.o
                0x00000e24                Tunnel_ctor
                0x00000e88                do_bitmaps_overlap
 .text          0x00000ff0      0x560 spy/mine1.o
                0x0000151c                Mine1_ctor
 .text          0x00001550      0x560 spy/mine2.o
                0x00001a7c                Mine2_ctor
 .text          0x00001ab0      0x28c spy/main.o
                0x00001ab0                main
 .text          0x00001d3c      0x30c spy/missile.o
                0x00002038                Missile_ctor
 .text          0x00002048      0x48c spy/ship.o
                0x000024b8                Ship_ctor
 .text          0x000024d4      0x534 spy/display96x16x1.o
                0x000024ec                SysCtlDelay
                0x0000258c                Display96x16x1Clear
                0x00002610                Display96x16x1StringDraw
                0x00002700                Display96x16x1ImageDraw
                0x00002784                Display96x16x1Init
                0x00002948                Display96x16x1DisplayOn
                0x000029d4                Display96x16x1DisplayOff
 .text          0x00002a08      0x8f4 spy/bsp.o
                0x00002a08                BSP_drawBitmap
                0x00002a24                BSP_drawNString
                0x00002a38                BSP_updateScore
                0x00002a3c                BSP_displayOn
                0x00002a44                BSP_displayOff
                0x00002a4c                QF_onStartup
                0x00002ae0                QF_onCleanup
                0x00002ae4                QK_onIdle
                0x00002b50                Q_onAssert
                0x00002b54                assert_failed
                0x00002b5c                QS_onStartup
                0x00002d54                QS_onCleanup
                0x00002d58                QS_onGetTime
                0x00002d8c                GPIOPortA_IRQHandler
                0x00002e54                ADCSeq3_IRQHandler
                0x00003010                SysTick_Handler
                0x000030ec                QS_onFlush
                0x00003150                BSP_init
 .text          0x000032fc       0x90 spy/startup_lm3s.o
                0x000032fc                DebugMon_Handler
                0x000032fc                FlashCtrl_IRQHandler
                0x000032fc                Timer0B_IRQHandler
                0x000032fc                I2C0_IRQHandler
                0x000032fc                NMI_Handler
                0x000032fc                I2C1_IRQHandler
                0x000032fc                PWMGen0_IRQHandler
                0x000032fc                UART1_IRQHandler
                0x000032fc                CAN1_IRQHandler
                0x000032fc                Timer1B_IRQHandler
                0x000032fc                Watchdog_IRQHandler
                0x000032fc                UART0_IRQHandler
                0x000032fc                SSI0_IRQHandler
                0x000032fc                UsageFault_Handler
                0x000032fc                ADCSeq1_IRQHandler
                0x000032fc                PWMFault_IRQHandler
                0x000032fc                PWMGen1_IRQHandler
                0x000032fc                SSI1_IRQHandler
                0x000032fc                SysCtrl_IRQHandler
                0x000032fc                Spurious_Handler
                0x000032fc                GPIOPortC_IRQHandler
                0x000032fc                ADCSeq2_IRQHandler
                0x000032fc                PWMGen2_IRQHandler
                0x000032fc                UART2_IRQHandler
                0x000032fc                QEI1_IRQHandler
                0x000032fc                QEI0_IRQHandler
                0x000032fc                GPIOPortD_IRQHandler
                0x000032fc                MemManage_Handler
                0x000032fc                Ethernet_IRQHandler
                0x000032fc                Timer3B_IRQHandler
                0x000032fc                Timer3A_IRQHandler
                0x000032fc                Timer0A_IRQHandler
                0x000032fc                ADCSeq0_IRQHandler
                0x000032fc                Timer1A_IRQHandler
                0x000032fc                GPIOPortG_IRQHandler
                0x000032fc                GPIOPortE_IRQHandler
                0x000032fc                CAN0_IRQHandler
                0x000032fc                Comp0_IRQHandler
                0x000032fc                Comp1_IRQHandler
                0x000032fc                Comp2_IRQHandler
                0x000032fc                GPIOPortF_IRQHandler
                0x000032fc                GPIOPortB_IRQHandler
                0x000032fc                CAN2_IRQHandler
                0x000032fc                GPIOPortH_IRQHandler
                0x000032fc                BusFault_Handler
                0x000032fc                Timer2A_IRQHandler
                0x000032fc                Timer2B_IRQHandler
                0x000032fc                Hibernate_IRQHandler
                0x00003318                Reset_Handler
                0x00003388                _init
 .text          0x0000338c       0xa4 spy/core_cm3.o
                0x0000338c                __get_PSP
                0x00003394                __set_PSP
                0x0000339c                __get_MSP
                0x000033a4                __set_MSP
                0x000033ac                __get_BASEPRI
                0x000033b4                __set_BASEPRI
                0x000033bc                __get_PRIMASK
                0x000033c4                __set_PRIMASK
                0x000033cc                __get_FAULTMASK
                0x000033d4                __set_FAULTMASK
                0x000033dc                __REV
                0x000033e0                __REV16
                0x000033e4                __REVSH
                0x000033e8                __RBIT
                0x000033f0                __LDREXB
                0x000033f8                __LDREXH
                0x00003400                __LDREXW
                0x00003408                __STREXB
                0x00003410                __STREXH
                0x00003418                __STREXW
                0x00003420                __get_CONTROL
                0x00003428                __set_CONTROL
 .text          0x00003430      0x2d8 spy/system_lm3s.o
                0x00003430                SystemInit
 .text          0x00003708       0x98 D:\software\qpc/ports/arm-cortex/qk/gnu/spy\libqk_cortex-m3_cs.a(qk.o)
                0x00003708                QK_getVersion
                0x00003710                QF_init
                0x00003718                QF_stop
                0x00003720                QF_run
                0x00003740                QActive_start
                0x00003798                QActive_stop
 .text          0x000037a0      0x114 D:\software\qpc/ports/arm-cortex/qk/gnu/spy\libqk_cortex-m3_cs.a(qk_sched.o)
                0x000037a0                QK_schedule_
 .text          0x000038b4       0x9c D:\software\qpc/ports/arm-cortex/qk/gnu/spy\libqk_cortex-m3_cs.a(qk_mutex.o)
                0x000038b4                QK_mutexLock
                0x00003900                QK_mutexUnlock
 .text          0x00003950        0x0 D:\software\qpc/ports/arm-cortex/qk/gnu/spy\libqk_cortex-m3_cs.a(qk_port.o)
 .text          0x00003950       0xf4 D:\software\qpc/ports/arm-cortex/qk/gnu/spy\libqf_cortex-m3_cs.a(qa_fifo.o)
                0x00003950                QActive_postFIFO
 .text          0x00003a44      0x140 D:\software\qpc/ports/arm-cortex/qk/gnu/spy\libqf_cortex-m3_cs.a(qa_get_.o)
                0x00003a44                QActive_get_
                0x00003b54                QF_getQueueMargin
 .text          0x00003b84       0xa0 D:\software\qpc/ports/arm-cortex/qk/gnu/spy\libqf_cortex-m3_cs.a(qa_sub.o)
                0x00003b84                QActive_subscribe
 .text          0x00003c24       0x54 D:\software\qpc/ports/arm-cortex/qk/gnu/spy\libqf_cortex-m3_cs.a(qeq_init.o)
                0x00003c24                QEQueue_init
 .text          0x00003c78       0xf4 D:\software\qpc/ports/arm-cortex/qk/gnu/spy\libqf_cortex-m3_cs.a(qf_act.o)
                0x00003c78                QF_getVersion
                0x00003c80                QF_add_
                0x00003cf4                QF_remove_
 .text          0x00003d6c       0xb8 D:\software\qpc/ports/arm-cortex/qk/gnu/spy\libqf_cortex-m3_cs.a(qf_gc.o)
                0x00003d6c                QF_gc
 .text          0x00003e24        0x0 D:\software\qpc/ports/arm-cortex/qk/gnu/spy\libqf_cortex-m3_cs.a(qf_log2.o)
 .text          0x00003e24       0xac D:\software\qpc/ports/arm-cortex/qk/gnu/spy\libqf_cortex-m3_cs.a(qf_new.o)
                0x00003e24                QF_new_
 .text          0x00003ed0       0x6c D:\software\qpc/ports/arm-cortex/qk/gnu/spy\libqf_cortex-m3_cs.a(qf_pool.o)
                0x00003ed0                QF_poolInit
 .text          0x00003f3c        0xc D:\software\qpc/ports/arm-cortex/qk/gnu/spy\libqf_cortex-m3_cs.a(qf_psini.o)
                0x00003f3c                QF_psInit
 .text          0x00003f48       0xf4 D:\software\qpc/ports/arm-cortex/qk/gnu/spy\libqf_cortex-m3_cs.a(qf_pspub.o)
                0x00003f48                QF_publish
 .text          0x0000403c        0x0 D:\software\qpc/ports/arm-cortex/qk/gnu/spy\libqf_cortex-m3_cs.a(qf_pwr2.o)
 .text          0x0000403c      0x114 D:\software\qpc/ports/arm-cortex/qk/gnu/spy\libqf_cortex-m3_cs.a(qf_tick.o)
                0x0000403c                QF_tick
 .text          0x00004150       0xa8 D:\software\qpc/ports/arm-cortex/qk/gnu/spy\libqf_cortex-m3_cs.a(qmp_get.o)
                0x00004150                QMPool_get
                0x000041bc                QF_getPoolMargin
 .text          0x000041f8       0xec D:\software\qpc/ports/arm-cortex/qk/gnu/spy\libqf_cortex-m3_cs.a(qmp_init.o)
                0x000041f8                QMPool_init
 .text          0x000042e4       0x7c D:\software\qpc/ports/arm-cortex/qk/gnu/spy\libqf_cortex-m3_cs.a(qmp_put.o)
                0x000042e4                QMPool_put
 .text          0x00004360       0x2c D:\software\qpc/ports/arm-cortex/qk/gnu/spy\libqf_cortex-m3_cs.a(qte_ctor.o)
                0x00004360                QTimeEvt_ctor
 .text          0x0000438c       0x8c D:\software\qpc/ports/arm-cortex/qk/gnu/spy\libqf_cortex-m3_cs.a(qte_arm.o)
                0x0000438c                QTimeEvt_arm_
 .text          0x00004418       0xd4 D:\software\qpc/ports/arm-cortex/qk/gnu/spy\libqf_cortex-m3_cs.a(qte_darm.o)
                0x00004418                QTimeEvt_disarm
 .text          0x000044ec      0x164 D:\software\qpc/ports/arm-cortex/qk/gnu/spy\libqep_cortex-m3_cs.a(qhsm_ini.o)
                0x000044ec                QHsm_init
 .text          0x00004650      0x54c D:\software\qpc/ports/arm-cortex/qk/gnu/spy\libqep_cortex-m3_cs.a(qhsm_dis.o)
                0x00004650                QHsm_dispatch
 .text          0x00004b9c        0x8 D:\software\qpc/ports/arm-cortex/qk/gnu/spy\libqep_cortex-m3_cs.a(qhsm_top.o)
                0x00004b9c                QHsm_top
 .text          0x00004ba4        0x8 D:\software\qpc/ports/arm-cortex/qk/gnu/spy\libqep_cortex-m3_cs.a(qep.o)
                0x00004ba4                QEP_getVersion
 .text          0x00004bac      0x920 D:\software\qpc/ports/arm-cortex/qk/gnu/spy\libqs_cortex-m3_cs.a(qs.o)
                0x00004bac                QS_getVersion
                0x00004bb4                QS_initBuf
                0x00004bc0                QS_filterOn
                0x00004bfc                QS_filterOff
                0x00004c38                QS_begin
                0x00004d88                QS_end
                0x00004e70                QS_u8
                0x00004fb4                QS_u16
                0x0000519c                QS_u32
 .text          0x000054cc      0x640 D:\software\qpc/ports/arm-cortex/qk/gnu/spy\libqs_cortex-m3_cs.a(qs_.o)
                0x000054cc                QS_u8_
                0x0000558c                QS_u16_
                0x000056fc                QS_u32_
                0x000059d4                QS_str_
                0x00005a74                QS_str_ROM_
 .text          0x00005b0c       0x64 D:\software\qpc/ports/arm-cortex/qk/gnu/spy\libqs_cortex-m3_cs.a(qs_blk.o)
                0x00005b0c                QS_getBlock
 .text          0x00005b70      0x2ec c:/tools/codesourcery/bin/../lib/gcc/arm-none-eabi/4.5.2/../../../../arm-none-eabi/lib/thumb2\libc.a(lib_a-asm-memcpy.o)
                0x00005b70                memcpy
 .text          0x00005e5c       0x48 c:/tools/codesourcery/bin/../lib/gcc/arm-none-eabi/4.5.2/../../../../arm-none-eabi/lib/thumb2\libc.a(lib_a-init.o)
                0x00005e5c                __libc_init_array
 .text          0x00005ea4       0xb4 c:/tools/codesourcery/bin/../lib/gcc/arm-none-eabi/4.5.2/../../../../arm-none-eabi/lib/thumb2\libc.a(lib_a-memmove.o)
                0x00005ea4                memmove
 .text          0x00005f58      0x12c c:/tools/codesourcery/bin/../lib/gcc/arm-none-eabi/4.5.2/../../../../arm-none-eabi/lib/thumb2\libc.a(lib_a-memset.o)
                0x00005f58                memset
 *(.text*)
 .text.QK_init  0x00006084       0x24 D:\software\qpc/ports/arm-cortex/qk/gnu/spy\libqk_cortex-m3_cs.a(qk_port.o)
                0x00006084                QK_init
 .text.PendSV_Handler
                0x000060a8       0x34 D:\software\qpc/ports/arm-cortex/qk/gnu/spy\libqk_cortex-m3_cs.a(qk_port.o)
                0x000060a8                PendSV_Handler
 .text.SVC_Handler
                0x000060dc        0x4 D:\software\qpc/ports/arm-cortex/qk/gnu/spy\libqk_cortex-m3_cs.a(qk_port.o)
                0x000060dc                SVC_Handler
 *(.rodata)
 .rodata        0x000060e0      0x250 spy/tunnel.o
                0x000062bc                AO_Tunnel
 .rodata        0x00006330       0xfc spy/mine1.o
 .rodata        0x0000642c       0xfc spy/mine2.o
 .rodata        0x00006528       0x9c spy/main.o
 .rodata        0x000065c4       0x90 spy/missile.o
                0x00006650                AO_Missile
 .rodata        0x00006654       0xb8 spy/ship.o
                0x00006708                AO_Ship
 .rodata        0x0000670c      0x2c0 spy/display96x16x1.o
 .rodata        0x000069cc       0x54 spy/bsp.o
 .rodata        0x00006a20       0x5c spy/system_lm3s.o
 .rodata        0x00006a7c        0xc D:\software\qpc/ports/arm-cortex/qk/gnu/spy\libqk_cortex-m3_cs.a(qk.o)
 .rodata        0x00006a88        0xc D:\software\qpc/ports/arm-cortex/qk/gnu/spy\libqk_cortex-m3_cs.a(qk_sched.o)
 .rodata        0x00006a94        0x8 D:\software\qpc/ports/arm-cortex/qk/gnu/spy\libqf_cortex-m3_cs.a(qa_fifo.o)
 .rodata        0x00006a9c        0x8 D:\software\qpc/ports/arm-cortex/qk/gnu/spy\libqf_cortex-m3_cs.a(qa_get_.o)
 .rodata        0x00006aa4        0x8 D:\software\qpc/ports/arm-cortex/qk/gnu/spy\libqf_cortex-m3_cs.a(qa_sub.o)
 .rodata        0x00006aac       0x10 D:\software\qpc/ports/arm-cortex/qk/gnu/spy\libqf_cortex-m3_cs.a(qf_act.o)
 .rodata        0x00006abc        0x8 D:\software\qpc/ports/arm-cortex/qk/gnu/spy\libqf_cortex-m3_cs.a(qf_gc.o)
 .rodata        0x00006ac4      0x100 D:\software\qpc/ports/arm-cortex/qk/gnu/spy\libqf_cortex-m3_cs.a(qf_log2.o)
                0x00006ac4                QF_log2Lkup
 .rodata        0x00006bc4        0x8 D:\software\qpc/ports/arm-cortex/qk/gnu/spy\libqf_cortex-m3_cs.a(qf_new.o)
 .rodata        0x00006bcc        0x8 D:\software\qpc/ports/arm-cortex/qk/gnu/spy\libqf_cortex-m3_cs.a(qf_pool.o)
 .rodata        0x00006bd4        0xc D:\software\qpc/ports/arm-cortex/qk/gnu/spy\libqf_cortex-m3_cs.a(qf_pspub.o)
 .rodata        0x00006be0       0xcc D:\software\qpc/ports/arm-cortex/qk/gnu/spy\libqf_cortex-m3_cs.a(qf_pwr2.o)
                0x00006be0                QF_pwr2Lkup
                0x00006c24                QF_invPwr2Lkup
                0x00006c68                QF_div8Lkup
 .rodata        0x00006cac        0x8 D:\software\qpc/ports/arm-cortex/qk/gnu/spy\libqf_cortex-m3_cs.a(qmp_get.o)
 .rodata        0x00006cb4        0xc D:\software\qpc/ports/arm-cortex/qk/gnu/spy\libqf_cortex-m3_cs.a(qmp_init.o)
 .rodata        0x00006cc0        0x8 D:\software\qpc/ports/arm-cortex/qk/gnu/spy\libqf_cortex-m3_cs.a(qmp_put.o)
 .rodata        0x00006cc8        0xc D:\software\qpc/ports/arm-cortex/qk/gnu/spy\libqf_cortex-m3_cs.a(qte_ctor.o)
 .rodata        0x00006cd4        0x8 D:\software\qpc/ports/arm-cortex/qk/gnu/spy\libqf_cortex-m3_cs.a(qte_arm.o)
 .rodata        0x00006cdc        0xc D:\software\qpc/ports/arm-cortex/qk/gnu/spy\libqep_cortex-m3_cs.a(qhsm_ini.o)
 .rodata        0x00006ce8        0xc D:\software\qpc/ports/arm-cortex/qk/gnu/spy\libqep_cortex-m3_cs.a(qhsm_dis.o)
 .rodata        0x00006cf4       0x18 D:\software\qpc/ports/arm-cortex/qk/gnu/spy\libqep_cortex-m3_cs.a(qep.o)
                0x00006cfc                QEP_reservedEvt_
 .rodata        0x00006d0c        0x8 D:\software\qpc/ports/arm-cortex/qk/gnu/spy\libqs_cortex-m3_cs.a(qs.o)
 *(.rodata*)
 .rodata.str1.4
                0x00006d14       0x1f spy/tunnel.o
                                 0x20 (size before relaxing)
 *fill*         0x00006d33        0x1 00
 .rodata.str1.4
                0x00006d34       0x18 spy/startup_lm3s.o
 *(.init)
 *(.fini)
                0x00006d4c                . = ALIGN (0x4)

.glue_7         0x00006d4c        0x0
 .glue_7        0x00000000        0x0 linker stubs

.glue_7t        0x00006d4c        0x0
 .glue_7t       0x00000000        0x0 linker stubs

.vfp11_veneer   0x00006d4c        0x0
 .vfp11_veneer  0x00000000        0x0 linker stubs

.v4_bx          0x00006d4c        0x0
 .v4_bx         0x00000000        0x0 linker stubs

.preinit_array  0x00006d4c        0x0
                0x00006d4c                PROVIDE (__preinit_array_start, .)
 *(.preinit_array*)
                0x00006d4c                PROVIDE (__preinit_array_end, .)

.init_array     0x00006d4c        0x0
                0x00006d4c                PROVIDE (__init_array_start, .)
 *(SORT(.init_array.*))
 *(.init_array*)
                0x00006d4c                PROVIDE (__init_array_end, .)

.fini_array     0x00006d4c        0x0
                0x00006d4c                PROVIDE (__fini_array_start, .)
 *(.fini_array*)
 *(SORT(.fini_array.*))
                0x00006d4c                PROVIDE (__fini_array_end, .)
                0x00006d4c                _etext = .

.data           0x20000000        0x4 load address 0x00006d4c
                0x00006d4c                __data_load = LOADADDR (.data)
                0x20000000                __data_start = .
 *(.data)
 .data          0x20000000        0x0 spy/tunnel.o
 .data          0x20000000        0x0 spy/mine1.o
 .data          0x20000000        0x0 spy/mine2.o
 .data          0x20000000        0x0 spy/main.o
 .data          0x20000000        0x0 spy/missile.o
 .data          0x20000000        0x0 spy/ship.o
 .data          0x20000000        0x0 spy/display96x16x1.o
 .data          0x20000000        0x0 spy/bsp.o
 .data          0x20000000        0x0 spy/startup_lm3s.o
 .data          0x20000000        0x0 spy/core_cm3.o
 .data          0x20000000        0x0 spy/system_lm3s.o
 .data          0x20000000        0x1 D:\software\qpc/ports/arm-cortex/qk/gnu/spy\libqk_cortex-m3_cs.a(qk.o)
                0x20000000                QK_currPrio_
 .data          0x20000001        0x0 D:\software\qpc/ports/arm-cortex/qk/gnu/spy\libqk_cortex-m3_cs.a(qk_sched.o)
 .data          0x20000001        0x0 D:\software\qpc/ports/arm-cortex/qk/gnu/spy\libqk_cortex-m3_cs.a(qk_mutex.o)
 .data          0x20000001        0x0 D:\software\qpc/ports/arm-cortex/qk/gnu/spy\libqk_cortex-m3_cs.a(qk_port.o)
 .data          0x20000001        0x0 D:\software\qpc/ports/arm-cortex/qk/gnu/spy\libqf_cortex-m3_cs.a(qa_fifo.o)
 .data          0x20000001        0x0 D:\software\qpc/ports/arm-cortex/qk/gnu/spy\libqf_cortex-m3_cs.a(qa_get_.o)
 .data          0x20000001        0x0 D:\software\qpc/ports/arm-cortex/qk/gnu/spy\libqf_cortex-m3_cs.a(qa_sub.o)
 .data          0x20000001        0x0 D:\software\qpc/ports/arm-cortex/qk/gnu/spy\libqf_cortex-m3_cs.a(qeq_init.o)
 .data          0x20000001        0x0 D:\software\qpc/ports/arm-cortex/qk/gnu/spy\libqf_cortex-m3_cs.a(qf_act.o)
 .data          0x20000001        0x0 D:\software\qpc/ports/arm-cortex/qk/gnu/spy\libqf_cortex-m3_cs.a(qf_gc.o)
 .data          0x20000001        0x0 D:\software\qpc/ports/arm-cortex/qk/gnu/spy\libqf_cortex-m3_cs.a(qf_log2.o)
 .data          0x20000001        0x0 D:\software\qpc/ports/arm-cortex/qk/gnu/spy\libqf_cortex-m3_cs.a(qf_new.o)
 .data          0x20000001        0x0 D:\software\qpc/ports/arm-cortex/qk/gnu/spy\libqf_cortex-m3_cs.a(qf_pool.o)
 .data          0x20000001        0x0 D:\software\qpc/ports/arm-cortex/qk/gnu/spy\libqf_cortex-m3_cs.a(qf_psini.o)
 .data          0x20000001        0x0 D:\software\qpc/ports/arm-cortex/qk/gnu/spy\libqf_cortex-m3_cs.a(qf_pspub.o)
 .data          0x20000001        0x0 D:\software\qpc/ports/arm-cortex/qk/gnu/spy\libqf_cortex-m3_cs.a(qf_pwr2.o)
 .data          0x20000001        0x0 D:\software\qpc/ports/arm-cortex/qk/gnu/spy\libqf_cortex-m3_cs.a(qf_tick.o)
 .data          0x20000001        0x0 D:\software\qpc/ports/arm-cortex/qk/gnu/spy\libqf_cortex-m3_cs.a(qmp_get.o)
 .data          0x20000001        0x0 D:\software\qpc/ports/arm-cortex/qk/gnu/spy\libqf_cortex-m3_cs.a(qmp_init.o)
 .data          0x20000001        0x0 D:\software\qpc/ports/arm-cortex/qk/gnu/spy\libqf_cortex-m3_cs.a(qmp_put.o)
 .data          0x20000001        0x0 D:\software\qpc/ports/arm-cortex/qk/gnu/spy\libqf_cortex-m3_cs.a(qte_ctor.o)
 .data          0x20000001        0x0 D:\software\qpc/ports/arm-cortex/qk/gnu/spy\libqf_cortex-m3_cs.a(qte_arm.o)
 .data          0x20000001        0x0 D:\software\qpc/ports/arm-cortex/qk/gnu/spy\libqf_cortex-m3_cs.a(qte_darm.o)
 .data          0x20000001        0x0 D:\software\qpc/ports/arm-cortex/qk/gnu/spy\libqep_cortex-m3_cs.a(qhsm_ini.o)
 .data          0x20000001        0x0 D:\software\qpc/ports/arm-cortex/qk/gnu/spy\libqep_cortex-m3_cs.a(qhsm_dis.o)
 .data          0x20000001        0x0 D:\software\qpc/ports/arm-cortex/qk/gnu/spy\libqep_cortex-m3_cs.a(qhsm_top.o)
 .data          0x20000001        0x0 D:\software\qpc/ports/arm-cortex/qk/gnu/spy\libqep_cortex-m3_cs.a(qep.o)
 .data          0x20000001        0x0 D:\software\qpc/ports/arm-cortex/qk/gnu/spy\libqs_cortex-m3_cs.a(qs.o)
 .data          0x20000001        0x0 D:\software\qpc/ports/arm-cortex/qk/gnu/spy\libqs_cortex-m3_cs.a(qs_.o)
 .data          0x20000001        0x0 D:\software\qpc/ports/arm-cortex/qk/gnu/spy\libqs_cortex-m3_cs.a(qs_blk.o)
 .data          0x20000001        0x0 c:/tools/codesourcery/bin/../lib/gcc/arm-none-eabi/4.5.2/../../../../arm-none-eabi/lib/thumb2\libc.a(lib_a-asm-memcpy.o)
 .data          0x20000001        0x0 c:/tools/codesourcery/bin/../lib/gcc/arm-none-eabi/4.5.2/../../../../arm-none-eabi/lib/thumb2\libc.a(lib_a-init.o)
 .data          0x20000001        0x0 c:/tools/codesourcery/bin/../lib/gcc/arm-none-eabi/4.5.2/../../../../arm-none-eabi/lib/thumb2\libc.a(lib_a-memmove.o)
 .data          0x20000001        0x0 c:/tools/codesourcery/bin/../lib/gcc/arm-none-eabi/4.5.2/../../../../arm-none-eabi/lib/thumb2\libc.a(lib_a-memset.o)
 *(.data*)
                0x20000004                . = ALIGN (0x4)
 *fill*         0x20000001        0x3 00
                0x20000004                __data_end__ = .
                0x20000004                _edata = __data_end__

.bss            0x20000004      0xbec load address 0x00006d50
                0x20000004                __bss_start__ = .
 *(.bss)
 .bss           0x20000004      0x208 spy/tunnel.o
 .bss           0x2000020c       0x2c spy/mine1.o
 .bss           0x20000238       0x2c spy/mine2.o
 .bss           0x20000264      0x134 spy/main.o
 .bss           0x20000398       0x1c spy/missile.o
 .bss           0x200003b4       0x20 spy/ship.o
 .bss           0x200003d4        0x8 spy/display96x16x1.o
 .bss           0x200003dc      0x620 spy/bsp.o
                0x200009dc                QS_tickPeriod_
                0x200009e0                QS_tickTime_
 .bss           0x200009fc        0x0 spy/startup_lm3s.o
 .bss           0x200009fc        0x0 spy/core_cm3.o
 .bss           0x200009fc        0x4 spy/system_lm3s.o
                0x200009fc                SystemFrequency
 .bss           0x20000a00        0xc D:\software\qpc/ports/arm-cortex/qk/gnu/spy\libqk_cortex-m3_cs.a(qk.o)
                0x20000a00                QK_readySet_
                0x20000a09                QK_intNest_
 .bss           0x20000a0c        0x0 D:\software\qpc/ports/arm-cortex/qk/gnu/spy\libqk_cortex-m3_cs.a(qk_sched.o)
 .bss           0x20000a0c        0x1 D:\software\qpc/ports/arm-cortex/qk/gnu/spy\libqk_cortex-m3_cs.a(qk_mutex.o)
                0x20000a0c                QK_ceilingPrio_
 .bss           0x20000a0d        0x0 D:\software\qpc/ports/arm-cortex/qk/gnu/spy\libqk_cortex-m3_cs.a(qk_port.o)
 .bss           0x20000a0d        0x0 D:\software\qpc/ports/arm-cortex/qk/gnu/spy\libqf_cortex-m3_cs.a(qa_fifo.o)
 .bss           0x20000a0d        0x0 D:\software\qpc/ports/arm-cortex/qk/gnu/spy\libqf_cortex-m3_cs.a(qa_get_.o)
 .bss           0x20000a0d        0x0 D:\software\qpc/ports/arm-cortex/qk/gnu/spy\libqf_cortex-m3_cs.a(qa_sub.o)
 .bss           0x20000a0d        0x0 D:\software\qpc/ports/arm-cortex/qk/gnu/spy\libqf_cortex-m3_cs.a(qeq_init.o)
 *fill*         0x20000a0d        0x3 00
 .bss           0x20000a10      0x104 D:\software\qpc/ports/arm-cortex/qk/gnu/spy\libqf_cortex-m3_cs.a(qf_act.o)
                0x20000a10                QF_active_
                0x20000b10                QF_intLockNest_
 .bss           0x20000b14        0x0 D:\software\qpc/ports/arm-cortex/qk/gnu/spy\libqf_cortex-m3_cs.a(qf_gc.o)
 .bss           0x20000b14        0x0 D:\software\qpc/ports/arm-cortex/qk/gnu/spy\libqf_cortex-m3_cs.a(qf_log2.o)
 .bss           0x20000b14        0x0 D:\software\qpc/ports/arm-cortex/qk/gnu/spy\libqf_cortex-m3_cs.a(qf_new.o)
 .bss           0x20000b14       0x7c D:\software\qpc/ports/arm-cortex/qk/gnu/spy\libqf_cortex-m3_cs.a(qf_pool.o)
                0x20000b14                QF_maxPool_
                0x20000b18                QF_pool_
 .bss           0x20000b90        0x8 D:\software\qpc/ports/arm-cortex/qk/gnu/spy\libqf_cortex-m3_cs.a(qf_psini.o)
                0x20000b90                QF_subscrList_
                0x20000b94                QF_maxSignal_
 .bss           0x20000b98        0x0 D:\software\qpc/ports/arm-cortex/qk/gnu/spy\libqf_cortex-m3_cs.a(qf_pspub.o)
 .bss           0x20000b98        0x0 D:\software\qpc/ports/arm-cortex/qk/gnu/spy\libqf_cortex-m3_cs.a(qf_pwr2.o)
 .bss           0x20000b98        0x1 D:\software\qpc/ports/arm-cortex/qk/gnu/spy\libqf_cortex-m3_cs.a(qf_tick.o)
 .bss           0x20000b99        0x0 D:\software\qpc/ports/arm-cortex/qk/gnu/spy\libqf_cortex-m3_cs.a(qmp_get.o)
 .bss           0x20000b99        0x0 D:\software\qpc/ports/arm-cortex/qk/gnu/spy\libqf_cortex-m3_cs.a(qmp_init.o)
 .bss           0x20000b99        0x0 D:\software\qpc/ports/arm-cortex/qk/gnu/spy\libqf_cortex-m3_cs.a(qmp_put.o)
 .bss           0x20000b99        0x0 D:\software\qpc/ports/arm-cortex/qk/gnu/spy\libqf_cortex-m3_cs.a(qte_ctor.o)
 *fill*         0x20000b99        0x3 00
 .bss           0x20000b9c        0x4 D:\software\qpc/ports/arm-cortex/qk/gnu/spy\libqf_cortex-m3_cs.a(qte_arm.o)
                0x20000b9c                QF_timeEvtListHead_
 .bss           0x20000ba0        0x0 D:\software\qpc/ports/arm-cortex/qk/gnu/spy\libqf_cortex-m3_cs.a(qte_darm.o)
 .bss           0x20000ba0        0x0 D:\software\qpc/ports/arm-cortex/qk/gnu/spy\libqep_cortex-m3_cs.a(qhsm_ini.o)
 .bss           0x20000ba0        0x0 D:\software\qpc/ports/arm-cortex/qk/gnu/spy\libqep_cortex-m3_cs.a(qhsm_dis.o)
 .bss           0x20000ba0        0x0 D:\software\qpc/ports/arm-cortex/qk/gnu/spy\libqep_cortex-m3_cs.a(qhsm_top.o)
 .bss           0x20000ba0        0x0 D:\software\qpc/ports/arm-cortex/qk/gnu/spy\libqep_cortex-m3_cs.a(qep.o)
 .bss           0x20000ba0       0x34 D:\software\qpc/ports/arm-cortex/qk/gnu/spy\libqs_cortex-m3_cs.a(qs.o)
                0x20000ba0                QS_ring_
                0x20000ba4                QS_end_
                0x20000ba8                QS_glbFilter_
                0x20000bc8                QS_seq_
                0x20000bc9                QS_chksum_
                0x20000bca                QS_head_
                0x20000bcc                QS_used_
                0x20000bce                QS_tail_
                0x20000bd0                QS_full_
 .bss           0x20000bd4       0x1c D:\software\qpc/ports/arm-cortex/qk/gnu/spy\libqs_cortex-m3_cs.a(qs_.o)
                0x20000bd4                QS_smObj_
                0x20000bd8                QS_aoObj_
                0x20000bdc                QS_mpObj_
                0x20000be0                QS_eqObj_
                0x20000be4                QS_teObj_
                0x20000be8                QS_apObj_
                0x20000bec                QS_tickCtr_
 .bss           0x20000bf0        0x0 D:\software\qpc/ports/arm-cortex/qk/gnu/spy\libqs_cortex-m3_cs.a(qs_blk.o)
 .bss           0x20000bf0        0x0 c:/tools/codesourcery/bin/../lib/gcc/arm-none-eabi/4.5.2/../../../../arm-none-eabi/lib/thumb2\libc.a(lib_a-asm-memcpy.o)
 .bss           0x20000bf0        0x0 c:/tools/codesourcery/bin/../lib/gcc/arm-none-eabi/4.5.2/../../../../arm-none-eabi/lib/thumb2\libc.a(lib_a-init.o)
 .bss           0x20000bf0        0x0 c:/tools/codesourcery/bin/../lib/gcc/arm-none-eabi/4.5.2/../../../../arm-none-eabi/lib/thumb2\libc.a(lib_a-memmove.o)
 .bss           0x20000bf0        0x0 c:/tools/codesourcery/bin/../lib/gcc/arm-none-eabi/4.5.2/../../../../arm-none-eabi/lib/thumb2\libc.a(lib_a-memset.o)
 *(.bss*)
 *(COMMON)
                0x20000bf0                . = ALIGN (0x4)
                0x20000bf0                _ebss = .
                0x20000bf0                __bss_end__ = .
                0x20000bf0                PROVIDE (end, _ebss)
                0x20000bf0                PROVIDE (_end, _ebss)
                0x20000bf0                PROVIDE (__end__, _ebss)

.heap           0x20000bf0        0x0
                0x20000bf0                __heap_start__ = .
                0x20000bf0                . = (. + HEAP_SIZE)
                0x20000bf0                . = ALIGN (0x4)
                0x20000bf0                __heap_end__ = .

.stack          0x20000bf0      0x5dc load address 0x0000793c
                0x20000bf0                __stack_start__ = .
                0x200011cc                . = (. + STACK_SIZE)
 *fill*         0x20000bf0      0x5dc 00
                0x200011cc                . = ALIGN (0x4)
                0x200011cc                __c_stack_top__ = .
                0x200011cc                __stack_end__ = .

/DISCARD/
 libc.a(*)
 libm.a(*)
 libgcc.a(*)
OUTPUT(spy/game-qk.elf elf32-littlearm)

.debug_abbrev   0x00000000     0x309e
 .debug_abbrev  0x00000000      0x335 spy/tunnel.o
 .debug_abbrev  0x00000335      0x16e spy/mine1.o
 .debug_abbrev  0x000004a3      0x16e spy/mine2.o
 .debug_abbrev  0x00000611      0x169 spy/main.o
 .debug_abbrev  0x0000077a      0x18c spy/missile.o
 .debug_abbrev  0x00000906      0x1a4 spy/ship.o
 .debug_abbrev  0x00000aaa      0x19b spy/display96x16x1.o
 .debug_abbrev  0x00000c45      0x366 spy/bsp.o
 .debug_abbrev  0x00000fab      0x111 spy/startup_lm3s.o
 .debug_abbrev  0x000010bc       0xb2 spy/core_cm3.o
 .debug_abbrev  0x0000116e      0x104 spy/system_lm3s.o
 .debug_abbrev  0x00001272      0x158 D:\software\qpc/ports/arm-cortex/qk/gnu/spy\libqk_cortex-m3_cs.a(qk.o)
 .debug_abbrev  0x000013ca      0x128 D:\software\qpc/ports/arm-cortex/qk/gnu/spy\libqk_cortex-m3_cs.a(qk_sched.o)
 .debug_abbrev  0x000014f2       0xd8 D:\software\qpc/ports/arm-cortex/qk/gnu/spy\libqk_cortex-m3_cs.a(qk_mutex.o)
 .debug_abbrev  0x000015ca       0x12 D:\software\qpc/ports/arm-cortex/qk/gnu/spy\libqk_cortex-m3_cs.a(qk_port.o)
 .debug_abbrev  0x000015dc      0x129 D:\software\qpc/ports/arm-cortex/qk/gnu/spy\libqf_cortex-m3_cs.a(qa_fifo.o)
 .debug_abbrev  0x00001705      0x14c D:\software\qpc/ports/arm-cortex/qk/gnu/spy\libqf_cortex-m3_cs.a(qa_get_.o)
 .debug_abbrev  0x00001851      0x161 D:\software\qpc/ports/arm-cortex/qk/gnu/spy\libqf_cortex-m3_cs.a(qa_sub.o)
 .debug_abbrev  0x000019b2       0xe9 D:\software\qpc/ports/arm-cortex/qk/gnu/spy\libqf_cortex-m3_cs.a(qeq_init.o)
 .debug_abbrev  0x00001a9b      0x14c D:\software\qpc/ports/arm-cortex/qk/gnu/spy\libqf_cortex-m3_cs.a(qf_act.o)
 .debug_abbrev  0x00001be7      0x103 D:\software\qpc/ports/arm-cortex/qk/gnu/spy\libqf_cortex-m3_cs.a(qf_gc.o)
 .debug_abbrev  0x00001cea       0x61 D:\software\qpc/ports/arm-cortex/qk/gnu/spy\libqf_cortex-m3_cs.a(qf_log2.o)
 .debug_abbrev  0x00001d4b      0x10b D:\software\qpc/ports/arm-cortex/qk/gnu/spy\libqf_cortex-m3_cs.a(qf_new.o)
 .debug_abbrev  0x00001e56       0xdb D:\software\qpc/ports/arm-cortex/qk/gnu/spy\libqf_cortex-m3_cs.a(qf_pool.o)
 .debug_abbrev  0x00001f31       0xc5 D:\software\qpc/ports/arm-cortex/qk/gnu/spy\libqf_cortex-m3_cs.a(qf_psini.o)
 .debug_abbrev  0x00001ff6      0x171 D:\software\qpc/ports/arm-cortex/qk/gnu/spy\libqf_cortex-m3_cs.a(qf_pspub.o)
 .debug_abbrev  0x00002167       0x61 D:\software\qpc/ports/arm-cortex/qk/gnu/spy\libqf_cortex-m3_cs.a(qf_pwr2.o)
 .debug_abbrev  0x000021c8      0x15b D:\software\qpc/ports/arm-cortex/qk/gnu/spy\libqf_cortex-m3_cs.a(qf_tick.o)
 .debug_abbrev  0x00002323      0x11d D:\software\qpc/ports/arm-cortex/qk/gnu/spy\libqf_cortex-m3_cs.a(qmp_get.o)
 .debug_abbrev  0x00002440      0x11d D:\software\qpc/ports/arm-cortex/qk/gnu/spy\libqf_cortex-m3_cs.a(qmp_init.o)
 .debug_abbrev  0x0000255d       0xf0 D:\software\qpc/ports/arm-cortex/qk/gnu/spy\libqf_cortex-m3_cs.a(qmp_put.o)
 .debug_abbrev  0x0000264d      0x126 D:\software\qpc/ports/arm-cortex/qk/gnu/spy\libqf_cortex-m3_cs.a(qte_ctor.o)
 .debug_abbrev  0x00002773      0x16b D:\software\qpc/ports/arm-cortex/qk/gnu/spy\libqf_cortex-m3_cs.a(qte_arm.o)
 .debug_abbrev  0x000028de      0x13e D:\software\qpc/ports/arm-cortex/qk/gnu/spy\libqf_cortex-m3_cs.a(qte_darm.o)
 .debug_abbrev  0x00002a1c      0x12c D:\software\qpc/ports/arm-cortex/qk/gnu/spy\libqep_cortex-m3_cs.a(qhsm_ini.o)
 .debug_abbrev  0x00002b48      0x12c D:\software\qpc/ports/arm-cortex/qk/gnu/spy\libqep_cortex-m3_cs.a(qhsm_dis.o)
 .debug_abbrev  0x00002c74       0xc4 D:\software\qpc/ports/arm-cortex/qk/gnu/spy\libqep_cortex-m3_cs.a(qhsm_top.o)
 .debug_abbrev  0x00002d38       0xe6 D:\software\qpc/ports/arm-cortex/qk/gnu/spy\libqep_cortex-m3_cs.a(qep.o)
 .debug_abbrev  0x00002e1e      0x12f D:\software\qpc/ports/arm-cortex/qk/gnu/spy\libqs_cortex-m3_cs.a(qs.o)
 .debug_abbrev  0x00002f4d       0xaa D:\software\qpc/ports/arm-cortex/qk/gnu/spy\libqs_cortex-m3_cs.a(qs_.o)
 .debug_abbrev  0x00002ff7       0xa7 D:\software\qpc/ports/arm-cortex/qk/gnu/spy\libqs_cortex-m3_cs.a(qs_blk.o)

.debug_info     0x00000000     0xe26e
 .debug_info    0x00000000     0x1432 spy/tunnel.o
 .debug_info    0x00001432      0xbbd spy/mine1.o
 .debug_info    0x00001fef      0xbbd spy/mine2.o
 .debug_info    0x00002bac      0x88f spy/main.o
 .debug_info    0x0000343b      0x91d spy/missile.o
 .debug_info    0x00003d58      0xa78 spy/ship.o
 .debug_info    0x000047d0      0x90f spy/display96x16x1.o
 .debug_info    0x000050df     0x19b3 spy/bsp.o
 .debug_info    0x00006a92      0x1c1 spy/startup_lm3s.o
 .debug_info    0x00006c53      0x54b spy/core_cm3.o
 .debug_info    0x0000719e      0x444 spy/system_lm3s.o
 .debug_info    0x000075e2      0x436 D:\software\qpc/ports/arm-cortex/qk/gnu/spy\libqk_cortex-m3_cs.a(qk.o)
 .debug_info    0x00007a18      0x5e7 D:\software\qpc/ports/arm-cortex/qk/gnu/spy\libqk_cortex-m3_cs.a(qk_sched.o)
 .debug_info    0x00007fff      0x2f1 D:\software\qpc/ports/arm-cortex/qk/gnu/spy\libqk_cortex-m3_cs.a(qk_mutex.o)
 .debug_info    0x000082f0       0x5b D:\software\qpc/ports/arm-cortex/qk/gnu/spy\libqk_cortex-m3_cs.a(qk_port.o)
 .debug_info    0x0000834b      0x59d D:\software\qpc/ports/arm-cortex/qk/gnu/spy\libqf_cortex-m3_cs.a(qa_fifo.o)
 .debug_info    0x000088e8      0x5d2 D:\software\qpc/ports/arm-cortex/qk/gnu/spy\libqf_cortex-m3_cs.a(qa_get_.o)
 .debug_info    0x00008eba      0x5c9 D:\software\qpc/ports/arm-cortex/qk/gnu/spy\libqf_cortex-m3_cs.a(qa_sub.o)
 .debug_info    0x00009483      0x3c5 D:\software\qpc/ports/arm-cortex/qk/gnu/spy\libqf_cortex-m3_cs.a(qeq_init.o)
 .debug_info    0x00009848      0x544 D:\software\qpc/ports/arm-cortex/qk/gnu/spy\libqf_cortex-m3_cs.a(qf_act.o)
 .debug_info    0x00009d8c      0x405 D:\software\qpc/ports/arm-cortex/qk/gnu/spy\libqf_cortex-m3_cs.a(qf_gc.o)
 .debug_info    0x0000a191       0x9e D:\software\qpc/ports/arm-cortex/qk/gnu/spy\libqf_cortex-m3_cs.a(qf_log2.o)
 .debug_info    0x0000a22f      0x423 D:\software\qpc/ports/arm-cortex/qk/gnu/spy\libqf_cortex-m3_cs.a(qf_new.o)
 .debug_info    0x0000a652      0x1ec D:\software\qpc/ports/arm-cortex/qk/gnu/spy\libqf_cortex-m3_cs.a(qf_pool.o)
 .debug_info    0x0000a83e      0x13d D:\software\qpc/ports/arm-cortex/qk/gnu/spy\libqf_cortex-m3_cs.a(qf_psini.o)
 .debug_info    0x0000a97b      0x5ba D:\software\qpc/ports/arm-cortex/qk/gnu/spy\libqf_cortex-m3_cs.a(qf_pspub.o)
 .debug_info    0x0000af35       0xcc D:\software\qpc/ports/arm-cortex/qk/gnu/spy\libqf_cortex-m3_cs.a(qf_pwr2.o)
 .debug_info    0x0000b001      0x54e D:\software\qpc/ports/arm-cortex/qk/gnu/spy\libqf_cortex-m3_cs.a(qf_tick.o)
 .debug_info    0x0000b54f      0x443 D:\software\qpc/ports/arm-cortex/qk/gnu/spy\libqf_cortex-m3_cs.a(qmp_get.o)
 .debug_info    0x0000b992      0x3ff D:\software\qpc/ports/arm-cortex/qk/gnu/spy\libqf_cortex-m3_cs.a(qmp_init.o)
 .debug_info    0x0000bd91      0x3bc D:\software\qpc/ports/arm-cortex/qk/gnu/spy\libqf_cortex-m3_cs.a(qmp_put.o)
 .debug_info    0x0000c14d      0x32a D:\software\qpc/ports/arm-cortex/qk/gnu/spy\libqf_cortex-m3_cs.a(qte_ctor.o)
 .debug_info    0x0000c477      0x56c D:\software\qpc/ports/arm-cortex/qk/gnu/spy\libqf_cortex-m3_cs.a(qte_arm.o)
 .debug_info    0x0000c9e3      0x509 D:\software\qpc/ports/arm-cortex/qk/gnu/spy\libqf_cortex-m3_cs.a(qte_darm.o)
 .debug_info    0x0000ceec      0x467 D:\software\qpc/ports/arm-cortex/qk/gnu/spy\libqep_cortex-m3_cs.a(qhsm_ini.o)
 .debug_info    0x0000d353      0x49e D:\software\qpc/ports/arm-cortex/qk/gnu/spy\libqep_cortex-m3_cs.a(qhsm_dis.o)
 .debug_info    0x0000d7f1      0x16f D:\software\qpc/ports/arm-cortex/qk/gnu/spy\libqep_cortex-m3_cs.a(qhsm_top.o)
 .debug_info    0x0000d960      0x18a D:\software\qpc/ports/arm-cortex/qk/gnu/spy\libqep_cortex-m3_cs.a(qep.o)
 .debug_info    0x0000daea      0x381 D:\software\qpc/ports/arm-cortex/qk/gnu/spy\libqs_cortex-m3_cs.a(qs.o)
 .debug_info    0x0000de6b      0x297 D:\software\qpc/ports/arm-cortex/qk/gnu/spy\libqs_cortex-m3_cs.a(qs_.o)
 .debug_info    0x0000e102      0x16c D:\software\qpc/ports/arm-cortex/qk/gnu/spy\libqs_cortex-m3_cs.a(qs_blk.o)

.debug_line     0x00000000     0x3ddd
 .debug_line    0x00000000      0x362 spy/tunnel.o
 .debug_line    0x00000362      0x1d6 spy/mine1.o
 .debug_line    0x00000538      0x1d6 spy/mine2.o
 .debug_line    0x0000070e      0x13a spy/main.o
 .debug_line    0x00000848      0x18a spy/missile.o
 .debug_line    0x000009d2      0x192 spy/ship.o
 .debug_line    0x00000b64      0x24c spy/display96x16x1.o
 .debug_line    0x00000db0      0x2db spy/bsp.o
 .debug_line    0x0000108b       0x73 spy/startup_lm3s.o
 .debug_line    0x000010fe      0x113 spy/core_cm3.o
 .debug_line    0x00001211      0x19d spy/system_lm3s.o
 .debug_line    0x000013ae      0x135 D:\software\qpc/ports/arm-cortex/qk/gnu/spy\libqk_cortex-m3_cs.a(qk.o)
 .debug_line    0x000014e3      0x18c D:\software\qpc/ports/arm-cortex/qk/gnu/spy\libqk_cortex-m3_cs.a(qk_sched.o)
 .debug_line    0x0000166f      0x143 D:\software\qpc/ports/arm-cortex/qk/gnu/spy\libqk_cortex-m3_cs.a(qk_mutex.o)
 .debug_line    0x000017b2       0x7d D:\software\qpc/ports/arm-cortex/qk/gnu/spy\libqk_cortex-m3_cs.a(qk_port.o)
 .debug_line    0x0000182f      0x16d D:\software\qpc/ports/arm-cortex/qk/gnu/spy\libqf_cortex-m3_cs.a(qa_fifo.o)
 .debug_line    0x0000199c      0x1a1 D:\software\qpc/ports/arm-cortex/qk/gnu/spy\libqf_cortex-m3_cs.a(qa_get_.o)
 .debug_line    0x00001b3d      0x165 D:\software\qpc/ports/arm-cortex/qk/gnu/spy\libqf_cortex-m3_cs.a(qa_sub.o)
 .debug_line    0x00001ca2      0x114 D:\software\qpc/ports/arm-cortex/qk/gnu/spy\libqf_cortex-m3_cs.a(qeq_init.o)
 .debug_line    0x00001db6      0x170 D:\software\qpc/ports/arm-cortex/qk/gnu/spy\libqf_cortex-m3_cs.a(qf_act.o)
 .debug_line    0x00001f26      0x15c D:\software\qpc/ports/arm-cortex/qk/gnu/spy\libqf_cortex-m3_cs.a(qf_gc.o)
 .debug_line    0x00002082       0xa7 D:\software\qpc/ports/arm-cortex/qk/gnu/spy\libqf_cortex-m3_cs.a(qf_log2.o)
 .debug_line    0x00002129      0x14f D:\software\qpc/ports/arm-cortex/qk/gnu/spy\libqf_cortex-m3_cs.a(qf_new.o)
 .debug_line    0x00002278      0x119 D:\software\qpc/ports/arm-cortex/qk/gnu/spy\libqf_cortex-m3_cs.a(qf_pool.o)
 .debug_line    0x00002391      0x105 D:\software\qpc/ports/arm-cortex/qk/gnu/spy\libqf_cortex-m3_cs.a(qf_psini.o)
 .debug_line    0x00002496      0x172 D:\software\qpc/ports/arm-cortex/qk/gnu/spy\libqf_cortex-m3_cs.a(qf_pspub.o)
 .debug_line    0x00002608       0xa7 D:\software\qpc/ports/arm-cortex/qk/gnu/spy\libqf_cortex-m3_cs.a(qf_pwr2.o)
 .debug_line    0x000026af      0x19f D:\software\qpc/ports/arm-cortex/qk/gnu/spy\libqf_cortex-m3_cs.a(qf_tick.o)
 .debug_line    0x0000284e      0x147 D:\software\qpc/ports/arm-cortex/qk/gnu/spy\libqf_cortex-m3_cs.a(qmp_get.o)
 .debug_line    0x00002995      0x15a D:\software\qpc/ports/arm-cortex/qk/gnu/spy\libqf_cortex-m3_cs.a(qmp_init.o)
 .debug_line    0x00002aef      0x13f D:\software\qpc/ports/arm-cortex/qk/gnu/spy\libqf_cortex-m3_cs.a(qmp_put.o)
 .debug_line    0x00002c2e      0x105 D:\software\qpc/ports/arm-cortex/qk/gnu/spy\libqf_cortex-m3_cs.a(qte_ctor.o)
 .debug_line    0x00002d33      0x170 D:\software\qpc/ports/arm-cortex/qk/gnu/spy\libqf_cortex-m3_cs.a(qte_arm.o)
 .debug_line    0x00002ea3      0x196 D:\software\qpc/ports/arm-cortex/qk/gnu/spy\libqf_cortex-m3_cs.a(qte_darm.o)
 .debug_line    0x00003039      0x1a4 D:\software\qpc/ports/arm-cortex/qk/gnu/spy\libqep_cortex-m3_cs.a(qhsm_ini.o)
 .debug_line    0x000031dd      0x360 D:\software\qpc/ports/arm-cortex/qk/gnu/spy\libqep_cortex-m3_cs.a(qhsm_dis.o)
 .debug_line    0x0000353d       0xe2 D:\software\qpc/ports/arm-cortex/qk/gnu/spy\libqep_cortex-m3_cs.a(qhsm_top.o)
 .debug_line    0x0000361f      0x104 D:\software\qpc/ports/arm-cortex/qk/gnu/spy\libqep_cortex-m3_cs.a(qep.o)
 .debug_line    0x00003723      0x375 D:\software\qpc/ports/arm-cortex/qk/gnu/spy\libqs_cortex-m3_cs.a(qs.o)
 .debug_line    0x00003a98      0x261 D:\software\qpc/ports/arm-cortex/qk/gnu/spy\libqs_cortex-m3_cs.a(qs_.o)
 .debug_line    0x00003cf9       0xe4 D:\software\qpc/ports/arm-cortex/qk/gnu/spy\libqs_cortex-m3_cs.a(qs_blk.o)

.debug_loc      0x00000000     0x3209
 .debug_loc     0x00000000      0xa02 spy/tunnel.o
 .debug_loc     0x00000a02      0x2af spy/mine1.o
 .debug_loc     0x00000cb1      0x2af spy/mine2.o
 .debug_loc     0x00000f60       0x68 spy/main.o
 .debug_loc     0x00000fc8      0x16e spy/missile.o
 .debug_loc     0x00001136      0x225 spy/ship.o
 .debug_loc     0x0000135b      0x362 spy/display96x16x1.o
 .debug_loc     0x000016bd      0x400 spy/bsp.o
 .debug_loc     0x00001abd       0x5e spy/startup_lm3s.o
 .debug_loc     0x00001b1b      0x298 spy/core_cm3.o
 .debug_loc     0x00001db3      0x156 spy/system_lm3s.o
 .debug_loc     0x00001f09      0x120 D:\software\qpc/ports/arm-cortex/qk/gnu/spy\libqk_cortex-m3_cs.a(qk.o)
 .debug_loc     0x00002029       0xc0 D:\software\qpc/ports/arm-cortex/qk/gnu/spy\libqk_cortex-m3_cs.a(qk_sched.o)
 .debug_loc     0x000020e9       0x66 D:\software\qpc/ports/arm-cortex/qk/gnu/spy\libqk_cortex-m3_cs.a(qk_mutex.o)
 .debug_loc     0x0000214f       0x9c D:\software\qpc/ports/arm-cortex/qk/gnu/spy\libqf_cortex-m3_cs.a(qa_fifo.o)
 .debug_loc     0x000021eb       0x90 D:\software\qpc/ports/arm-cortex/qk/gnu/spy\libqf_cortex-m3_cs.a(qa_get_.o)
 .debug_loc     0x0000227b       0x51 D:\software\qpc/ports/arm-cortex/qk/gnu/spy\libqf_cortex-m3_cs.a(qa_sub.o)
 .debug_loc     0x000022cc       0x64 D:\software\qpc/ports/arm-cortex/qk/gnu/spy\libqf_cortex-m3_cs.a(qeq_init.o)
 .debug_loc     0x00002330       0x7c D:\software\qpc/ports/arm-cortex/qk/gnu/spy\libqf_cortex-m3_cs.a(qf_act.o)
 .debug_loc     0x000023ac       0x51 D:\software\qpc/ports/arm-cortex/qk/gnu/spy\libqf_cortex-m3_cs.a(qf_gc.o)
 .debug_loc     0x000023fd       0x99 D:\software\qpc/ports/arm-cortex/qk/gnu/spy\libqf_cortex-m3_cs.a(qf_new.o)
 .debug_loc     0x00002496       0x6f D:\software\qpc/ports/arm-cortex/qk/gnu/spy\libqf_cortex-m3_cs.a(qf_pool.o)
 .debug_loc     0x00002505       0xc9 D:\software\qpc/ports/arm-cortex/qk/gnu/spy\libqf_cortex-m3_cs.a(qf_pspub.o)
 .debug_loc     0x000025ce       0x68 D:\software\qpc/ports/arm-cortex/qk/gnu/spy\libqf_cortex-m3_cs.a(qf_tick.o)
 .debug_loc     0x00002636       0xa7 D:\software\qpc/ports/arm-cortex/qk/gnu/spy\libqf_cortex-m3_cs.a(qmp_get.o)
 .debug_loc     0x000026dd      0x13c D:\software\qpc/ports/arm-cortex/qk/gnu/spy\libqf_cortex-m3_cs.a(qmp_init.o)
 .debug_loc     0x00002819       0x5c D:\software\qpc/ports/arm-cortex/qk/gnu/spy\libqf_cortex-m3_cs.a(qmp_put.o)
 .debug_loc     0x00002875       0x51 D:\software\qpc/ports/arm-cortex/qk/gnu/spy\libqf_cortex-m3_cs.a(qte_ctor.o)
 .debug_loc     0x000028c6       0x6f D:\software\qpc/ports/arm-cortex/qk/gnu/spy\libqf_cortex-m3_cs.a(qte_arm.o)
 .debug_loc     0x00002935       0x81 D:\software\qpc/ports/arm-cortex/qk/gnu/spy\libqf_cortex-m3_cs.a(qte_darm.o)
 .debug_loc     0x000029b6       0xd3 D:\software\qpc/ports/arm-cortex/qk/gnu/spy\libqep_cortex-m3_cs.a(qhsm_ini.o)
 .debug_loc     0x00002a89      0x396 D:\software\qpc/ports/arm-cortex/qk/gnu/spy\libqep_cortex-m3_cs.a(qhsm_dis.o)
 .debug_loc     0x00002e1f       0x13 D:\software\qpc/ports/arm-cortex/qk/gnu/spy\libqep_cortex-m3_cs.a(qhsm_top.o)
 .debug_loc     0x00002e32      0x1bc D:\software\qpc/ports/arm-cortex/qk/gnu/spy\libqs_cortex-m3_cs.a(qs.o)
 .debug_loc     0x00002fee      0x182 D:\software\qpc/ports/arm-cortex/qk/gnu/spy\libqs_cortex-m3_cs.a(qs_.o)
 .debug_loc     0x00003170       0x99 D:\software\qpc/ports/arm-cortex/qk/gnu/spy\libqs_cortex-m3_cs.a(qs_blk.o)

.debug_pubnames
                0x00000000      0xc14
 .debug_pubnames
                0x00000000       0x47 spy/tunnel.o
 .debug_pubnames
                0x00000047       0x21 spy/mine1.o
 .debug_pubnames
                0x00000068       0x21 spy/mine2.o
 .debug_pubnames
                0x00000089       0x1b spy/main.o
 .debug_pubnames
                0x000000a4       0x32 spy/missile.o
 .debug_pubnames
                0x000000d6       0x2c spy/ship.o
 .debug_pubnames
                0x00000102       0xc3 spy/display96x16x1.o
 .debug_pubnames
                0x000001c5      0x17a spy/bsp.o
 .debug_pubnames
                0x0000033f       0x54 spy/startup_lm3s.o
 .debug_pubnames
                0x00000393      0x159 spy/core_cm3.o
 .debug_pubnames
                0x000004ec       0x35 spy/system_lm3s.o
 .debug_pubnames
                0x00000521       0x9c D:\software\qpc/ports/arm-cortex/qk/gnu/spy\libqk_cortex-m3_cs.a(qk.o)
 .debug_pubnames
                0x000005bd       0x23 D:\software\qpc/ports/arm-cortex/qk/gnu/spy\libqk_cortex-m3_cs.a(qk_sched.o)
 .debug_pubnames
                0x000005e0       0x4a D:\software\qpc/ports/arm-cortex/qk/gnu/spy\libqk_cortex-m3_cs.a(qk_mutex.o)
 .debug_pubnames
                0x0000062a       0x27 D:\software\qpc/ports/arm-cortex/qk/gnu/spy\libqf_cortex-m3_cs.a(qa_fifo.o)
 .debug_pubnames
                0x00000651       0x39 D:\software\qpc/ports/arm-cortex/qk/gnu/spy\libqf_cortex-m3_cs.a(qa_get_.o)
 .debug_pubnames
                0x0000068a       0x28 D:\software\qpc/ports/arm-cortex/qk/gnu/spy\libqf_cortex-m3_cs.a(qa_sub.o)
 .debug_pubnames
                0x000006b2       0x23 D:\software\qpc/ports/arm-cortex/qk/gnu/spy\libqf_cortex-m3_cs.a(qeq_init.o)
 .debug_pubnames
                0x000006d5       0x62 D:\software\qpc/ports/arm-cortex/qk/gnu/spy\libqf_cortex-m3_cs.a(qf_act.o)
 .debug_pubnames
                0x00000737       0x1c D:\software\qpc/ports/arm-cortex/qk/gnu/spy\libqf_cortex-m3_cs.a(qf_gc.o)
 .debug_pubnames
                0x00000753       0x22 D:\software\qpc/ports/arm-cortex/qk/gnu/spy\libqf_cortex-m3_cs.a(qf_log2.o)
 .debug_pubnames
                0x00000775       0x1e D:\software\qpc/ports/arm-cortex/qk/gnu/spy\libqf_cortex-m3_cs.a(qf_new.o)
 .debug_pubnames
                0x00000793       0x3f D:\software\qpc/ports/arm-cortex/qk/gnu/spy\libqf_cortex-m3_cs.a(qf_pool.o)
 .debug_pubnames
                0x000007d2       0x45 D:\software\qpc/ports/arm-cortex/qk/gnu/spy\libqf_cortex-m3_cs.a(qf_psini.o)
 .debug_pubnames
                0x00000817       0x21 D:\software\qpc/ports/arm-cortex/qk/gnu/spy\libqf_cortex-m3_cs.a(qf_pspub.o)
 .debug_pubnames
                0x00000838       0x45 D:\software\qpc/ports/arm-cortex/qk/gnu/spy\libqf_cortex-m3_cs.a(qf_pwr2.o)
 .debug_pubnames
                0x0000087d       0x1e D:\software\qpc/ports/arm-cortex/qk/gnu/spy\libqf_cortex-m3_cs.a(qf_tick.o)
 .debug_pubnames
                0x0000089b       0x36 D:\software\qpc/ports/arm-cortex/qk/gnu/spy\libqf_cortex-m3_cs.a(qmp_get.o)
 .debug_pubnames
                0x000008d1       0x22 D:\software\qpc/ports/arm-cortex/qk/gnu/spy\libqf_cortex-m3_cs.a(qmp_init.o)
 .debug_pubnames
                0x000008f3       0x21 D:\software\qpc/ports/arm-cortex/qk/gnu/spy\libqf_cortex-m3_cs.a(qmp_put.o)
 .debug_pubnames
                0x00000914       0x24 D:\software\qpc/ports/arm-cortex/qk/gnu/spy\libqf_cortex-m3_cs.a(qte_ctor.o)
 .debug_pubnames
                0x00000938       0x3c D:\software\qpc/ports/arm-cortex/qk/gnu/spy\libqf_cortex-m3_cs.a(qte_arm.o)
 .debug_pubnames
                0x00000974       0x26 D:\software\qpc/ports/arm-cortex/qk/gnu/spy\libqf_cortex-m3_cs.a(qte_darm.o)
 .debug_pubnames
                0x0000099a       0x20 D:\software\qpc/ports/arm-cortex/qk/gnu/spy\libqep_cortex-m3_cs.a(qhsm_ini.o)
 .debug_pubnames
                0x000009ba       0x24 D:\software\qpc/ports/arm-cortex/qk/gnu/spy\libqep_cortex-m3_cs.a(qhsm_dis.o)
 .debug_pubnames
                0x000009de       0x1f D:\software\qpc/ports/arm-cortex/qk/gnu/spy\libqep_cortex-m3_cs.a(qhsm_top.o)
 .debug_pubnames
                0x000009fd       0x3a D:\software\qpc/ports/arm-cortex/qk/gnu/spy\libqep_cortex-m3_cs.a(qep.o)
 .debug_pubnames
                0x00000a37      0x106 D:\software\qpc/ports/arm-cortex/qk/gnu/spy\libqs_cortex-m3_cs.a(qs.o)
 .debug_pubnames
                0x00000b3d       0xb5 D:\software\qpc/ports/arm-cortex/qk/gnu/spy\libqs_cortex-m3_cs.a(qs_.o)
 .debug_pubnames
                0x00000bf2       0x22 D:\software\qpc/ports/arm-cortex/qk/gnu/spy\libqs_cortex-m3_cs.a(qs_blk.o)

.debug_pubtypes
                0x00000000     0x2141
 .debug_pubtypes
                0x00000000      0x214 spy/tunnel.o
 .debug_pubtypes
                0x00000214      0x1cc spy/mine1.o
 .debug_pubtypes
                0x000003e0      0x1cc spy/mine2.o
 .debug_pubtypes
                0x000005ac      0x14d spy/main.o
 .debug_pubtypes
                0x000006f9      0x198 spy/missile.o
 .debug_pubtypes
                0x00000891      0x1af spy/ship.o
 .debug_pubtypes
                0x00000a40       0x5d spy/display96x16x1.o
 .debug_pubtypes
                0x00000a9d      0x1e6 spy/bsp.o
 .debug_pubtypes
                0x00000c83       0x3c spy/startup_lm3s.o
 .debug_pubtypes
                0x00000cbf       0x50 spy/core_cm3.o
 .debug_pubtypes
                0x00000d0f       0x3b spy/system_lm3s.o
 .debug_pubtypes
                0x00000d4a      0x108 D:\software\qpc/ports/arm-cortex/qk/gnu/spy\libqk_cortex-m3_cs.a(qk.o)
 .debug_pubtypes
                0x00000e52      0x10b D:\software\qpc/ports/arm-cortex/qk/gnu/spy\libqk_cortex-m3_cs.a(qk_sched.o)
 .debug_pubtypes
                0x00000f5d       0x39 D:\software\qpc/ports/arm-cortex/qk/gnu/spy\libqk_cortex-m3_cs.a(qk_mutex.o)
 .debug_pubtypes
                0x00000f96      0x118 D:\software\qpc/ports/arm-cortex/qk/gnu/spy\libqf_cortex-m3_cs.a(qa_fifo.o)
 .debug_pubtypes
                0x000010ae      0x118 D:\software\qpc/ports/arm-cortex/qk/gnu/spy\libqf_cortex-m3_cs.a(qa_get_.o)
 .debug_pubtypes
                0x000011c6      0x11c D:\software\qpc/ports/arm-cortex/qk/gnu/spy\libqf_cortex-m3_cs.a(qa_sub.o)
 .debug_pubtypes
                0x000012e2       0x97 D:\software\qpc/ports/arm-cortex/qk/gnu/spy\libqf_cortex-m3_cs.a(qeq_init.o)
 .debug_pubtypes
                0x00001379       0xe4 D:\software\qpc/ports/arm-cortex/qk/gnu/spy\libqf_cortex-m3_cs.a(qf_act.o)
 .debug_pubtypes
                0x0000145d       0x96 D:\software\qpc/ports/arm-cortex/qk/gnu/spy\libqf_cortex-m3_cs.a(qf_gc.o)
 .debug_pubtypes
                0x000014f3       0x1e D:\software\qpc/ports/arm-cortex/qk/gnu/spy\libqf_cortex-m3_cs.a(qf_log2.o)
 .debug_pubtypes
                0x00001511       0xa5 D:\software\qpc/ports/arm-cortex/qk/gnu/spy\libqf_cortex-m3_cs.a(qf_new.o)
 .debug_pubtypes
                0x000015b6       0x7d D:\software\qpc/ports/arm-cortex/qk/gnu/spy\libqf_cortex-m3_cs.a(qf_pool.o)
 .debug_pubtypes
                0x00001633       0x5a D:\software\qpc/ports/arm-cortex/qk/gnu/spy\libqf_cortex-m3_cs.a(qf_psini.o)
 .debug_pubtypes
                0x0000168d      0x107 D:\software\qpc/ports/arm-cortex/qk/gnu/spy\libqf_cortex-m3_cs.a(qf_pspub.o)
 .debug_pubtypes
                0x00001794       0x1e D:\software\qpc/ports/arm-cortex/qk/gnu/spy\libqf_cortex-m3_cs.a(qf_pwr2.o)
 .debug_pubtypes
                0x000017b2      0x11f D:\software\qpc/ports/arm-cortex/qk/gnu/spy\libqf_cortex-m3_cs.a(qf_tick.o)
 .debug_pubtypes
                0x000018d1       0x9f D:\software\qpc/ports/arm-cortex/qk/gnu/spy\libqf_cortex-m3_cs.a(qmp_get.o)
 .debug_pubtypes
                0x00001970       0x9f D:\software\qpc/ports/arm-cortex/qk/gnu/spy\libqf_cortex-m3_cs.a(qmp_init.o)
 .debug_pubtypes
                0x00001a0f       0x9f D:\software\qpc/ports/arm-cortex/qk/gnu/spy\libqf_cortex-m3_cs.a(qmp_put.o)
 .debug_pubtypes
                0x00001aae      0x109 D:\software\qpc/ports/arm-cortex/qk/gnu/spy\libqf_cortex-m3_cs.a(qte_ctor.o)
 .debug_pubtypes
                0x00001bb7      0x126 D:\software\qpc/ports/arm-cortex/qk/gnu/spy\libqf_cortex-m3_cs.a(qte_arm.o)
 .debug_pubtypes
                0x00001cdd      0x111 D:\software\qpc/ports/arm-cortex/qk/gnu/spy\libqf_cortex-m3_cs.a(qte_darm.o)
 .debug_pubtypes
                0x00001dee       0xcc D:\software\qpc/ports/arm-cortex/qk/gnu/spy\libqep_cortex-m3_cs.a(qhsm_ini.o)
 .debug_pubtypes
                0x00001eba       0xcc D:\software\qpc/ports/arm-cortex/qk/gnu/spy\libqep_cortex-m3_cs.a(qhsm_dis.o)
 .debug_pubtypes
                0x00001f86       0x82 D:\software\qpc/ports/arm-cortex/qk/gnu/spy\libqep_cortex-m3_cs.a(qhsm_top.o)
 .debug_pubtypes
                0x00002008       0x72 D:\software\qpc/ports/arm-cortex/qk/gnu/spy\libqep_cortex-m3_cs.a(qep.o)
 .debug_pubtypes
                0x0000207a       0x42 D:\software\qpc/ports/arm-cortex/qk/gnu/spy\libqs_cortex-m3_cs.a(qs.o)
 .debug_pubtypes
                0x000020bc       0x50 D:\software\qpc/ports/arm-cortex/qk/gnu/spy\libqs_cortex-m3_cs.a(qs_.o)
 .debug_pubtypes
                0x0000210c       0x35 D:\software\qpc/ports/arm-cortex/qk/gnu/spy\libqs_cortex-m3_cs.a(qs_blk.o)

.debug_aranges  0x00000000      0x4f0
 .debug_aranges
                0x00000000       0x20 spy/tunnel.o
 .debug_aranges
                0x00000020       0x20 spy/mine1.o
 .debug_aranges
                0x00000040       0x20 spy/mine2.o
 .debug_aranges
                0x00000060       0x20 spy/main.o
 .debug_aranges
                0x00000080       0x20 spy/missile.o
 .debug_aranges
                0x000000a0       0x20 spy/ship.o
 .debug_aranges
                0x000000c0       0x20 spy/display96x16x1.o
 .debug_aranges
                0x000000e0       0x20 spy/bsp.o
 .debug_aranges
                0x00000100       0x20 spy/startup_lm3s.o
 .debug_aranges
                0x00000120       0x20 spy/core_cm3.o
 .debug_aranges
                0x00000140       0x20 spy/system_lm3s.o
 .debug_aranges
                0x00000160       0x20 D:\software\qpc/ports/arm-cortex/qk/gnu/spy\libqk_cortex-m3_cs.a(qk.o)
 .debug_aranges
                0x00000180       0x20 D:\software\qpc/ports/arm-cortex/qk/gnu/spy\libqk_cortex-m3_cs.a(qk_sched.o)
 .debug_aranges
                0x000001a0       0x20 D:\software\qpc/ports/arm-cortex/qk/gnu/spy\libqk_cortex-m3_cs.a(qk_mutex.o)
 .debug_aranges
                0x000001c0       0x30 D:\software\qpc/ports/arm-cortex/qk/gnu/spy\libqk_cortex-m3_cs.a(qk_port.o)
 .debug_aranges
                0x000001f0       0x20 D:\software\qpc/ports/arm-cortex/qk/gnu/spy\libqf_cortex-m3_cs.a(qa_fifo.o)
 .debug_aranges
                0x00000210       0x20 D:\software\qpc/ports/arm-cortex/qk/gnu/spy\libqf_cortex-m3_cs.a(qa_get_.o)
 .debug_aranges
                0x00000230       0x20 D:\software\qpc/ports/arm-cortex/qk/gnu/spy\libqf_cortex-m3_cs.a(qa_sub.o)
 .debug_aranges
                0x00000250       0x20 D:\software\qpc/ports/arm-cortex/qk/gnu/spy\libqf_cortex-m3_cs.a(qeq_init.o)
 .debug_aranges
                0x00000270       0x20 D:\software\qpc/ports/arm-cortex/qk/gnu/spy\libqf_cortex-m3_cs.a(qf_act.o)
 .debug_aranges
                0x00000290       0x20 D:\software\qpc/ports/arm-cortex/qk/gnu/spy\libqf_cortex-m3_cs.a(qf_gc.o)
 .debug_aranges
                0x000002b0       0x20 D:\software\qpc/ports/arm-cortex/qk/gnu/spy\libqf_cortex-m3_cs.a(qf_new.o)
 .debug_aranges
                0x000002d0       0x20 D:\software\qpc/ports/arm-cortex/qk/gnu/spy\libqf_cortex-m3_cs.a(qf_pool.o)
 .debug_aranges
                0x000002f0       0x20 D:\software\qpc/ports/arm-cortex/qk/gnu/spy\libqf_cortex-m3_cs.a(qf_psini.o)
 .debug_aranges
                0x00000310       0x20 D:\software\qpc/ports/arm-cortex/qk/gnu/spy\libqf_cortex-m3_cs.a(qf_pspub.o)
 .debug_aranges
                0x00000330       0x20 D:\software\qpc/ports/arm-cortex/qk/gnu/spy\libqf_cortex-m3_cs.a(qf_tick.o)
 .debug_aranges
                0x00000350       0x20 D:\software\qpc/ports/arm-cortex/qk/gnu/spy\libqf_cortex-m3_cs.a(qmp_get.o)
 .debug_aranges
                0x00000370       0x20 D:\software\qpc/ports/arm-cortex/qk/gnu/spy\libqf_cortex-m3_cs.a(qmp_init.o)
 .debug_aranges
                0x00000390       0x20 D:\software\qpc/ports/arm-cortex/qk/gnu/spy\libqf_cortex-m3_cs.a(qmp_put.o)
 .debug_aranges
                0x000003b0       0x20 D:\software\qpc/ports/arm-cortex/qk/gnu/spy\libqf_cortex-m3_cs.a(qte_ctor.o)
 .debug_aranges
                0x000003d0       0x20 D:\software\qpc/ports/arm-cortex/qk/gnu/spy\libqf_cortex-m3_cs.a(qte_arm.o)
 .debug_aranges
                0x000003f0       0x20 D:\software\qpc/ports/arm-cortex/qk/gnu/spy\libqf_cortex-m3_cs.a(qte_darm.o)
 .debug_aranges
                0x00000410       0x20 D:\software\qpc/ports/arm-cortex/qk/gnu/spy\libqep_cortex-m3_cs.a(qhsm_ini.o)
 .debug_aranges
                0x00000430       0x20 D:\software\qpc/ports/arm-cortex/qk/gnu/spy\libqep_cortex-m3_cs.a(qhsm_dis.o)
 .debug_aranges
                0x00000450       0x20 D:\software\qpc/ports/arm-cortex/qk/gnu/spy\libqep_cortex-m3_cs.a(qhsm_top.o)
 .debug_aranges
                0x00000470       0x20 D:\software\qpc/ports/arm-cortex/qk/gnu/spy\libqep_cortex-m3_cs.a(qep.o)
 .debug_aranges
                0x00000490       0x20 D:\software\qpc/ports/arm-cortex/qk/gnu/spy\libqs_cortex-m3_cs.a(qs.o)
 .debug_aranges
                0x000004b0       0x20 D:\software\qpc/ports/arm-cortex/qk/gnu/spy\libqs_cortex-m3_cs.a(qs_.o)
 .debug_aranges
                0x000004d0       0x20 D:\software\qpc/ports/arm-cortex/qk/gnu/spy\libqs_cortex-m3_cs.a(qs_blk.o)

.debug_ranges   0x00000000       0xd0
 .debug_ranges  0x00000000       0x48 spy/tunnel.o
 .debug_ranges  0x00000048       0x18 spy/ship.o
 .debug_ranges  0x00000060       0x28 D:\software\qpc/ports/arm-cortex/qk/gnu/spy\libqk_cortex-m3_cs.a(qk_port.o)
 .debug_ranges  0x00000088       0x18 D:\software\qpc/ports/arm-cortex/qk/gnu/spy\libqf_cortex-m3_cs.a(qf_pspub.o)
 .debug_ranges  0x000000a0       0x18 D:\software\qpc/ports/arm-cortex/qk/gnu/spy\libqep_cortex-m3_cs.a(qhsm_ini.o)
 .debug_ranges  0x000000b8       0x18 D:\software\qpc/ports/arm-cortex/qk/gnu/spy\libqep_cortex-m3_cs.a(qhsm_dis.o)

.debug_str      0x00000000     0x2374
 .debug_str     0x00000000      0xc20 spy/tunnel.o
                                0xc97 (size before relaxing)
 .debug_str     0x00000c20       0x9a spy/mine1.o
                                0xa0e (size before relaxing)
 .debug_str     0x00000cba       0x88 spy/mine2.o
                                0xa0e (size before relaxing)
 .debug_str     0x00000d42       0xa2 spy/main.o
                                0x8ee (size before relaxing)
 .debug_str     0x00000de4       0x6b spy/missile.o
                                0x9b5 (size before relaxing)
 .debug_str     0x00000e4f       0x69 spy/ship.o
                                0x9cb (size before relaxing)
 .debug_str     0x00000eb8      0x306 spy/display96x16x1.o
                                0x43a (size before relaxing)
 .debug_str     0x000011be      0x6bf spy/bsp.o
                               0x10d9 (size before relaxing)
 .debug_str     0x0000187d       0xd5 spy/startup_lm3s.o
                                0x137 (size before relaxing)
 .debug_str     0x00001952      0x14a spy/core_cm3.o
                                0x242 (size before relaxing)
 .debug_str     0x00001a9c       0x43 spy/system_lm3s.o
                                0x23e (size before relaxing)
 .debug_str     0x00001adf       0xd3 D:\software\qpc/ports/arm-cortex/qk/gnu/spy\libqk_cortex-m3_cs.a(qk.o)
                                0x26b (size before relaxing)
 .debug_str     0x00001bb2       0x5f D:\software\qpc/ports/arm-cortex/qk/gnu/spy\libqk_cortex-m3_cs.a(qk_sched.o)
                                0x720 (size before relaxing)
 .debug_str     0x00001c11       0x56 D:\software\qpc/ports/arm-cortex/qk/gnu/spy\libqk_cortex-m3_cs.a(qk_mutex.o)
                                0x5f8 (size before relaxing)
 .debug_str     0x00001c67       0x50 D:\software\qpc/ports/arm-cortex/qk/gnu/spy\libqf_cortex-m3_cs.a(qa_fifo.o)
                                0x717 (size before relaxing)
 .debug_str     0x00001cb7       0x55 D:\software\qpc/ports/arm-cortex/qk/gnu/spy\libqf_cortex-m3_cs.a(qa_get_.o)
                                0x727 (size before relaxing)
 .debug_str     0x00001d0c       0x4e D:\software\qpc/ports/arm-cortex/qk/gnu/spy\libqf_cortex-m3_cs.a(qa_sub.o)
                                0x74d (size before relaxing)
 .debug_str     0x00001d5a       0x38 D:\software\qpc/ports/arm-cortex/qk/gnu/spy\libqf_cortex-m3_cs.a(qeq_init.o)
                                0x650 (size before relaxing)
 .debug_str     0x00001d92       0x50 D:\software\qpc/ports/arm-cortex/qk/gnu/spy\libqf_cortex-m3_cs.a(qf_act.o)
                                0x6e1 (size before relaxing)
 .debug_str     0x00001de2       0x73 D:\software\qpc/ports/arm-cortex/qk/gnu/spy\libqf_cortex-m3_cs.a(qf_gc.o)
                                0x659 (size before relaxing)
 .debug_str     0x00001e55       0x20 D:\software\qpc/ports/arm-cortex/qk/gnu/spy\libqf_cortex-m3_cs.a(qf_log2.o)
                                 0xec (size before relaxing)
 .debug_str     0x00001e75       0x3a D:\software\qpc/ports/arm-cortex/qk/gnu/spy\libqf_cortex-m3_cs.a(qf_new.o)
                                0x66f (size before relaxing)
 .debug_str     0x00001eaf       0x3d D:\software\qpc/ports/arm-cortex/qk/gnu/spy\libqf_cortex-m3_cs.a(qf_pool.o)
                                0x193 (size before relaxing)
 .debug_str     0x00001eec       0x35 D:\software\qpc/ports/arm-cortex/qk/gnu/spy\libqf_cortex-m3_cs.a(qf_psini.o)
                                0x14d (size before relaxing)
 .debug_str     0x00001f21       0x2c D:\software\qpc/ports/arm-cortex/qk/gnu/spy\libqf_cortex-m3_cs.a(qf_pspub.o)
                                0x70a (size before relaxing)
 .debug_str     0x00001f4d       0x20 D:\software\qpc/ports/arm-cortex/qk/gnu/spy\libqf_cortex-m3_cs.a(qf_pwr2.o)
                                0x107 (size before relaxing)
 .debug_str     0x00001f6d       0x52 D:\software\qpc/ports/arm-cortex/qk/gnu/spy\libqf_cortex-m3_cs.a(qf_tick.o)
                                0x700 (size before relaxing)
 .debug_str     0x00001fbf       0x66 D:\software\qpc/ports/arm-cortex/qk/gnu/spy\libqf_cortex-m3_cs.a(qmp_get.o)
                                0x687 (size before relaxing)
 .debug_str     0x00002025       0x35 D:\software\qpc/ports/arm-cortex/qk/gnu/spy\libqf_cortex-m3_cs.a(qmp_init.o)
                                0x66e (size before relaxing)
 .debug_str     0x0000205a       0x2b D:\software\qpc/ports/arm-cortex/qk/gnu/spy\libqf_cortex-m3_cs.a(qmp_put.o)
                                0x653 (size before relaxing)
 .debug_str     0x00002085       0x2f D:\software\qpc/ports/arm-cortex/qk/gnu/spy\libqf_cortex-m3_cs.a(qte_ctor.o)
                                0x23a (size before relaxing)
 .debug_str     0x000020b4       0x35 D:\software\qpc/ports/arm-cortex/qk/gnu/spy\libqf_cortex-m3_cs.a(qte_arm.o)
                                0x739 (size before relaxing)
 .debug_str     0x000020e9       0x3a D:\software\qpc/ports/arm-cortex/qk/gnu/spy\libqf_cortex-m3_cs.a(qte_darm.o)
                                0x6ef (size before relaxing)
 .debug_str     0x00002123       0x78 D:\software\qpc/ports/arm-cortex/qk/gnu/spy\libqep_cortex-m3_cs.a(qhsm_ini.o)
                                0x6c3 (size before relaxing)
 .debug_str     0x0000219b       0x30 D:\software\qpc/ports/arm-cortex/qk/gnu/spy\libqep_cortex-m3_cs.a(qhsm_dis.o)
                                0x6c7 (size before relaxing)
 .debug_str     0x000021cb       0x2b D:\software\qpc/ports/arm-cortex/qk/gnu/spy\libqep_cortex-m3_cs.a(qhsm_top.o)
                                0x145 (size before relaxing)
 .debug_str     0x000021f6       0x2c D:\software\qpc/ports/arm-cortex/qk/gnu/spy\libqep_cortex-m3_cs.a(qep.o)
                                0x1a6 (size before relaxing)
 .debug_str     0x00002222       0xce D:\software\qpc/ports/arm-cortex/qk/gnu/spy\libqs_cortex-m3_cs.a(qs.o)
                                0x1bb (size before relaxing)
 .debug_str     0x000022f0       0x51 D:\software\qpc/ports/arm-cortex/qk/gnu/spy\libqs_cortex-m3_cs.a(qs_.o)
                                0x1a4 (size before relaxing)
 .debug_str     0x00002341       0x33 D:\software\qpc/ports/arm-cortex/qk/gnu/spy\libqs_cortex-m3_cs.a(qs_blk.o)
                                0x12b (size before relaxing)

.comment        0x00000000       0x2b
 .comment       0x00000000       0x2b spy/tunnel.o
                                 0x2c (size before relaxing)
 .comment       0x00000000       0x2c spy/mine1.o
 .comment       0x00000000       0x2c spy/mine2.o
 .comment       0x00000000       0x2c spy/main.o
 .comment       0x00000000       0x2c spy/missile.o
 .comment       0x00000000       0x2c spy/ship.o
 .comment       0x00000000       0x2c spy/display96x16x1.o
 .comment       0x00000000       0x2c spy/bsp.o
 .comment       0x00000000       0x2c spy/startup_lm3s.o
 .comment       0x00000000       0x2c spy/core_cm3.o
 .comment       0x00000000       0x2c spy/system_lm3s.o
 .comment       0x00000000       0x2c D:\software\qpc/ports/arm-cortex/qk/gnu/spy\libqk_cortex-m3_cs.a(qk.o)
 .comment       0x00000000       0x2c D:\software\qpc/ports/arm-cortex/qk/gnu/spy\libqk_cortex-m3_cs.a(qk_sched.o)
 .comment       0x00000000       0x2c D:\software\qpc/ports/arm-cortex/qk/gnu/spy\libqk_cortex-m3_cs.a(qk_mutex.o)
 .comment       0x00000000       0x2c D:\software\qpc/ports/arm-cortex/qk/gnu/spy\libqf_cortex-m3_cs.a(qa_fifo.o)
 .comment       0x00000000       0x2c D:\software\qpc/ports/arm-cortex/qk/gnu/spy\libqf_cortex-m3_cs.a(qa_get_.o)
 .comment       0x00000000       0x2c D:\software\qpc/ports/arm-cortex/qk/gnu/spy\libqf_cortex-m3_cs.a(qa_sub.o)
 .comment       0x00000000       0x2c D:\software\qpc/ports/arm-cortex/qk/gnu/spy\libqf_cortex-m3_cs.a(qeq_init.o)
 .comment       0x00000000       0x2c D:\software\qpc/ports/arm-cortex/qk/gnu/spy\libqf_cortex-m3_cs.a(qf_act.o)
 .comment       0x00000000       0x2c D:\software\qpc/ports/arm-cortex/qk/gnu/spy\libqf_cortex-m3_cs.a(qf_gc.o)
 .comment       0x00000000       0x2c D:\software\qpc/ports/arm-cortex/qk/gnu/spy\libqf_cortex-m3_cs.a(qf_log2.o)
 .comment       0x00000000       0x2c D:\software\qpc/ports/arm-cortex/qk/gnu/spy\libqf_cortex-m3_cs.a(qf_new.o)
 .comment       0x00000000       0x2c D:\software\qpc/ports/arm-cortex/qk/gnu/spy\libqf_cortex-m3_cs.a(qf_pool.o)
 .comment       0x00000000       0x2c D:\software\qpc/ports/arm-cortex/qk/gnu/spy\libqf_cortex-m3_cs.a(qf_psini.o)
 .comment       0x00000000       0x2c D:\software\qpc/ports/arm-cortex/qk/gnu/spy\libqf_cortex-m3_cs.a(qf_pspub.o)
 .comment       0x00000000       0x2c D:\software\qpc/ports/arm-cortex/qk/gnu/spy\libqf_cortex-m3_cs.a(qf_pwr2.o)
 .comment       0x00000000       0x2c D:\software\qpc/ports/arm-cortex/qk/gnu/spy\libqf_cortex-m3_cs.a(qf_tick.o)
 .comment       0x00000000       0x2c D:\software\qpc/ports/arm-cortex/qk/gnu/spy\libqf_cortex-m3_cs.a(qmp_get.o)
 .comment       0x00000000       0x2c D:\software\qpc/ports/arm-cortex/qk/gnu/spy\libqf_cortex-m3_cs.a(qmp_init.o)
 .comment       0x00000000       0x2c D:\software\qpc/ports/arm-cortex/qk/gnu/spy\libqf_cortex-m3_cs.a(qmp_put.o)
 .comment       0x00000000       0x2c D:\software\qpc/ports/arm-cortex/qk/gnu/spy\libqf_cortex-m3_cs.a(qte_ctor.o)
 .comment       0x00000000       0x2c D:\software\qpc/ports/arm-cortex/qk/gnu/spy\libqf_cortex-m3_cs.a(qte_arm.o)
 .comment       0x00000000       0x2c D:\software\qpc/ports/arm-cortex/qk/gnu/spy\libqf_cortex-m3_cs.a(qte_darm.o)
 .comment       0x00000000       0x2c D:\software\qpc/ports/arm-cortex/qk/gnu/spy\libqep_cortex-m3_cs.a(qhsm_ini.o)
 .comment       0x00000000       0x2c D:\software\qpc/ports/arm-cortex/qk/gnu/spy\libqep_cortex-m3_cs.a(qhsm_dis.o)
 .comment       0x00000000       0x2c D:\software\qpc/ports/arm-cortex/qk/gnu/spy\libqep_cortex-m3_cs.a(qhsm_top.o)
 .comment       0x00000000       0x2c D:\software\qpc/ports/arm-cortex/qk/gnu/spy\libqep_cortex-m3_cs.a(qep.o)
 .comment       0x00000000       0x2c D:\software\qpc/ports/arm-cortex/qk/gnu/spy\libqs_cortex-m3_cs.a(qs.o)
 .comment       0x00000000       0x2c D:\software\qpc/ports/arm-cortex/qk/gnu/spy\libqs_cortex-m3_cs.a(qs_.o)
 .comment       0x00000000       0x2c D:\software\qpc/ports/arm-cortex/qk/gnu/spy\libqs_cortex-m3_cs.a(qs_blk.o)

.ARM.attributes
                0x00000000       0x2f
 .ARM.attributes
                0x00000000       0x31 spy/tunnel.o
 .ARM.attributes
                0x00000031       0x31 spy/mine1.o
 .ARM.attributes
                0x00000062       0x31 spy/mine2.o
 .ARM.attributes
                0x00000093       0x31 spy/main.o
 .ARM.attributes
                0x000000c4       0x31 spy/missile.o
 .ARM.attributes
                0x000000f5       0x31 spy/ship.o
 .ARM.attributes
                0x00000126       0x31 spy/display96x16x1.o
 .ARM.attributes
                0x00000157       0x31 spy/bsp.o
 .ARM.attributes
                0x00000188       0x31 spy/startup_lm3s.o
 .ARM.attributes
                0x000001b9       0x31 spy/core_cm3.o
 .ARM.attributes
                0x000001ea       0x31 spy/system_lm3s.o
 .ARM.attributes
                0x0000021b       0x31 D:\software\qpc/ports/arm-cortex/qk/gnu/spy\libqk_cortex-m3_cs.a(qk.o)
 .ARM.attributes
                0x0000024c       0x31 D:\software\qpc/ports/arm-cortex/qk/gnu/spy\libqk_cortex-m3_cs.a(qk_sched.o)
 .ARM.attributes
                0x0000027d       0x31 D:\software\qpc/ports/arm-cortex/qk/gnu/spy\libqk_cortex-m3_cs.a(qk_mutex.o)
 .ARM.attributes
                0x000002ae       0x21 D:\software\qpc/ports/arm-cortex/qk/gnu/spy\libqk_cortex-m3_cs.a(qk_port.o)
 .ARM.attributes
                0x000002cf       0x31 D:\software\qpc/ports/arm-cortex/qk/gnu/spy\libqf_cortex-m3_cs.a(qa_fifo.o)
 .ARM.attributes
                0x00000300       0x31 D:\software\qpc/ports/arm-cortex/qk/gnu/spy\libqf_cortex-m3_cs.a(qa_get_.o)
 .ARM.attributes
                0x00000331       0x31 D:\software\qpc/ports/arm-cortex/qk/gnu/spy\libqf_cortex-m3_cs.a(qa_sub.o)
 .ARM.attributes
                0x00000362       0x31 D:\software\qpc/ports/arm-cortex/qk/gnu/spy\libqf_cortex-m3_cs.a(qeq_init.o)
 .ARM.attributes
                0x00000393       0x31 D:\software\qpc/ports/arm-cortex/qk/gnu/spy\libqf_cortex-m3_cs.a(qf_act.o)
 .ARM.attributes
                0x000003c4       0x31 D:\software\qpc/ports/arm-cortex/qk/gnu/spy\libqf_cortex-m3_cs.a(qf_gc.o)
 .ARM.attributes
                0x000003f5       0x31 D:\software\qpc/ports/arm-cortex/qk/gnu/spy\libqf_cortex-m3_cs.a(qf_log2.o)
 .ARM.attributes
                0x00000426       0x31 D:\software\qpc/ports/arm-cortex/qk/gnu/spy\libqf_cortex-m3_cs.a(qf_new.o)
 .ARM.attributes
                0x00000457       0x31 D:\software\qpc/ports/arm-cortex/qk/gnu/spy\libqf_cortex-m3_cs.a(qf_pool.o)
 .ARM.attributes
                0x00000488       0x31 D:\software\qpc/ports/arm-cortex/qk/gnu/spy\libqf_cortex-m3_cs.a(qf_psini.o)
 .ARM.attributes
                0x000004b9       0x31 D:\software\qpc/ports/arm-cortex/qk/gnu/spy\libqf_cortex-m3_cs.a(qf_pspub.o)
 .ARM.attributes
                0x000004ea       0x31 D:\software\qpc/ports/arm-cortex/qk/gnu/spy\libqf_cortex-m3_cs.a(qf_pwr2.o)
 .ARM.attributes
                0x0000051b       0x31 D:\software\qpc/ports/arm-cortex/qk/gnu/spy\libqf_cortex-m3_cs.a(qf_tick.o)
 .ARM.attributes
                0x0000054c       0x31 D:\software\qpc/ports/arm-cortex/qk/gnu/spy\libqf_cortex-m3_cs.a(qmp_get.o)
 .ARM.attributes
                0x0000057d       0x31 D:\software\qpc/ports/arm-cortex/qk/gnu/spy\libqf_cortex-m3_cs.a(qmp_init.o)
 .ARM.attributes
                0x000005ae       0x31 D:\software\qpc/ports/arm-cortex/qk/gnu/spy\libqf_cortex-m3_cs.a(qmp_put.o)
 .ARM.attributes
                0x000005df       0x31 D:\software\qpc/ports/arm-cortex/qk/gnu/spy\libqf_cortex-m3_cs.a(qte_ctor.o)
 .ARM.attributes
                0x00000610       0x31 D:\software\qpc/ports/arm-cortex/qk/gnu/spy\libqf_cortex-m3_cs.a(qte_arm.o)
 .ARM.attributes
                0x00000641       0x31 D:\software\qpc/ports/arm-cortex/qk/gnu/spy\libqf_cortex-m3_cs.a(qte_darm.o)
 .ARM.attributes
                0x00000672       0x31 D:\software\qpc/ports/arm-cortex/qk/gnu/spy\libqep_cortex-m3_cs.a(qhsm_ini.o)
 .ARM.attributes
                0x000006a3       0x31 D:\software\qpc/ports/arm-cortex/qk/gnu/spy\libqep_cortex-m3_cs.a(qhsm_dis.o)
 .ARM.attributes
                0x000006d4       0x31 D:\software\qpc/ports/arm-cortex/qk/gnu/spy\libqep_cortex-m3_cs.a(qhsm_top.o)
 .ARM.attributes
                0x00000705       0x31 D:\software\qpc/ports/arm-cortex/qk/gnu/spy\libqep_cortex-m3_cs.a(qep.o)
 .ARM.attributes
                0x00000736       0x31 D:\software\qpc/ports/arm-cortex/qk/gnu/spy\libqs_cortex-m3_cs.a(qs.o)
 .ARM.attributes
                0x00000767       0x31 D:\software\qpc/ports/arm-cortex/qk/gnu/spy\libqs_cortex-m3_cs.a(qs_.o)
 .ARM.attributes
                0x00000798       0x31 D:\software\qpc/ports/arm-cortex/qk/gnu/spy\libqs_cortex-m3_cs.a(qs_blk.o)

.debug_frame    0x00000000      0xfc8
 .debug_frame   0x00000000      0x1b0 spy/tunnel.o
 .debug_frame   0x000001b0       0xa0 spy/mine1.o
 .debug_frame   0x00000250       0xa0 spy/mine2.o
 .debug_frame   0x000002f0       0x30 spy/main.o
 .debug_frame   0x00000320       0x7c spy/missile.o
 .debug_frame   0x0000039c       0x90 spy/ship.o
 .debug_frame   0x0000042c      0x148 spy/display96x16x1.o
 .debug_frame   0x00000574      0x1b8 spy/bsp.o
 .debug_frame   0x0000072c       0x58 spy/startup_lm3s.o
 .debug_frame   0x00000784      0x170 spy/core_cm3.o
 .debug_frame   0x000008f4       0x2c spy/system_lm3s.o
 .debug_frame   0x00000920       0xa0 D:\software\qpc/ports/arm-cortex/qk/gnu/spy\libqk_cortex-m3_cs.a(qk.o)
 .debug_frame   0x000009c0       0x34 D:\software\qpc/ports/arm-cortex/qk/gnu/spy\libqk_cortex-m3_cs.a(qk_sched.o)
 .debug_frame   0x000009f4       0x40 D:\software\qpc/ports/arm-cortex/qk/gnu/spy\libqk_cortex-m3_cs.a(qk_mutex.o)
 .debug_frame   0x00000a34       0x2c D:\software\qpc/ports/arm-cortex/qk/gnu/spy\libqf_cortex-m3_cs.a(qa_fifo.o)
 .debug_frame   0x00000a60       0x44 D:\software\qpc/ports/arm-cortex/qk/gnu/spy\libqf_cortex-m3_cs.a(qa_get_.o)
 .debug_frame   0x00000aa4       0x30 D:\software\qpc/ports/arm-cortex/qk/gnu/spy\libqf_cortex-m3_cs.a(qa_sub.o)
 .debug_frame   0x00000ad4       0x2c D:\software\qpc/ports/arm-cortex/qk/gnu/spy\libqf_cortex-m3_cs.a(qeq_init.o)
 .debug_frame   0x00000b00       0x58 D:\software\qpc/ports/arm-cortex/qk/gnu/spy\libqf_cortex-m3_cs.a(qf_act.o)
 .debug_frame   0x00000b58       0x2c D:\software\qpc/ports/arm-cortex/qk/gnu/spy\libqf_cortex-m3_cs.a(qf_gc.o)
 .debug_frame   0x00000b84       0x34 D:\software\qpc/ports/arm-cortex/qk/gnu/spy\libqf_cortex-m3_cs.a(qf_new.o)
 .debug_frame   0x00000bb8       0x30 D:\software\qpc/ports/arm-cortex/qk/gnu/spy\libqf_cortex-m3_cs.a(qf_pool.o)
 .debug_frame   0x00000be8       0x20 D:\software\qpc/ports/arm-cortex/qk/gnu/spy\libqf_cortex-m3_cs.a(qf_psini.o)
 .debug_frame   0x00000c08       0x3c D:\software\qpc/ports/arm-cortex/qk/gnu/spy\libqf_cortex-m3_cs.a(qf_pspub.o)
 .debug_frame   0x00000c44       0x30 D:\software\qpc/ports/arm-cortex/qk/gnu/spy\libqf_cortex-m3_cs.a(qf_tick.o)
 .debug_frame   0x00000c74       0x44 D:\software\qpc/ports/arm-cortex/qk/gnu/spy\libqf_cortex-m3_cs.a(qmp_get.o)
 .debug_frame   0x00000cb8       0x30 D:\software\qpc/ports/arm-cortex/qk/gnu/spy\libqf_cortex-m3_cs.a(qmp_init.o)
 .debug_frame   0x00000ce8       0x2c D:\software\qpc/ports/arm-cortex/qk/gnu/spy\libqf_cortex-m3_cs.a(qmp_put.o)
 .debug_frame   0x00000d14       0x2c D:\software\qpc/ports/arm-cortex/qk/gnu/spy\libqf_cortex-m3_cs.a(qte_ctor.o)
 .debug_frame   0x00000d40       0x2c D:\software\qpc/ports/arm-cortex/qk/gnu/spy\libqf_cortex-m3_cs.a(qte_arm.o)
 .debug_frame   0x00000d6c       0x28 D:\software\qpc/ports/arm-cortex/qk/gnu/spy\libqf_cortex-m3_cs.a(qte_darm.o)
 .debug_frame   0x00000d94       0x38 D:\software\qpc/ports/arm-cortex/qk/gnu/spy\libqep_cortex-m3_cs.a(qhsm_ini.o)
 .debug_frame   0x00000dcc       0x3c D:\software\qpc/ports/arm-cortex/qk/gnu/spy\libqep_cortex-m3_cs.a(qhsm_dis.o)
 .debug_frame   0x00000e08       0x20 D:\software\qpc/ports/arm-cortex/qk/gnu/spy\libqep_cortex-m3_cs.a(qhsm_top.o)
 .debug_frame   0x00000e28       0x20 D:\software\qpc/ports/arm-cortex/qk/gnu/spy\libqep_cortex-m3_cs.a(qep.o)
 .debug_frame   0x00000e48       0xc0 D:\software\qpc/ports/arm-cortex/qk/gnu/spy\libqs_cortex-m3_cs.a(qs.o)
 .debug_frame   0x00000f08       0x98 D:\software\qpc/ports/arm-cortex/qk/gnu/spy\libqs_cortex-m3_cs.a(qs_.o)
 .debug_frame   0x00000fa0       0x28 D:\software\qpc/ports/arm-cortex/qk/gnu/spy\libqs_cortex-m3_cs.a(qs_blk.o)
