MPLINK 4.00, Linker
Linker Map File - Created Wed Aug 13 16:31:22 2008

                                 Section Info
                  Section       Type    Address   Location Size(Bytes)
                ---------  ---------  ---------  ---------  ---------
               _entry_scn       code   0x000000    program   0x000006
             intVector_hi       code   0x000008    program   0x000006
                   .cinit    romdata   0x00002a    program   0x000032
         .code_qhsm_dis.o       code   0x00005c    program   0x000984
            .code_table.o       code   0x0009e0    program   0x000792
            .code_philo.o       code   0x001172    program   0x000562
         .code_qmp_init.o       code   0x0016d4    program   0x0003f6
          .code_qa_get_.o       code   0x001aca    program   0x000308
         .code_qhsm_ini.o       code   0x001dd2    program   0x00029e
          .code_qa_fifo.o       code   0x002070    program   0x000268
         .code_qvanilla.o       code   0x0022d8    program   0x00021e
          .code_qf_tick.o       code   0x0024f6    program   0x000202
          .code_qmp_get.o       code   0x0026f8    program   0x0001ca
           .code_qf_act.o       code   0x0028c2    program   0x000186
         .code_qf_pspub.o       code   0x002a48    program   0x00016a
          .code_qte_arm.o       code   0x002bb2    program   0x00014c
          .code_qmp_put.o       code   0x002cfe    program   0x00012e
           .code_qf_new.o       code   0x002e2c    program   0x00011a
           .code_qa_sub.o       code   0x002f46    program   0x00011a
             .code_main.o       code   0x003060    program   0x00010a
            .code_qf_gc.o       code   0x00316a    program   0x000106
       .romdata_qf_log2.o    romdata   0x003270    program   0x000100
          .code_qf_pool.o       code   0x003370    program   0x0000da
       .romdata_qf_pwr2.o    romdata   0x00344a    program   0x0000c3
       .idata_qf_log2.o_i    romdata   0x00350d    program   0x000000
        .idata_qa_sub.o_i    romdata   0x00350d    program   0x000000
       .idata_qf_pool.o_i    romdata   0x00350d    program   0x000000
       .idata_qa_fifo.o_i    romdata   0x00350d    program   0x000000
        .idata_qf_act.o_i    romdata   0x00350d    program   0x000000
      .romdata_fxd1616u.o    romdata   0x00350d    program   0x000000
      .romdata_qf_psini.o    romdata   0x00350d    program   0x000000
      .idata_qf_pspub.o_i    romdata   0x00350d    program   0x000000
      .idata_fxd0808u.o_i    romdata   0x00350d    program   0x000000
       .idata_qf_tick.o_i    romdata   0x00350d    program   0x000000
           .idata_isr.o_i    romdata   0x00350d    program   0x000000
      .idata_qhsm_ini.o_i    romdata   0x00350d    program   0x000000
          .romdata_main.o    romdata   0x00350d    program   0x000000
      .romdata_qhsm_top.o    romdata   0x00350d    program   0x000000
       .idata_qmp_get.o_i    romdata   0x00350d    program   0x000000
       .idata_qmp_put.o_i    romdata   0x00350d    program   0x000000
      .idata_qte_ctor.o_i    romdata   0x00350d    program   0x000000
        .romdata_c018iz.o    romdata   0x00350d    program   0x000000
          .code_qf_pwr2.o       code   0x00350e    program   0x000000
         .code_qte_ctor.o       code   0x00350e    program   0x0000c2
           .code_c018iz.o       code   0x00350e    program   0x000000
         .code_qeq_init.o       code   0x0035d0    program   0x0000bc
              .code_bsp.o       code   0x00368c    program   0x0000b0
              .code_isr.o       code   0x00373c    program   0x0000a4
               _cinit_scn       code   0x0037e0    program   0x00009e
                     PROG       code   0x00387e    program   0x00004c
             _startup_scn       code   0x0038ca    program   0x00002c
         .code_fxd1616u.o       code   0x0038f6    program   0x00002c
         .code_qf_psini.o       code   0x003922    program   0x000022
         .code_fxd0808u.o       code   0x003944    program   0x00001c
             .stringtable    romdata   0x003960    program   0x00001b
      .idata_qmp_init.o_i    romdata   0x00397b    program   0x000000
          .idata_main.o_i    romdata   0x00397b    program   0x000000
      .idata_qhsm_top.o_i    romdata   0x00397b    program   0x000000
      .idata_qhsm_dis.o_i    romdata   0x00397b    program   0x000000
       .idata_qte_arm.o_i    romdata   0x00397b    program   0x000000
           .romdata_isr.o    romdata   0x00397b    program   0x000000
       .romdata_qf_tick.o    romdata   0x00397b    program   0x000000
      .romdata_fxd0808u.o    romdata   0x00397b    program   0x000000
        .idata_c018iz.o_i    romdata   0x00397b    program   0x000000
       .idata_qa_get_.o_i    romdata   0x00397b    program   0x000000
         .idata_qf_gc.o_i    romdata   0x00397b    program   0x000000
       .idata_qf_pwr2.o_i    romdata   0x00397b    program   0x000000
      .idata_qvanilla.o_i    romdata   0x00397b    program   0x000000
      .idata_qeq_init.o_i    romdata   0x00397b    program   0x000000
      .idata_qf_psini.o_i    romdata   0x00397b    program   0x000000
      .idata_fxd1616u.o_i    romdata   0x00397b    program   0x000000
        .idata_qf_new.o_i    romdata   0x00397b    program   0x000000
      .romdata_qeq_init.o    romdata   0x00397b    program   0x000000
          .code_qf_log2.o       code   0x00397c    program   0x000000
         .code_qhsm_top.o       code   0x00397c    program   0x000014
              .code_qep.o       code   0x003990    program   0x000014
      .romdata_qvanilla.o    romdata   0x0039a4    program   0x000010
        .romdata_qf_act.o    romdata   0x0039b4    program   0x00000e
      .romdata_qte_ctor.o    romdata   0x0039c2    program   0x000009
      .romdata_qmp_init.o    romdata   0x0039cb    program   0x000009
      .romdata_qhsm_ini.o    romdata   0x0039d4    program   0x000009
      .romdata_qhsm_dis.o    romdata   0x0039dd    program   0x000009
      .romdata_qf_pspub.o    romdata   0x0039e6    program   0x000009
         .romdata_table.o    romdata   0x0039ef    program   0x000008
       .romdata_qte_arm.o    romdata   0x0039f7    program   0x000008
       .romdata_qmp_put.o    romdata   0x0039ff    program   0x000008
       .romdata_qmp_get.o    romdata   0x003a07    program   0x000008
       .romdata_qf_pool.o    romdata   0x003a0f    program   0x000008
       .romdata_qa_get_.o    romdata   0x003a17    program   0x000008
       .romdata_qa_fifo.o    romdata   0x003a1f    program   0x000008
         .romdata_philo.o    romdata   0x003a27    program   0x000008
        .romdata_qf_new.o    romdata   0x003a2f    program   0x000007
           .romdata_qep.o    romdata   0x003a36    program   0x000007
        .romdata_qa_sub.o    romdata   0x003a3d    program   0x000007
         .romdata_qf_gc.o    romdata   0x003a44    program   0x000006
           .romdata_bsp.o    romdata   0x003a4a    program   0x000006
         .idata_table.o_i    romdata   0x003a50    program   0x000002
           .idata_qep.o_i    romdata   0x003a52    program   0x000008
         .idata_philo.o_i    romdata   0x003a5a    program   0x00000a
           .idata_bsp.o_i    romdata   0x003a64    program   0x000005
                MATH_DATA      udata   0x000000       data   0x000010
                 .tmpdata      udata   0x000010       data   0x000009
           .udata_philo.o      udata   0x000080       data   0x00007e
         .udata_qte_arm.o      udata   0x0000fe       data   0x000002
                   .stack      udata   0x000400       data   0x000100
            .udata_main.o      udata   0x000500       data   0x000061
         .udata_qf_pool.o      udata   0x000561       data   0x00001f
           .udata_table.o      udata   0x000580       data   0x000017
          .udata_qf_act.o      udata   0x000597       data   0x000013
          .udata_c018iz.o      udata   0x0005aa       data   0x00000a
           .idata_philo.o      idata   0x0005b4       data   0x00000a
             .idata_qep.o      idata   0x0005be       data   0x000008
             .idata_bsp.o      idata   0x0005c6       data   0x000005
        .udata_qf_psini.o      udata   0x0005cb       data   0x000003
           .idata_table.o      idata   0x0005ce       data   0x000002
        .udata_qvanilla.o      udata   0x0005d0       data   0x000001
         .udata_qf_tick.o      udata   0x0005d1       data   0x000001
          .udata_qf_new.o      udata   0x0005d2       data   0x000000
          .idata_qf_new.o      idata   0x0005d2       data   0x000000
        .udata_qf_pspub.o      udata   0x0005d2       data   0x000000
        .idata_qf_pspub.o      idata   0x0005d2       data   0x000000
         .idata_qf_tick.o      idata   0x0005d2       data   0x000000
          .idata_c018iz.o      idata   0x0005d2       data   0x000000
         .idata_qte_arm.o      idata   0x0005d2       data   0x000000
        .udata_qhsm_dis.o      udata   0x0005d2       data   0x000000
        .idata_qhsm_dis.o      idata   0x0005d2       data   0x000000
             .udata_qep.o      udata   0x0005d2       data   0x000000
            .idata_main.o      idata   0x0005d2       data   0x000000
        .udata_qhsm_ini.o      udata   0x0005d2       data   0x000000
        .idata_qhsm_ini.o      idata   0x0005d2       data   0x000000
        .udata_qhsm_top.o      udata   0x0005d2       data   0x000000
        .idata_qhsm_top.o      idata   0x0005d2       data   0x000000
         .udata_qmp_get.o      udata   0x0005d2       data   0x000000
         .idata_qmp_get.o      idata   0x0005d2       data   0x000000
        .udata_qmp_init.o      udata   0x0005d2       data   0x000000
        .idata_qmp_init.o      idata   0x0005d2       data   0x000000
         .udata_qmp_put.o      udata   0x0005d2       data   0x000000
         .idata_qmp_put.o      idata   0x0005d2       data   0x000000
        .udata_qte_ctor.o      udata   0x0005d2       data   0x000000
        .idata_qte_ctor.o      idata   0x0005d2       data   0x000000
             .udata_isr.o      udata   0x0005d2       data   0x000000
             .idata_isr.o      idata   0x0005d2       data   0x000000
             .udata_bsp.o      udata   0x0005d2       data   0x000000
        .udata_fxd0808u.o      udata   0x0005d2       data   0x000000
        .idata_fxd0808u.o      idata   0x0005d2       data   0x000000
        .udata_fxd1616u.o      udata   0x0005d2       data   0x000000
        .idata_fxd1616u.o      idata   0x0005d2       data   0x000000
         .udata_qa_fifo.o      udata   0x0005d2       data   0x000000
         .idata_qa_fifo.o      idata   0x0005d2       data   0x000000
        .idata_qvanilla.o      idata   0x0005d2       data   0x000000
         .udata_qa_get_.o      udata   0x0005d2       data   0x000000
         .idata_qa_get_.o      idata   0x0005d2       data   0x000000
          .udata_qa_sub.o      udata   0x0005d2       data   0x000000
          .idata_qa_sub.o      idata   0x0005d2       data   0x000000
        .udata_qeq_init.o      udata   0x0005d2       data   0x000000
        .idata_qeq_init.o      idata   0x0005d2       data   0x000000
          .idata_qf_act.o      idata   0x0005d2       data   0x000000
         .udata_qf_pwr2.o      udata   0x0005d2       data   0x000000
         .idata_qf_pwr2.o      idata   0x0005d2       data   0x000000
           .udata_qf_gc.o      udata   0x0005d2       data   0x000000
           .idata_qf_gc.o      idata   0x0005d2       data   0x000000
         .udata_qf_log2.o      udata   0x0005d2       data   0x000000
         .idata_qf_log2.o      idata   0x0005d2       data   0x000000
         .idata_qf_pool.o      idata   0x0005d2       data   0x000000
        .idata_qf_psini.o      idata   0x0005d2       data   0x000000
            SFR_UNBANKED0      udata   0x000f80       data   0x000080



                              Program Memory Usage 
                               Start         End      
                           ---------   ---------      
                            0x000000    0x000005      
                            0x000008    0x00000d      
                            0x00002a    0x00350c      
                            0x00350e    0x00397a      
                            0x00397c    0x003a68      
            14921 out of 33048 program addresses used, program memory utilization is 45%



                              Symbols - Sorted by Name
                     Name    Address   Location    Storage File                     
                ---------  ---------  ---------  --------- ---------                
       BSP_displyPhilStat   0x0036da    program     extern C:\software\qpc\examples\pic18\vanilla\mplab-c18\dpp-picdem2plus\bsp.c
                 BSP_init   0x00368c    program     extern C:\software\qpc\examples\pic18\vanilla\mplab-c18\dpp-picdem2plus\bsp.c
                   D1616S   0x0038a0    program     static C:\MCC18\SRC\TRADIT~1\MATH\fxd1616s.asm
                D1616SNEG   0x0038ae    program     static C:\MCC18\SRC\TRADIT~1\MATH\fxd1616s.asm
                 D1616SOK   0x0038aa    program     static C:\MCC18\SRC\TRADIT~1\MATH\fxd1616s.asm
                  D1616SX   0x0038c0    program     static C:\MCC18\SRC\TRADIT~1\MATH\fxd1616s.asm
                  DA1616S   0x003890    program     static C:\MCC18\SRC\TRADIT~1\MATH\fxd1616s.asm
                 FXD0808U   0x003944    program     extern C:\MCC18\src\TRADIT~1\math\fxd0808u.c
                 FXD1616S   0x00387e    program     extern C:\MCC18\SRC\TRADIT~1\MATH\fxd1616s.asm
                 FXD1616U   0x0038f6    program     extern C:\MCC18\src\TRADIT~1\math\fxd1616u.c
                   ISR_hi   0x00373c    program     extern C:\software\qpc\examples\pic18\vanilla\mplab-c18\dpp-picdem2plus\isr.c
               Philo_ctor   0x001172    program     extern C:\software\qpc\examples\pic18\vanilla\mplab-c18\dpp-picdem2plus\philo.c
             Philo_eating   0x00151c    program     static C:\software\qpc\examples\pic18\vanilla\mplab-c18\dpp-picdem2plus\philo.c
             Philo_hungry   0x001380    program     static C:\software\qpc\examples\pic18\vanilla\mplab-c18\dpp-picdem2plus\philo.c
            Philo_initial   0x001208    program     static C:\software\qpc\examples\pic18\vanilla\mplab-c18\dpp-picdem2plus\philo.c
           Philo_thinking   0x001254    program     static C:\software\qpc\examples\pic18\vanilla\mplab-c18\dpp-picdem2plus\philo.c
             QActive_get_   0x001aca    program     extern C:\software\qpc\qf\source\qa_get_.c
         QActive_postFIFO   0x002070    program     extern C:\software\qpc\qf\source\qa_fifo.c
            QActive_start   0x0023de    program     extern C:\software\qpc\qf\source\qvanilla.c
             QActive_stop   0x0024d2    program     extern C:\software\qpc\qf\source\qvanilla.c
        QActive_subscribe   0x002f46    program     extern C:\software\qpc\qf\source\qa_sub.c
           QEP_getVersion   0x003990    program     extern C:\software\qpc\qep\source\qep.c
             QEQueue_init   0x0035d0    program     extern C:\software\qpc\qf\source\qeq_init.c
                  QF_add_   0x0028d6    program     extern C:\software\qpc\qf\source\qf_act.c
              QF_div8Lkup   0x0034cc    program     extern C:\software\qpc\qf\source\qf_pwr2.c
                    QF_gc   0x00316a    program     extern C:\software\qpc\qf\source\qf_gc.c
         QF_getPoolMargin   0x002806    program     extern C:\software\qpc\qf\source\qmp_get.c
        QF_getPortVersion   0x0022d8    program     extern C:\software\qpc\qf\source\qvanilla.c
        QF_getQueueMargin   0x001d04    program     extern C:\software\qpc\qf\source\qa_get_.c
            QF_getVersion   0x0028c2    program     extern C:\software\qpc\qf\source\qf_act.c
                  QF_init   0x0022ec    program     extern C:\software\qpc\qf\source\qvanilla.c
           QF_invPwr2Lkup   0x00348b    program     extern C:\software\qpc\qf\source\qf_pwr2.c
              QF_log2Lkup   0x003270    program     extern C:\software\qpc\qf\source\qf_log2.c
                  QF_new_   0x002e2c    program     extern C:\software\qpc\qf\source\qf_new.c
             QF_onCleanup   0x0036c2    program     extern C:\software\qpc\examples\pic18\vanilla\mplab-c18\dpp-picdem2plus\bsp.c
                QF_onIdle   0x0036c4    program     extern C:\software\qpc\examples\pic18\vanilla\mplab-c18\dpp-picdem2plus\bsp.c
             QF_onStartup   0x0036ae    program     extern C:\software\qpc\examples\pic18\vanilla\mplab-c18\dpp-picdem2plus\bsp.c
              QF_poolInit   0x003370    program     extern C:\software\qpc\qf\source\qf_pool.c
                QF_psInit   0x003922    program     extern C:\software\qpc\qf\source\qf_psini.c
               QF_publish   0x002a48    program     extern C:\software\qpc\qf\source\qf_pspub.c
              QF_pwr2Lkup   0x00344a    program     extern C:\software\qpc\qf\source\qf_pwr2.c
               QF_remove_   0x00298a    program     extern C:\software\qpc\qf\source\qf_act.c
                   QF_run   0x0022f2    program     extern C:\software\qpc\qf\source\qvanilla.c
                  QF_stop   0x0022ee    program     extern C:\software\qpc\qf\source\qvanilla.c
                  QF_tick   0x0024f6    program     extern C:\software\qpc\qf\source\qf_tick.c
            QHsm_dispatch   0x00005c    program     extern C:\software\qpc\qep\source\qhsm_dis.c
                QHsm_init   0x001dd2    program     extern C:\software\qpc\qep\source\qhsm_ini.c
                 QHsm_top   0x00397c    program     extern C:\software\qpc\qep\source\qhsm_top.c
               QMPool_get   0x0026f8    program     extern C:\software\qpc\qf\source\qmp_get.c
              QMPool_init   0x0016d4    program     extern C:\software\qpc\qf\source\qmp_init.c
               QMPool_put   0x002cfe    program     extern C:\software\qpc\qf\source\qmp_put.c
            QTimeEvt_arm_   0x002bb2    program     extern C:\software\qpc\qf\source\qte_arm.c
            QTimeEvt_ctor   0x00350e    program     extern C:\software\qpc\qf\source\qte_ctor.c
               Q_onAssert   0x003726    program     extern C:\software\qpc\examples\pic18\vanilla\mplab-c18\dpp-picdem2plus\bsp.c
               Table_ctor   0x0009e0    program     extern C:\software\qpc\examples\pic18\vanilla\mplab-c18\dpp-picdem2plus\table.c
            Table_initial   0x000a8c    program     static C:\software\qpc\examples\pic18\vanilla\mplab-c18\dpp-picdem2plus\table.c
            Table_serving   0x000ae8    program     static C:\software\qpc\examples\pic18\vanilla\mplab-c18\dpp-picdem2plus\table.c
       ___return_lbl00000   0x000004    program     static                          
       ___return_lbl00000   0x003920    program     static                          
       ___return_lbl00000   0x00395e    program     static                          
       ___return_lbl00001   0x0038f4    program     static                          
       ___return_lbl00002   0x00387c    program     static                          
       ___return_lbl00002   0x00000c    program     static                          
               __string_1   0x003972    program     static C:\software\qpc\examples\pic18\vanilla\mplab-c18\dpp-picdem2plus\table.c
               __string_2   0x003969    program     static C:\software\qpc\examples\pic18\vanilla\mplab-c18\dpp-picdem2plus\table.c
               __string_3   0x003960    program     static C:\software\qpc\examples\pic18\vanilla\mplab-c18\dpp-picdem2plus\table.c
               __tmplbl_0   0x0009b0    program     static                          
                _do_cinit   0x0037e0    program     extern C:\MCC18\src\traditional\startup\c018iz.c
                   _entry   0x000000    program     extern C:\MCC18\src\traditional\startup\c018iz.c
                 _startup   0x0038ca    program     extern C:\MCC18\src\traditional\startup\c018iz.c
               clear_loop   0x0038e4    program     static                          
                copy_loop   0x003852    program     static                          
            copy_one_byte   0x003858    program     static                          
                     done   0x00387c    program     static                          
             done_copying   0x003866    program     static                          
                  endloop   0x00395a    program     static                          
                  endloop   0x00391c    program     static                          
             intVector_hi   0x000008    program     extern C:\software\qpc\examples\pic18\vanilla\mplab-c18\dpp-picdem2plus\isr.c
              l_this_file   0x0039dd    program     static C:\software\qpc\qep\source\qhsm_dis.c
              l_this_file   0x0039d4    program     static C:\software\qpc\qep\source\qhsm_ini.c
              l_this_file   0x003a07    program     static C:\software\qpc\qf\source\qmp_get.c
              l_this_file   0x0039cb    program     static C:\software\qpc\qf\source\qmp_init.c
              l_this_file   0x003a1f    program     static C:\software\qpc\qf\source\qa_fifo.c
              l_this_file   0x0039ff    program     static C:\software\qpc\qf\source\qmp_put.c
              l_this_file   0x0039c2    program     static C:\software\qpc\qf\source\qte_ctor.c
              l_this_file   0x0039a4    program     static C:\software\qpc\qf\source\qvanilla.c
              l_this_file   0x0039f7    program     static C:\software\qpc\qf\source\qte_arm.c
              l_this_file   0x0039e6    program     static C:\software\qpc\qf\source\qf_pspub.c
              l_this_file   0x003a2f    program     static C:\software\qpc\qf\source\qf_new.c
              l_this_file   0x003a4a    program     static C:\software\qpc\examples\pic18\vanilla\mplab-c18\dpp-picdem2plus\bsp.c
              l_this_file   0x0039b4    program     static C:\software\qpc\qf\source\qf_act.c
              l_this_file   0x003a27    program     static C:\software\qpc\examples\pic18\vanilla\mplab-c18\dpp-picdem2plus\philo.c
              l_this_file   0x003a3d    program     static C:\software\qpc\qf\source\qa_sub.c
              l_this_file   0x003a17    program     static C:\software\qpc\qf\source\qa_get_.c
              l_this_file   0x003a0f    program     static C:\software\qpc\qf\source\qf_pool.c
              l_this_file   0x003a44    program     static C:\software\qpc\qf\source\qf_gc.c
              l_this_file   0x0039ef    program     static C:\software\qpc\examples\pic18\vanilla\mplab-c18\dpp-picdem2plus\table.c
                     loop   0x00394c    program     static                          
                     loop   0x0038ee    program     static                          
                     loop   0x003900    program     static                          
                     main   0x003060    program     extern C:\software\qpc\examples\pic18\vanilla\mplab-c18\dpp-picdem2plus\main.c
                     test   0x0037fa    program     static                          
                  version   0x0039ad    program     static C:\software\qpc\qf\source\qvanilla.c
                  version   0x003a36    program     static C:\software\qpc\qep\source\qep.c
                  version   0x0039bb    program     static C:\software\qpc\qf\source\qf_act.c
                   AARGB0   0x000007       data     extern C:\MCC18\SRC\TRADIT~1\MATH\aarg.asm
                   AARGB1   0x000006       data     extern C:\MCC18\SRC\TRADIT~1\MATH\aarg.asm
                   AARGB2   0x000005       data     extern C:\MCC18\SRC\TRADIT~1\MATH\aarg.asm
                   AARGB3   0x000004       data     extern C:\MCC18\SRC\TRADIT~1\MATH\aarg.asm
                   AARGB4   0x000003       data     extern C:\MCC18\SRC\TRADIT~1\MATH\aarg.asm
                   AARGB5   0x000002       data     extern C:\MCC18\SRC\TRADIT~1\MATH\aarg.asm
                   AARGB6   0x000001       data     extern C:\MCC18\SRC\TRADIT~1\MATH\aarg.asm
                   AARGB7   0x000000       data     extern C:\MCC18\SRC\TRADIT~1\MATH\aarg.asm
                   ADCON0   0x000fc2       data     extern C:\MCC18\SRC\TRADIT~1\PROC\p18f452.asm
               ADCON0bits   0x000fc2       data     extern C:\MCC18\SRC\TRADIT~1\PROC\p18f452.asm
                   ADCON1   0x000fc1       data     extern C:\MCC18\SRC\TRADIT~1\PROC\p18f452.asm
               ADCON1bits   0x000fc1       data     extern C:\MCC18\SRC\TRADIT~1\PROC\p18f452.asm
                    ADRES   0x000fc3       data     extern C:\MCC18\SRC\TRADIT~1\PROC\p18f452.asm
                   ADRESH   0x000fc4       data     extern C:\MCC18\SRC\TRADIT~1\PROC\p18f452.asm
                   ADRESL   0x000fc3       data     extern C:\MCC18\SRC\TRADIT~1\PROC\p18f452.asm
                     AEXP   0x000008       data     extern C:\MCC18\SRC\TRADIT~1\MATH\aarg.asm
                 AO_Philo   0x0005b4       data     extern C:\software\qpc\examples\pic18\vanilla\mplab-c18\dpp-picdem2plus\philo.c
                 AO_Table   0x0005ce       data     extern C:\software\qpc\examples\pic18\vanilla\mplab-c18\dpp-picdem2plus\table.c
                   BARGB0   0x00000c       data     extern C:\MCC18\SRC\TRADIT~1\MATH\barg.asm
                   BARGB1   0x00000b       data     extern C:\MCC18\SRC\TRADIT~1\MATH\barg.asm
                   BARGB2   0x00000a       data     extern C:\MCC18\SRC\TRADIT~1\MATH\barg.asm
                   BARGB3   0x000009       data     extern C:\MCC18\SRC\TRADIT~1\MATH\barg.asm
                     BEXP   0x00000d       data     extern C:\MCC18\SRC\TRADIT~1\MATH\barg.asm
                      BSR   0x000fe0       data     extern C:\MCC18\SRC\TRADIT~1\PROC\p18f452.asm
                  CCP1CON   0x000fbd       data     extern C:\MCC18\SRC\TRADIT~1\PROC\p18f452.asm
              CCP1CONbits   0x000fbd       data     extern C:\MCC18\SRC\TRADIT~1\PROC\p18f452.asm
                  CCP2CON   0x000fba       data     extern C:\MCC18\SRC\TRADIT~1\PROC\p18f452.asm
              CCP2CONbits   0x000fba       data     extern C:\MCC18\SRC\TRADIT~1\PROC\p18f452.asm
                    CCPR1   0x000fbe       data     extern C:\MCC18\SRC\TRADIT~1\PROC\p18f452.asm
                   CCPR1H   0x000fbf       data     extern C:\MCC18\SRC\TRADIT~1\PROC\p18f452.asm
                   CCPR1L   0x000fbe       data     extern C:\MCC18\SRC\TRADIT~1\PROC\p18f452.asm
                    CCPR2   0x000fbb       data     extern C:\MCC18\SRC\TRADIT~1\PROC\p18f452.asm
                   CCPR2H   0x000fbc       data     extern C:\MCC18\SRC\TRADIT~1\PROC\p18f452.asm
                   CCPR2L   0x000fbb       data     extern C:\MCC18\SRC\TRADIT~1\PROC\p18f452.asm
                     DDRA   0x000f92       data     extern C:\MCC18\SRC\TRADIT~1\PROC\p18f452.asm
                 DDRAbits   0x000f92       data     extern C:\MCC18\SRC\TRADIT~1\PROC\p18f452.asm
                     DDRB   0x000f93       data     extern C:\MCC18\SRC\TRADIT~1\PROC\p18f452.asm
                 DDRBbits   0x000f93       data     extern C:\MCC18\SRC\TRADIT~1\PROC\p18f452.asm
                     DDRC   0x000f94       data     extern C:\MCC18\SRC\TRADIT~1\PROC\p18f452.asm
                 DDRCbits   0x000f94       data     extern C:\MCC18\SRC\TRADIT~1\PROC\p18f452.asm
                     DDRD   0x000f95       data     extern C:\MCC18\SRC\TRADIT~1\PROC\p18f452.asm
                 DDRDbits   0x000f95       data     extern C:\MCC18\SRC\TRADIT~1\PROC\p18f452.asm
                     DDRE   0x000f96       data     extern C:\MCC18\SRC\TRADIT~1\PROC\p18f452.asm
                 DDREbits   0x000f96       data     extern C:\MCC18\SRC\TRADIT~1\PROC\p18f452.asm
                    EEADR   0x000fa9       data     extern C:\MCC18\SRC\TRADIT~1\PROC\p18f452.asm
                   EECON1   0x000fa6       data     extern C:\MCC18\SRC\TRADIT~1\PROC\p18f452.asm
               EECON1bits   0x000fa6       data     extern C:\MCC18\SRC\TRADIT~1\PROC\p18f452.asm
                   EECON2   0x000fa7       data     extern C:\MCC18\SRC\TRADIT~1\PROC\p18f452.asm
                   EEDATA   0x000fa8       data     extern C:\MCC18\SRC\TRADIT~1\PROC\p18f452.asm
                  FPFLAGS   0x00000f       data     extern C:\MCC18\SRC\TRADIT~1\MATH\cmath18.asm
              FPFLAGSbits   0x00000f       data     extern C:\MCC18\SRC\TRADIT~1\MATH\cmath18.asm
                     FSR0   0x000fe9       data     extern C:\MCC18\SRC\TRADIT~1\PROC\p18f452.asm
                    FSR0H   0x000fea       data     extern C:\MCC18\SRC\TRADIT~1\PROC\p18f452.asm
                    FSR0L   0x000fe9       data     extern C:\MCC18\SRC\TRADIT~1\PROC\p18f452.asm
                     FSR1   0x000fe1       data     extern C:\MCC18\SRC\TRADIT~1\PROC\p18f452.asm
                    FSR1H   0x000fe2       data     extern C:\MCC18\SRC\TRADIT~1\PROC\p18f452.asm
                    FSR1L   0x000fe1       data     extern C:\MCC18\SRC\TRADIT~1\PROC\p18f452.asm
                     FSR2   0x000fd9       data     extern C:\MCC18\SRC\TRADIT~1\PROC\p18f452.asm
                    FSR2H   0x000fda       data     extern C:\MCC18\SRC\TRADIT~1\PROC\p18f452.asm
                    FSR2L   0x000fd9       data     extern C:\MCC18\SRC\TRADIT~1\PROC\p18f452.asm
                    INDF0   0x000fef       data     extern C:\MCC18\SRC\TRADIT~1\PROC\p18f452.asm
                    INDF1   0x000fe7       data     extern C:\MCC18\SRC\TRADIT~1\PROC\p18f452.asm
                    INDF2   0x000fdf       data     extern C:\MCC18\SRC\TRADIT~1\PROC\p18f452.asm
                   INTCON   0x000ff2       data     extern C:\MCC18\SRC\TRADIT~1\PROC\p18f452.asm
                  INTCON2   0x000ff1       data     extern C:\MCC18\SRC\TRADIT~1\PROC\p18f452.asm
              INTCON2bits   0x000ff1       data     extern C:\MCC18\SRC\TRADIT~1\PROC\p18f452.asm
                  INTCON3   0x000ff0       data     extern C:\MCC18\SRC\TRADIT~1\PROC\p18f452.asm
              INTCON3bits   0x000ff0       data     extern C:\MCC18\SRC\TRADIT~1\PROC\p18f452.asm
               INTCONbits   0x000ff2       data     extern C:\MCC18\SRC\TRADIT~1\PROC\p18f452.asm
                     IPR1   0x000f9f       data     extern C:\MCC18\SRC\TRADIT~1\PROC\p18f452.asm
                 IPR1bits   0x000f9f       data     extern C:\MCC18\SRC\TRADIT~1\PROC\p18f452.asm
                     IPR2   0x000fa2       data     extern C:\MCC18\SRC\TRADIT~1\PROC\p18f452.asm
                 IPR2bits   0x000fa2       data     extern C:\MCC18\SRC\TRADIT~1\PROC\p18f452.asm
                     LATA   0x000f89       data     extern C:\MCC18\SRC\TRADIT~1\PROC\p18f452.asm
                 LATAbits   0x000f89       data     extern C:\MCC18\SRC\TRADIT~1\PROC\p18f452.asm
                     LATB   0x000f8a       data     extern C:\MCC18\SRC\TRADIT~1\PROC\p18f452.asm
                 LATBbits   0x000f8a       data     extern C:\MCC18\SRC\TRADIT~1\PROC\p18f452.asm
                     LATC   0x000f8b       data     extern C:\MCC18\SRC\TRADIT~1\PROC\p18f452.asm
                 LATCbits   0x000f8b       data     extern C:\MCC18\SRC\TRADIT~1\PROC\p18f452.asm
                     LATD   0x000f8c       data     extern C:\MCC18\SRC\TRADIT~1\PROC\p18f452.asm
                 LATDbits   0x000f8c       data     extern C:\MCC18\SRC\TRADIT~1\PROC\p18f452.asm
                     LATE   0x000f8d       data     extern C:\MCC18\SRC\TRADIT~1\PROC\p18f452.asm
                 LATEbits   0x000f8d       data     extern C:\MCC18\SRC\TRADIT~1\PROC\p18f452.asm
                   LVDCON   0x000fd2       data     extern C:\MCC18\SRC\TRADIT~1\PROC\p18f452.asm
               LVDCONbits   0x000fd2       data     extern C:\MCC18\SRC\TRADIT~1\PROC\p18f452.asm
                   OSCCON   0x000fd3       data     extern C:\MCC18\SRC\TRADIT~1\PROC\p18f452.asm
               OSCCONbits   0x000fd3       data     extern C:\MCC18\SRC\TRADIT~1\PROC\p18f452.asm
                       PC   0x000ff9       data     extern C:\MCC18\SRC\TRADIT~1\PROC\p18f452.asm
                      PCL   0x000ff9       data     extern C:\MCC18\SRC\TRADIT~1\PROC\p18f452.asm
                   PCLATH   0x000ffa       data     extern C:\MCC18\SRC\TRADIT~1\PROC\p18f452.asm
                   PCLATU   0x000ffb       data     extern C:\MCC18\SRC\TRADIT~1\PROC\p18f452.asm
                     PIE1   0x000f9d       data     extern C:\MCC18\SRC\TRADIT~1\PROC\p18f452.asm
                 PIE1bits   0x000f9d       data     extern C:\MCC18\SRC\TRADIT~1\PROC\p18f452.asm
                     PIE2   0x000fa0       data     extern C:\MCC18\SRC\TRADIT~1\PROC\p18f452.asm
                 PIE2bits   0x000fa0       data     extern C:\MCC18\SRC\TRADIT~1\PROC\p18f452.asm
                     PIR1   0x000f9e       data     extern C:\MCC18\SRC\TRADIT~1\PROC\p18f452.asm
                 PIR1bits   0x000f9e       data     extern C:\MCC18\SRC\TRADIT~1\PROC\p18f452.asm
                     PIR2   0x000fa1       data     extern C:\MCC18\SRC\TRADIT~1\PROC\p18f452.asm
                 PIR2bits   0x000fa1       data     extern C:\MCC18\SRC\TRADIT~1\PROC\p18f452.asm
                   PLUSW0   0x000feb       data     extern C:\MCC18\SRC\TRADIT~1\PROC\p18f452.asm
                   PLUSW1   0x000fe3       data     extern C:\MCC18\SRC\TRADIT~1\PROC\p18f452.asm
                   PLUSW2   0x000fdb       data     extern C:\MCC18\SRC\TRADIT~1\PROC\p18f452.asm
                    PORTA   0x000f80       data     extern C:\MCC18\SRC\TRADIT~1\PROC\p18f452.asm
                PORTAbits   0x000f80       data     extern C:\MCC18\SRC\TRADIT~1\PROC\p18f452.asm
                    PORTB   0x000f81       data     extern C:\MCC18\SRC\TRADIT~1\PROC\p18f452.asm
                PORTBbits   0x000f81       data     extern C:\MCC18\SRC\TRADIT~1\PROC\p18f452.asm
                    PORTC   0x000f82       data     extern C:\MCC18\SRC\TRADIT~1\PROC\p18f452.asm
                PORTCbits   0x000f82       data     extern C:\MCC18\SRC\TRADIT~1\PROC\p18f452.asm
                    PORTD   0x000f83       data     extern C:\MCC18\SRC\TRADIT~1\PROC\p18f452.asm
                PORTDbits   0x000f83       data     extern C:\MCC18\SRC\TRADIT~1\PROC\p18f452.asm
                    PORTE   0x000f84       data     extern C:\MCC18\SRC\TRADIT~1\PROC\p18f452.asm
                PORTEbits   0x000f84       data     extern C:\MCC18\SRC\TRADIT~1\PROC\p18f452.asm
                 POSTDEC0   0x000fed       data     extern C:\MCC18\SRC\TRADIT~1\PROC\p18f452.asm
                 POSTDEC1   0x000fe5       data     extern C:\MCC18\SRC\TRADIT~1\PROC\p18f452.asm
                 POSTDEC2   0x000fdd       data     extern C:\MCC18\SRC\TRADIT~1\PROC\p18f452.asm
                 POSTINC0   0x000fee       data     extern C:\MCC18\SRC\TRADIT~1\PROC\p18f452.asm
                 POSTINC1   0x000fe6       data     extern C:\MCC18\SRC\TRADIT~1\PROC\p18f452.asm
                 POSTINC2   0x000fde       data     extern C:\MCC18\SRC\TRADIT~1\PROC\p18f452.asm
                      PR2   0x000fcb       data     extern C:\MCC18\SRC\TRADIT~1\PROC\p18f452.asm
                  PREINC0   0x000fec       data     extern C:\MCC18\SRC\TRADIT~1\PROC\p18f452.asm
                  PREINC1   0x000fe4       data     extern C:\MCC18\SRC\TRADIT~1\PROC\p18f452.asm
                  PREINC2   0x000fdc       data     extern C:\MCC18\SRC\TRADIT~1\PROC\p18f452.asm
                     PROD   0x000ff3       data     extern C:\MCC18\SRC\TRADIT~1\PROC\p18f452.asm
                    PRODH   0x000ff4       data     extern C:\MCC18\SRC\TRADIT~1\PROC\p18f452.asm
                    PRODL   0x000ff3       data     extern C:\MCC18\SRC\TRADIT~1\PROC\p18f452.asm
         QEP_reservedEvt_   0x0005be       data     extern C:\software\qpc\qep\source\qep.c
               QF_active_   0x000597       data     extern C:\software\qpc\qf\source\qf_act.c
          QF_intLockNest_   0x0005a9       data     extern C:\software\qpc\qf\source\qf_act.c
              QF_maxPool_   0x00057f       data     extern C:\software\qpc\qf\source\qf_pool.c
            QF_maxSignal_   0x0005cd       data     extern C:\software\qpc\qf\source\qf_psini.c
                 QF_pool_   0x000561       data     extern C:\software\qpc\qf\source\qf_pool.c
             QF_readySet_   0x0005d0       data     extern C:\software\qpc\qf\source\qvanilla.c
           QF_subscrList_   0x0005cb       data     extern C:\software\qpc\qf\source\qf_psini.c
      QF_timeEvtListHead_   0x0000fe       data     extern C:\software\qpc\qf\source\qte_arm.c
                     RCON   0x000fd0       data     extern C:\MCC18\SRC\TRADIT~1\PROC\p18f452.asm
                 RCONbits   0x000fd0       data     extern C:\MCC18\SRC\TRADIT~1\PROC\p18f452.asm
                    RCREG   0x000fae       data     extern C:\MCC18\SRC\TRADIT~1\PROC\p18f452.asm
                    RCSTA   0x000fab       data     extern C:\MCC18\SRC\TRADIT~1\PROC\p18f452.asm
                RCSTAbits   0x000fab       data     extern C:\MCC18\SRC\TRADIT~1\PROC\p18f452.asm
                    REMB0   0x000003       data     extern C:\MCC18\SRC\TRADIT~1\MATH\aarg.asm
                    REMB1   0x000002       data     extern C:\MCC18\SRC\TRADIT~1\MATH\aarg.asm
                    REMB2   0x000001       data     extern C:\MCC18\SRC\TRADIT~1\MATH\aarg.asm
                    REMB3   0x000000       data     extern C:\MCC18\SRC\TRADIT~1\MATH\aarg.asm
                     SIGN   0x00000e       data     extern C:\MCC18\SRC\TRADIT~1\MATH\cmath18.asm
                    SPBRG   0x000faf       data     extern C:\MCC18\SRC\TRADIT~1\PROC\p18f452.asm
                   SSPADD   0x000fc8       data     extern C:\MCC18\SRC\TRADIT~1\PROC\p18f452.asm
                   SSPBUF   0x000fc9       data     extern C:\MCC18\SRC\TRADIT~1\PROC\p18f452.asm
                  SSPCON1   0x000fc6       data     extern C:\MCC18\SRC\TRADIT~1\PROC\p18f452.asm
              SSPCON1bits   0x000fc6       data     extern C:\MCC18\SRC\TRADIT~1\PROC\p18f452.asm
                  SSPCON2   0x000fc5       data     extern C:\MCC18\SRC\TRADIT~1\PROC\p18f452.asm
              SSPCON2bits   0x000fc5       data     extern C:\MCC18\SRC\TRADIT~1\PROC\p18f452.asm
                  SSPSTAT   0x000fc7       data     extern C:\MCC18\SRC\TRADIT~1\PROC\p18f452.asm
              SSPSTATbits   0x000fc7       data     extern C:\MCC18\SRC\TRADIT~1\PROC\p18f452.asm
                   STATUS   0x000fd8       data     extern C:\MCC18\SRC\TRADIT~1\PROC\p18f452.asm
               STATUSbits   0x000fd8       data     extern C:\MCC18\SRC\TRADIT~1\PROC\p18f452.asm
                   STKPTR   0x000ffc       data     extern C:\MCC18\SRC\TRADIT~1\PROC\p18f452.asm
               STKPTRbits   0x000ffc       data     extern C:\MCC18\SRC\TRADIT~1\PROC\p18f452.asm
                    T0CON   0x000fd5       data     extern C:\MCC18\SRC\TRADIT~1\PROC\p18f452.asm
                T0CONbits   0x000fd5       data     extern C:\MCC18\SRC\TRADIT~1\PROC\p18f452.asm
                    T1CON   0x000fcd       data     extern C:\MCC18\SRC\TRADIT~1\PROC\p18f452.asm
                T1CONbits   0x000fcd       data     extern C:\MCC18\SRC\TRADIT~1\PROC\p18f452.asm
                    T2CON   0x000fca       data     extern C:\MCC18\SRC\TRADIT~1\PROC\p18f452.asm
                T2CONbits   0x000fca       data     extern C:\MCC18\SRC\TRADIT~1\PROC\p18f452.asm
                    T3CON   0x000fb1       data     extern C:\MCC18\SRC\TRADIT~1\PROC\p18f452.asm
                T3CONbits   0x000fb1       data     extern C:\MCC18\SRC\TRADIT~1\PROC\p18f452.asm
                   TABLAT   0x000ff5       data     extern C:\MCC18\SRC\TRADIT~1\PROC\p18f452.asm
                   TBLPTR   0x000ff6       data     extern C:\MCC18\SRC\TRADIT~1\PROC\p18f452.asm
                  TBLPTRH   0x000ff7       data     extern C:\MCC18\SRC\TRADIT~1\PROC\p18f452.asm
                  TBLPTRL   0x000ff6       data     extern C:\MCC18\SRC\TRADIT~1\PROC\p18f452.asm
                  TBLPTRU   0x000ff8       data     extern C:\MCC18\SRC\TRADIT~1\PROC\p18f452.asm
                    TMR0H   0x000fd7       data     extern C:\MCC18\SRC\TRADIT~1\PROC\p18f452.asm
                    TMR0L   0x000fd6       data     extern C:\MCC18\SRC\TRADIT~1\PROC\p18f452.asm
                    TMR1H   0x000fcf       data     extern C:\MCC18\SRC\TRADIT~1\PROC\p18f452.asm
                    TMR1L   0x000fce       data     extern C:\MCC18\SRC\TRADIT~1\PROC\p18f452.asm
                     TMR2   0x000fcc       data     extern C:\MCC18\SRC\TRADIT~1\PROC\p18f452.asm
                    TMR3H   0x000fb3       data     extern C:\MCC18\SRC\TRADIT~1\PROC\p18f452.asm
                    TMR3L   0x000fb2       data     extern C:\MCC18\SRC\TRADIT~1\PROC\p18f452.asm
                      TOS   0x000ffd       data     extern C:\MCC18\SRC\TRADIT~1\PROC\p18f452.asm
                     TOSH   0x000ffe       data     extern C:\MCC18\SRC\TRADIT~1\PROC\p18f452.asm
                     TOSL   0x000ffd       data     extern C:\MCC18\SRC\TRADIT~1\PROC\p18f452.asm
                     TOSU   0x000fff       data     extern C:\MCC18\SRC\TRADIT~1\PROC\p18f452.asm
                    TRISA   0x000f92       data     extern C:\MCC18\SRC\TRADIT~1\PROC\p18f452.asm
                TRISAbits   0x000f92       data     extern C:\MCC18\SRC\TRADIT~1\PROC\p18f452.asm
                    TRISB   0x000f93       data     extern C:\MCC18\SRC\TRADIT~1\PROC\p18f452.asm
                TRISBbits   0x000f93       data     extern C:\MCC18\SRC\TRADIT~1\PROC\p18f452.asm
                    TRISC   0x000f94       data     extern C:\MCC18\SRC\TRADIT~1\PROC\p18f452.asm
                TRISCbits   0x000f94       data     extern C:\MCC18\SRC\TRADIT~1\PROC\p18f452.asm
                    TRISD   0x000f95       data     extern C:\MCC18\SRC\TRADIT~1\PROC\p18f452.asm
                TRISDbits   0x000f95       data     extern C:\MCC18\SRC\TRADIT~1\PROC\p18f452.asm
                    TRISE   0x000f96       data     extern C:\MCC18\SRC\TRADIT~1\PROC\p18f452.asm
                TRISEbits   0x000f96       data     extern C:\MCC18\SRC\TRADIT~1\PROC\p18f452.asm
                    TXREG   0x000fad       data     extern C:\MCC18\SRC\TRADIT~1\PROC\p18f452.asm
                    TXSTA   0x000fac       data     extern C:\MCC18\SRC\TRADIT~1\PROC\p18f452.asm
                TXSTAbits   0x000fac       data     extern C:\MCC18\SRC\TRADIT~1\PROC\p18f452.asm
                        W   0x000fe8       data     extern C:\MCC18\SRC\TRADIT~1\PROC\p18f452.asm
                   WDTCON   0x000fd1       data     extern C:\MCC18\SRC\TRADIT~1\PROC\p18f452.asm
               WDTCONbits   0x000fd1       data     extern C:\MCC18\SRC\TRADIT~1\PROC\p18f452.asm
                     WREG   0x000fe8       data     extern C:\MCC18\SRC\TRADIT~1\PROC\p18f452.asm
                  __tmp_0   0x000010       data     static C:\software\qpc\qf\source\qf_tick.c
                  __tmp_0   0x000010       data     static C:\software\qpc\qf\source\qte_arm.c
                  __tmp_0   0x000010       data     static C:\software\qpc\qep\source\qhsm_dis.c
                  __tmp_0   0x000010       data     static C:\software\qpc\qf\source\qf_pspub.c
                  __tmp_0   0x000010       data     static C:\software\qpc\qf\source\qf_new.c
                  __tmp_0   0x000010       data     static C:\software\qpc\qf\source\qf_pool.c
                  __tmp_0   0x000010       data     static C:\software\qpc\qep\source\qep.c
                  __tmp_0   0x000010       data     static C:\software\qpc\qep\source\qhsm_ini.c
                  __tmp_0   0x000010       data     static C:\software\qpc\qf\source\qmp_get.c
                  __tmp_0   0x000010       data     static C:\software\qpc\qf\source\qf_gc.c
                  __tmp_0   0x000010       data     static C:\software\qpc\qf\source\qf_act.c
                  __tmp_0   0x000010       data     static C:\software\qpc\qf\source\qmp_init.c
                  __tmp_0   0x000010       data     static C:\software\qpc\qf\source\qmp_put.c
                  __tmp_0   0x000010       data     static C:\software\qpc\examples\pic18\vanilla\mplab-c18\dpp-picdem2plus\main.c
                  __tmp_0   0x000010       data     static C:\software\qpc\examples\pic18\vanilla\mplab-c18\dpp-picdem2plus\table.c
                  __tmp_0   0x000010       data     static C:\software\qpc\examples\pic18\vanilla\mplab-c18\dpp-picdem2plus\philo.c
                  __tmp_0   0x000010       data     static C:\software\qpc\qf\source\qa_fifo.c
                  __tmp_0   0x000010       data     static C:\software\qpc\qf\source\qvanilla.c
                  __tmp_0   0x000010       data     static C:\software\qpc\qf\source\qa_get_.c
                  __tmp_0   0x000010       data     static C:\software\qpc\qf\source\qa_sub.c
                curr_byte   0x0005ad       data     static C:\MCC18\src\traditional\startup\c018iz.c
               curr_entry   0x0005af       data     static C:\MCC18\src\traditional\startup\c018iz.c
                 data_ptr   0x0005b1       data     static C:\MCC18\src\traditional\startup\c018iz.c
                    dummy   0x0005d1       data     static C:\software\qpc\qf\source\qf_tick.c
                    l_led   0x0005c6       data     extern C:\software\qpc\examples\pic18\vanilla\mplab-c18\dpp-picdem2plus\bsp.c
                  l_philo   0x000080       data     static C:\software\qpc\examples\pic18\vanilla\mplab-c18\dpp-picdem2plus\philo.c
          l_philoQueueSto   0x00050a       data     static C:\software\qpc\examples\pic18\vanilla\mplab-c18\dpp-picdem2plus\main.c
             l_smlPoolSto   0x000543       data     static C:\software\qpc\examples\pic18\vanilla\mplab-c18\dpp-picdem2plus\main.c
              l_subscrSto   0x00053c       data     static C:\software\qpc\examples\pic18\vanilla\mplab-c18\dpp-picdem2plus\main.c
                  l_table   0x000580       data     static C:\software\qpc\examples\pic18\vanilla\mplab-c18\dpp-picdem2plus\table.c
          l_tableQueueSto   0x000500       data     static C:\software\qpc\examples\pic18\vanilla\mplab-c18\dpp-picdem2plus\main.c
                     prom   0x0005aa       data     static C:\MCC18\src\traditional\startup\c018iz.c
               registered   0x0000fd       data     static C:\software\qpc\examples\pic18\vanilla\mplab-c18\dpp-picdem2plus\philo.c



                              Symbols - Sorted by Address
                     Name    Address   Location    Storage File                     
                ---------  ---------  ---------  --------- ---------                
                   _entry   0x000000    program     extern C:\MCC18\src\traditional\startup\c018iz.c
       ___return_lbl00000   0x000004    program     static                          
             intVector_hi   0x000008    program     extern C:\software\qpc\examples\pic18\vanilla\mplab-c18\dpp-picdem2plus\isr.c
       ___return_lbl00002   0x00000c    program     static                          
            QHsm_dispatch   0x00005c    program     extern C:\software\qpc\qep\source\qhsm_dis.c
               __tmplbl_0   0x0009b0    program     static                          
               Table_ctor   0x0009e0    program     extern C:\software\qpc\examples\pic18\vanilla\mplab-c18\dpp-picdem2plus\table.c
            Table_initial   0x000a8c    program     static C:\software\qpc\examples\pic18\vanilla\mplab-c18\dpp-picdem2plus\table.c
            Table_serving   0x000ae8    program     static C:\software\qpc\examples\pic18\vanilla\mplab-c18\dpp-picdem2plus\table.c
               Philo_ctor   0x001172    program     extern C:\software\qpc\examples\pic18\vanilla\mplab-c18\dpp-picdem2plus\philo.c
            Philo_initial   0x001208    program     static C:\software\qpc\examples\pic18\vanilla\mplab-c18\dpp-picdem2plus\philo.c
           Philo_thinking   0x001254    program     static C:\software\qpc\examples\pic18\vanilla\mplab-c18\dpp-picdem2plus\philo.c
             Philo_hungry   0x001380    program     static C:\software\qpc\examples\pic18\vanilla\mplab-c18\dpp-picdem2plus\philo.c
             Philo_eating   0x00151c    program     static C:\software\qpc\examples\pic18\vanilla\mplab-c18\dpp-picdem2plus\philo.c
              QMPool_init   0x0016d4    program     extern C:\software\qpc\qf\source\qmp_init.c
             QActive_get_   0x001aca    program     extern C:\software\qpc\qf\source\qa_get_.c
        QF_getQueueMargin   0x001d04    program     extern C:\software\qpc\qf\source\qa_get_.c
                QHsm_init   0x001dd2    program     extern C:\software\qpc\qep\source\qhsm_ini.c
         QActive_postFIFO   0x002070    program     extern C:\software\qpc\qf\source\qa_fifo.c
        QF_getPortVersion   0x0022d8    program     extern C:\software\qpc\qf\source\qvanilla.c
                  QF_init   0x0022ec    program     extern C:\software\qpc\qf\source\qvanilla.c
                  QF_stop   0x0022ee    program     extern C:\software\qpc\qf\source\qvanilla.c
                   QF_run   0x0022f2    program     extern C:\software\qpc\qf\source\qvanilla.c
            QActive_start   0x0023de    program     extern C:\software\qpc\qf\source\qvanilla.c
             QActive_stop   0x0024d2    program     extern C:\software\qpc\qf\source\qvanilla.c
                  QF_tick   0x0024f6    program     extern C:\software\qpc\qf\source\qf_tick.c
               QMPool_get   0x0026f8    program     extern C:\software\qpc\qf\source\qmp_get.c
         QF_getPoolMargin   0x002806    program     extern C:\software\qpc\qf\source\qmp_get.c
            QF_getVersion   0x0028c2    program     extern C:\software\qpc\qf\source\qf_act.c
                  QF_add_   0x0028d6    program     extern C:\software\qpc\qf\source\qf_act.c
               QF_remove_   0x00298a    program     extern C:\software\qpc\qf\source\qf_act.c
               QF_publish   0x002a48    program     extern C:\software\qpc\qf\source\qf_pspub.c
            QTimeEvt_arm_   0x002bb2    program     extern C:\software\qpc\qf\source\qte_arm.c
               QMPool_put   0x002cfe    program     extern C:\software\qpc\qf\source\qmp_put.c
                  QF_new_   0x002e2c    program     extern C:\software\qpc\qf\source\qf_new.c
        QActive_subscribe   0x002f46    program     extern C:\software\qpc\qf\source\qa_sub.c
                     main   0x003060    program     extern C:\software\qpc\examples\pic18\vanilla\mplab-c18\dpp-picdem2plus\main.c
                    QF_gc   0x00316a    program     extern C:\software\qpc\qf\source\qf_gc.c
              QF_log2Lkup   0x003270    program     extern C:\software\qpc\qf\source\qf_log2.c
              QF_poolInit   0x003370    program     extern C:\software\qpc\qf\source\qf_pool.c
              QF_pwr2Lkup   0x00344a    program     extern C:\software\qpc\qf\source\qf_pwr2.c
           QF_invPwr2Lkup   0x00348b    program     extern C:\software\qpc\qf\source\qf_pwr2.c
              QF_div8Lkup   0x0034cc    program     extern C:\software\qpc\qf\source\qf_pwr2.c
            QTimeEvt_ctor   0x00350e    program     extern C:\software\qpc\qf\source\qte_ctor.c
             QEQueue_init   0x0035d0    program     extern C:\software\qpc\qf\source\qeq_init.c
                 BSP_init   0x00368c    program     extern C:\software\qpc\examples\pic18\vanilla\mplab-c18\dpp-picdem2plus\bsp.c
             QF_onStartup   0x0036ae    program     extern C:\software\qpc\examples\pic18\vanilla\mplab-c18\dpp-picdem2plus\bsp.c
             QF_onCleanup   0x0036c2    program     extern C:\software\qpc\examples\pic18\vanilla\mplab-c18\dpp-picdem2plus\bsp.c
                QF_onIdle   0x0036c4    program     extern C:\software\qpc\examples\pic18\vanilla\mplab-c18\dpp-picdem2plus\bsp.c
       BSP_displyPhilStat   0x0036da    program     extern C:\software\qpc\examples\pic18\vanilla\mplab-c18\dpp-picdem2plus\bsp.c
               Q_onAssert   0x003726    program     extern C:\software\qpc\examples\pic18\vanilla\mplab-c18\dpp-picdem2plus\bsp.c
                   ISR_hi   0x00373c    program     extern C:\software\qpc\examples\pic18\vanilla\mplab-c18\dpp-picdem2plus\isr.c
                _do_cinit   0x0037e0    program     extern C:\MCC18\src\traditional\startup\c018iz.c
                     test   0x0037fa    program     static                          
                copy_loop   0x003852    program     static                          
            copy_one_byte   0x003858    program     static                          
             done_copying   0x003866    program     static                          
                     done   0x00387c    program     static                          
       ___return_lbl00002   0x00387c    program     static                          
                 FXD1616S   0x00387e    program     extern C:\MCC18\SRC\TRADIT~1\MATH\fxd1616s.asm
                  DA1616S   0x003890    program     static C:\MCC18\SRC\TRADIT~1\MATH\fxd1616s.asm
                   D1616S   0x0038a0    program     static C:\MCC18\SRC\TRADIT~1\MATH\fxd1616s.asm
                 D1616SOK   0x0038aa    program     static C:\MCC18\SRC\TRADIT~1\MATH\fxd1616s.asm
                D1616SNEG   0x0038ae    program     static C:\MCC18\SRC\TRADIT~1\MATH\fxd1616s.asm
                  D1616SX   0x0038c0    program     static C:\MCC18\SRC\TRADIT~1\MATH\fxd1616s.asm
                 _startup   0x0038ca    program     extern C:\MCC18\src\traditional\startup\c018iz.c
               clear_loop   0x0038e4    program     static                          
                     loop   0x0038ee    program     static                          
       ___return_lbl00001   0x0038f4    program     static                          
                 FXD1616U   0x0038f6    program     extern C:\MCC18\src\TRADIT~1\math\fxd1616u.c
                     loop   0x003900    program     static                          
                  endloop   0x00391c    program     static                          
       ___return_lbl00000   0x003920    program     static                          
                QF_psInit   0x003922    program     extern C:\software\qpc\qf\source\qf_psini.c
                 FXD0808U   0x003944    program     extern C:\MCC18\src\TRADIT~1\math\fxd0808u.c
                     loop   0x00394c    program     static                          
                  endloop   0x00395a    program     static                          
       ___return_lbl00000   0x00395e    program     static                          
               __string_3   0x003960    program     static C:\software\qpc\examples\pic18\vanilla\mplab-c18\dpp-picdem2plus\table.c
               __string_2   0x003969    program     static C:\software\qpc\examples\pic18\vanilla\mplab-c18\dpp-picdem2plus\table.c
               __string_1   0x003972    program     static C:\software\qpc\examples\pic18\vanilla\mplab-c18\dpp-picdem2plus\table.c
                 QHsm_top   0x00397c    program     extern C:\software\qpc\qep\source\qhsm_top.c
           QEP_getVersion   0x003990    program     extern C:\software\qpc\qep\source\qep.c
              l_this_file   0x0039a4    program     static C:\software\qpc\qf\source\qvanilla.c
                  version   0x0039ad    program     static C:\software\qpc\qf\source\qvanilla.c
              l_this_file   0x0039b4    program     static C:\software\qpc\qf\source\qf_act.c
                  version   0x0039bb    program     static C:\software\qpc\qf\source\qf_act.c
              l_this_file   0x0039c2    program     static C:\software\qpc\qf\source\qte_ctor.c
              l_this_file   0x0039cb    program     static C:\software\qpc\qf\source\qmp_init.c
              l_this_file   0x0039d4    program     static C:\software\qpc\qep\source\qhsm_ini.c
              l_this_file   0x0039dd    program     static C:\software\qpc\qep\source\qhsm_dis.c
              l_this_file   0x0039e6    program     static C:\software\qpc\qf\source\qf_pspub.c
              l_this_file   0x0039ef    program     static C:\software\qpc\examples\pic18\vanilla\mplab-c18\dpp-picdem2plus\table.c
              l_this_file   0x0039f7    program     static C:\software\qpc\qf\source\qte_arm.c
              l_this_file   0x0039ff    program     static C:\software\qpc\qf\source\qmp_put.c
              l_this_file   0x003a07    program     static C:\software\qpc\qf\source\qmp_get.c
              l_this_file   0x003a0f    program     static C:\software\qpc\qf\source\qf_pool.c
              l_this_file   0x003a17    program     static C:\software\qpc\qf\source\qa_get_.c
              l_this_file   0x003a1f    program     static C:\software\qpc\qf\source\qa_fifo.c
              l_this_file   0x003a27    program     static C:\software\qpc\examples\pic18\vanilla\mplab-c18\dpp-picdem2plus\philo.c
              l_this_file   0x003a2f    program     static C:\software\qpc\qf\source\qf_new.c
                  version   0x003a36    program     static C:\software\qpc\qep\source\qep.c
              l_this_file   0x003a3d    program     static C:\software\qpc\qf\source\qa_sub.c
              l_this_file   0x003a44    program     static C:\software\qpc\qf\source\qf_gc.c
              l_this_file   0x003a4a    program     static C:\software\qpc\examples\pic18\vanilla\mplab-c18\dpp-picdem2plus\bsp.c
                   AARGB7   0x000000       data     extern C:\MCC18\SRC\TRADIT~1\MATH\aarg.asm
                    REMB3   0x000000       data     extern C:\MCC18\SRC\TRADIT~1\MATH\aarg.asm
                   AARGB6   0x000001       data     extern C:\MCC18\SRC\TRADIT~1\MATH\aarg.asm
                    REMB2   0x000001       data     extern C:\MCC18\SRC\TRADIT~1\MATH\aarg.asm
                   AARGB5   0x000002       data     extern C:\MCC18\SRC\TRADIT~1\MATH\aarg.asm
                    REMB1   0x000002       data     extern C:\MCC18\SRC\TRADIT~1\MATH\aarg.asm
                   AARGB4   0x000003       data     extern C:\MCC18\SRC\TRADIT~1\MATH\aarg.asm
                    REMB0   0x000003       data     extern C:\MCC18\SRC\TRADIT~1\MATH\aarg.asm
                   AARGB3   0x000004       data     extern C:\MCC18\SRC\TRADIT~1\MATH\aarg.asm
                   AARGB2   0x000005       data     extern C:\MCC18\SRC\TRADIT~1\MATH\aarg.asm
                   AARGB1   0x000006       data     extern C:\MCC18\SRC\TRADIT~1\MATH\aarg.asm
                   AARGB0   0x000007       data     extern C:\MCC18\SRC\TRADIT~1\MATH\aarg.asm
                     AEXP   0x000008       data     extern C:\MCC18\SRC\TRADIT~1\MATH\aarg.asm
                   BARGB3   0x000009       data     extern C:\MCC18\SRC\TRADIT~1\MATH\barg.asm
                   BARGB2   0x00000a       data     extern C:\MCC18\SRC\TRADIT~1\MATH\barg.asm
                   BARGB1   0x00000b       data     extern C:\MCC18\SRC\TRADIT~1\MATH\barg.asm
                   BARGB0   0x00000c       data     extern C:\MCC18\SRC\TRADIT~1\MATH\barg.asm
                     BEXP   0x00000d       data     extern C:\MCC18\SRC\TRADIT~1\MATH\barg.asm
                     SIGN   0x00000e       data     extern C:\MCC18\SRC\TRADIT~1\MATH\cmath18.asm
                  FPFLAGS   0x00000f       data     extern C:\MCC18\SRC\TRADIT~1\MATH\cmath18.asm
              FPFLAGSbits   0x00000f       data     extern C:\MCC18\SRC\TRADIT~1\MATH\cmath18.asm
                  __tmp_0   0x000010       data     static C:\software\qpc\qf\source\qa_sub.c
                  __tmp_0   0x000010       data     static C:\software\qpc\qf\source\qa_get_.c
                  __tmp_0   0x000010       data     static C:\software\qpc\qf\source\qf_tick.c
                  __tmp_0   0x000010       data     static C:\software\qpc\qf\source\qte_arm.c
                  __tmp_0   0x000010       data     static C:\software\qpc\qep\source\qhsm_dis.c
                  __tmp_0   0x000010       data     static C:\software\qpc\qf\source\qf_pspub.c
                  __tmp_0   0x000010       data     static C:\software\qpc\qf\source\qf_new.c
                  __tmp_0   0x000010       data     static C:\software\qpc\qf\source\qf_pool.c
                  __tmp_0   0x000010       data     static C:\software\qpc\qep\source\qep.c
                  __tmp_0   0x000010       data     static C:\software\qpc\qep\source\qhsm_ini.c
                  __tmp_0   0x000010       data     static C:\software\qpc\qf\source\qmp_get.c
                  __tmp_0   0x000010       data     static C:\software\qpc\qf\source\qf_gc.c
                  __tmp_0   0x000010       data     static C:\software\qpc\qf\source\qf_act.c
                  __tmp_0   0x000010       data     static C:\software\qpc\qf\source\qmp_init.c
                  __tmp_0   0x000010       data     static C:\software\qpc\qf\source\qmp_put.c
                  __tmp_0   0x000010       data     static C:\software\qpc\qf\source\qvanilla.c
                  __tmp_0   0x000010       data     static C:\software\qpc\examples\pic18\vanilla\mplab-c18\dpp-picdem2plus\main.c
                  __tmp_0   0x000010       data     static C:\software\qpc\examples\pic18\vanilla\mplab-c18\dpp-picdem2plus\table.c
                  __tmp_0   0x000010       data     static C:\software\qpc\qf\source\qa_fifo.c
                  __tmp_0   0x000010       data     static C:\software\qpc\examples\pic18\vanilla\mplab-c18\dpp-picdem2plus\philo.c
                  l_philo   0x000080       data     static C:\software\qpc\examples\pic18\vanilla\mplab-c18\dpp-picdem2plus\philo.c
               registered   0x0000fd       data     static C:\software\qpc\examples\pic18\vanilla\mplab-c18\dpp-picdem2plus\philo.c
      QF_timeEvtListHead_   0x0000fe       data     extern C:\software\qpc\qf\source\qte_arm.c
          l_tableQueueSto   0x000500       data     static C:\software\qpc\examples\pic18\vanilla\mplab-c18\dpp-picdem2plus\main.c
          l_philoQueueSto   0x00050a       data     static C:\software\qpc\examples\pic18\vanilla\mplab-c18\dpp-picdem2plus\main.c
              l_subscrSto   0x00053c       data     static C:\software\qpc\examples\pic18\vanilla\mplab-c18\dpp-picdem2plus\main.c
             l_smlPoolSto   0x000543       data     static C:\software\qpc\examples\pic18\vanilla\mplab-c18\dpp-picdem2plus\main.c
                 QF_pool_   0x000561       data     extern C:\software\qpc\qf\source\qf_pool.c
              QF_maxPool_   0x00057f       data     extern C:\software\qpc\qf\source\qf_pool.c
                  l_table   0x000580       data     static C:\software\qpc\examples\pic18\vanilla\mplab-c18\dpp-picdem2plus\table.c
               QF_active_   0x000597       data     extern C:\software\qpc\qf\source\qf_act.c
          QF_intLockNest_   0x0005a9       data     extern C:\software\qpc\qf\source\qf_act.c
                     prom   0x0005aa       data     static C:\MCC18\src\traditional\startup\c018iz.c
                curr_byte   0x0005ad       data     static C:\MCC18\src\traditional\startup\c018iz.c
               curr_entry   0x0005af       data     static C:\MCC18\src\traditional\startup\c018iz.c
                 data_ptr   0x0005b1       data     static C:\MCC18\src\traditional\startup\c018iz.c
                 AO_Philo   0x0005b4       data     extern C:\software\qpc\examples\pic18\vanilla\mplab-c18\dpp-picdem2plus\philo.c
         QEP_reservedEvt_   0x0005be       data     extern C:\software\qpc\qep\source\qep.c
                    l_led   0x0005c6       data     extern C:\software\qpc\examples\pic18\vanilla\mplab-c18\dpp-picdem2plus\bsp.c
           QF_subscrList_   0x0005cb       data     extern C:\software\qpc\qf\source\qf_psini.c
            QF_maxSignal_   0x0005cd       data     extern C:\software\qpc\qf\source\qf_psini.c
                 AO_Table   0x0005ce       data     extern C:\software\qpc\examples\pic18\vanilla\mplab-c18\dpp-picdem2plus\table.c
             QF_readySet_   0x0005d0       data     extern C:\software\qpc\qf\source\qvanilla.c
                    dummy   0x0005d1       data     static C:\software\qpc\qf\source\qf_tick.c
                    PORTA   0x000f80       data     extern C:\MCC18\SRC\TRADIT~1\PROC\p18f452.asm
                PORTAbits   0x000f80       data     extern C:\MCC18\SRC\TRADIT~1\PROC\p18f452.asm
                    PORTB   0x000f81       data     extern C:\MCC18\SRC\TRADIT~1\PROC\p18f452.asm
                PORTBbits   0x000f81       data     extern C:\MCC18\SRC\TRADIT~1\PROC\p18f452.asm
                    PORTC   0x000f82       data     extern C:\MCC18\SRC\TRADIT~1\PROC\p18f452.asm
                PORTCbits   0x000f82       data     extern C:\MCC18\SRC\TRADIT~1\PROC\p18f452.asm
                    PORTD   0x000f83       data     extern C:\MCC18\SRC\TRADIT~1\PROC\p18f452.asm
                PORTDbits   0x000f83       data     extern C:\MCC18\SRC\TRADIT~1\PROC\p18f452.asm
                PORTEbits   0x000f84       data     extern C:\MCC18\SRC\TRADIT~1\PROC\p18f452.asm
                    PORTE   0x000f84       data     extern C:\MCC18\SRC\TRADIT~1\PROC\p18f452.asm
                     LATA   0x000f89       data     extern C:\MCC18\SRC\TRADIT~1\PROC\p18f452.asm
                 LATAbits   0x000f89       data     extern C:\MCC18\SRC\TRADIT~1\PROC\p18f452.asm
                     LATB   0x000f8a       data     extern C:\MCC18\SRC\TRADIT~1\PROC\p18f452.asm
                 LATBbits   0x000f8a       data     extern C:\MCC18\SRC\TRADIT~1\PROC\p18f452.asm
                     LATC   0x000f8b       data     extern C:\MCC18\SRC\TRADIT~1\PROC\p18f452.asm
                 LATCbits   0x000f8b       data     extern C:\MCC18\SRC\TRADIT~1\PROC\p18f452.asm
                 LATDbits   0x000f8c       data     extern C:\MCC18\SRC\TRADIT~1\PROC\p18f452.asm
                     LATD   0x000f8c       data     extern C:\MCC18\SRC\TRADIT~1\PROC\p18f452.asm
                     LATE   0x000f8d       data     extern C:\MCC18\SRC\TRADIT~1\PROC\p18f452.asm
                 LATEbits   0x000f8d       data     extern C:\MCC18\SRC\TRADIT~1\PROC\p18f452.asm
                     DDRA   0x000f92       data     extern C:\MCC18\SRC\TRADIT~1\PROC\p18f452.asm
                 DDRAbits   0x000f92       data     extern C:\MCC18\SRC\TRADIT~1\PROC\p18f452.asm
                TRISAbits   0x000f92       data     extern C:\MCC18\SRC\TRADIT~1\PROC\p18f452.asm
                    TRISA   0x000f92       data     extern C:\MCC18\SRC\TRADIT~1\PROC\p18f452.asm
                 DDRBbits   0x000f93       data     extern C:\MCC18\SRC\TRADIT~1\PROC\p18f452.asm
                     DDRB   0x000f93       data     extern C:\MCC18\SRC\TRADIT~1\PROC\p18f452.asm
                    TRISB   0x000f93       data     extern C:\MCC18\SRC\TRADIT~1\PROC\p18f452.asm
                TRISBbits   0x000f93       data     extern C:\MCC18\SRC\TRADIT~1\PROC\p18f452.asm
                    TRISC   0x000f94       data     extern C:\MCC18\SRC\TRADIT~1\PROC\p18f452.asm
                 DDRCbits   0x000f94       data     extern C:\MCC18\SRC\TRADIT~1\PROC\p18f452.asm
                     DDRC   0x000f94       data     extern C:\MCC18\SRC\TRADIT~1\PROC\p18f452.asm
                TRISCbits   0x000f94       data     extern C:\MCC18\SRC\TRADIT~1\PROC\p18f452.asm
                     DDRD   0x000f95       data     extern C:\MCC18\SRC\TRADIT~1\PROC\p18f452.asm
                 DDRDbits   0x000f95       data     extern C:\MCC18\SRC\TRADIT~1\PROC\p18f452.asm
                TRISDbits   0x000f95       data     extern C:\MCC18\SRC\TRADIT~1\PROC\p18f452.asm
                    TRISD   0x000f95       data     extern C:\MCC18\SRC\TRADIT~1\PROC\p18f452.asm
                 DDREbits   0x000f96       data     extern C:\MCC18\SRC\TRADIT~1\PROC\p18f452.asm
                     DDRE   0x000f96       data     extern C:\MCC18\SRC\TRADIT~1\PROC\p18f452.asm
                TRISEbits   0x000f96       data     extern C:\MCC18\SRC\TRADIT~1\PROC\p18f452.asm
                    TRISE   0x000f96       data     extern C:\MCC18\SRC\TRADIT~1\PROC\p18f452.asm
                     PIE1   0x000f9d       data     extern C:\MCC18\SRC\TRADIT~1\PROC\p18f452.asm
                 PIE1bits   0x000f9d       data     extern C:\MCC18\SRC\TRADIT~1\PROC\p18f452.asm
                 PIR1bits   0x000f9e       data     extern C:\MCC18\SRC\TRADIT~1\PROC\p18f452.asm
                     PIR1   0x000f9e       data     extern C:\MCC18\SRC\TRADIT~1\PROC\p18f452.asm
                 IPR1bits   0x000f9f       data     extern C:\MCC18\SRC\TRADIT~1\PROC\p18f452.asm
                     IPR1   0x000f9f       data     extern C:\MCC18\SRC\TRADIT~1\PROC\p18f452.asm
                     PIE2   0x000fa0       data     extern C:\MCC18\SRC\TRADIT~1\PROC\p18f452.asm
                 PIE2bits   0x000fa0       data     extern C:\MCC18\SRC\TRADIT~1\PROC\p18f452.asm
                 PIR2bits   0x000fa1       data     extern C:\MCC18\SRC\TRADIT~1\PROC\p18f452.asm
                     PIR2   0x000fa1       data     extern C:\MCC18\SRC\TRADIT~1\PROC\p18f452.asm
                     IPR2   0x000fa2       data     extern C:\MCC18\SRC\TRADIT~1\PROC\p18f452.asm
                 IPR2bits   0x000fa2       data     extern C:\MCC18\SRC\TRADIT~1\PROC\p18f452.asm
               EECON1bits   0x000fa6       data     extern C:\MCC18\SRC\TRADIT~1\PROC\p18f452.asm
                   EECON1   0x000fa6       data     extern C:\MCC18\SRC\TRADIT~1\PROC\p18f452.asm
                   EECON2   0x000fa7       data     extern C:\MCC18\SRC\TRADIT~1\PROC\p18f452.asm
                   EEDATA   0x000fa8       data     extern C:\MCC18\SRC\TRADIT~1\PROC\p18f452.asm
                    EEADR   0x000fa9       data     extern C:\MCC18\SRC\TRADIT~1\PROC\p18f452.asm
                    RCSTA   0x000fab       data     extern C:\MCC18\SRC\TRADIT~1\PROC\p18f452.asm
                RCSTAbits   0x000fab       data     extern C:\MCC18\SRC\TRADIT~1\PROC\p18f452.asm
                    TXSTA   0x000fac       data     extern C:\MCC18\SRC\TRADIT~1\PROC\p18f452.asm
                TXSTAbits   0x000fac       data     extern C:\MCC18\SRC\TRADIT~1\PROC\p18f452.asm
                    TXREG   0x000fad       data     extern C:\MCC18\SRC\TRADIT~1\PROC\p18f452.asm
                    RCREG   0x000fae       data     extern C:\MCC18\SRC\TRADIT~1\PROC\p18f452.asm
                    SPBRG   0x000faf       data     extern C:\MCC18\SRC\TRADIT~1\PROC\p18f452.asm
                    T3CON   0x000fb1       data     extern C:\MCC18\SRC\TRADIT~1\PROC\p18f452.asm
                T3CONbits   0x000fb1       data     extern C:\MCC18\SRC\TRADIT~1\PROC\p18f452.asm
                    TMR3L   0x000fb2       data     extern C:\MCC18\SRC\TRADIT~1\PROC\p18f452.asm
                    TMR3H   0x000fb3       data     extern C:\MCC18\SRC\TRADIT~1\PROC\p18f452.asm
                  CCP2CON   0x000fba       data     extern C:\MCC18\SRC\TRADIT~1\PROC\p18f452.asm
              CCP2CONbits   0x000fba       data     extern C:\MCC18\SRC\TRADIT~1\PROC\p18f452.asm
                    CCPR2   0x000fbb       data     extern C:\MCC18\SRC\TRADIT~1\PROC\p18f452.asm
                   CCPR2L   0x000fbb       data     extern C:\MCC18\SRC\TRADIT~1\PROC\p18f452.asm
                   CCPR2H   0x000fbc       data     extern C:\MCC18\SRC\TRADIT~1\PROC\p18f452.asm
                  CCP1CON   0x000fbd       data     extern C:\MCC18\SRC\TRADIT~1\PROC\p18f452.asm
              CCP1CONbits   0x000fbd       data     extern C:\MCC18\SRC\TRADIT~1\PROC\p18f452.asm
                   CCPR1L   0x000fbe       data     extern C:\MCC18\SRC\TRADIT~1\PROC\p18f452.asm
                    CCPR1   0x000fbe       data     extern C:\MCC18\SRC\TRADIT~1\PROC\p18f452.asm
                   CCPR1H   0x000fbf       data     extern C:\MCC18\SRC\TRADIT~1\PROC\p18f452.asm
                   ADCON1   0x000fc1       data     extern C:\MCC18\SRC\TRADIT~1\PROC\p18f452.asm
               ADCON1bits   0x000fc1       data     extern C:\MCC18\SRC\TRADIT~1\PROC\p18f452.asm
               ADCON0bits   0x000fc2       data     extern C:\MCC18\SRC\TRADIT~1\PROC\p18f452.asm
                   ADCON0   0x000fc2       data     extern C:\MCC18\SRC\TRADIT~1\PROC\p18f452.asm
                   ADRESL   0x000fc3       data     extern C:\MCC18\SRC\TRADIT~1\PROC\p18f452.asm
                    ADRES   0x000fc3       data     extern C:\MCC18\SRC\TRADIT~1\PROC\p18f452.asm
                   ADRESH   0x000fc4       data     extern C:\MCC18\SRC\TRADIT~1\PROC\p18f452.asm
                  SSPCON2   0x000fc5       data     extern C:\MCC18\SRC\TRADIT~1\PROC\p18f452.asm
              SSPCON2bits   0x000fc5       data     extern C:\MCC18\SRC\TRADIT~1\PROC\p18f452.asm
                  SSPCON1   0x000fc6       data     extern C:\MCC18\SRC\TRADIT~1\PROC\p18f452.asm
              SSPCON1bits   0x000fc6       data     extern C:\MCC18\SRC\TRADIT~1\PROC\p18f452.asm
                  SSPSTAT   0x000fc7       data     extern C:\MCC18\SRC\TRADIT~1\PROC\p18f452.asm
              SSPSTATbits   0x000fc7       data     extern C:\MCC18\SRC\TRADIT~1\PROC\p18f452.asm
                   SSPADD   0x000fc8       data     extern C:\MCC18\SRC\TRADIT~1\PROC\p18f452.asm
                   SSPBUF   0x000fc9       data     extern C:\MCC18\SRC\TRADIT~1\PROC\p18f452.asm
                T2CONbits   0x000fca       data     extern C:\MCC18\SRC\TRADIT~1\PROC\p18f452.asm
                    T2CON   0x000fca       data     extern C:\MCC18\SRC\TRADIT~1\PROC\p18f452.asm
                      PR2   0x000fcb       data     extern C:\MCC18\SRC\TRADIT~1\PROC\p18f452.asm
                     TMR2   0x000fcc       data     extern C:\MCC18\SRC\TRADIT~1\PROC\p18f452.asm
                T1CONbits   0x000fcd       data     extern C:\MCC18\SRC\TRADIT~1\PROC\p18f452.asm
                    T1CON   0x000fcd       data     extern C:\MCC18\SRC\TRADIT~1\PROC\p18f452.asm
                    TMR1L   0x000fce       data     extern C:\MCC18\SRC\TRADIT~1\PROC\p18f452.asm
                    TMR1H   0x000fcf       data     extern C:\MCC18\SRC\TRADIT~1\PROC\p18f452.asm
                     RCON   0x000fd0       data     extern C:\MCC18\SRC\TRADIT~1\PROC\p18f452.asm
                 RCONbits   0x000fd0       data     extern C:\MCC18\SRC\TRADIT~1\PROC\p18f452.asm
               WDTCONbits   0x000fd1       data     extern C:\MCC18\SRC\TRADIT~1\PROC\p18f452.asm
                   WDTCON   0x000fd1       data     extern C:\MCC18\SRC\TRADIT~1\PROC\p18f452.asm
               LVDCONbits   0x000fd2       data     extern C:\MCC18\SRC\TRADIT~1\PROC\p18f452.asm
                   LVDCON   0x000fd2       data     extern C:\MCC18\SRC\TRADIT~1\PROC\p18f452.asm
                   OSCCON   0x000fd3       data     extern C:\MCC18\SRC\TRADIT~1\PROC\p18f452.asm
               OSCCONbits   0x000fd3       data     extern C:\MCC18\SRC\TRADIT~1\PROC\p18f452.asm
                T0CONbits   0x000fd5       data     extern C:\MCC18\SRC\TRADIT~1\PROC\p18f452.asm
                    T0CON   0x000fd5       data     extern C:\MCC18\SRC\TRADIT~1\PROC\p18f452.asm
                    TMR0L   0x000fd6       data     extern C:\MCC18\SRC\TRADIT~1\PROC\p18f452.asm
                    TMR0H   0x000fd7       data     extern C:\MCC18\SRC\TRADIT~1\PROC\p18f452.asm
               STATUSbits   0x000fd8       data     extern C:\MCC18\SRC\TRADIT~1\PROC\p18f452.asm
                   STATUS   0x000fd8       data     extern C:\MCC18\SRC\TRADIT~1\PROC\p18f452.asm
                    FSR2L   0x000fd9       data     extern C:\MCC18\SRC\TRADIT~1\PROC\p18f452.asm
                     FSR2   0x000fd9       data     extern C:\MCC18\SRC\TRADIT~1\PROC\p18f452.asm
                    FSR2H   0x000fda       data     extern C:\MCC18\SRC\TRADIT~1\PROC\p18f452.asm
                   PLUSW2   0x000fdb       data     extern C:\MCC18\SRC\TRADIT~1\PROC\p18f452.asm
                  PREINC2   0x000fdc       data     extern C:\MCC18\SRC\TRADIT~1\PROC\p18f452.asm
                 POSTDEC2   0x000fdd       data     extern C:\MCC18\SRC\TRADIT~1\PROC\p18f452.asm
                 POSTINC2   0x000fde       data     extern C:\MCC18\SRC\TRADIT~1\PROC\p18f452.asm
                    INDF2   0x000fdf       data     extern C:\MCC18\SRC\TRADIT~1\PROC\p18f452.asm
                      BSR   0x000fe0       data     extern C:\MCC18\SRC\TRADIT~1\PROC\p18f452.asm
                    FSR1L   0x000fe1       data     extern C:\MCC18\SRC\TRADIT~1\PROC\p18f452.asm
                     FSR1   0x000fe1       data     extern C:\MCC18\SRC\TRADIT~1\PROC\p18f452.asm
                    FSR1H   0x000fe2       data     extern C:\MCC18\SRC\TRADIT~1\PROC\p18f452.asm
                   PLUSW1   0x000fe3       data     extern C:\MCC18\SRC\TRADIT~1\PROC\p18f452.asm
                  PREINC1   0x000fe4       data     extern C:\MCC18\SRC\TRADIT~1\PROC\p18f452.asm
                 POSTDEC1   0x000fe5       data     extern C:\MCC18\SRC\TRADIT~1\PROC\p18f452.asm
                 POSTINC1   0x000fe6       data     extern C:\MCC18\SRC\TRADIT~1\PROC\p18f452.asm
                    INDF1   0x000fe7       data     extern C:\MCC18\SRC\TRADIT~1\PROC\p18f452.asm
                     WREG   0x000fe8       data     extern C:\MCC18\SRC\TRADIT~1\PROC\p18f452.asm
                        W   0x000fe8       data     extern C:\MCC18\SRC\TRADIT~1\PROC\p18f452.asm
                     FSR0   0x000fe9       data     extern C:\MCC18\SRC\TRADIT~1\PROC\p18f452.asm
                    FSR0L   0x000fe9       data     extern C:\MCC18\SRC\TRADIT~1\PROC\p18f452.asm
                    FSR0H   0x000fea       data     extern C:\MCC18\SRC\TRADIT~1\PROC\p18f452.asm
                   PLUSW0   0x000feb       data     extern C:\MCC18\SRC\TRADIT~1\PROC\p18f452.asm
                  PREINC0   0x000fec       data     extern C:\MCC18\SRC\TRADIT~1\PROC\p18f452.asm
                 POSTDEC0   0x000fed       data     extern C:\MCC18\SRC\TRADIT~1\PROC\p18f452.asm
                 POSTINC0   0x000fee       data     extern C:\MCC18\SRC\TRADIT~1\PROC\p18f452.asm
                    INDF0   0x000fef       data     extern C:\MCC18\SRC\TRADIT~1\PROC\p18f452.asm
                  INTCON3   0x000ff0       data     extern C:\MCC18\SRC\TRADIT~1\PROC\p18f452.asm
              INTCON3bits   0x000ff0       data     extern C:\MCC18\SRC\TRADIT~1\PROC\p18f452.asm
                  INTCON2   0x000ff1       data     extern C:\MCC18\SRC\TRADIT~1\PROC\p18f452.asm
              INTCON2bits   0x000ff1       data     extern C:\MCC18\SRC\TRADIT~1\PROC\p18f452.asm
               INTCONbits   0x000ff2       data     extern C:\MCC18\SRC\TRADIT~1\PROC\p18f452.asm
                   INTCON   0x000ff2       data     extern C:\MCC18\SRC\TRADIT~1\PROC\p18f452.asm
                    PRODL   0x000ff3       data     extern C:\MCC18\SRC\TRADIT~1\PROC\p18f452.asm
                     PROD   0x000ff3       data     extern C:\MCC18\SRC\TRADIT~1\PROC\p18f452.asm
                    PRODH   0x000ff4       data     extern C:\MCC18\SRC\TRADIT~1\PROC\p18f452.asm
                   TABLAT   0x000ff5       data     extern C:\MCC18\SRC\TRADIT~1\PROC\p18f452.asm
                   TBLPTR   0x000ff6       data     extern C:\MCC18\SRC\TRADIT~1\PROC\p18f452.asm
                  TBLPTRL   0x000ff6       data     extern C:\MCC18\SRC\TRADIT~1\PROC\p18f452.asm
                  TBLPTRH   0x000ff7       data     extern C:\MCC18\SRC\TRADIT~1\PROC\p18f452.asm
                  TBLPTRU   0x000ff8       data     extern C:\MCC18\SRC\TRADIT~1\PROC\p18f452.asm
                      PCL   0x000ff9       data     extern C:\MCC18\SRC\TRADIT~1\PROC\p18f452.asm
                       PC   0x000ff9       data     extern C:\MCC18\SRC\TRADIT~1\PROC\p18f452.asm
                   PCLATH   0x000ffa       data     extern C:\MCC18\SRC\TRADIT~1\PROC\p18f452.asm
                   PCLATU   0x000ffb       data     extern C:\MCC18\SRC\TRADIT~1\PROC\p18f452.asm
               STKPTRbits   0x000ffc       data     extern C:\MCC18\SRC\TRADIT~1\PROC\p18f452.asm
                   STKPTR   0x000ffc       data     extern C:\MCC18\SRC\TRADIT~1\PROC\p18f452.asm
                      TOS   0x000ffd       data     extern C:\MCC18\SRC\TRADIT~1\PROC\p18f452.asm
                     TOSL   0x000ffd       data     extern C:\MCC18\SRC\TRADIT~1\PROC\p18f452.asm
                     TOSH   0x000ffe       data     extern C:\MCC18\SRC\TRADIT~1\PROC\p18f452.asm
                     TOSU   0x000fff       data     extern C:\MCC18\SRC\TRADIT~1\PROC\p18f452.asm


