Archive member included because of file (symbol)

D:\software\qpc/ports/arm-cortex/vanilla/gnu/spy\libqf_cortex-m3_cs.a(qa_fifo.o)
                              spy/philo.o (QActive_postFIFO)
D:\software\qpc/ports/arm-cortex/vanilla/gnu/spy\libqf_cortex-m3_cs.a(qa_sub.o)
                              spy/table.o (QActive_subscribe)
D:\software\qpc/ports/arm-cortex/vanilla/gnu/spy\libqf_cortex-m3_cs.a(qf_act.o)
                              D:\software\qpc/ports/arm-cortex/vanilla/gnu/spy\libqf_cortex-m3_cs.a(qa_sub.o) (QF_active_)
D:\software\qpc/ports/arm-cortex/vanilla/gnu/spy\libqf_cortex-m3_cs.a(qf_new.o)
                              spy/table.o (QF_new_)
D:\software\qpc/ports/arm-cortex/vanilla/gnu/spy\libqf_cortex-m3_cs.a(qf_pool.o)
                              spy/main.o (QF_poolInit)
D:\software\qpc/ports/arm-cortex/vanilla/gnu/spy\libqf_cortex-m3_cs.a(qf_psini.o)
                              spy/main.o (QF_psInit)
D:\software\qpc/ports/arm-cortex/vanilla/gnu/spy\libqf_cortex-m3_cs.a(qf_pspub.o)
                              spy/table.o (QF_publish)
D:\software\qpc/ports/arm-cortex/vanilla/gnu/spy\libqf_cortex-m3_cs.a(qf_pwr2.o)
                              D:\software\qpc/ports/arm-cortex/vanilla/gnu/spy\libqf_cortex-m3_cs.a(qa_fifo.o) (QF_pwr2Lkup)
D:\software\qpc/ports/arm-cortex/vanilla/gnu/spy\libqf_cortex-m3_cs.a(qf_tick.o)
                              spy/bsp.o (QF_tick)
D:\software\qpc/ports/arm-cortex/vanilla/gnu/spy\libqf_cortex-m3_cs.a(qmp_get.o)
                              D:\software\qpc/ports/arm-cortex/vanilla/gnu/spy\libqf_cortex-m3_cs.a(qf_new.o) (QMPool_get)
D:\software\qpc/ports/arm-cortex/vanilla/gnu/spy\libqf_cortex-m3_cs.a(qmp_init.o)
                              D:\software\qpc/ports/arm-cortex/vanilla/gnu/spy\libqf_cortex-m3_cs.a(qf_pool.o) (QMPool_init)
D:\software\qpc/ports/arm-cortex/vanilla/gnu/spy\libqf_cortex-m3_cs.a(qte_ctor.o)
                              spy/philo.o (QTimeEvt_ctor)
D:\software\qpc/ports/arm-cortex/vanilla/gnu/spy\libqf_cortex-m3_cs.a(qte_arm.o)
                              spy/philo.o (QTimeEvt_arm_)
D:\software\qpc/ports/arm-cortex/vanilla/gnu/spy\libqf_cortex-m3_cs.a(qvanilla.o)
                              spy/main.o (QF_init)
D:\software\qpc/ports/arm-cortex/vanilla/gnu/spy\libqf_cortex-m3_cs.a(qa_get_.o)
                              D:\software\qpc/ports/arm-cortex/vanilla/gnu/spy\libqf_cortex-m3_cs.a(qvanilla.o) (QActive_get_)
D:\software\qpc/ports/arm-cortex/vanilla/gnu/spy\libqf_cortex-m3_cs.a(qeq_init.o)
                              D:\software\qpc/ports/arm-cortex/vanilla/gnu/spy\libqf_cortex-m3_cs.a(qvanilla.o) (QEQueue_init)
D:\software\qpc/ports/arm-cortex/vanilla/gnu/spy\libqf_cortex-m3_cs.a(qf_gc.o)
                              D:\software\qpc/ports/arm-cortex/vanilla/gnu/spy\libqf_cortex-m3_cs.a(qf_pspub.o) (QF_gc)
D:\software\qpc/ports/arm-cortex/vanilla/gnu/spy\libqf_cortex-m3_cs.a(qf_log2.o)
                              D:\software\qpc/ports/arm-cortex/vanilla/gnu/spy\libqf_cortex-m3_cs.a(qf_pspub.o) (QF_log2Lkup)
D:\software\qpc/ports/arm-cortex/vanilla/gnu/spy\libqf_cortex-m3_cs.a(qmp_put.o)
                              D:\software\qpc/ports/arm-cortex/vanilla/gnu/spy\libqf_cortex-m3_cs.a(qf_gc.o) (QMPool_put)
D:\software\qpc/ports/arm-cortex/vanilla/gnu/spy\libqep_cortex-m3_cs.a(qhsm_ini.o)
                              D:\software\qpc/ports/arm-cortex/vanilla/gnu/spy\libqf_cortex-m3_cs.a(qvanilla.o) (QHsm_init)
D:\software\qpc/ports/arm-cortex/vanilla/gnu/spy\libqep_cortex-m3_cs.a(qhsm_dis.o)
                              D:\software\qpc/ports/arm-cortex/vanilla/gnu/spy\libqf_cortex-m3_cs.a(qvanilla.o) (QHsm_dispatch)
D:\software\qpc/ports/arm-cortex/vanilla/gnu/spy\libqep_cortex-m3_cs.a(qhsm_top.o)
                              spy/table.o (QHsm_top)
D:\software\qpc/ports/arm-cortex/vanilla/gnu/spy\libqep_cortex-m3_cs.a(qep.o)
                              D:\software\qpc/ports/arm-cortex/vanilla/gnu/spy\libqep_cortex-m3_cs.a(qhsm_ini.o) (QEP_reservedEvt_)
D:\software\qpc/ports/arm-cortex/vanilla/gnu/spy\libqs_cortex-m3_cs.a(qs.o)
                              spy/bsp.o (QS_initBuf)
D:\software\qpc/ports/arm-cortex/vanilla/gnu/spy\libqs_cortex-m3_cs.a(qs_.o)
                              D:\software\qpc/ports/arm-cortex/vanilla/gnu/spy\libqf_cortex-m3_cs.a(qa_fifo.o) (QS_u8_)
D:\software\qpc/ports/arm-cortex/vanilla/gnu/spy\libqs_cortex-m3_cs.a(qs_blk.o)
                              spy/bsp.o (QS_getBlock)
D:\software\qpc/ports/arm-cortex/vanilla/gnu/spy\libqs_cortex-m3_cs.a(qs_str.o)
                              spy/bsp.o (QS_str)
c:/tools/codesourcery/bin/../lib/gcc/arm-none-eabi/4.5.2/../../../../arm-none-eabi/lib/thumb2\libc.a(lib_a-init.o)
                              spy/startup_lm3s.o (__libc_init_array)

Discarded input sections

 .ARM.attributes
                0x00000000       0x29 c:/tools/codesourcery/bin/../lib/gcc/arm-none-eabi/4.5.2/../../../../arm-none-eabi/lib/thumb2\libc.a(lib_a-init.o)
 .debug_frame   0x00000000       0x2c c:/tools/codesourcery/bin/../lib/gcc/arm-none-eabi/4.5.2/../../../../arm-none-eabi/lib/thumb2\libc.a(lib_a-init.o)

Memory Configuration

Name             Origin             Length             Attributes
ROM              0x00000000         0x00010000         xr
RAM              0x20000000         0x00002000         xrw
*default*        0x00000000         0xffffffff

Linker script and memory map

LOAD spy/main.o
LOAD spy/table.o
LOAD spy/display96x16x1.o
LOAD spy/philo.o
LOAD spy/bsp.o
LOAD spy/startup_lm3s.o
LOAD spy/core_cm3.o
LOAD spy/system_lm3s.o
LOAD D:\software\qpc/ports/arm-cortex/vanilla/gnu/spy\libqf_cortex-m3_cs.a
LOAD D:\software\qpc/ports/arm-cortex/vanilla/gnu/spy\libqep_cortex-m3_cs.a
LOAD D:\software\qpc/ports/arm-cortex/vanilla/gnu/spy\libqs_cortex-m3_cs.a
                0x00000258                STACK_SIZE = 0x258
                0x00000000                HEAP_SIZE = 0x0

.isr_vector     0x00000000       0xf0
 *(.isr_vector)
 .isr_vector    0x00000000       0xf0 spy/startup_lm3s.o
                0x00000000                g_pfnVectors
                0x000000f0                . = ALIGN (0x4)

.text           0x000000f0     0x45ec
                0x000000f0                . = ALIGN (0x4)
 *(.text)
 .text          0x000000f0      0x200 spy/main.o
                0x000000f0                main
 .text          0x000002f0      0x3d0 spy/table.o
                0x00000694                Table_ctor
 .text          0x000006c0      0x534 spy/display96x16x1.o
                0x000006d8                SysCtlDelay
                0x00000778                Display96x16x1Clear
                0x000007fc                Display96x16x1StringDraw
                0x000008ec                Display96x16x1ImageDraw
                0x00000970                Display96x16x1Init
                0x00000b34                Display96x16x1DisplayOn
                0x00000bc0                Display96x16x1DisplayOff
 .text          0x00000bf4      0x594 spy/philo.o
                0x0000114c                Philo_ctor
 .text          0x00001188      0x514 spy/bsp.o
                0x00001188                SysTick_Handler
                0x000011a8                BSP_driveLED
                0x000011c8                BSP_busyDelay
                0x000011e0                QF_onStartup
                0x00001244                QF_onCleanup
                0x00001248                QF_onIdle
                0x000012b0                Q_onAssert
                0x000012b4                assert_failed
                0x000012bc                QS_onStartup
                0x000014b4                QS_onCleanup
                0x000014b8                QS_onGetTime
                0x000014e8                BSP_displyPhilStat
                0x00001568                QS_onFlush
                0x000015cc                BSP_init
 .text          0x0000169c       0x90 spy/startup_lm3s.o
                0x0000169c                DebugMon_Handler
                0x0000169c                FlashCtrl_IRQHandler
                0x0000169c                Timer0B_IRQHandler
                0x0000169c                I2C0_IRQHandler
                0x0000169c                PendSV_Handler
                0x0000169c                NMI_Handler
                0x0000169c                I2C1_IRQHandler
                0x0000169c                PWMGen0_IRQHandler
                0x0000169c                UART1_IRQHandler
                0x0000169c                CAN1_IRQHandler
                0x0000169c                Timer1B_IRQHandler
                0x0000169c                Watchdog_IRQHandler
                0x0000169c                UART0_IRQHandler
                0x0000169c                SSI0_IRQHandler
                0x0000169c                UsageFault_Handler
                0x0000169c                ADCSeq1_IRQHandler
                0x0000169c                PWMFault_IRQHandler
                0x0000169c                PWMGen1_IRQHandler
                0x0000169c                SSI1_IRQHandler
                0x0000169c                SysCtrl_IRQHandler
                0x0000169c                Spurious_Handler
                0x0000169c                GPIOPortC_IRQHandler
                0x0000169c                ADCSeq2_IRQHandler
                0x0000169c                PWMGen2_IRQHandler
                0x0000169c                UART2_IRQHandler
                0x0000169c                QEI1_IRQHandler
                0x0000169c                QEI0_IRQHandler
                0x0000169c                GPIOPortD_IRQHandler
                0x0000169c                MemManage_Handler
                0x0000169c                Ethernet_IRQHandler
                0x0000169c                SVC_Handler
                0x0000169c                Timer3B_IRQHandler
                0x0000169c                Timer3A_IRQHandler
                0x0000169c                GPIOPortA_IRQHandler
                0x0000169c                Timer0A_IRQHandler
                0x0000169c                ADCSeq0_IRQHandler
                0x0000169c                Timer1A_IRQHandler
                0x0000169c                GPIOPortG_IRQHandler
                0x0000169c                ADCSeq3_IRQHandler
                0x0000169c                GPIOPortE_IRQHandler
                0x0000169c                CAN0_IRQHandler
                0x0000169c                Comp0_IRQHandler
                0x0000169c                Comp1_IRQHandler
                0x0000169c                Comp2_IRQHandler
                0x0000169c                GPIOPortF_IRQHandler
                0x0000169c                GPIOPortB_IRQHandler
                0x0000169c                CAN2_IRQHandler
                0x0000169c                GPIOPortH_IRQHandler
                0x0000169c                BusFault_Handler
                0x0000169c                Timer2A_IRQHandler
                0x0000169c                Timer2B_IRQHandler
                0x0000169c                Hibernate_IRQHandler
                0x000016b8                Reset_Handler
                0x00001728                _init
 .text          0x0000172c       0xa4 spy/core_cm3.o
                0x0000172c                __get_PSP
                0x00001734                __set_PSP
                0x0000173c                __get_MSP
                0x00001744                __set_MSP
                0x0000174c                __get_BASEPRI
                0x00001754                __set_BASEPRI
                0x0000175c                __get_PRIMASK
                0x00001764                __set_PRIMASK
                0x0000176c                __get_FAULTMASK
                0x00001774                __set_FAULTMASK
                0x0000177c                __REV
                0x00001780                __REV16
                0x00001784                __REVSH
                0x00001788                __RBIT
                0x00001790                __LDREXB
                0x00001798                __LDREXH
                0x000017a0                __LDREXW
                0x000017a8                __STREXB
                0x000017b0                __STREXH
                0x000017b8                __STREXW
                0x000017c0                __get_CONTROL
                0x000017c8                __set_CONTROL
 .text          0x000017d0      0x2d8 spy/system_lm3s.o
                0x000017d0                SystemInit
 .text          0x00001aa8       0xe8 D:\software\qpc/ports/arm-cortex/vanilla/gnu/spy\libqf_cortex-m3_cs.a(qa_fifo.o)
                0x00001aa8                QActive_postFIFO
 .text          0x00001b90       0xa0 D:\software\qpc/ports/arm-cortex/vanilla/gnu/spy\libqf_cortex-m3_cs.a(qa_sub.o)
                0x00001b90                QActive_subscribe
 .text          0x00001c30       0xf4 D:\software\qpc/ports/arm-cortex/vanilla/gnu/spy\libqf_cortex-m3_cs.a(qf_act.o)
                0x00001c30                QF_getVersion
                0x00001c38                QF_add_
                0x00001cac                QF_remove_
 .text          0x00001d24       0xac D:\software\qpc/ports/arm-cortex/vanilla/gnu/spy\libqf_cortex-m3_cs.a(qf_new.o)
                0x00001d24                QF_new_
 .text          0x00001dd0       0x6c D:\software\qpc/ports/arm-cortex/vanilla/gnu/spy\libqf_cortex-m3_cs.a(qf_pool.o)
                0x00001dd0                QF_poolInit
 .text          0x00001e3c        0xc D:\software\qpc/ports/arm-cortex/vanilla/gnu/spy\libqf_cortex-m3_cs.a(qf_psini.o)
                0x00001e3c                QF_psInit
 .text          0x00001e48       0xf4 D:\software\qpc/ports/arm-cortex/vanilla/gnu/spy\libqf_cortex-m3_cs.a(qf_pspub.o)
                0x00001e48                QF_publish
 .text          0x00001f3c        0x0 D:\software\qpc/ports/arm-cortex/vanilla/gnu/spy\libqf_cortex-m3_cs.a(qf_pwr2.o)
 .text          0x00001f3c      0x114 D:\software\qpc/ports/arm-cortex/vanilla/gnu/spy\libqf_cortex-m3_cs.a(qf_tick.o)
                0x00001f3c                QF_tick
 .text          0x00002050       0xa8 D:\software\qpc/ports/arm-cortex/vanilla/gnu/spy\libqf_cortex-m3_cs.a(qmp_get.o)
                0x00002050                QMPool_get
                0x000020bc                QF_getPoolMargin
 .text          0x000020f8       0xec D:\software\qpc/ports/arm-cortex/vanilla/gnu/spy\libqf_cortex-m3_cs.a(qmp_init.o)
                0x000020f8                QMPool_init
 .text          0x000021e4       0x2c D:\software\qpc/ports/arm-cortex/vanilla/gnu/spy\libqf_cortex-m3_cs.a(qte_ctor.o)
                0x000021e4                QTimeEvt_ctor
 .text          0x00002210       0x8c D:\software\qpc/ports/arm-cortex/vanilla/gnu/spy\libqf_cortex-m3_cs.a(qte_arm.o)
                0x00002210                QTimeEvt_arm_
 .text          0x0000229c       0xd0 D:\software\qpc/ports/arm-cortex/vanilla/gnu/spy\libqf_cortex-m3_cs.a(qvanilla.o)
                0x0000229c                QF_getPortVersion
                0x000022a4                QF_init
                0x000022a8                QF_stop
                0x000022b0                QF_run
                0x0000231c                QActive_start
                0x00002364                QActive_stop
 .text          0x0000236c      0x140 D:\software\qpc/ports/arm-cortex/vanilla/gnu/spy\libqf_cortex-m3_cs.a(qa_get_.o)
                0x0000236c                QActive_get_
                0x0000247c                QF_getQueueMargin
 .text          0x000024ac       0x54 D:\software\qpc/ports/arm-cortex/vanilla/gnu/spy\libqf_cortex-m3_cs.a(qeq_init.o)
                0x000024ac                QEQueue_init
 .text          0x00002500       0xb8 D:\software\qpc/ports/arm-cortex/vanilla/gnu/spy\libqf_cortex-m3_cs.a(qf_gc.o)
                0x00002500                QF_gc
 .text          0x000025b8        0x0 D:\software\qpc/ports/arm-cortex/vanilla/gnu/spy\libqf_cortex-m3_cs.a(qf_log2.o)
 .text          0x000025b8       0x7c D:\software\qpc/ports/arm-cortex/vanilla/gnu/spy\libqf_cortex-m3_cs.a(qmp_put.o)
                0x000025b8                QMPool_put
 .text          0x00002634      0x164 D:\software\qpc/ports/arm-cortex/vanilla/gnu/spy\libqep_cortex-m3_cs.a(qhsm_ini.o)
                0x00002634                QHsm_init
 .text          0x00002798      0x54c D:\software\qpc/ports/arm-cortex/vanilla/gnu/spy\libqep_cortex-m3_cs.a(qhsm_dis.o)
                0x00002798                QHsm_dispatch
 .text          0x00002ce4        0x8 D:\software\qpc/ports/arm-cortex/vanilla/gnu/spy\libqep_cortex-m3_cs.a(qhsm_top.o)
                0x00002ce4                QHsm_top
 .text          0x00002cec        0x8 D:\software\qpc/ports/arm-cortex/vanilla/gnu/spy\libqep_cortex-m3_cs.a(qep.o)
                0x00002cec                QEP_getVersion
 .text          0x00002cf4      0x920 D:\software\qpc/ports/arm-cortex/vanilla/gnu/spy\libqs_cortex-m3_cs.a(qs.o)
                0x00002cf4                QS_getVersion
                0x00002cfc                QS_initBuf
                0x00002d08                QS_filterOn
                0x00002d44                QS_filterOff
                0x00002d80                QS_begin
                0x00002ed0                QS_end
                0x00002fb8                QS_u8
                0x000030fc                QS_u16
                0x000032e4                QS_u32
 .text          0x00003614      0x640 D:\software\qpc/ports/arm-cortex/vanilla/gnu/spy\libqs_cortex-m3_cs.a(qs_.o)
                0x00003614                QS_u8_
                0x000036d4                QS_u16_
                0x00003844                QS_u32_
                0x00003b1c                QS_str_
                0x00003bbc                QS_str_ROM_
 .text          0x00003c54       0x64 D:\software\qpc/ports/arm-cortex/vanilla/gnu/spy\libqs_cortex-m3_cs.a(qs_blk.o)
                0x00003c54                QS_getBlock
 .text          0x00003cb8      0x1a8 D:\software\qpc/ports/arm-cortex/vanilla/gnu/spy\libqs_cortex-m3_cs.a(qs_str.o)
                0x00003cb8                QS_str
                0x00003d8c                QS_str_ROM
 .text          0x00003e60       0x48 c:/tools/codesourcery/bin/../lib/gcc/arm-none-eabi/4.5.2/../../../../arm-none-eabi/lib/thumb2\libc.a(lib_a-init.o)
                0x00003e60                __libc_init_array
 *(.text*)
 *(.rodata)
 .rodata        0x00003ea8       0x84 spy/main.o
 .rodata        0x00003f2c       0x74 spy/table.o
                0x00003f9c                AO_Table
 .rodata        0x00003fa0      0x2c0 spy/display96x16x1.o
 .rodata        0x00004260      0x114 spy/philo.o
                0x00004360                AO_Philo
 .rodata        0x00004374       0x1c spy/bsp.o
 .rodata        0x00004390       0x5c spy/system_lm3s.o
 .rodata        0x000043ec        0x8 D:\software\qpc/ports/arm-cortex/vanilla/gnu/spy\libqf_cortex-m3_cs.a(qa_fifo.o)
 .rodata        0x000043f4        0x8 D:\software\qpc/ports/arm-cortex/vanilla/gnu/spy\libqf_cortex-m3_cs.a(qa_sub.o)
 .rodata        0x000043fc       0x10 D:\software\qpc/ports/arm-cortex/vanilla/gnu/spy\libqf_cortex-m3_cs.a(qf_act.o)
 .rodata        0x0000440c        0x8 D:\software\qpc/ports/arm-cortex/vanilla/gnu/spy\libqf_cortex-m3_cs.a(qf_new.o)
 .rodata        0x00004414        0x8 D:\software\qpc/ports/arm-cortex/vanilla/gnu/spy\libqf_cortex-m3_cs.a(qf_pool.o)
 .rodata        0x0000441c        0xc D:\software\qpc/ports/arm-cortex/vanilla/gnu/spy\libqf_cortex-m3_cs.a(qf_pspub.o)
 .rodata        0x00004428       0xcc D:\software\qpc/ports/arm-cortex/vanilla/gnu/spy\libqf_cortex-m3_cs.a(qf_pwr2.o)
                0x00004428                QF_pwr2Lkup
                0x0000446c                QF_invPwr2Lkup
                0x000044b0                QF_div8Lkup
 .rodata        0x000044f4        0x8 D:\software\qpc/ports/arm-cortex/vanilla/gnu/spy\libqf_cortex-m3_cs.a(qmp_get.o)
 .rodata        0x000044fc        0xc D:\software\qpc/ports/arm-cortex/vanilla/gnu/spy\libqf_cortex-m3_cs.a(qmp_init.o)
 .rodata        0x00004508        0xc D:\software\qpc/ports/arm-cortex/vanilla/gnu/spy\libqf_cortex-m3_cs.a(qte_ctor.o)
 .rodata        0x00004514        0x8 D:\software\qpc/ports/arm-cortex/vanilla/gnu/spy\libqf_cortex-m3_cs.a(qte_arm.o)
 .rodata        0x0000451c       0x14 D:\software\qpc/ports/arm-cortex/vanilla/gnu/spy\libqf_cortex-m3_cs.a(qvanilla.o)
 .rodata        0x00004530        0x8 D:\software\qpc/ports/arm-cortex/vanilla/gnu/spy\libqf_cortex-m3_cs.a(qa_get_.o)
 .rodata        0x00004538        0x8 D:\software\qpc/ports/arm-cortex/vanilla/gnu/spy\libqf_cortex-m3_cs.a(qf_gc.o)
 .rodata        0x00004540      0x100 D:\software\qpc/ports/arm-cortex/vanilla/gnu/spy\libqf_cortex-m3_cs.a(qf_log2.o)
                0x00004540                QF_log2Lkup
 .rodata        0x00004640        0x8 D:\software\qpc/ports/arm-cortex/vanilla/gnu/spy\libqf_cortex-m3_cs.a(qmp_put.o)
 .rodata        0x00004648        0xc D:\software\qpc/ports/arm-cortex/vanilla/gnu/spy\libqep_cortex-m3_cs.a(qhsm_ini.o)
 .rodata        0x00004654        0xc D:\software\qpc/ports/arm-cortex/vanilla/gnu/spy\libqep_cortex-m3_cs.a(qhsm_dis.o)
 .rodata        0x00004660       0x18 D:\software\qpc/ports/arm-cortex/vanilla/gnu/spy\libqep_cortex-m3_cs.a(qep.o)
                0x00004668                QEP_reservedEvt_
 .rodata        0x00004678        0x8 D:\software\qpc/ports/arm-cortex/vanilla/gnu/spy\libqs_cortex-m3_cs.a(qs.o)
 *(.rodata*)
 .rodata.str1.4
                0x00004680       0x21 spy/table.o
                                 0x24 (size before relaxing)
 *fill*         0x000046a1        0x3 00
 .rodata.str1.4
                0x000046a4       0x1e spy/bsp.o
                                 0x20 (size before relaxing)
 *fill*         0x000046c2        0x2 00
 .rodata.str1.4
                0x000046c4       0x18 spy/startup_lm3s.o
 *(.init)
 *(.fini)
                0x000046dc                . = ALIGN (0x4)

.glue_7         0x000046dc        0x0
 .glue_7        0x00000000        0x0 linker stubs

.glue_7t        0x000046dc        0x0
 .glue_7t       0x00000000        0x0 linker stubs

.vfp11_veneer   0x000046dc        0x0
 .vfp11_veneer  0x00000000        0x0 linker stubs

.v4_bx          0x000046dc        0x0
 .v4_bx         0x00000000        0x0 linker stubs

.preinit_array  0x000046dc        0x0
                0x000046dc                PROVIDE (__preinit_array_start, .)
 *(.preinit_array*)
                0x000046dc                PROVIDE (__preinit_array_end, .)

.init_array     0x000046dc        0x0
                0x000046dc                PROVIDE (__init_array_start, .)
 *(SORT(.init_array.*))
 *(.init_array*)
                0x000046dc                PROVIDE (__init_array_end, .)

.fini_array     0x000046dc        0x0
                0x000046dc                PROVIDE (__fini_array_start, .)
 *(.fini_array*)
 *(SORT(.fini_array.*))
                0x000046dc                PROVIDE (__fini_array_end, .)
                0x000046dc                _etext = .

.data           0x20000000        0x0 load address 0x000046dc
                0x000046dc                __data_load = LOADADDR (.data)
                0x20000000                __data_start = .
 *(.data)
 .data          0x20000000        0x0 spy/main.o
 .data          0x20000000        0x0 spy/table.o
 .data          0x20000000        0x0 spy/display96x16x1.o
 .data          0x20000000        0x0 spy/philo.o
 .data          0x20000000        0x0 spy/bsp.o
 .data          0x20000000        0x0 spy/startup_lm3s.o
 .data          0x20000000        0x0 spy/core_cm3.o
 .data          0x20000000        0x0 spy/system_lm3s.o
 .data          0x20000000        0x0 D:\software\qpc/ports/arm-cortex/vanilla/gnu/spy\libqf_cortex-m3_cs.a(qa_fifo.o)
 .data          0x20000000        0x0 D:\software\qpc/ports/arm-cortex/vanilla/gnu/spy\libqf_cortex-m3_cs.a(qa_sub.o)
 .data          0x20000000        0x0 D:\software\qpc/ports/arm-cortex/vanilla/gnu/spy\libqf_cortex-m3_cs.a(qf_act.o)
 .data          0x20000000        0x0 D:\software\qpc/ports/arm-cortex/vanilla/gnu/spy\libqf_cortex-m3_cs.a(qf_new.o)
 .data          0x20000000        0x0 D:\software\qpc/ports/arm-cortex/vanilla/gnu/spy\libqf_cortex-m3_cs.a(qf_pool.o)
 .data          0x20000000        0x0 D:\software\qpc/ports/arm-cortex/vanilla/gnu/spy\libqf_cortex-m3_cs.a(qf_psini.o)
 .data          0x20000000        0x0 D:\software\qpc/ports/arm-cortex/vanilla/gnu/spy\libqf_cortex-m3_cs.a(qf_pspub.o)
 .data          0x20000000        0x0 D:\software\qpc/ports/arm-cortex/vanilla/gnu/spy\libqf_cortex-m3_cs.a(qf_pwr2.o)
 .data          0x20000000        0x0 D:\software\qpc/ports/arm-cortex/vanilla/gnu/spy\libqf_cortex-m3_cs.a(qf_tick.o)
 .data          0x20000000        0x0 D:\software\qpc/ports/arm-cortex/vanilla/gnu/spy\libqf_cortex-m3_cs.a(qmp_get.o)
 .data          0x20000000        0x0 D:\software\qpc/ports/arm-cortex/vanilla/gnu/spy\libqf_cortex-m3_cs.a(qmp_init.o)
 .data          0x20000000        0x0 D:\software\qpc/ports/arm-cortex/vanilla/gnu/spy\libqf_cortex-m3_cs.a(qte_ctor.o)
 .data          0x20000000        0x0 D:\software\qpc/ports/arm-cortex/vanilla/gnu/spy\libqf_cortex-m3_cs.a(qte_arm.o)
 .data          0x20000000        0x0 D:\software\qpc/ports/arm-cortex/vanilla/gnu/spy\libqf_cortex-m3_cs.a(qvanilla.o)
 .data          0x20000000        0x0 D:\software\qpc/ports/arm-cortex/vanilla/gnu/spy\libqf_cortex-m3_cs.a(qa_get_.o)
 .data          0x20000000        0x0 D:\software\qpc/ports/arm-cortex/vanilla/gnu/spy\libqf_cortex-m3_cs.a(qeq_init.o)
 .data          0x20000000        0x0 D:\software\qpc/ports/arm-cortex/vanilla/gnu/spy\libqf_cortex-m3_cs.a(qf_gc.o)
 .data          0x20000000        0x0 D:\software\qpc/ports/arm-cortex/vanilla/gnu/spy\libqf_cortex-m3_cs.a(qf_log2.o)
 .data          0x20000000        0x0 D:\software\qpc/ports/arm-cortex/vanilla/gnu/spy\libqf_cortex-m3_cs.a(qmp_put.o)
 .data          0x20000000        0x0 D:\software\qpc/ports/arm-cortex/vanilla/gnu/spy\libqep_cortex-m3_cs.a(qhsm_ini.o)
 .data          0x20000000        0x0 D:\software\qpc/ports/arm-cortex/vanilla/gnu/spy\libqep_cortex-m3_cs.a(qhsm_dis.o)
 .data          0x20000000        0x0 D:\software\qpc/ports/arm-cortex/vanilla/gnu/spy\libqep_cortex-m3_cs.a(qhsm_top.o)
 .data          0x20000000        0x0 D:\software\qpc/ports/arm-cortex/vanilla/gnu/spy\libqep_cortex-m3_cs.a(qep.o)
 .data          0x20000000        0x0 D:\software\qpc/ports/arm-cortex/vanilla/gnu/spy\libqs_cortex-m3_cs.a(qs.o)
 .data          0x20000000        0x0 D:\software\qpc/ports/arm-cortex/vanilla/gnu/spy\libqs_cortex-m3_cs.a(qs_.o)
 .data          0x20000000        0x0 D:\software\qpc/ports/arm-cortex/vanilla/gnu/spy\libqs_cortex-m3_cs.a(qs_blk.o)
 .data          0x20000000        0x0 D:\software\qpc/ports/arm-cortex/vanilla/gnu/spy\libqs_cortex-m3_cs.a(qs_str.o)
 .data          0x20000000        0x0 c:/tools/codesourcery/bin/../lib/gcc/arm-none-eabi/4.5.2/../../../../arm-none-eabi/lib/thumb2\libc.a(lib_a-init.o)
 *(.data*)
                0x20000000                . = ALIGN (0x4)
                0x20000000                __data_end__ = .
                0x20000000                _edata = __data_end__

.bss            0x20000000      0xa08 load address 0x000046dc
                0x20000000                __bss_start__ = .
 *(.bss)
 .bss           0x20000000      0x100 spy/main.o
 .bss           0x20000100       0x24 spy/table.o
 .bss           0x20000124        0x8 spy/display96x16x1.o
 .bss           0x2000012c       0xe0 spy/philo.o
 .bss           0x2000020c      0x60c spy/bsp.o
                0x2000020c                QS_tickTime_
                0x20000210                QS_tickPeriod_
 .bss           0x20000818        0x0 spy/startup_lm3s.o
 .bss           0x20000818        0x0 spy/core_cm3.o
 .bss           0x20000818        0x4 spy/system_lm3s.o
                0x20000818                SystemFrequency
 .bss           0x2000081c        0x0 D:\software\qpc/ports/arm-cortex/vanilla/gnu/spy\libqf_cortex-m3_cs.a(qa_fifo.o)
 .bss           0x2000081c        0x0 D:\software\qpc/ports/arm-cortex/vanilla/gnu/spy\libqf_cortex-m3_cs.a(qa_sub.o)
 .bss           0x2000081c      0x104 D:\software\qpc/ports/arm-cortex/vanilla/gnu/spy\libqf_cortex-m3_cs.a(qf_act.o)
                0x2000081c                QF_active_
                0x2000091c                QF_intLockNest_
 .bss           0x20000920        0x0 D:\software\qpc/ports/arm-cortex/vanilla/gnu/spy\libqf_cortex-m3_cs.a(qf_new.o)
 .bss           0x20000920       0x7c D:\software\qpc/ports/arm-cortex/vanilla/gnu/spy\libqf_cortex-m3_cs.a(qf_pool.o)
                0x20000920                QF_maxPool_
                0x20000924                QF_pool_
 .bss           0x2000099c        0x8 D:\software\qpc/ports/arm-cortex/vanilla/gnu/spy\libqf_cortex-m3_cs.a(qf_psini.o)
                0x2000099c                QF_subscrList_
                0x200009a0                QF_maxSignal_
 .bss           0x200009a4        0x0 D:\software\qpc/ports/arm-cortex/vanilla/gnu/spy\libqf_cortex-m3_cs.a(qf_pspub.o)
 .bss           0x200009a4        0x0 D:\software\qpc/ports/arm-cortex/vanilla/gnu/spy\libqf_cortex-m3_cs.a(qf_pwr2.o)
 .bss           0x200009a4        0x1 D:\software\qpc/ports/arm-cortex/vanilla/gnu/spy\libqf_cortex-m3_cs.a(qf_tick.o)
 .bss           0x200009a5        0x0 D:\software\qpc/ports/arm-cortex/vanilla/gnu/spy\libqf_cortex-m3_cs.a(qmp_get.o)
 .bss           0x200009a5        0x0 D:\software\qpc/ports/arm-cortex/vanilla/gnu/spy\libqf_cortex-m3_cs.a(qmp_init.o)
 .bss           0x200009a5        0x0 D:\software\qpc/ports/arm-cortex/vanilla/gnu/spy\libqf_cortex-m3_cs.a(qte_ctor.o)
 *fill*         0x200009a5        0x3 00
 .bss           0x200009a8        0x4 D:\software\qpc/ports/arm-cortex/vanilla/gnu/spy\libqf_cortex-m3_cs.a(qte_arm.o)
                0x200009a8                QF_timeEvtListHead_
 .bss           0x200009ac        0xc D:\software\qpc/ports/arm-cortex/vanilla/gnu/spy\libqf_cortex-m3_cs.a(qvanilla.o)
                0x200009ac                QF_readySet_
 .bss           0x200009b8        0x0 D:\software\qpc/ports/arm-cortex/vanilla/gnu/spy\libqf_cortex-m3_cs.a(qa_get_.o)
 .bss           0x200009b8        0x0 D:\software\qpc/ports/arm-cortex/vanilla/gnu/spy\libqf_cortex-m3_cs.a(qeq_init.o)
 .bss           0x200009b8        0x0 D:\software\qpc/ports/arm-cortex/vanilla/gnu/spy\libqf_cortex-m3_cs.a(qf_gc.o)
 .bss           0x200009b8        0x0 D:\software\qpc/ports/arm-cortex/vanilla/gnu/spy\libqf_cortex-m3_cs.a(qf_log2.o)
 .bss           0x200009b8        0x0 D:\software\qpc/ports/arm-cortex/vanilla/gnu/spy\libqf_cortex-m3_cs.a(qmp_put.o)
 .bss           0x200009b8        0x0 D:\software\qpc/ports/arm-cortex/vanilla/gnu/spy\libqep_cortex-m3_cs.a(qhsm_ini.o)
 .bss           0x200009b8        0x0 D:\software\qpc/ports/arm-cortex/vanilla/gnu/spy\libqep_cortex-m3_cs.a(qhsm_dis.o)
 .bss           0x200009b8        0x0 D:\software\qpc/ports/arm-cortex/vanilla/gnu/spy\libqep_cortex-m3_cs.a(qhsm_top.o)
 .bss           0x200009b8        0x0 D:\software\qpc/ports/arm-cortex/vanilla/gnu/spy\libqep_cortex-m3_cs.a(qep.o)
 .bss           0x200009b8       0x34 D:\software\qpc/ports/arm-cortex/vanilla/gnu/spy\libqs_cortex-m3_cs.a(qs.o)
                0x200009b8                QS_ring_
                0x200009bc                QS_end_
                0x200009c0                QS_glbFilter_
                0x200009e0                QS_seq_
                0x200009e1                QS_chksum_
                0x200009e2                QS_head_
                0x200009e4                QS_used_
                0x200009e6                QS_tail_
                0x200009e8                QS_full_
 .bss           0x200009ec       0x1c D:\software\qpc/ports/arm-cortex/vanilla/gnu/spy\libqs_cortex-m3_cs.a(qs_.o)
                0x200009ec                QS_smObj_
                0x200009f0                QS_aoObj_
                0x200009f4                QS_mpObj_
                0x200009f8                QS_eqObj_
                0x200009fc                QS_teObj_
                0x20000a00                QS_apObj_
                0x20000a04                QS_tickCtr_
 .bss           0x20000a08        0x0 D:\software\qpc/ports/arm-cortex/vanilla/gnu/spy\libqs_cortex-m3_cs.a(qs_blk.o)
 .bss           0x20000a08        0x0 D:\software\qpc/ports/arm-cortex/vanilla/gnu/spy\libqs_cortex-m3_cs.a(qs_str.o)
 .bss           0x20000a08        0x0 c:/tools/codesourcery/bin/../lib/gcc/arm-none-eabi/4.5.2/../../../../arm-none-eabi/lib/thumb2\libc.a(lib_a-init.o)
 *(.bss*)
 *(COMMON)
                0x20000a08                . = ALIGN (0x4)
                0x20000a08                _ebss = .
                0x20000a08                __bss_end__ = .
                0x20000a08                PROVIDE (end, _ebss)
                0x20000a08                PROVIDE (_end, _ebss)
                0x20000a08                PROVIDE (__end__, _ebss)

.heap           0x20000a08        0x0
                0x20000a08                __heap_start__ = .
                0x20000a08                . = (. + HEAP_SIZE)
                0x20000a08                . = ALIGN (0x4)
                0x20000a08                __heap_end__ = .

.stack          0x20000a08      0x258 load address 0x000050e4
                0x20000a08                __stack_start__ = .
                0x20000c60                . = (. + STACK_SIZE)
 *fill*         0x20000a08      0x258 00
                0x20000c60                . = ALIGN (0x4)
                0x20000c60                __c_stack_top__ = .
                0x20000c60                __stack_end__ = .

/DISCARD/
 libc.a(*)
 libm.a(*)
 libgcc.a(*)
OUTPUT(spy/dpp.elf elf32-littlearm)

.debug_abbrev   0x00000000     0x27d5
 .debug_abbrev  0x00000000      0x185 spy/main.o
 .debug_abbrev  0x00000185      0x173 spy/table.o
 .debug_abbrev  0x000002f8      0x19b spy/display96x16x1.o
 .debug_abbrev  0x00000493      0x19e spy/philo.o
 .debug_abbrev  0x00000631      0x322 spy/bsp.o
 .debug_abbrev  0x00000953      0x111 spy/startup_lm3s.o
 .debug_abbrev  0x00000a64       0xb2 spy/core_cm3.o
 .debug_abbrev  0x00000b16      0x104 spy/system_lm3s.o
 .debug_abbrev  0x00000c1a      0x129 D:\software\qpc/ports/arm-cortex/vanilla/gnu/spy\libqf_cortex-m3_cs.a(qa_fifo.o)
 .debug_abbrev  0x00000d43      0x161 D:\software\qpc/ports/arm-cortex/vanilla/gnu/spy\libqf_cortex-m3_cs.a(qa_sub.o)
 .debug_abbrev  0x00000ea4      0x14c D:\software\qpc/ports/arm-cortex/vanilla/gnu/spy\libqf_cortex-m3_cs.a(qf_act.o)
 .debug_abbrev  0x00000ff0      0x10b D:\software\qpc/ports/arm-cortex/vanilla/gnu/spy\libqf_cortex-m3_cs.a(qf_new.o)
 .debug_abbrev  0x000010fb       0xdb D:\software\qpc/ports/arm-cortex/vanilla/gnu/spy\libqf_cortex-m3_cs.a(qf_pool.o)
 .debug_abbrev  0x000011d6       0xc5 D:\software\qpc/ports/arm-cortex/vanilla/gnu/spy\libqf_cortex-m3_cs.a(qf_psini.o)
 .debug_abbrev  0x0000129b      0x171 D:\software\qpc/ports/arm-cortex/vanilla/gnu/spy\libqf_cortex-m3_cs.a(qf_pspub.o)
 .debug_abbrev  0x0000140c       0x61 D:\software\qpc/ports/arm-cortex/vanilla/gnu/spy\libqf_cortex-m3_cs.a(qf_pwr2.o)
 .debug_abbrev  0x0000146d      0x15b D:\software\qpc/ports/arm-cortex/vanilla/gnu/spy\libqf_cortex-m3_cs.a(qf_tick.o)
 .debug_abbrev  0x000015c8      0x11d D:\software\qpc/ports/arm-cortex/vanilla/gnu/spy\libqf_cortex-m3_cs.a(qmp_get.o)
 .debug_abbrev  0x000016e5      0x11d D:\software\qpc/ports/arm-cortex/vanilla/gnu/spy\libqf_cortex-m3_cs.a(qmp_init.o)
 .debug_abbrev  0x00001802      0x126 D:\software\qpc/ports/arm-cortex/vanilla/gnu/spy\libqf_cortex-m3_cs.a(qte_ctor.o)
 .debug_abbrev  0x00001928      0x16b D:\software\qpc/ports/arm-cortex/vanilla/gnu/spy\libqf_cortex-m3_cs.a(qte_arm.o)
 .debug_abbrev  0x00001a93      0x192 D:\software\qpc/ports/arm-cortex/vanilla/gnu/spy\libqf_cortex-m3_cs.a(qvanilla.o)
 .debug_abbrev  0x00001c25      0x14c D:\software\qpc/ports/arm-cortex/vanilla/gnu/spy\libqf_cortex-m3_cs.a(qa_get_.o)
 .debug_abbrev  0x00001d71       0xe9 D:\software\qpc/ports/arm-cortex/vanilla/gnu/spy\libqf_cortex-m3_cs.a(qeq_init.o)
 .debug_abbrev  0x00001e5a      0x103 D:\software\qpc/ports/arm-cortex/vanilla/gnu/spy\libqf_cortex-m3_cs.a(qf_gc.o)
 .debug_abbrev  0x00001f5d       0x61 D:\software\qpc/ports/arm-cortex/vanilla/gnu/spy\libqf_cortex-m3_cs.a(qf_log2.o)
 .debug_abbrev  0x00001fbe       0xf0 D:\software\qpc/ports/arm-cortex/vanilla/gnu/spy\libqf_cortex-m3_cs.a(qmp_put.o)
 .debug_abbrev  0x000020ae      0x12c D:\software\qpc/ports/arm-cortex/vanilla/gnu/spy\libqep_cortex-m3_cs.a(qhsm_ini.o)
 .debug_abbrev  0x000021da      0x12c D:\software\qpc/ports/arm-cortex/vanilla/gnu/spy\libqep_cortex-m3_cs.a(qhsm_dis.o)
 .debug_abbrev  0x00002306       0xc4 D:\software\qpc/ports/arm-cortex/vanilla/gnu/spy\libqep_cortex-m3_cs.a(qhsm_top.o)
 .debug_abbrev  0x000023ca       0xe6 D:\software\qpc/ports/arm-cortex/vanilla/gnu/spy\libqep_cortex-m3_cs.a(qep.o)
 .debug_abbrev  0x000024b0      0x12f D:\software\qpc/ports/arm-cortex/vanilla/gnu/spy\libqs_cortex-m3_cs.a(qs.o)
 .debug_abbrev  0x000025df       0xaa D:\software\qpc/ports/arm-cortex/vanilla/gnu/spy\libqs_cortex-m3_cs.a(qs_.o)
 .debug_abbrev  0x00002689       0xa7 D:\software\qpc/ports/arm-cortex/vanilla/gnu/spy\libqs_cortex-m3_cs.a(qs_blk.o)
 .debug_abbrev  0x00002730       0xa5 D:\software\qpc/ports/arm-cortex/vanilla/gnu/spy\libqs_cortex-m3_cs.a(qs_str.o)

.debug_info     0x00000000     0xa239
 .debug_info    0x00000000      0x738 spy/main.o
 .debug_info    0x00000738      0x7b3 spy/table.o
 .debug_info    0x00000eeb      0x90f spy/display96x16x1.o
 .debug_info    0x000017fa      0xa0b spy/philo.o
 .debug_info    0x00002205     0x1464 spy/bsp.o
 .debug_info    0x00003669      0x1c1 spy/startup_lm3s.o
 .debug_info    0x0000382a      0x54b spy/core_cm3.o
 .debug_info    0x00003d75      0x444 spy/system_lm3s.o
 .debug_info    0x000041b9      0x57e D:\software\qpc/ports/arm-cortex/vanilla/gnu/spy\libqf_cortex-m3_cs.a(qa_fifo.o)
 .debug_info    0x00004737      0x5c9 D:\software\qpc/ports/arm-cortex/vanilla/gnu/spy\libqf_cortex-m3_cs.a(qa_sub.o)
 .debug_info    0x00004d00      0x544 D:\software\qpc/ports/arm-cortex/vanilla/gnu/spy\libqf_cortex-m3_cs.a(qf_act.o)
 .debug_info    0x00005244      0x423 D:\software\qpc/ports/arm-cortex/vanilla/gnu/spy\libqf_cortex-m3_cs.a(qf_new.o)
 .debug_info    0x00005667      0x1ec D:\software\qpc/ports/arm-cortex/vanilla/gnu/spy\libqf_cortex-m3_cs.a(qf_pool.o)
 .debug_info    0x00005853      0x13d D:\software\qpc/ports/arm-cortex/vanilla/gnu/spy\libqf_cortex-m3_cs.a(qf_psini.o)
 .debug_info    0x00005990      0x5ba D:\software\qpc/ports/arm-cortex/vanilla/gnu/spy\libqf_cortex-m3_cs.a(qf_pspub.o)
 .debug_info    0x00005f4a       0xcc D:\software\qpc/ports/arm-cortex/vanilla/gnu/spy\libqf_cortex-m3_cs.a(qf_pwr2.o)
 .debug_info    0x00006016      0x54e D:\software\qpc/ports/arm-cortex/vanilla/gnu/spy\libqf_cortex-m3_cs.a(qf_tick.o)
 .debug_info    0x00006564      0x443 D:\software\qpc/ports/arm-cortex/vanilla/gnu/spy\libqf_cortex-m3_cs.a(qmp_get.o)
 .debug_info    0x000069a7      0x3ff D:\software\qpc/ports/arm-cortex/vanilla/gnu/spy\libqf_cortex-m3_cs.a(qmp_init.o)
 .debug_info    0x00006da6      0x32a D:\software\qpc/ports/arm-cortex/vanilla/gnu/spy\libqf_cortex-m3_cs.a(qte_ctor.o)
 .debug_info    0x000070d0      0x56c D:\software\qpc/ports/arm-cortex/vanilla/gnu/spy\libqf_cortex-m3_cs.a(qte_arm.o)
 .debug_info    0x0000763c      0x495 D:\software\qpc/ports/arm-cortex/vanilla/gnu/spy\libqf_cortex-m3_cs.a(qvanilla.o)
 .debug_info    0x00007ad1      0x5d2 D:\software\qpc/ports/arm-cortex/vanilla/gnu/spy\libqf_cortex-m3_cs.a(qa_get_.o)
 .debug_info    0x000080a3      0x3c5 D:\software\qpc/ports/arm-cortex/vanilla/gnu/spy\libqf_cortex-m3_cs.a(qeq_init.o)
 .debug_info    0x00008468      0x405 D:\software\qpc/ports/arm-cortex/vanilla/gnu/spy\libqf_cortex-m3_cs.a(qf_gc.o)
 .debug_info    0x0000886d       0x9e D:\software\qpc/ports/arm-cortex/vanilla/gnu/spy\libqf_cortex-m3_cs.a(qf_log2.o)
 .debug_info    0x0000890b      0x3bc D:\software\qpc/ports/arm-cortex/vanilla/gnu/spy\libqf_cortex-m3_cs.a(qmp_put.o)
 .debug_info    0x00008cc7      0x467 D:\software\qpc/ports/arm-cortex/vanilla/gnu/spy\libqep_cortex-m3_cs.a(qhsm_ini.o)
 .debug_info    0x0000912e      0x49e D:\software\qpc/ports/arm-cortex/vanilla/gnu/spy\libqep_cortex-m3_cs.a(qhsm_dis.o)
 .debug_info    0x000095cc      0x16f D:\software\qpc/ports/arm-cortex/vanilla/gnu/spy\libqep_cortex-m3_cs.a(qhsm_top.o)
 .debug_info    0x0000973b      0x18a D:\software\qpc/ports/arm-cortex/vanilla/gnu/spy\libqep_cortex-m3_cs.a(qep.o)
 .debug_info    0x000098c5      0x381 D:\software\qpc/ports/arm-cortex/vanilla/gnu/spy\libqs_cortex-m3_cs.a(qs.o)
 .debug_info    0x00009c46      0x297 D:\software\qpc/ports/arm-cortex/vanilla/gnu/spy\libqs_cortex-m3_cs.a(qs_.o)
 .debug_info    0x00009edd      0x16c D:\software\qpc/ports/arm-cortex/vanilla/gnu/spy\libqs_cortex-m3_cs.a(qs_blk.o)
 .debug_info    0x0000a049      0x1f0 D:\software\qpc/ports/arm-cortex/vanilla/gnu/spy\libqs_cortex-m3_cs.a(qs_str.o)

.debug_line     0x00000000     0x32e8
 .debug_line    0x00000000      0x134 spy/main.o
 .debug_line    0x00000134      0x1a9 spy/table.o
 .debug_line    0x000002dd      0x24c spy/display96x16x1.o
 .debug_line    0x00000529      0x1c5 spy/philo.o
 .debug_line    0x000006ee      0x220 spy/bsp.o
 .debug_line    0x0000090e       0x73 spy/startup_lm3s.o
 .debug_line    0x00000981      0x113 spy/core_cm3.o
 .debug_line    0x00000a94      0x19d spy/system_lm3s.o
 .debug_line    0x00000c31      0x16c D:\software\qpc/ports/arm-cortex/vanilla/gnu/spy\libqf_cortex-m3_cs.a(qa_fifo.o)
 .debug_line    0x00000d9d      0x165 D:\software\qpc/ports/arm-cortex/vanilla/gnu/spy\libqf_cortex-m3_cs.a(qa_sub.o)
 .debug_line    0x00000f02      0x170 D:\software\qpc/ports/arm-cortex/vanilla/gnu/spy\libqf_cortex-m3_cs.a(qf_act.o)
 .debug_line    0x00001072      0x14f D:\software\qpc/ports/arm-cortex/vanilla/gnu/spy\libqf_cortex-m3_cs.a(qf_new.o)
 .debug_line    0x000011c1      0x119 D:\software\qpc/ports/arm-cortex/vanilla/gnu/spy\libqf_cortex-m3_cs.a(qf_pool.o)
 .debug_line    0x000012da      0x105 D:\software\qpc/ports/arm-cortex/vanilla/gnu/spy\libqf_cortex-m3_cs.a(qf_psini.o)
 .debug_line    0x000013df      0x172 D:\software\qpc/ports/arm-cortex/vanilla/gnu/spy\libqf_cortex-m3_cs.a(qf_pspub.o)
 .debug_line    0x00001551       0xa7 D:\software\qpc/ports/arm-cortex/vanilla/gnu/spy\libqf_cortex-m3_cs.a(qf_pwr2.o)
 .debug_line    0x000015f8      0x19f D:\software\qpc/ports/arm-cortex/vanilla/gnu/spy\libqf_cortex-m3_cs.a(qf_tick.o)
 .debug_line    0x00001797      0x147 D:\software\qpc/ports/arm-cortex/vanilla/gnu/spy\libqf_cortex-m3_cs.a(qmp_get.o)
 .debug_line    0x000018de      0x15a D:\software\qpc/ports/arm-cortex/vanilla/gnu/spy\libqf_cortex-m3_cs.a(qmp_init.o)
 .debug_line    0x00001a38      0x105 D:\software\qpc/ports/arm-cortex/vanilla/gnu/spy\libqf_cortex-m3_cs.a(qte_ctor.o)
 .debug_line    0x00001b3d      0x170 D:\software\qpc/ports/arm-cortex/vanilla/gnu/spy\libqf_cortex-m3_cs.a(qte_arm.o)
 .debug_line    0x00001cad      0x147 D:\software\qpc/ports/arm-cortex/vanilla/gnu/spy\libqf_cortex-m3_cs.a(qvanilla.o)
 .debug_line    0x00001df4      0x1a7 D:\software\qpc/ports/arm-cortex/vanilla/gnu/spy\libqf_cortex-m3_cs.a(qa_get_.o)
 .debug_line    0x00001f9b      0x114 D:\software\qpc/ports/arm-cortex/vanilla/gnu/spy\libqf_cortex-m3_cs.a(qeq_init.o)
 .debug_line    0x000020af      0x15c D:\software\qpc/ports/arm-cortex/vanilla/gnu/spy\libqf_cortex-m3_cs.a(qf_gc.o)
 .debug_line    0x0000220b       0xa7 D:\software\qpc/ports/arm-cortex/vanilla/gnu/spy\libqf_cortex-m3_cs.a(qf_log2.o)
 .debug_line    0x000022b2      0x13f D:\software\qpc/ports/arm-cortex/vanilla/gnu/spy\libqf_cortex-m3_cs.a(qmp_put.o)
 .debug_line    0x000023f1      0x1a4 D:\software\qpc/ports/arm-cortex/vanilla/gnu/spy\libqep_cortex-m3_cs.a(qhsm_ini.o)
 .debug_line    0x00002595      0x360 D:\software\qpc/ports/arm-cortex/vanilla/gnu/spy\libqep_cortex-m3_cs.a(qhsm_dis.o)
 .debug_line    0x000028f5       0xe2 D:\software\qpc/ports/arm-cortex/vanilla/gnu/spy\libqep_cortex-m3_cs.a(qhsm_top.o)
 .debug_line    0x000029d7      0x104 D:\software\qpc/ports/arm-cortex/vanilla/gnu/spy\libqep_cortex-m3_cs.a(qep.o)
 .debug_line    0x00002adb      0x375 D:\software\qpc/ports/arm-cortex/vanilla/gnu/spy\libqs_cortex-m3_cs.a(qs.o)
 .debug_line    0x00002e50      0x261 D:\software\qpc/ports/arm-cortex/vanilla/gnu/spy\libqs_cortex-m3_cs.a(qs_.o)
 .debug_line    0x000030b1       0xe4 D:\software\qpc/ports/arm-cortex/vanilla/gnu/spy\libqs_cortex-m3_cs.a(qs_blk.o)
 .debug_line    0x00003195      0x153 D:\software\qpc/ports/arm-cortex/vanilla/gnu/spy\libqs_cortex-m3_cs.a(qs_str.o)

.debug_loc      0x00000000     0x21cf
 .debug_loc     0x00000000       0x87 spy/main.o
 .debug_loc     0x00000087      0x1ba spy/table.o
 .debug_loc     0x00000241      0x362 spy/display96x16x1.o
 .debug_loc     0x000005a3      0x2cf spy/philo.o
 .debug_loc     0x00000872      0x2de spy/bsp.o
 .debug_loc     0x00000b50       0x5e spy/startup_lm3s.o
 .debug_loc     0x00000bae      0x298 spy/core_cm3.o
 .debug_loc     0x00000e46      0x156 spy/system_lm3s.o
 .debug_loc     0x00000f9c       0x9c D:\software\qpc/ports/arm-cortex/vanilla/gnu/spy\libqf_cortex-m3_cs.a(qa_fifo.o)
 .debug_loc     0x00001038       0x51 D:\software\qpc/ports/arm-cortex/vanilla/gnu/spy\libqf_cortex-m3_cs.a(qa_sub.o)
 .debug_loc     0x00001089       0x7c D:\software\qpc/ports/arm-cortex/vanilla/gnu/spy\libqf_cortex-m3_cs.a(qf_act.o)
 .debug_loc     0x00001105       0x99 D:\software\qpc/ports/arm-cortex/vanilla/gnu/spy\libqf_cortex-m3_cs.a(qf_new.o)
 .debug_loc     0x0000119e       0x6f D:\software\qpc/ports/arm-cortex/vanilla/gnu/spy\libqf_cortex-m3_cs.a(qf_pool.o)
 .debug_loc     0x0000120d       0xc9 D:\software\qpc/ports/arm-cortex/vanilla/gnu/spy\libqf_cortex-m3_cs.a(qf_pspub.o)
 .debug_loc     0x000012d6       0x68 D:\software\qpc/ports/arm-cortex/vanilla/gnu/spy\libqf_cortex-m3_cs.a(qf_tick.o)
 .debug_loc     0x0000133e       0xa7 D:\software\qpc/ports/arm-cortex/vanilla/gnu/spy\libqf_cortex-m3_cs.a(qmp_get.o)
 .debug_loc     0x000013e5      0x13c D:\software\qpc/ports/arm-cortex/vanilla/gnu/spy\libqf_cortex-m3_cs.a(qmp_init.o)
 .debug_loc     0x00001521       0x51 D:\software\qpc/ports/arm-cortex/vanilla/gnu/spy\libqf_cortex-m3_cs.a(qte_ctor.o)
 .debug_loc     0x00001572       0x6f D:\software\qpc/ports/arm-cortex/vanilla/gnu/spy\libqf_cortex-m3_cs.a(qte_arm.o)
 .debug_loc     0x000015e1      0x16b D:\software\qpc/ports/arm-cortex/vanilla/gnu/spy\libqf_cortex-m3_cs.a(qvanilla.o)
 .debug_loc     0x0000174c       0x90 D:\software\qpc/ports/arm-cortex/vanilla/gnu/spy\libqf_cortex-m3_cs.a(qa_get_.o)
 .debug_loc     0x000017dc       0x64 D:\software\qpc/ports/arm-cortex/vanilla/gnu/spy\libqf_cortex-m3_cs.a(qeq_init.o)
 .debug_loc     0x00001840       0x51 D:\software\qpc/ports/arm-cortex/vanilla/gnu/spy\libqf_cortex-m3_cs.a(qf_gc.o)
 .debug_loc     0x00001891       0x5c D:\software\qpc/ports/arm-cortex/vanilla/gnu/spy\libqf_cortex-m3_cs.a(qmp_put.o)
 .debug_loc     0x000018ed       0xd3 D:\software\qpc/ports/arm-cortex/vanilla/gnu/spy\libqep_cortex-m3_cs.a(qhsm_ini.o)
 .debug_loc     0x000019c0      0x3a1 D:\software\qpc/ports/arm-cortex/vanilla/gnu/spy\libqep_cortex-m3_cs.a(qhsm_dis.o)
 .debug_loc     0x00001d61       0x13 D:\software\qpc/ports/arm-cortex/vanilla/gnu/spy\libqep_cortex-m3_cs.a(qhsm_top.o)
 .debug_loc     0x00001d74      0x1bc D:\software\qpc/ports/arm-cortex/vanilla/gnu/spy\libqs_cortex-m3_cs.a(qs.o)
 .debug_loc     0x00001f30      0x182 D:\software\qpc/ports/arm-cortex/vanilla/gnu/spy\libqs_cortex-m3_cs.a(qs_.o)
 .debug_loc     0x000020b2       0x99 D:\software\qpc/ports/arm-cortex/vanilla/gnu/spy\libqs_cortex-m3_cs.a(qs_blk.o)
 .debug_loc     0x0000214b       0x84 D:\software\qpc/ports/arm-cortex/vanilla/gnu/spy\libqs_cortex-m3_cs.a(qs_str.o)

.debug_pubnames
                0x00000000      0xaaf
 .debug_pubnames
                0x00000000       0x1b spy/main.o
 .debug_pubnames
                0x0000001b       0x2e spy/table.o
 .debug_pubnames
                0x00000049       0xc3 spy/display96x16x1.o
 .debug_pubnames
                0x0000010c       0x2e spy/philo.o
 .debug_pubnames
                0x0000013a      0x124 spy/bsp.o
 .debug_pubnames
                0x0000025e       0x54 spy/startup_lm3s.o
 .debug_pubnames
                0x000002b2      0x159 spy/core_cm3.o
 .debug_pubnames
                0x0000040b       0x35 spy/system_lm3s.o
 .debug_pubnames
                0x00000440       0x27 D:\software\qpc/ports/arm-cortex/vanilla/gnu/spy\libqf_cortex-m3_cs.a(qa_fifo.o)
 .debug_pubnames
                0x00000467       0x28 D:\software\qpc/ports/arm-cortex/vanilla/gnu/spy\libqf_cortex-m3_cs.a(qa_sub.o)
 .debug_pubnames
                0x0000048f       0x62 D:\software\qpc/ports/arm-cortex/vanilla/gnu/spy\libqf_cortex-m3_cs.a(qf_act.o)
 .debug_pubnames
                0x000004f1       0x1e D:\software\qpc/ports/arm-cortex/vanilla/gnu/spy\libqf_cortex-m3_cs.a(qf_new.o)
 .debug_pubnames
                0x0000050f       0x3f D:\software\qpc/ports/arm-cortex/vanilla/gnu/spy\libqf_cortex-m3_cs.a(qf_pool.o)
 .debug_pubnames
                0x0000054e       0x45 D:\software\qpc/ports/arm-cortex/vanilla/gnu/spy\libqf_cortex-m3_cs.a(qf_psini.o)
 .debug_pubnames
                0x00000593       0x21 D:\software\qpc/ports/arm-cortex/vanilla/gnu/spy\libqf_cortex-m3_cs.a(qf_pspub.o)
 .debug_pubnames
                0x000005b4       0x45 D:\software\qpc/ports/arm-cortex/vanilla/gnu/spy\libqf_cortex-m3_cs.a(qf_pwr2.o)
 .debug_pubnames
                0x000005f9       0x1e D:\software\qpc/ports/arm-cortex/vanilla/gnu/spy\libqf_cortex-m3_cs.a(qf_tick.o)
 .debug_pubnames
                0x00000617       0x36 D:\software\qpc/ports/arm-cortex/vanilla/gnu/spy\libqf_cortex-m3_cs.a(qmp_get.o)
 .debug_pubnames
                0x0000064d       0x22 D:\software\qpc/ports/arm-cortex/vanilla/gnu/spy\libqf_cortex-m3_cs.a(qmp_init.o)
 .debug_pubnames
                0x0000066f       0x24 D:\software\qpc/ports/arm-cortex/vanilla/gnu/spy\libqf_cortex-m3_cs.a(qte_ctor.o)
 .debug_pubnames
                0x00000693       0x3c D:\software\qpc/ports/arm-cortex/vanilla/gnu/spy\libqf_cortex-m3_cs.a(qte_arm.o)
 .debug_pubnames
                0x000006cf       0x7f D:\software\qpc/ports/arm-cortex/vanilla/gnu/spy\libqf_cortex-m3_cs.a(qvanilla.o)
 .debug_pubnames
                0x0000074e       0x39 D:\software\qpc/ports/arm-cortex/vanilla/gnu/spy\libqf_cortex-m3_cs.a(qa_get_.o)
 .debug_pubnames
                0x00000787       0x23 D:\software\qpc/ports/arm-cortex/vanilla/gnu/spy\libqf_cortex-m3_cs.a(qeq_init.o)
 .debug_pubnames
                0x000007aa       0x1c D:\software\qpc/ports/arm-cortex/vanilla/gnu/spy\libqf_cortex-m3_cs.a(qf_gc.o)
 .debug_pubnames
                0x000007c6       0x22 D:\software\qpc/ports/arm-cortex/vanilla/gnu/spy\libqf_cortex-m3_cs.a(qf_log2.o)
 .debug_pubnames
                0x000007e8       0x21 D:\software\qpc/ports/arm-cortex/vanilla/gnu/spy\libqf_cortex-m3_cs.a(qmp_put.o)
 .debug_pubnames
                0x00000809       0x20 D:\software\qpc/ports/arm-cortex/vanilla/gnu/spy\libqep_cortex-m3_cs.a(qhsm_ini.o)
 .debug_pubnames
                0x00000829       0x24 D:\software\qpc/ports/arm-cortex/vanilla/gnu/spy\libqep_cortex-m3_cs.a(qhsm_dis.o)
 .debug_pubnames
                0x0000084d       0x1f D:\software\qpc/ports/arm-cortex/vanilla/gnu/spy\libqep_cortex-m3_cs.a(qhsm_top.o)
 .debug_pubnames
                0x0000086c       0x3a D:\software\qpc/ports/arm-cortex/vanilla/gnu/spy\libqep_cortex-m3_cs.a(qep.o)
 .debug_pubnames
                0x000008a6      0x106 D:\software\qpc/ports/arm-cortex/vanilla/gnu/spy\libqs_cortex-m3_cs.a(qs.o)
 .debug_pubnames
                0x000009ac       0xb5 D:\software\qpc/ports/arm-cortex/vanilla/gnu/spy\libqs_cortex-m3_cs.a(qs_.o)
 .debug_pubnames
                0x00000a61       0x22 D:\software\qpc/ports/arm-cortex/vanilla/gnu/spy\libqs_cortex-m3_cs.a(qs_blk.o)
 .debug_pubnames
                0x00000a83       0x2c D:\software\qpc/ports/arm-cortex/vanilla/gnu/spy\libqs_cortex-m3_cs.a(qs_str.o)

.debug_pubtypes
                0x00000000     0x18c9
 .debug_pubtypes
                0x00000000      0x13b spy/main.o
 .debug_pubtypes
                0x0000013b      0x153 spy/table.o
 .debug_pubtypes
                0x0000028e       0x5d spy/display96x16x1.o
 .debug_pubtypes
                0x000002eb      0x186 spy/philo.o
 .debug_pubtypes
                0x00000471      0x1af spy/bsp.o
 .debug_pubtypes
                0x00000620       0x3c spy/startup_lm3s.o
 .debug_pubtypes
                0x0000065c       0x50 spy/core_cm3.o
 .debug_pubtypes
                0x000006ac       0x3b spy/system_lm3s.o
 .debug_pubtypes
                0x000006e7      0x118 D:\software\qpc/ports/arm-cortex/vanilla/gnu/spy\libqf_cortex-m3_cs.a(qa_fifo.o)
 .debug_pubtypes
                0x000007ff      0x11c D:\software\qpc/ports/arm-cortex/vanilla/gnu/spy\libqf_cortex-m3_cs.a(qa_sub.o)
 .debug_pubtypes
                0x0000091b       0xe4 D:\software\qpc/ports/arm-cortex/vanilla/gnu/spy\libqf_cortex-m3_cs.a(qf_act.o)
 .debug_pubtypes
                0x000009ff       0xa5 D:\software\qpc/ports/arm-cortex/vanilla/gnu/spy\libqf_cortex-m3_cs.a(qf_new.o)
 .debug_pubtypes
                0x00000aa4       0x7d D:\software\qpc/ports/arm-cortex/vanilla/gnu/spy\libqf_cortex-m3_cs.a(qf_pool.o)
 .debug_pubtypes
                0x00000b21       0x5a D:\software\qpc/ports/arm-cortex/vanilla/gnu/spy\libqf_cortex-m3_cs.a(qf_psini.o)
 .debug_pubtypes
                0x00000b7b      0x107 D:\software\qpc/ports/arm-cortex/vanilla/gnu/spy\libqf_cortex-m3_cs.a(qf_pspub.o)
 .debug_pubtypes
                0x00000c82       0x1e D:\software\qpc/ports/arm-cortex/vanilla/gnu/spy\libqf_cortex-m3_cs.a(qf_pwr2.o)
 .debug_pubtypes
                0x00000ca0      0x11f D:\software\qpc/ports/arm-cortex/vanilla/gnu/spy\libqf_cortex-m3_cs.a(qf_tick.o)
 .debug_pubtypes
                0x00000dbf       0x9f D:\software\qpc/ports/arm-cortex/vanilla/gnu/spy\libqf_cortex-m3_cs.a(qmp_get.o)
 .debug_pubtypes
                0x00000e5e       0x9f D:\software\qpc/ports/arm-cortex/vanilla/gnu/spy\libqf_cortex-m3_cs.a(qmp_init.o)
 .debug_pubtypes
                0x00000efd      0x109 D:\software\qpc/ports/arm-cortex/vanilla/gnu/spy\libqf_cortex-m3_cs.a(qte_ctor.o)
 .debug_pubtypes
                0x00001006      0x126 D:\software\qpc/ports/arm-cortex/vanilla/gnu/spy\libqf_cortex-m3_cs.a(qte_arm.o)
 .debug_pubtypes
                0x0000112c      0x108 D:\software\qpc/ports/arm-cortex/vanilla/gnu/spy\libqf_cortex-m3_cs.a(qvanilla.o)
 .debug_pubtypes
                0x00001234      0x118 D:\software\qpc/ports/arm-cortex/vanilla/gnu/spy\libqf_cortex-m3_cs.a(qa_get_.o)
 .debug_pubtypes
                0x0000134c       0x97 D:\software\qpc/ports/arm-cortex/vanilla/gnu/spy\libqf_cortex-m3_cs.a(qeq_init.o)
 .debug_pubtypes
                0x000013e3       0x96 D:\software\qpc/ports/arm-cortex/vanilla/gnu/spy\libqf_cortex-m3_cs.a(qf_gc.o)
 .debug_pubtypes
                0x00001479       0x1e D:\software\qpc/ports/arm-cortex/vanilla/gnu/spy\libqf_cortex-m3_cs.a(qf_log2.o)
 .debug_pubtypes
                0x00001497       0x9f D:\software\qpc/ports/arm-cortex/vanilla/gnu/spy\libqf_cortex-m3_cs.a(qmp_put.o)
 .debug_pubtypes
                0x00001536       0xcc D:\software\qpc/ports/arm-cortex/vanilla/gnu/spy\libqep_cortex-m3_cs.a(qhsm_ini.o)
 .debug_pubtypes
                0x00001602       0xcc D:\software\qpc/ports/arm-cortex/vanilla/gnu/spy\libqep_cortex-m3_cs.a(qhsm_dis.o)
 .debug_pubtypes
                0x000016ce       0x82 D:\software\qpc/ports/arm-cortex/vanilla/gnu/spy\libqep_cortex-m3_cs.a(qhsm_top.o)
 .debug_pubtypes
                0x00001750       0x72 D:\software\qpc/ports/arm-cortex/vanilla/gnu/spy\libqep_cortex-m3_cs.a(qep.o)
 .debug_pubtypes
                0x000017c2       0x42 D:\software\qpc/ports/arm-cortex/vanilla/gnu/spy\libqs_cortex-m3_cs.a(qs.o)
 .debug_pubtypes
                0x00001804       0x50 D:\software\qpc/ports/arm-cortex/vanilla/gnu/spy\libqs_cortex-m3_cs.a(qs_.o)
 .debug_pubtypes
                0x00001854       0x35 D:\software\qpc/ports/arm-cortex/vanilla/gnu/spy\libqs_cortex-m3_cs.a(qs_blk.o)
 .debug_pubtypes
                0x00001889       0x40 D:\software\qpc/ports/arm-cortex/vanilla/gnu/spy\libqs_cortex-m3_cs.a(qs_str.o)

.debug_aranges  0x00000000      0x420
 .debug_aranges
                0x00000000       0x20 spy/main.o
 .debug_aranges
                0x00000020       0x20 spy/table.o
 .debug_aranges
                0x00000040       0x20 spy/display96x16x1.o
 .debug_aranges
                0x00000060       0x20 spy/philo.o
 .debug_aranges
                0x00000080       0x20 spy/bsp.o
 .debug_aranges
                0x000000a0       0x20 spy/startup_lm3s.o
 .debug_aranges
                0x000000c0       0x20 spy/core_cm3.o
 .debug_aranges
                0x000000e0       0x20 spy/system_lm3s.o
 .debug_aranges
                0x00000100       0x20 D:\software\qpc/ports/arm-cortex/vanilla/gnu/spy\libqf_cortex-m3_cs.a(qa_fifo.o)
 .debug_aranges
                0x00000120       0x20 D:\software\qpc/ports/arm-cortex/vanilla/gnu/spy\libqf_cortex-m3_cs.a(qa_sub.o)
 .debug_aranges
                0x00000140       0x20 D:\software\qpc/ports/arm-cortex/vanilla/gnu/spy\libqf_cortex-m3_cs.a(qf_act.o)
 .debug_aranges
                0x00000160       0x20 D:\software\qpc/ports/arm-cortex/vanilla/gnu/spy\libqf_cortex-m3_cs.a(qf_new.o)
 .debug_aranges
                0x00000180       0x20 D:\software\qpc/ports/arm-cortex/vanilla/gnu/spy\libqf_cortex-m3_cs.a(qf_pool.o)
 .debug_aranges
                0x000001a0       0x20 D:\software\qpc/ports/arm-cortex/vanilla/gnu/spy\libqf_cortex-m3_cs.a(qf_psini.o)
 .debug_aranges
                0x000001c0       0x20 D:\software\qpc/ports/arm-cortex/vanilla/gnu/spy\libqf_cortex-m3_cs.a(qf_pspub.o)
 .debug_aranges
                0x000001e0       0x20 D:\software\qpc/ports/arm-cortex/vanilla/gnu/spy\libqf_cortex-m3_cs.a(qf_tick.o)
 .debug_aranges
                0x00000200       0x20 D:\software\qpc/ports/arm-cortex/vanilla/gnu/spy\libqf_cortex-m3_cs.a(qmp_get.o)
 .debug_aranges
                0x00000220       0x20 D:\software\qpc/ports/arm-cortex/vanilla/gnu/spy\libqf_cortex-m3_cs.a(qmp_init.o)
 .debug_aranges
                0x00000240       0x20 D:\software\qpc/ports/arm-cortex/vanilla/gnu/spy\libqf_cortex-m3_cs.a(qte_ctor.o)
 .debug_aranges
                0x00000260       0x20 D:\software\qpc/ports/arm-cortex/vanilla/gnu/spy\libqf_cortex-m3_cs.a(qte_arm.o)
 .debug_aranges
                0x00000280       0x20 D:\software\qpc/ports/arm-cortex/vanilla/gnu/spy\libqf_cortex-m3_cs.a(qvanilla.o)
 .debug_aranges
                0x000002a0       0x20 D:\software\qpc/ports/arm-cortex/vanilla/gnu/spy\libqf_cortex-m3_cs.a(qa_get_.o)
 .debug_aranges
                0x000002c0       0x20 D:\software\qpc/ports/arm-cortex/vanilla/gnu/spy\libqf_cortex-m3_cs.a(qeq_init.o)
 .debug_aranges
                0x000002e0       0x20 D:\software\qpc/ports/arm-cortex/vanilla/gnu/spy\libqf_cortex-m3_cs.a(qf_gc.o)
 .debug_aranges
                0x00000300       0x20 D:\software\qpc/ports/arm-cortex/vanilla/gnu/spy\libqf_cortex-m3_cs.a(qmp_put.o)
 .debug_aranges
                0x00000320       0x20 D:\software\qpc/ports/arm-cortex/vanilla/gnu/spy\libqep_cortex-m3_cs.a(qhsm_ini.o)
 .debug_aranges
                0x00000340       0x20 D:\software\qpc/ports/arm-cortex/vanilla/gnu/spy\libqep_cortex-m3_cs.a(qhsm_dis.o)
 .debug_aranges
                0x00000360       0x20 D:\software\qpc/ports/arm-cortex/vanilla/gnu/spy\libqep_cortex-m3_cs.a(qhsm_top.o)
 .debug_aranges
                0x00000380       0x20 D:\software\qpc/ports/arm-cortex/vanilla/gnu/spy\libqep_cortex-m3_cs.a(qep.o)
 .debug_aranges
                0x000003a0       0x20 D:\software\qpc/ports/arm-cortex/vanilla/gnu/spy\libqs_cortex-m3_cs.a(qs.o)
 .debug_aranges
                0x000003c0       0x20 D:\software\qpc/ports/arm-cortex/vanilla/gnu/spy\libqs_cortex-m3_cs.a(qs_.o)
 .debug_aranges
                0x000003e0       0x20 D:\software\qpc/ports/arm-cortex/vanilla/gnu/spy\libqs_cortex-m3_cs.a(qs_blk.o)
 .debug_aranges
                0x00000400       0x20 D:\software\qpc/ports/arm-cortex/vanilla/gnu/spy\libqs_cortex-m3_cs.a(qs_str.o)

.debug_str      0x00000000     0x1c1f
 .debug_str     0x00000000      0x76d spy/main.o
                                0x7a6 (size before relaxing)
 .debug_str     0x0000076d       0xa7 spy/table.o
                                0x7cf (size before relaxing)
 .debug_str     0x00000814      0x306 spy/display96x16x1.o
                                0x43b (size before relaxing)
 .debug_str     0x00000b1a       0xbe spy/philo.o
                                0x834 (size before relaxing)
 .debug_str     0x00000bd8      0x5e9 spy/bsp.o
                                0xe5c (size before relaxing)
 .debug_str     0x000011c1       0xd5 spy/startup_lm3s.o
                                0x138 (size before relaxing)
 .debug_str     0x00001296      0x14a spy/core_cm3.o
                                0x243 (size before relaxing)
 .debug_str     0x000013e0       0x43 spy/system_lm3s.o
                                0x23f (size before relaxing)
 .debug_str     0x00001423       0xb5 D:\software\qpc/ports/arm-cortex/vanilla/gnu/spy\libqf_cortex-m3_cs.a(qa_fifo.o)
                                0x710 (size before relaxing)
 .debug_str     0x000014d8       0x59 D:\software\qpc/ports/arm-cortex/vanilla/gnu/spy\libqf_cortex-m3_cs.a(qa_sub.o)
                                0x752 (size before relaxing)
 .debug_str     0x00001531       0x58 D:\software\qpc/ports/arm-cortex/vanilla/gnu/spy\libqf_cortex-m3_cs.a(qf_act.o)
                                0x6e6 (size before relaxing)
 .debug_str     0x00001589       0x89 D:\software\qpc/ports/arm-cortex/vanilla/gnu/spy\libqf_cortex-m3_cs.a(qf_new.o)
                                0x674 (size before relaxing)
 .debug_str     0x00001612       0x3d D:\software\qpc/ports/arm-cortex/vanilla/gnu/spy\libqf_cortex-m3_cs.a(qf_pool.o)
                                0x198 (size before relaxing)
 .debug_str     0x0000164f       0x35 D:\software\qpc/ports/arm-cortex/vanilla/gnu/spy\libqf_cortex-m3_cs.a(qf_psini.o)
                                0x152 (size before relaxing)
 .debug_str     0x00001684       0x47 D:\software\qpc/ports/arm-cortex/vanilla/gnu/spy\libqf_cortex-m3_cs.a(qf_pspub.o)
                                0x70f (size before relaxing)
 .debug_str     0x000016cb       0x20 D:\software\qpc/ports/arm-cortex/vanilla/gnu/spy\libqf_cortex-m3_cs.a(qf_pwr2.o)
                                0x10c (size before relaxing)
 .debug_str     0x000016eb       0x52 D:\software\qpc/ports/arm-cortex/vanilla/gnu/spy\libqf_cortex-m3_cs.a(qf_tick.o)
                                0x705 (size before relaxing)
 .debug_str     0x0000173d       0x6d D:\software\qpc/ports/arm-cortex/vanilla/gnu/spy\libqf_cortex-m3_cs.a(qmp_get.o)
                                0x68c (size before relaxing)
 .debug_str     0x000017aa       0x35 D:\software\qpc/ports/arm-cortex/vanilla/gnu/spy\libqf_cortex-m3_cs.a(qmp_init.o)
                                0x673 (size before relaxing)
 .debug_str     0x000017df       0x2f D:\software\qpc/ports/arm-cortex/vanilla/gnu/spy\libqf_cortex-m3_cs.a(qte_ctor.o)
                                0x23f (size before relaxing)
 .debug_str     0x0000180e       0x35 D:\software\qpc/ports/arm-cortex/vanilla/gnu/spy\libqf_cortex-m3_cs.a(qte_arm.o)
                                0x73e (size before relaxing)
 .debug_str     0x00001843       0x7e D:\software\qpc/ports/arm-cortex/vanilla/gnu/spy\libqf_cortex-m3_cs.a(qvanilla.o)
                                0x281 (size before relaxing)
 .debug_str     0x000018c1       0x3f D:\software\qpc/ports/arm-cortex/vanilla/gnu/spy\libqf_cortex-m3_cs.a(qa_get_.o)
                                0x72c (size before relaxing)
 .debug_str     0x00001900       0x38 D:\software\qpc/ports/arm-cortex/vanilla/gnu/spy\libqf_cortex-m3_cs.a(qeq_init.o)
                                0x655 (size before relaxing)
 .debug_str     0x00001938       0x24 D:\software\qpc/ports/arm-cortex/vanilla/gnu/spy\libqf_cortex-m3_cs.a(qf_gc.o)
                                0x65e (size before relaxing)
 .debug_str     0x0000195c       0x20 D:\software\qpc/ports/arm-cortex/vanilla/gnu/spy\libqf_cortex-m3_cs.a(qf_log2.o)
                                 0xf1 (size before relaxing)
 .debug_str     0x0000197c       0x2b D:\software\qpc/ports/arm-cortex/vanilla/gnu/spy\libqf_cortex-m3_cs.a(qmp_put.o)
                                0x658 (size before relaxing)
 .debug_str     0x000019a7       0x78 D:\software\qpc/ports/arm-cortex/vanilla/gnu/spy\libqep_cortex-m3_cs.a(qhsm_ini.o)
                                0x6c8 (size before relaxing)
 .debug_str     0x00001a1f       0x30 D:\software\qpc/ports/arm-cortex/vanilla/gnu/spy\libqep_cortex-m3_cs.a(qhsm_dis.o)
                                0x6cc (size before relaxing)
 .debug_str     0x00001a4f       0x2b D:\software\qpc/ports/arm-cortex/vanilla/gnu/spy\libqep_cortex-m3_cs.a(qhsm_top.o)
                                0x14a (size before relaxing)
 .debug_str     0x00001a7a       0x2c D:\software\qpc/ports/arm-cortex/vanilla/gnu/spy\libqep_cortex-m3_cs.a(qep.o)
                                0x1ab (size before relaxing)
 .debug_str     0x00001aa6       0xce D:\software\qpc/ports/arm-cortex/vanilla/gnu/spy\libqs_cortex-m3_cs.a(qs.o)
                                0x1c0 (size before relaxing)
 .debug_str     0x00001b74       0x47 D:\software\qpc/ports/arm-cortex/vanilla/gnu/spy\libqs_cortex-m3_cs.a(qs_.o)
                                0x1a9 (size before relaxing)
 .debug_str     0x00001bbb       0x33 D:\software\qpc/ports/arm-cortex/vanilla/gnu/spy\libqs_cortex-m3_cs.a(qs_blk.o)
                                0x130 (size before relaxing)
 .debug_str     0x00001bee       0x31 D:\software\qpc/ports/arm-cortex/vanilla/gnu/spy\libqs_cortex-m3_cs.a(qs_str.o)
                                0x1d1 (size before relaxing)

.comment        0x00000000       0x2b
 .comment       0x00000000       0x2b spy/main.o
                                 0x2c (size before relaxing)
 .comment       0x00000000       0x2c spy/table.o
 .comment       0x00000000       0x2c spy/display96x16x1.o
 .comment       0x00000000       0x2c spy/philo.o
 .comment       0x00000000       0x2c spy/bsp.o
 .comment       0x00000000       0x2c spy/startup_lm3s.o
 .comment       0x00000000       0x2c spy/core_cm3.o
 .comment       0x00000000       0x2c spy/system_lm3s.o
 .comment       0x00000000       0x2c D:\software\qpc/ports/arm-cortex/vanilla/gnu/spy\libqf_cortex-m3_cs.a(qa_fifo.o)
 .comment       0x00000000       0x2c D:\software\qpc/ports/arm-cortex/vanilla/gnu/spy\libqf_cortex-m3_cs.a(qa_sub.o)
 .comment       0x00000000       0x2c D:\software\qpc/ports/arm-cortex/vanilla/gnu/spy\libqf_cortex-m3_cs.a(qf_act.o)
 .comment       0x00000000       0x2c D:\software\qpc/ports/arm-cortex/vanilla/gnu/spy\libqf_cortex-m3_cs.a(qf_new.o)
 .comment       0x00000000       0x2c D:\software\qpc/ports/arm-cortex/vanilla/gnu/spy\libqf_cortex-m3_cs.a(qf_pool.o)
 .comment       0x00000000       0x2c D:\software\qpc/ports/arm-cortex/vanilla/gnu/spy\libqf_cortex-m3_cs.a(qf_psini.o)
 .comment       0x00000000       0x2c D:\software\qpc/ports/arm-cortex/vanilla/gnu/spy\libqf_cortex-m3_cs.a(qf_pspub.o)
 .comment       0x00000000       0x2c D:\software\qpc/ports/arm-cortex/vanilla/gnu/spy\libqf_cortex-m3_cs.a(qf_pwr2.o)
 .comment       0x00000000       0x2c D:\software\qpc/ports/arm-cortex/vanilla/gnu/spy\libqf_cortex-m3_cs.a(qf_tick.o)
 .comment       0x00000000       0x2c D:\software\qpc/ports/arm-cortex/vanilla/gnu/spy\libqf_cortex-m3_cs.a(qmp_get.o)
 .comment       0x00000000       0x2c D:\software\qpc/ports/arm-cortex/vanilla/gnu/spy\libqf_cortex-m3_cs.a(qmp_init.o)
 .comment       0x00000000       0x2c D:\software\qpc/ports/arm-cortex/vanilla/gnu/spy\libqf_cortex-m3_cs.a(qte_ctor.o)
 .comment       0x00000000       0x2c D:\software\qpc/ports/arm-cortex/vanilla/gnu/spy\libqf_cortex-m3_cs.a(qte_arm.o)
 .comment       0x00000000       0x2c D:\software\qpc/ports/arm-cortex/vanilla/gnu/spy\libqf_cortex-m3_cs.a(qvanilla.o)
 .comment       0x00000000       0x2c D:\software\qpc/ports/arm-cortex/vanilla/gnu/spy\libqf_cortex-m3_cs.a(qa_get_.o)
 .comment       0x00000000       0x2c D:\software\qpc/ports/arm-cortex/vanilla/gnu/spy\libqf_cortex-m3_cs.a(qeq_init.o)
 .comment       0x00000000       0x2c D:\software\qpc/ports/arm-cortex/vanilla/gnu/spy\libqf_cortex-m3_cs.a(qf_gc.o)
 .comment       0x00000000       0x2c D:\software\qpc/ports/arm-cortex/vanilla/gnu/spy\libqf_cortex-m3_cs.a(qf_log2.o)
 .comment       0x00000000       0x2c D:\software\qpc/ports/arm-cortex/vanilla/gnu/spy\libqf_cortex-m3_cs.a(qmp_put.o)
 .comment       0x00000000       0x2c D:\software\qpc/ports/arm-cortex/vanilla/gnu/spy\libqep_cortex-m3_cs.a(qhsm_ini.o)
 .comment       0x00000000       0x2c D:\software\qpc/ports/arm-cortex/vanilla/gnu/spy\libqep_cortex-m3_cs.a(qhsm_dis.o)
 .comment       0x00000000       0x2c D:\software\qpc/ports/arm-cortex/vanilla/gnu/spy\libqep_cortex-m3_cs.a(qhsm_top.o)
 .comment       0x00000000       0x2c D:\software\qpc/ports/arm-cortex/vanilla/gnu/spy\libqep_cortex-m3_cs.a(qep.o)
 .comment       0x00000000       0x2c D:\software\qpc/ports/arm-cortex/vanilla/gnu/spy\libqs_cortex-m3_cs.a(qs.o)
 .comment       0x00000000       0x2c D:\software\qpc/ports/arm-cortex/vanilla/gnu/spy\libqs_cortex-m3_cs.a(qs_.o)
 .comment       0x00000000       0x2c D:\software\qpc/ports/arm-cortex/vanilla/gnu/spy\libqs_cortex-m3_cs.a(qs_blk.o)
 .comment       0x00000000       0x2c D:\software\qpc/ports/arm-cortex/vanilla/gnu/spy\libqs_cortex-m3_cs.a(qs_str.o)

.ARM.attributes
                0x00000000       0x31
 .ARM.attributes
                0x00000000       0x31 spy/main.o
 .ARM.attributes
                0x00000031       0x31 spy/table.o
 .ARM.attributes
                0x00000062       0x31 spy/display96x16x1.o
 .ARM.attributes
                0x00000093       0x31 spy/philo.o
 .ARM.attributes
                0x000000c4       0x31 spy/bsp.o
 .ARM.attributes
                0x000000f5       0x31 spy/startup_lm3s.o
 .ARM.attributes
                0x00000126       0x31 spy/core_cm3.o
 .ARM.attributes
                0x00000157       0x31 spy/system_lm3s.o
 .ARM.attributes
                0x00000188       0x31 D:\software\qpc/ports/arm-cortex/vanilla/gnu/spy\libqf_cortex-m3_cs.a(qa_fifo.o)
 .ARM.attributes
                0x000001b9       0x31 D:\software\qpc/ports/arm-cortex/vanilla/gnu/spy\libqf_cortex-m3_cs.a(qa_sub.o)
 .ARM.attributes
                0x000001ea       0x31 D:\software\qpc/ports/arm-cortex/vanilla/gnu/spy\libqf_cortex-m3_cs.a(qf_act.o)
 .ARM.attributes
                0x0000021b       0x31 D:\software\qpc/ports/arm-cortex/vanilla/gnu/spy\libqf_cortex-m3_cs.a(qf_new.o)
 .ARM.attributes
                0x0000024c       0x31 D:\software\qpc/ports/arm-cortex/vanilla/gnu/spy\libqf_cortex-m3_cs.a(qf_pool.o)
 .ARM.attributes
                0x0000027d       0x31 D:\software\qpc/ports/arm-cortex/vanilla/gnu/spy\libqf_cortex-m3_cs.a(qf_psini.o)
 .ARM.attributes
                0x000002ae       0x31 D:\software\qpc/ports/arm-cortex/vanilla/gnu/spy\libqf_cortex-m3_cs.a(qf_pspub.o)
 .ARM.attributes
                0x000002df       0x31 D:\software\qpc/ports/arm-cortex/vanilla/gnu/spy\libqf_cortex-m3_cs.a(qf_pwr2.o)
 .ARM.attributes
                0x00000310       0x31 D:\software\qpc/ports/arm-cortex/vanilla/gnu/spy\libqf_cortex-m3_cs.a(qf_tick.o)
 .ARM.attributes
                0x00000341       0x31 D:\software\qpc/ports/arm-cortex/vanilla/gnu/spy\libqf_cortex-m3_cs.a(qmp_get.o)
 .ARM.attributes
                0x00000372       0x31 D:\software\qpc/ports/arm-cortex/vanilla/gnu/spy\libqf_cortex-m3_cs.a(qmp_init.o)
 .ARM.attributes
                0x000003a3       0x31 D:\software\qpc/ports/arm-cortex/vanilla/gnu/spy\libqf_cortex-m3_cs.a(qte_ctor.o)
 .ARM.attributes
                0x000003d4       0x31 D:\software\qpc/ports/arm-cortex/vanilla/gnu/spy\libqf_cortex-m3_cs.a(qte_arm.o)
 .ARM.attributes
                0x00000405       0x31 D:\software\qpc/ports/arm-cortex/vanilla/gnu/spy\libqf_cortex-m3_cs.a(qvanilla.o)
 .ARM.attributes
                0x00000436       0x31 D:\software\qpc/ports/arm-cortex/vanilla/gnu/spy\libqf_cortex-m3_cs.a(qa_get_.o)
 .ARM.attributes
                0x00000467       0x31 D:\software\qpc/ports/arm-cortex/vanilla/gnu/spy\libqf_cortex-m3_cs.a(qeq_init.o)
 .ARM.attributes
                0x00000498       0x31 D:\software\qpc/ports/arm-cortex/vanilla/gnu/spy\libqf_cortex-m3_cs.a(qf_gc.o)
 .ARM.attributes
                0x000004c9       0x31 D:\software\qpc/ports/arm-cortex/vanilla/gnu/spy\libqf_cortex-m3_cs.a(qf_log2.o)
 .ARM.attributes
                0x000004fa       0x31 D:\software\qpc/ports/arm-cortex/vanilla/gnu/spy\libqf_cortex-m3_cs.a(qmp_put.o)
 .ARM.attributes
                0x0000052b       0x31 D:\software\qpc/ports/arm-cortex/vanilla/gnu/spy\libqep_cortex-m3_cs.a(qhsm_ini.o)
 .ARM.attributes
                0x0000055c       0x31 D:\software\qpc/ports/arm-cortex/vanilla/gnu/spy\libqep_cortex-m3_cs.a(qhsm_dis.o)
 .ARM.attributes
                0x0000058d       0x31 D:\software\qpc/ports/arm-cortex/vanilla/gnu/spy\libqep_cortex-m3_cs.a(qhsm_top.o)
 .ARM.attributes
                0x000005be       0x31 D:\software\qpc/ports/arm-cortex/vanilla/gnu/spy\libqep_cortex-m3_cs.a(qep.o)
 .ARM.attributes
                0x000005ef       0x31 D:\software\qpc/ports/arm-cortex/vanilla/gnu/spy\libqs_cortex-m3_cs.a(qs.o)
 .ARM.attributes
                0x00000620       0x31 D:\software\qpc/ports/arm-cortex/vanilla/gnu/spy\libqs_cortex-m3_cs.a(qs_.o)
 .ARM.attributes
                0x00000651       0x31 D:\software\qpc/ports/arm-cortex/vanilla/gnu/spy\libqs_cortex-m3_cs.a(qs_blk.o)
 .ARM.attributes
                0x00000682       0x31 D:\software\qpc/ports/arm-cortex/vanilla/gnu/spy\libqs_cortex-m3_cs.a(qs_str.o)

.debug_frame    0x00000000      0xbfc
 .debug_frame   0x00000000       0x34 spy/main.o
 .debug_frame   0x00000034       0x58 spy/table.o
 .debug_frame   0x0000008c      0x148 spy/display96x16x1.o
 .debug_frame   0x000001d4       0x98 spy/philo.o
 .debug_frame   0x0000026c      0x140 spy/bsp.o
 .debug_frame   0x000003ac       0x58 spy/startup_lm3s.o
 .debug_frame   0x00000404      0x170 spy/core_cm3.o
 .debug_frame   0x00000574       0x2c spy/system_lm3s.o
 .debug_frame   0x000005a0       0x2c D:\software\qpc/ports/arm-cortex/vanilla/gnu/spy\libqf_cortex-m3_cs.a(qa_fifo.o)
 .debug_frame   0x000005cc       0x30 D:\software\qpc/ports/arm-cortex/vanilla/gnu/spy\libqf_cortex-m3_cs.a(qa_sub.o)
 .debug_frame   0x000005fc       0x58 D:\software\qpc/ports/arm-cortex/vanilla/gnu/spy\libqf_cortex-m3_cs.a(qf_act.o)
 .debug_frame   0x00000654       0x34 D:\software\qpc/ports/arm-cortex/vanilla/gnu/spy\libqf_cortex-m3_cs.a(qf_new.o)
 .debug_frame   0x00000688       0x30 D:\software\qpc/ports/arm-cortex/vanilla/gnu/spy\libqf_cortex-m3_cs.a(qf_pool.o)
 .debug_frame   0x000006b8       0x20 D:\software\qpc/ports/arm-cortex/vanilla/gnu/spy\libqf_cortex-m3_cs.a(qf_psini.o)
 .debug_frame   0x000006d8       0x3c D:\software\qpc/ports/arm-cortex/vanilla/gnu/spy\libqf_cortex-m3_cs.a(qf_pspub.o)
 .debug_frame   0x00000714       0x30 D:\software\qpc/ports/arm-cortex/vanilla/gnu/spy\libqf_cortex-m3_cs.a(qf_tick.o)
 .debug_frame   0x00000744       0x44 D:\software\qpc/ports/arm-cortex/vanilla/gnu/spy\libqf_cortex-m3_cs.a(qmp_get.o)
 .debug_frame   0x00000788       0x30 D:\software\qpc/ports/arm-cortex/vanilla/gnu/spy\libqf_cortex-m3_cs.a(qmp_init.o)
 .debug_frame   0x000007b8       0x2c D:\software\qpc/ports/arm-cortex/vanilla/gnu/spy\libqf_cortex-m3_cs.a(qte_ctor.o)
 .debug_frame   0x000007e4       0x2c D:\software\qpc/ports/arm-cortex/vanilla/gnu/spy\libqf_cortex-m3_cs.a(qte_arm.o)
 .debug_frame   0x00000810       0xa0 D:\software\qpc/ports/arm-cortex/vanilla/gnu/spy\libqf_cortex-m3_cs.a(qvanilla.o)
 .debug_frame   0x000008b0       0x44 D:\software\qpc/ports/arm-cortex/vanilla/gnu/spy\libqf_cortex-m3_cs.a(qa_get_.o)
 .debug_frame   0x000008f4       0x2c D:\software\qpc/ports/arm-cortex/vanilla/gnu/spy\libqf_cortex-m3_cs.a(qeq_init.o)
 .debug_frame   0x00000920       0x2c D:\software\qpc/ports/arm-cortex/vanilla/gnu/spy\libqf_cortex-m3_cs.a(qf_gc.o)
 .debug_frame   0x0000094c       0x2c D:\software\qpc/ports/arm-cortex/vanilla/gnu/spy\libqf_cortex-m3_cs.a(qmp_put.o)
 .debug_frame   0x00000978       0x38 D:\software\qpc/ports/arm-cortex/vanilla/gnu/spy\libqep_cortex-m3_cs.a(qhsm_ini.o)
 .debug_frame   0x000009b0       0x3c D:\software\qpc/ports/arm-cortex/vanilla/gnu/spy\libqep_cortex-m3_cs.a(qhsm_dis.o)
 .debug_frame   0x000009ec       0x20 D:\software\qpc/ports/arm-cortex/vanilla/gnu/spy\libqep_cortex-m3_cs.a(qhsm_top.o)
 .debug_frame   0x00000a0c       0x20 D:\software\qpc/ports/arm-cortex/vanilla/gnu/spy\libqep_cortex-m3_cs.a(qep.o)
 .debug_frame   0x00000a2c       0xc0 D:\software\qpc/ports/arm-cortex/vanilla/gnu/spy\libqs_cortex-m3_cs.a(qs.o)
 .debug_frame   0x00000aec       0x98 D:\software\qpc/ports/arm-cortex/vanilla/gnu/spy\libqs_cortex-m3_cs.a(qs_.o)
 .debug_frame   0x00000b84       0x28 D:\software\qpc/ports/arm-cortex/vanilla/gnu/spy\libqs_cortex-m3_cs.a(qs_blk.o)
 .debug_frame   0x00000bac       0x50 D:\software\qpc/ports/arm-cortex/vanilla/gnu/spy\libqs_cortex-m3_cs.a(qs_str.o)

.debug_ranges   0x00000000       0x48
 .debug_ranges  0x00000000       0x18 D:\software\qpc/ports/arm-cortex/vanilla/gnu/spy\libqf_cortex-m3_cs.a(qf_pspub.o)
 .debug_ranges  0x00000018       0x18 D:\software\qpc/ports/arm-cortex/vanilla/gnu/spy\libqep_cortex-m3_cs.a(qhsm_ini.o)
 .debug_ranges  0x00000030       0x18 D:\software\qpc/ports/arm-cortex/vanilla/gnu/spy\libqep_cortex-m3_cs.a(qhsm_dis.o)
